Java HotSpot(TM) 64-Bit Server VM (24.79-b02) for linux-amd64 JRE (1.7.0_79-b15), built on Apr 10 2015 11:34:48 by "java_re" with gcc 4.3.0 20080428 (Red Hat 4.3.0-8)
Memory: 4k page, physical 8079404k(1421832k free), swap 3999740k(2771380k free)
CommandLine flags: -XX:+HeapDumpOnOutOfMemoryError -XX:HeapDumpPath=/sw/jboss/jboss-eap-5.2/domains/prod1/log/gclog/java_pid.hprof -XX:InitialHeapSize=536870912 -XX:MaxHeapSize=851443712 -XX:MaxPermSize=268435456 -XX:PermSize=134217728 -XX:+PrintGC -XX:+PrintGCDateStamps -XX:+PrintGCDetails -XX:+PrintGCTimeStamps -XX:ThreadStackSize=256 -XX:+UseCompressedOops -XX:+UseParallelGC -XX:+UseParallelOldGC 
2017-02-07T19:14:33.463+0900: 2.896: [GC [PSYoungGen: 132096K->21481K(153600K)] 132096K->24353K(503296K), 0.0821250 secs] [Times: user=0.10 sys=0.11, real=0.08 secs] 
2017-02-07T19:14:34.805+0900: 4.238: [GC [PSYoungGen: 153577K->21475K(256000K)] 156449K->26914K(605696K), 0.0812570 secs] [Times: user=0.09 sys=0.14, real=0.08 secs] 
2017-02-07T19:14:37.664+0900: 7.097: [GC [PSYoungGen: 255971K->21483K(256000K)] 261410K->73841K(605696K), 0.2163980 secs] [Times: user=0.27 sys=0.41, real=0.22 secs] 
2017-02-07T19:14:38.024+0900: 7.457: [GC [PSYoungGen: 36907K->21500K(256000K)] 89265K->74832K(605696K), 0.0343030 secs] [Times: user=0.10 sys=0.01, real=0.03 secs] 
2017-02-07T19:14:38.058+0900: 7.491: [Full GC [PSYoungGen: 21500K->0K(256000K)] [ParOldGen: 53331K->63095K(349696K)] 74832K->63095K(605696K) [PSPermGen: 24596K->24581K(131072K)], 0.2998920 secs] [Times: user=0.90 sys=0.04, real=0.30 secs] 
2017-02-07T19:14:40.175+0900: 9.608: [GC [PSYoungGen: 234496K->19368K(256000K)] 297591K->82464K(605696K), 0.0357960 secs] [Times: user=0.09 sys=0.00, real=0.04 secs] 
2017-02-07T19:14:41.451+0900: 10.884: [GC [PSYoungGen: 253864K->21488K(180224K)] 316960K->93312K(529920K), 0.0411430 secs] [Times: user=0.12 sys=0.02, real=0.04 secs] 
2017-02-07T19:14:41.923+0900: 11.356: [GC [PSYoungGen: 180208K->57488K(216576K)] 252032K->129312K(566272K), 0.0479730 secs] [Times: user=0.15 sys=0.00, real=0.05 secs] 
2017-02-07T19:14:44.302+0900: 13.735: [GC [PSYoungGen: 216208K->60905K(178688K)] 288032K->141746K(528384K), 0.0761600 secs] [Times: user=0.20 sys=0.03, real=0.08 secs] 
2017-02-07T19:14:45.623+0900: 15.055: [GC [PSYoungGen: 178665K->58930K(177152K)] 259506K->150813K(526848K), 0.0833960 secs] [Times: user=0.19 sys=0.07, real=0.08 secs] 
2017-02-07T19:14:46.568+0900: 16.001: [GC [PSYoungGen: 176690K->33547K(197120K)] 268573K->164375K(546816K), 0.2049950 secs] [Times: user=0.25 sys=0.25, real=0.21 secs] 
2017-02-07T19:14:47.644+0900: 17.077: [GC [PSYoungGen: 147211K->20806K(134656K)] 278039K->165292K(484352K), 0.0618630 secs] [Times: user=0.09 sys=0.09, real=0.06 secs] 
2017-02-07T19:14:48.225+0900: 17.658: [GC [PSYoungGen: 134470K->11137K(193024K)] 278956K->165412K(542720K), 0.0441640 secs] [Times: user=0.06 sys=0.07, real=0.04 secs] 
2017-02-07T19:14:48.699+0900: 18.132: [GC [PSYoungGen: 124289K->10934K(193536K)] 278564K->174107K(543232K), 0.0223110 secs] [Times: user=0.04 sys=0.03, real=0.02 secs] 
2017-02-07T19:14:49.043+0900: 18.476: [GC [PSYoungGen: 124086K->10294K(195072K)] 287259K->182232K(544768K), 0.0336120 secs] [Times: user=0.04 sys=0.05, real=0.03 secs] 
2017-02-07T19:14:49.429+0900: 18.862: [GC [PSYoungGen: 127030K->11960K(196096K)] 298968K->192135K(545792K), 0.0629510 secs] [Times: user=0.06 sys=0.05, real=0.07 secs] 
2017-02-07T19:14:50.486+0900: 19.919: [GC [PSYoungGen: 128696K->15525K(193536K)] 308871K->205542K(543232K), 0.0516900 secs] [Times: user=0.08 sys=0.05, real=0.05 secs] 
2017-02-07T19:14:51.281+0900: 20.714: [GC [PSYoungGen: 135845K->5197K(195584K)] 325862K->208336K(545280K), 0.0627080 secs] [Times: user=0.06 sys=0.08, real=0.06 secs] 
2017-02-07T19:14:52.388+0900: 21.821: [GC [PSYoungGen: 125517K->11131K(196608K)] 328656K->218861K(546304K), 0.0318760 secs] [Times: user=0.07 sys=0.03, real=0.04 secs] 
2017-02-07T19:14:53.865+0900: 23.298: [GC [PSYoungGen: 138619K->10260K(199680K)] 346349K->227712K(549376K), 0.0655100 secs] [Times: user=0.10 sys=0.04, real=0.07 secs] 
2017-02-07T19:14:57.270+0900: 26.703: [GC [PSYoungGen: 137748K->9291K(200704K)] 355200K->235663K(550400K), 0.0395710 secs] [Times: user=0.06 sys=0.05, real=0.03 secs] 
2017-02-07T19:14:59.212+0900: 28.645: [GC [PSYoungGen: 144971K->21419K(203264K)] 371343K->255337K(552960K), 0.0737930 secs] [Times: user=0.18 sys=0.05, real=0.07 secs] 
2017-02-07T19:15:06.623+0900: 36.056: [GC [PSYoungGen: 157099K->17450K(204800K)] 391017K->268569K(554496K), 0.1000850 secs] [Times: user=0.14 sys=0.11, real=0.10 secs] 
2017-02-07T19:15:08.537+0900: 37.970: [GC [PSYoungGen: 164394K->23321K(206336K)] 415513K->287319K(556032K), 0.1035870 secs] [Times: user=0.15 sys=0.07, real=0.11 secs] 
2017-02-07T19:15:12.748+0900: 42.181: [GC [PSYoungGen: 170265K->19126K(213504K)] 434263K->301925K(563200K), 0.0853520 secs] [Times: user=0.14 sys=0.12, real=0.09 secs] 
2017-02-07T19:15:16.472+0900: 45.905: [GC [PSYoungGen: 178935K->27721K(215040K)] 461733K->326541K(564736K), 0.1149310 secs] [Times: user=0.16 sys=0.11, real=0.11 secs] 
2017-02-07T19:15:16.987+0900: 46.420: [GC [PSYoungGen: 174150K->64K(223744K)] 472970K->310537K(573440K), 0.0732860 secs] [Times: user=0.07 sys=0.09, real=0.08 secs] 
2017-02-07T19:15:17.060+0900: 46.493: [Full GC [PSYoungGen: 64K->0K(223744K)] [ParOldGen: 310473K->296459K(349696K)] 310537K->296459K(573440K) [PSPermGen: 77284K->77252K(137216K)], 1.8545600 secs] [Times: user=4.04 sys=0.02, real=1.85 secs] 
2017-02-07T19:15:23.196+0900: 52.628: [GC [PSYoungGen: 171008K->42144K(213504K)] 467467K->338603K(563200K), 0.0569820 secs] [Times: user=0.11 sys=0.00, real=0.06 secs] 
2017-02-07T19:15:23.650+0900: 53.083: [GC [PSYoungGen: 174723K->64K(219136K)] 471182K->296713K(568832K), 0.0154280 secs] [Times: user=0.02 sys=0.00, real=0.02 secs] 
2017-02-07T19:15:23.665+0900: 53.098: [Full GC [PSYoungGen: 64K->0K(219136K)] [ParOldGen: 296649K->222791K(349696K)] 296713K->222791K(568832K) [PSPermGen: 77319K->77319K(143360K)], 1.1573380 secs] [Times: user=2.39 sys=0.03, real=1.16 secs] 
