Java HotSpot(TM) 64-Bit Server VM (24.79-b02) for linux-amd64 JRE (1.7.0_79-b15), built on Apr 10 2015 11:34:48 by "java_re" with gcc 4.3.0 20080428 (Red Hat 4.3.0-8)
Memory: 4k page, physical 8079404k(1549088k free), swap 3999740k(2696176k free)
CommandLine flags: -XX:+HeapDumpOnOutOfMemoryError -XX:HeapDumpPath=/sw/jboss/jboss-eap-5.2/domains/prod1/log/gclog/java_pid.hprof -XX:InitialHeapSize=536870912 -XX:MaxHeapSize=851443712 -XX:MaxPermSize=268435456 -XX:PermSize=134217728 -XX:+PrintGC -XX:+PrintGCDateStamps -XX:+PrintGCTimeStamps -XX:ThreadStackSize=256 -XX:+UseCompressedOops -XX:+UseParallelGC -XX:+UseParallelOldGC 
2017-02-07T19:28:44.992+0900: 3.008: [GC 132096K->24086K(503296K), 0.1141730 secs]
2017-02-07T19:28:46.338+0900: 4.355: [GC 156182K->26642K(605696K), 0.0882740 secs]
2017-02-07T19:28:49.012+0900: 7.028: [GC 261138K->73699K(605696K), 0.2058950 secs]
2017-02-07T19:28:49.325+0900: 7.341: [GC 89155K->74418K(605696K), 0.0333860 secs]
2017-02-07T19:28:49.358+0900: 7.375: [Full GC 74418K->62980K(605696K), 0.3816800 secs]
2017-02-07T19:28:51.706+0900: 9.722: [GC 297476K->82178K(605696K), 0.0255530 secs]
2017-02-07T19:28:53.029+0900: 11.045: [GC 316674K->93606K(529920K), 0.0426360 secs]
2017-02-07T19:28:53.671+0900: 11.687: [GC 252326K->129066K(565760K), 0.0509880 secs]
2017-02-07T19:28:55.931+0900: 13.947: [GC 287786K->144094K(527872K), 0.0893980 secs]
2017-02-07T19:28:57.001+0900: 15.018: [GC 260830K->151698K(524288K), 0.0927940 secs]
2017-02-07T19:28:57.979+0900: 15.996: [GC 268434K->164929K(546304K), 0.1330970 secs]
2017-02-07T19:28:58.668+0900: 16.685: [GC 278081K->167326K(484352K), 0.0645830 secs]
2017-02-07T19:28:59.156+0900: 17.173: [GC 280478K->166814K(542208K), 0.0614890 secs]
2017-02-07T19:28:59.644+0900: 17.660: [GC 279454K->175219K(542720K), 0.0461450 secs]
2017-02-07T19:29:00.001+0900: 18.017: [GC 287859K->183665K(544768K), 0.0353740 secs]
2017-02-07T19:29:00.352+0900: 18.369: [GC 300401K->192839K(545792K), 0.0298520 secs]
2017-02-07T19:29:01.189+0900: 19.205: [GC 309575K->207961K(541696K), 0.0387640 secs]
2017-02-07T19:29:01.827+0900: 19.843: [GC 327769K->210282K(544768K), 0.0300890 secs]
2017-02-07T19:29:02.697+0900: 20.714: [GC 330090K->220658K(546816K), 0.0271570 secs]
2017-02-07T19:29:03.993+0900: 22.010: [GC 348658K->229240K(549888K), 0.0439750 secs]
2017-02-07T19:29:07.226+0900: 25.242: [GC 357240K->237542K(549376K), 0.0369730 secs]
2017-02-07T19:29:09.160+0900: 27.176: [GC 373222K->257281K(552448K), 0.0490310 secs]
2017-02-07T19:29:16.325+0900: 34.342: [GC 392961K->270110K(553984K), 0.0389890 secs]
2017-02-07T19:29:17.846+0900: 35.862: [GC 417566K->290308K(556544K), 0.1536890 secs]
2017-02-07T19:29:22.817+0900: 40.834: [GC 437764K->304775K(562176K), 0.2004500 secs]
2017-02-07T19:30:47.950+0900: 125.967: [GC 466567K->328972K(564736K), 0.0602050 secs]
2017-02-07T19:30:48.370+0900: 126.386: [GC 472581K->312746K(573440K), 0.0865870 secs]
2017-02-07T19:30:48.457+0900: 126.473: [Full GC 312746K->299780K(573440K), 1.7141030 secs]
2017-02-07T19:30:51.519+0900: 129.535: [GC 470788K->342628K(563712K), 0.0739470 secs]
2017-02-07T19:30:51.874+0900: 129.890: [GC 471869K->300034K(568832K), 0.0180990 secs]
2017-02-07T19:30:51.892+0900: 129.909: [Full GC 300034K->226298K(568832K), 1.0475410 secs]
