Java HotSpot(TM) 64-Bit Server VM (24.79-b02) for linux-amd64 JRE (1.7.0_79-b15), built on Apr 10 2015 11:34:48 by "java_re" with gcc 4.3.0 20080428 (Red Hat 4.3.0-8)
Memory: 4k page, physical 8079404k(1526068k free), swap 3999740k(460152k free)
CommandLine flags: -XX:+HeapDumpOnOutOfMemoryError -XX:HeapDumpPath=/sw/jboss/jboss-eap-5.2/domains/prod1/log/gclog/java_pid.hprof -XX:InitialHeapSize=536870912 -XX:MaxGCPauseMillis=100 -XX:MaxHeapSize=851443712 -XX:MaxPermSize=268435456 -XX:PermSize=134217728 -XX:+PrintGC -XX:+PrintGCDetails -XX:+PrintGCTimeStamps -XX:+PrintHeapAtGC -XX:ThreadStackSize=256 -XX:+UseCompressedOops -XX:+UseG1GC 
{Heap before GC invocations=0 (full 0):
 garbage-first heap   total 524288K, used 25600K [0x00000000bd400000, 0x00000000dd400000, 0x00000000f0000000)
  region size 1024K, 25 young (25600K), 0 survivors (0K)
 compacting perm gen  total 131072K, used 7713K [0x00000000f0000000, 0x00000000f8000000, 0x0000000100000000)
   the space 131072K,   5% used [0x00000000f0000000, 0x00000000f07887e0, 0x00000000f0788800, 0x00000000f8000000)
No shared spaces configured.
0.632: [GC pause (young), 0.0097310 secs]
   [Parallel Time: 7.6 ms, GC Workers: 4]
      [GC Worker Start (ms): Min: 632.3, Avg: 632.4, Max: 632.5, Diff: 0.2]
      [Ext Root Scanning (ms): Min: 1.3, Avg: 1.6, Max: 1.9, Diff: 0.6, Sum: 6.5]
      [Update RS (ms): Min: 0.0, Avg: 0.0, Max: 0.0, Diff: 0.0, Sum: 0.0]
         [Processed Buffers: Min: 0, Avg: 2.5, Max: 10, Diff: 10, Sum: 10]
      [Scan RS (ms): Min: 0.0, Avg: 0.0, Max: 0.0, Diff: 0.0, Sum: 0.0]
      [Code Root Scanning (ms): Min: 0.0, Avg: 0.0, Max: 0.0, Diff: 0.0, Sum: 0.0]
      [Object Copy (ms): Min: 5.6, Avg: 5.8, Max: 6.0, Diff: 0.4, Sum: 23.1]
      [Termination (ms): Min: 0.0, Avg: 0.0, Max: 0.0, Diff: 0.0, Sum: 0.0]
      [GC Worker Other (ms): Min: 0.0, Avg: 0.0, Max: 0.0, Diff: 0.0, Sum: 0.1]
      [GC Worker Total (ms): Min: 7.3, Avg: 7.4, Max: 7.5, Diff: 0.2, Sum: 29.8]
      [GC Worker End (ms): Min: 639.8, Avg: 639.8, Max: 639.8, Diff: 0.0]
   [Code Root Fixup: 0.0 ms]
   [Code Root Migration: 0.1 ms]
   [Clear CT: 0.1 ms]
   [Other: 2.0 ms]
      [Choose CSet: 0.0 ms]
      [Ref Proc: 1.9 ms]
      [Ref Enq: 0.0 ms]
      [Free CSet: 0.0 ms]
   [Eden: 25.0M(25.0M)->0.0B(21.0M) Survivors: 0.0B->4096.0K Heap: 25.0M(512.0M)->6413.0K(512.0M)]
Heap after GC invocations=1 (full 0):
 garbage-first heap   total 524288K, used 6413K [0x00000000bd400000, 0x00000000dd400000, 0x00000000f0000000)
  region size 1024K, 4 young (4096K), 4 survivors (4096K)
 compacting perm gen  total 131072K, used 7713K [0x00000000f0000000, 0x00000000f8000000, 0x0000000100000000)
   the space 131072K,   5% used [0x00000000f0000000, 0x00000000f07887e0, 0x00000000f0788800, 0x00000000f8000000)
No shared spaces configured.
}
 [Times: user=0.04 sys=0.00, real=0.01 secs] 
{Heap before GC invocations=1 (full 0):
 garbage-first heap   total 524288K, used 27917K [0x00000000bd400000, 0x00000000dd400000, 0x00000000f0000000)
  region size 1024K, 25 young (25600K), 4 survivors (4096K)
 compacting perm gen  total 131072K, used 9894K [0x00000000f0000000, 0x00000000f8000000, 0x0000000100000000)
   the space 131072K,   7% used [0x00000000f0000000, 0x00000000f09a9828, 0x00000000f09a9a00, 0x00000000f8000000)
No shared spaces configured.
1.005: [GC pause (young), 0.0142060 secs]
   [Parallel Time: 12.0 ms, GC Workers: 4]
      [GC Worker Start (ms): Min: 1005.1, Avg: 1005.1, Max: 1005.1, Diff: 0.0]
      [Ext Root Scanning (ms): Min: 1.3, Avg: 1.4, Max: 1.5, Diff: 0.2, Sum: 5.7]
      [Update RS (ms): Min: 0.0, Avg: 0.0, Max: 0.0, Diff: 0.0, Sum: 0.0]
         [Processed Buffers: Min: 0, Avg: 2.2, Max: 5, Diff: 5, Sum: 9]
      [Scan RS (ms): Min: 0.0, Avg: 0.1, Max: 0.2, Diff: 0.2, Sum: 0.5]
      [Code Root Scanning (ms): Min: 0.0, Avg: 0.0, Max: 0.1, Diff: 0.1, Sum: 0.1]
      [Object Copy (ms): Min: 7.8, Avg: 8.0, Max: 8.2, Diff: 0.4, Sum: 32.0]
      [Termination (ms): Min: 0.0, Avg: 0.9, Max: 2.4, Diff: 2.4, Sum: 3.4]
      [GC Worker Other (ms): Min: 0.0, Avg: 0.0, Max: 0.0, Diff: 0.0, Sum: 0.0]
      [GC Worker Total (ms): Min: 9.7, Avg: 10.4, Max: 11.9, Diff: 2.2, Sum: 41.8]
      [GC Worker End (ms): Min: 1014.9, Avg: 1015.6, Max: 1017.1, Diff: 2.2]
   [Code Root Fixup: 0.1 ms]
   [Code Root Migration: 0.1 ms]
   [Clear CT: 0.1 ms]
   [Other: 2.0 ms]
      [Choose CSet: 0.0 ms]
      [Ref Proc: 1.8 ms]
      [Ref Enq: 0.0 ms]
      [Free CSet: 0.0 ms]
   [Eden: 21.0M(21.0M)->0.0B(21.0M) Survivors: 4096.0K->4096.0K Heap: 27.3M(512.0M)->11.5M(512.0M)]
Heap after GC invocations=2 (full 0):
 garbage-first heap   total 524288K, used 11776K [0x00000000bd400000, 0x00000000dd400000, 0x00000000f0000000)
  region size 1024K, 4 young (4096K), 4 survivors (4096K)
 compacting perm gen  total 131072K, used 9894K [0x00000000f0000000, 0x00000000f8000000, 0x0000000100000000)
   the space 131072K,   7% used [0x00000000f0000000, 0x00000000f09a9828, 0x00000000f09a9a00, 0x00000000f8000000)
No shared spaces configured.
}
 [Times: user=0.03 sys=0.01, real=0.02 secs] 
{Heap before GC invocations=2 (full 0):
 garbage-first heap   total 524288K, used 33280K [0x00000000bd400000, 0x00000000dd400000, 0x00000000f0000000)
  region size 1024K, 25 young (25600K), 4 survivors (4096K)
 compacting perm gen  total 131072K, used 12780K [0x00000000f0000000, 0x00000000f8000000, 0x0000000100000000)
   the space 131072K,   9% used [0x00000000f0000000, 0x00000000f0c7b2e0, 0x00000000f0c7b400, 0x00000000f8000000)
No shared spaces configured.
1.445: [GC pause (young), 0.0137300 secs]
   [Parallel Time: 8.0 ms, GC Workers: 4]
      [GC Worker Start (ms): Min: 1444.9, Avg: 1445.4, Max: 1447.0, Diff: 2.1]
      [Ext Root Scanning (ms): Min: 0.0, Avg: 1.6, Max: 2.3, Diff: 2.3, Sum: 6.2]
      [Update RS (ms): Min: 0.0, Avg: 0.1, Max: 0.3, Diff: 0.3, Sum: 0.5]
         [Processed Buffers: Min: 0, Avg: 2.5, Max: 5, Diff: 5, Sum: 10]
      [Scan RS (ms): Min: 0.0, Avg: 0.2, Max: 0.2, Diff: 0.2, Sum: 0.7]
      [Code Root Scanning (ms): Min: 0.0, Avg: 0.0, Max: 0.0, Diff: 0.0, Sum: 0.0]
      [Object Copy (ms): Min: 5.2, Avg: 5.5, Max: 5.7, Diff: 0.5, Sum: 22.1]
      [Termination (ms): Min: 0.0, Avg: 0.0, Max: 0.0, Diff: 0.0, Sum: 0.0]
      [GC Worker Other (ms): Min: 0.0, Avg: 0.0, Max: 0.0, Diff: 0.0, Sum: 0.0]
      [GC Worker Total (ms): Min: 5.8, Avg: 7.4, Max: 8.0, Diff: 2.1, Sum: 29.6]
      [GC Worker End (ms): Min: 1452.8, Avg: 1452.8, Max: 1452.8, Diff: 0.0]
   [Code Root Fixup: 0.0 ms]
   [Code Root Migration: 0.0 ms]
   [Clear CT: 0.2 ms]
   [Other: 5.5 ms]
      [Choose CSet: 0.0 ms]
      [Ref Proc: 5.1 ms]
      [Ref Enq: 0.1 ms]
      [Free CSet: 0.1 ms]
   [Eden: 21.0M(21.0M)->0.0B(28.0M) Survivors: 4096.0K->4096.0K Heap: 32.5M(512.0M)->17.0M(512.0M)]
Heap after GC invocations=3 (full 0):
 garbage-first heap   total 524288K, used 17408K [0x00000000bd400000, 0x00000000dd400000, 0x00000000f0000000)
  region size 1024K, 4 young (4096K), 4 survivors (4096K)
 compacting perm gen  total 131072K, used 12780K [0x00000000f0000000, 0x00000000f8000000, 0x0000000100000000)
   the space 131072K,   9% used [0x00000000f0000000, 0x00000000f0c7b2e0, 0x00000000f0c7b400, 0x00000000f8000000)
No shared spaces configured.
}
 [Times: user=0.04 sys=0.00, real=0.02 secs] 
{Heap before GC invocations=3 (full 0):
 garbage-first heap   total 524288K, used 44032K [0x00000000bd400000, 0x00000000dd400000, 0x00000000f0000000)
  region size 1024K, 30 young (30720K), 4 survivors (4096K)
 compacting perm gen  total 131072K, used 15145K [0x00000000f0000000, 0x00000000f8000000, 0x0000000100000000)
   the space 131072K,  11% used [0x00000000f0000000, 0x00000000f0eca538, 0x00000000f0eca600, 0x00000000f8000000)
No shared spaces configured.
1.959: [GC pause (young), 0.0103290 secs]
   [Parallel Time: 9.1 ms, GC Workers: 4]
      [GC Worker Start (ms): Min: 1959.3, Avg: 1959.3, Max: 1959.3, Diff: 0.1]
      [Ext Root Scanning (ms): Min: 1.9, Avg: 2.1, Max: 2.4, Diff: 0.5, Sum: 8.6]
      [Update RS (ms): Min: 0.0, Avg: 0.1, Max: 0.2, Diff: 0.2, Sum: 0.6]
         [Processed Buffers: Min: 1, Avg: 2.8, Max: 5, Diff: 4, Sum: 11]
      [Scan RS (ms): Min: 0.2, Avg: 0.2, Max: 0.3, Diff: 0.0, Sum: 0.9]
      [Code Root Scanning (ms): Min: 0.0, Avg: 0.0, Max: 0.0, Diff: 0.0, Sum: 0.0]
      [Object Copy (ms): Min: 6.3, Avg: 6.5, Max: 6.7, Diff: 0.4, Sum: 25.8]
      [Termination (ms): Min: 0.0, Avg: 0.0, Max: 0.0, Diff: 0.0, Sum: 0.0]
      [GC Worker Other (ms): Min: 0.0, Avg: 0.0, Max: 0.0, Diff: 0.0, Sum: 0.1]
      [GC Worker Total (ms): Min: 9.0, Avg: 9.0, Max: 9.0, Diff: 0.1, Sum: 36.0]
      [GC Worker End (ms): Min: 1968.3, Avg: 1968.3, Max: 1968.3, Diff: 0.0]
   [Code Root Fixup: 0.0 ms]
   [Code Root Migration: 0.0 ms]
   [Clear CT: 0.1 ms]
   [Other: 1.1 ms]
      [Choose CSet: 0.0 ms]
      [Ref Proc: 1.0 ms]
      [Ref Enq: 0.0 ms]
      [Free CSet: 0.0 ms]
   [Eden: 26.0M(26.0M)->0.0B(93.0M) Survivors: 4096.0K->4096.0K Heap: 43.0M(512.0M)->21.8M(512.0M)]
Heap after GC invocations=4 (full 0):
 garbage-first heap   total 524288K, used 22362K [0x00000000bd400000, 0x00000000dd400000, 0x00000000f0000000)
  region size 1024K, 4 young (4096K), 4 survivors (4096K)
 compacting perm gen  total 131072K, used 15145K [0x00000000f0000000, 0x00000000f8000000, 0x0000000100000000)
   the space 131072K,  11% used [0x00000000f0000000, 0x00000000f0eca538, 0x00000000f0eca600, 0x00000000f8000000)
No shared spaces configured.
}
 [Times: user=0.03 sys=0.00, real=0.01 secs] 
{Heap before GC invocations=4 (full 0):
 garbage-first heap   total 524288K, used 107354K [0x00000000bd400000, 0x00000000dd400000, 0x00000000f0000000)
  region size 1024K, 87 young (89088K), 4 survivors (4096K)
 compacting perm gen  total 131072K, used 18970K [0x00000000f0000000, 0x00000000f8000000, 0x0000000100000000)
   the space 131072K,  14% used [0x00000000f0000000, 0x00000000f1286920, 0x00000000f1286a00, 0x00000000f8000000)
No shared spaces configured.
3.226: [GC pause (young), 0.0238620 secs]
   [Parallel Time: 21.5 ms, GC Workers: 4]
      [GC Worker Start (ms): Min: 3225.7, Avg: 3228.2, Max: 3235.5, Diff: 9.7]
      [Ext Root Scanning (ms): Min: 0.0, Avg: 2.1, Max: 3.3, Diff: 3.2, Sum: 8.5]
      [Update RS (ms): Min: 0.0, Avg: 0.3, Max: 0.6, Diff: 0.6, Sum: 1.1]
         [Processed Buffers: Min: 0, Avg: 4.2, Max: 11, Diff: 11, Sum: 17]
      [Scan RS (ms): Min: 0.0, Avg: 0.3, Max: 0.4, Diff: 0.4, Sum: 1.2]
      [Code Root Scanning (ms): Min: 0.0, Avg: 0.0, Max: 0.0, Diff: 0.0, Sum: 0.1]
      [Object Copy (ms): Min: 11.5, Avg: 16.2, Max: 17.7, Diff: 6.2, Sum: 64.7]
      [Termination (ms): Min: 0.0, Avg: 0.1, Max: 0.1, Diff: 0.1, Sum: 0.4]
      [GC Worker Other (ms): Min: 0.0, Avg: 0.0, Max: 0.0, Diff: 0.0, Sum: 0.0]
      [GC Worker Total (ms): Min: 11.7, Avg: 19.0, Max: 21.4, Diff: 9.7, Sum: 75.9]
      [GC Worker End (ms): Min: 3247.2, Avg: 3247.2, Max: 3247.2, Diff: 0.0]
   [Code Root Fixup: 0.0 ms]
   [Code Root Migration: 0.1 ms]
   [Clear CT: 0.1 ms]
   [Other: 2.2 ms]
      [Choose CSet: 0.0 ms]
      [Ref Proc: 1.9 ms]
      [Ref Enq: 0.1 ms]
      [Free CSet: 0.1 ms]
   [Eden: 83.0M(83.0M)->0.0B(53.0M) Survivors: 4096.0K->11.0M Heap: 104.8M(512.0M)->33.5M(512.0M)]
Heap after GC invocations=5 (full 0):
 garbage-first heap   total 524288K, used 34304K [0x00000000bd400000, 0x00000000dd400000, 0x00000000f0000000)
  region size 1024K, 11 young (11264K), 11 survivors (11264K)
 compacting perm gen  total 131072K, used 18970K [0x00000000f0000000, 0x00000000f8000000, 0x0000000100000000)
   the space 131072K,  14% used [0x00000000f0000000, 0x00000000f1286920, 0x00000000f1286a00, 0x00000000f8000000)
No shared spaces configured.
}
 [Times: user=0.06 sys=0.01, real=0.03 secs] 
{Heap before GC invocations=5 (full 0):
 garbage-first heap   total 524288K, used 80384K [0x00000000bd400000, 0x00000000dd400000, 0x00000000f0000000)
  region size 1024K, 56 young (57344K), 11 survivors (11264K)
 compacting perm gen  total 131072K, used 19182K [0x00000000f0000000, 0x00000000f8000000, 0x0000000100000000)
   the space 131072K,  14% used [0x00000000f0000000, 0x00000000f12bba98, 0x00000000f12bbc00, 0x00000000f8000000)
No shared spaces configured.
3.515: [GC pause (young), 0.0210700 secs]
   [Parallel Time: 20.3 ms, GC Workers: 4]
      [GC Worker Start (ms): Min: 3515.6, Avg: 3515.6, Max: 3515.6, Diff: 0.0]
      [Ext Root Scanning (ms): Min: 2.3, Avg: 2.4, Max: 2.5, Diff: 0.2, Sum: 9.7]
      [Update RS (ms): Min: 0.3, Avg: 0.6, Max: 0.8, Diff: 0.5, Sum: 2.3]
         [Processed Buffers: Min: 3, Avg: 3.5, Max: 5, Diff: 2, Sum: 14]
      [Scan RS (ms): Min: 0.5, Avg: 0.6, Max: 0.7, Diff: 0.2, Sum: 2.5]
      [Code Root Scanning (ms): Min: 0.0, Avg: 0.0, Max: 0.0, Diff: 0.0, Sum: 0.0]
      [Object Copy (ms): Min: 15.6, Avg: 15.8, Max: 16.5, Diff: 1.0, Sum: 63.3]
      [Termination (ms): Min: 0.0, Avg: 0.7, Max: 1.0, Diff: 1.0, Sum: 2.8]
      [GC Worker Other (ms): Min: 0.0, Avg: 0.0, Max: 0.0, Diff: 0.0, Sum: 0.0]
      [GC Worker Total (ms): Min: 20.1, Avg: 20.2, Max: 20.2, Diff: 0.1, Sum: 80.7]
      [GC Worker End (ms): Min: 3535.8, Avg: 3535.8, Max: 3535.8, Diff: 0.0]
   [Code Root Fixup: 0.0 ms]
   [Code Root Migration: 0.1 ms]
   [Clear CT: 0.1 ms]
   [Other: 0.6 ms]
      [Choose CSet: 0.0 ms]
      [Ref Proc: 0.4 ms]
      [Ref Enq: 0.0 ms]
      [Free CSet: 0.1 ms]
   [Eden: 45.0M(45.0M)->0.0B(137.0M) Survivors: 11.0M->3072.0K Heap: 78.5M(512.0M)->37.6M(512.0M)]
Heap after GC invocations=6 (full 0):
 garbage-first heap   total 524288K, used 38529K [0x00000000bd400000, 0x00000000dd400000, 0x00000000f0000000)
  region size 1024K, 3 young (3072K), 3 survivors (3072K)
 compacting perm gen  total 131072K, used 19182K [0x00000000f0000000, 0x00000000f8000000, 0x0000000100000000)
   the space 131072K,  14% used [0x00000000f0000000, 0x00000000f12bba98, 0x00000000f12bbc00, 0x00000000f8000000)
No shared spaces configured.
}
 [Times: user=0.07 sys=0.00, real=0.02 secs] 
{Heap before GC invocations=6 (full 0):
 garbage-first heap   total 524288K, used 172673K [0x00000000bd400000, 0x00000000dd400000, 0x00000000f0000000)
  region size 1024K, 134 young (137216K), 3 survivors (3072K)
 compacting perm gen  total 131072K, used 22353K [0x00000000f0000000, 0x00000000f8000000, 0x0000000100000000)
   the space 131072K,  17% used [0x00000000f0000000, 0x00000000f15d4458, 0x00000000f15d4600, 0x00000000f8000000)
No shared spaces configured.
5.272: [GC pause (young), 0.0396700 secs]
   [Parallel Time: 35.1 ms, GC Workers: 4]
      [GC Worker Start (ms): Min: 5271.8, Avg: 5272.6, Max: 5275.0, Diff: 3.2]
      [Ext Root Scanning (ms): Min: 1.5, Avg: 6.6, Max: 16.1, Diff: 14.6, Sum: 26.5]
      [Update RS (ms): Min: 0.0, Avg: 1.0, Max: 1.8, Diff: 1.8, Sum: 3.9]
         [Processed Buffers: Min: 0, Avg: 4.5, Max: 8, Diff: 8, Sum: 18]
      [Scan RS (ms): Min: 0.0, Avg: 0.5, Max: 0.6, Diff: 0.6, Sum: 1.8]
      [Code Root Scanning (ms): Min: 0.0, Avg: 0.0, Max: 0.1, Diff: 0.1, Sum: 0.1]
      [Object Copy (ms): Min: 18.9, Avg: 26.1, Max: 28.9, Diff: 9.9, Sum: 104.2]
      [Termination (ms): Min: 0.0, Avg: 0.1, Max: 0.1, Diff: 0.1, Sum: 0.4]
      [GC Worker Other (ms): Min: 0.0, Avg: 0.0, Max: 0.0, Diff: 0.0, Sum: 0.1]
      [GC Worker Total (ms): Min: 31.8, Avg: 34.2, Max: 35.0, Diff: 3.2, Sum: 136.9]
      [GC Worker End (ms): Min: 5306.9, Avg: 5306.9, Max: 5306.9, Diff: 0.0]
   [Code Root Fixup: 0.0 ms]
   [Code Root Migration: 0.1 ms]
   [Clear CT: 0.2 ms]
   [Other: 4.3 ms]
      [Choose CSet: 0.0 ms]
      [Ref Proc: 3.9 ms]
      [Ref Enq: 0.1 ms]
      [Free CSet: 0.1 ms]
   [Eden: 131.0M(131.0M)->0.0B(25.0M) Survivors: 3072.0K->17.0M Heap: 168.6M(512.0M)->56.0M(512.0M)]
Heap after GC invocations=7 (full 0):
 garbage-first heap   total 524288K, used 57344K [0x00000000bd400000, 0x00000000dd400000, 0x00000000f0000000)
  region size 1024K, 17 young (17408K), 17 survivors (17408K)
 compacting perm gen  total 131072K, used 22353K [0x00000000f0000000, 0x00000000f8000000, 0x0000000100000000)
   the space 131072K,  17% used [0x00000000f0000000, 0x00000000f15d4458, 0x00000000f15d4600, 0x00000000f8000000)
No shared spaces configured.
}
 [Times: user=0.14 sys=0.00, real=0.04 secs] 
{Heap before GC invocations=7 (full 0):
 garbage-first heap   total 524288K, used 65536K [0x00000000bd400000, 0x00000000dd400000, 0x00000000f0000000)
  region size 1024K, 25 young (25600K), 17 survivors (17408K)
 compacting perm gen  total 131072K, used 22354K [0x00000000f0000000, 0x00000000f8000000, 0x0000000100000000)
   the space 131072K,  17% used [0x00000000f0000000, 0x00000000f15d4990, 0x00000000f15d4a00, 0x00000000f8000000)
No shared spaces configured.
5.354: [GC pause (young), 0.0373850 secs]
   [Parallel Time: 36.5 ms, GC Workers: 4]
      [GC Worker Start (ms): Min: 5353.8, Avg: 5354.7, Max: 5357.5, Diff: 3.7]
      [Ext Root Scanning (ms): Min: 0.0, Avg: 5.5, Max: 14.5, Diff: 14.5, Sum: 22.0]
      [Update RS (ms): Min: 0.0, Avg: 0.8, Max: 1.6, Diff: 1.6, Sum: 3.3]
         [Processed Buffers: Min: 0, Avg: 3.8, Max: 7, Diff: 7, Sum: 15]
      [Scan RS (ms): Min: 0.0, Avg: 1.3, Max: 1.7, Diff: 1.7, Sum: 5.0]
      [Code Root Scanning (ms): Min: 0.0, Avg: 0.0, Max: 0.1, Diff: 0.1, Sum: 0.1]
      [Object Copy (ms): Min: 21.9, Avg: 25.1, Max: 26.4, Diff: 4.4, Sum: 100.2]
      [Termination (ms): Min: 0.0, Avg: 2.9, Max: 3.9, Diff: 3.9, Sum: 11.5]
      [GC Worker Other (ms): Min: 0.0, Avg: 0.0, Max: 0.0, Diff: 0.0, Sum: 0.1]
      [GC Worker Total (ms): Min: 32.8, Avg: 35.5, Max: 36.5, Diff: 3.7, Sum: 142.2]
      [GC Worker End (ms): Min: 5390.3, Avg: 5390.3, Max: 5390.3, Diff: 0.0]
   [Code Root Fixup: 0.0 ms]
   [Code Root Migration: 0.2 ms]
   [Clear CT: 0.1 ms]
   [Other: 0.6 ms]
      [Choose CSet: 0.0 ms]
      [Ref Proc: 0.3 ms]
      [Ref Enq: 0.0 ms]
      [Free CSet: 0.1 ms]
   [Eden: 8192.0K(8192.0K)->0.0B(204.0M) Survivors: 17.0M->3072.0K Heap: 64.0M(512.0M)->58.0M(512.0M)]
Heap after GC invocations=8 (full 0):
 garbage-first heap   total 524288K, used 59392K [0x00000000bd400000, 0x00000000dd400000, 0x00000000f0000000)
  region size 1024K, 3 young (3072K), 3 survivors (3072K)
 compacting perm gen  total 131072K, used 22354K [0x00000000f0000000, 0x00000000f8000000, 0x0000000100000000)
   the space 131072K,  17% used [0x00000000f0000000, 0x00000000f15d4990, 0x00000000f15d4a00, 0x00000000f8000000)
No shared spaces configured.
}
 [Times: user=0.12 sys=0.00, real=0.04 secs] 
{Heap before GC invocations=8 (full 0):
 garbage-first heap   total 524288K, used 268288K [0x00000000bd400000, 0x00000000dd400000, 0x00000000f0000000)
  region size 1024K, 207 young (211968K), 3 survivors (3072K)
 compacting perm gen  total 131072K, used 25871K [0x00000000f0000000, 0x00000000f8000000, 0x0000000100000000)
   the space 131072K,  19% used [0x00000000f0000000, 0x00000000f1943f48, 0x00000000f1944000, 0x00000000f8000000)
No shared spaces configured.
7.179: [GC pause (young), 0.0543560 secs]
   [Parallel Time: 50.1 ms, GC Workers: 4]
      [GC Worker Start (ms): Min: 7179.3, Avg: 7179.3, Max: 7179.3, Diff: 0.1]
      [Ext Root Scanning (ms): Min: 3.9, Avg: 4.2, Max: 4.6, Diff: 0.7, Sum: 16.9]
      [Update RS (ms): Min: 0.0, Avg: 0.8, Max: 1.1, Diff: 1.1, Sum: 3.1]
         [Processed Buffers: Min: 0, Avg: 4.8, Max: 9, Diff: 9, Sum: 19]
      [Scan RS (ms): Min: 0.3, Avg: 0.5, Max: 0.6, Diff: 0.3, Sum: 2.0]
      [Code Root Scanning (ms): Min: 0.0, Avg: 0.0, Max: 0.1, Diff: 0.0, Sum: 0.1]
      [Object Copy (ms): Min: 43.1, Avg: 43.4, Max: 43.9, Diff: 0.9, Sum: 173.5]
      [Termination (ms): Min: 0.0, Avg: 1.0, Max: 1.4, Diff: 1.4, Sum: 3.9]
      [GC Worker Other (ms): Min: 0.0, Avg: 0.0, Max: 0.0, Diff: 0.0, Sum: 0.1]
      [GC Worker Total (ms): Min: 49.8, Avg: 49.9, Max: 50.0, Diff: 0.2, Sum: 199.4]
      [GC Worker End (ms): Min: 7229.1, Avg: 7229.1, Max: 7229.3, Diff: 0.2]
   [Code Root Fixup: 0.1 ms]
   [Code Root Migration: 0.1 ms]
   [Clear CT: 0.1 ms]
   [Other: 4.0 ms]
      [Choose CSet: 0.0 ms]
      [Ref Proc: 3.5 ms]
      [Ref Enq: 0.1 ms]
      [Free CSet: 0.2 ms]
   [Eden: 204.0M(204.0M)->0.0B(50.0M) Survivors: 3072.0K->26.0M Heap: 262.0M(512.0M)->96.5M(512.0M)]
Heap after GC invocations=9 (full 0):
 garbage-first heap   total 524288K, used 98816K [0x00000000bd400000, 0x00000000dd400000, 0x00000000f0000000)
  region size 1024K, 26 young (26624K), 26 survivors (26624K)
 compacting perm gen  total 131072K, used 25871K [0x00000000f0000000, 0x00000000f8000000, 0x0000000100000000)
   the space 131072K,  19% used [0x00000000f0000000, 0x00000000f1943f48, 0x00000000f1944000, 0x00000000f8000000)
No shared spaces configured.
}
 [Times: user=0.19 sys=0.00, real=0.05 secs] 
{Heap before GC invocations=9 (full 0):
 garbage-first heap   total 524288K, used 134656K [0x00000000bd400000, 0x00000000dd400000, 0x00000000f0000000)
  region size 1024K, 61 young (62464K), 26 survivors (26624K)
 compacting perm gen  total 131072K, used 26198K [0x00000000f0000000, 0x00000000f8000000, 0x0000000100000000)
   the space 131072K,  19% used [0x00000000f0000000, 0x00000000f1995878, 0x00000000f1995a00, 0x00000000f8000000)
No shared spaces configured.
7.423: [GC pause (young), 0.0416570 secs]
   [Parallel Time: 40.5 ms, GC Workers: 4]
      [GC Worker Start (ms): Min: 7422.7, Avg: 7423.2, Max: 7424.8, Diff: 2.1]
      [Ext Root Scanning (ms): Min: 3.1, Avg: 3.7, Max: 4.2, Diff: 1.1, Sum: 14.7]
      [Update RS (ms): Min: 0.4, Avg: 1.2, Max: 1.7, Diff: 1.3, Sum: 4.6]
         [Processed Buffers: Min: 1, Avg: 4.5, Max: 7, Diff: 6, Sum: 18]
      [Scan RS (ms): Min: 2.0, Avg: 2.1, Max: 2.1, Diff: 0.1, Sum: 8.3]
      [Code Root Scanning (ms): Min: 0.0, Avg: 0.0, Max: 0.0, Diff: 0.0, Sum: 0.1]
      [Object Copy (ms): Min: 32.7, Avg: 33.0, Max: 33.2, Diff: 0.5, Sum: 131.9]
      [Termination (ms): Min: 0.0, Avg: 0.0, Max: 0.0, Diff: 0.0, Sum: 0.1]
      [GC Worker Other (ms): Min: 0.0, Avg: 0.0, Max: 0.0, Diff: 0.0, Sum: 0.0]
      [GC Worker Total (ms): Min: 38.3, Avg: 39.9, Max: 40.5, Diff: 2.1, Sum: 159.7]
      [GC Worker End (ms): Min: 7463.1, Avg: 7463.1, Max: 7463.1, Diff: 0.0]
   [Code Root Fixup: 0.0 ms]
   [Code Root Migration: 0.1 ms]
   [Clear CT: 0.1 ms]
   [Other: 0.9 ms]
      [Choose CSet: 0.0 ms]
      [Ref Proc: 0.6 ms]
      [Ref Enq: 0.0 ms]
      [Free CSet: 0.1 ms]
   [Eden: 35.0M(5120.0K)->0.0B(183.0M) Survivors: 26.0M->3072.0K Heap: 131.5M(512.0M)->100.5M(512.0M)]
Heap after GC invocations=10 (full 0):
 garbage-first heap   total 524288K, used 102912K [0x00000000bd400000, 0x00000000dd400000, 0x00000000f0000000)
  region size 1024K, 3 young (3072K), 3 survivors (3072K)
 compacting perm gen  total 131072K, used 26198K [0x00000000f0000000, 0x00000000f8000000, 0x0000000100000000)
   the space 131072K,  19% used [0x00000000f0000000, 0x00000000f1995878, 0x00000000f1995a00, 0x00000000f8000000)
No shared spaces configured.
}
 [Times: user=0.14 sys=0.00, real=0.04 secs] 
{Heap before GC invocations=10 (full 0):
 garbage-first heap   total 524288K, used 290304K [0x00000000bd400000, 0x00000000dd400000, 0x00000000f0000000)
  region size 1024K, 186 young (190464K), 3 survivors (3072K)
 compacting perm gen  total 131072K, used 32098K [0x00000000f0000000, 0x00000000f8000000, 0x0000000100000000)
   the space 131072K,  24% used [0x00000000f0000000, 0x00000000f1f58bb8, 0x00000000f1f58c00, 0x00000000f8000000)
No shared spaces configured.
8.880: [GC pause (young), 0.0444310 secs]
   [Parallel Time: 38.9 ms, GC Workers: 4]
      [GC Worker Start (ms): Min: 8880.6, Avg: 8880.8, Max: 8881.6, Diff: 1.0]
      [Ext Root Scanning (ms): Min: 4.5, Avg: 7.1, Max: 10.7, Diff: 6.2, Sum: 28.4]
      [Update RS (ms): Min: 0.0, Avg: 1.3, Max: 2.6, Diff: 2.6, Sum: 5.1]
         [Processed Buffers: Min: 0, Avg: 5.2, Max: 20, Diff: 20, Sum: 21]
      [Scan RS (ms): Min: 0.0, Avg: 0.9, Max: 1.7, Diff: 1.6, Sum: 3.4]
      [Code Root Scanning (ms): Min: 0.0, Avg: 0.0, Max: 0.0, Diff: 0.0, Sum: 0.0]
      [Object Copy (ms): Min: 15.3, Avg: 19.5, Max: 25.7, Diff: 10.3, Sum: 78.1]
      [Termination (ms): Min: 0.0, Avg: 5.6, Max: 7.5, Diff: 7.5, Sum: 22.4]
      [GC Worker Other (ms): Min: 0.0, Avg: 0.0, Max: 0.1, Diff: 0.1, Sum: 0.1]
      [GC Worker Total (ms): Min: 33.7, Avg: 34.4, Max: 34.6, Diff: 1.0, Sum: 137.5]
      [GC Worker End (ms): Min: 8915.2, Avg: 8915.2, Max: 8915.2, Diff: 0.0]
   [Code Root Fixup: 0.0 ms]
   [Code Root Migration: 0.0 ms]
   [Clear CT: 0.1 ms]
   [Other: 5.3 ms]
      [Choose CSet: 0.0 ms]
      [Ref Proc: 4.7 ms]
      [Ref Enq: 0.2 ms]
      [Free CSet: 0.3 ms]
   [Eden: 183.0M(183.0M)->0.0B(181.0M) Survivors: 3072.0K->16.0M Heap: 283.5M(512.0M)->113.0M(512.0M)]
Heap after GC invocations=11 (full 0):
 garbage-first heap   total 524288K, used 115712K [0x00000000bd400000, 0x00000000dd400000, 0x00000000f0000000)
  region size 1024K, 16 young (16384K), 16 survivors (16384K)
 compacting perm gen  total 131072K, used 32098K [0x00000000f0000000, 0x00000000f8000000, 0x0000000100000000)
   the space 131072K,  24% used [0x00000000f0000000, 0x00000000f1f58bb8, 0x00000000f1f58c00, 0x00000000f8000000)
No shared spaces configured.
}
 [Times: user=0.11 sys=0.00, real=0.04 secs] 
{Heap before GC invocations=11 (full 0):
 garbage-first heap   total 524288K, used 301056K [0x00000000bd400000, 0x00000000dd400000, 0x00000000f0000000)
  region size 1024K, 197 young (201728K), 16 survivors (16384K)
 compacting perm gen  total 131072K, used 33164K [0x00000000f0000000, 0x00000000f8000000, 0x0000000100000000)
   the space 131072K,  25% used [0x00000000f0000000, 0x00000000f2063098, 0x00000000f2063200, 0x00000000f8000000)
No shared spaces configured.
9.626: [GC pause (young), 0.0407820 secs]
   [Parallel Time: 30.5 ms, GC Workers: 4]
      [GC Worker Start (ms): Min: 9626.1, Avg: 9627.8, Max: 9632.7, Diff: 6.6]
      [Ext Root Scanning (ms): Min: 0.0, Avg: 3.6, Max: 5.2, Diff: 5.2, Sum: 14.4]
      [Update RS (ms): Min: 1.2, Avg: 4.2, Max: 10.7, Diff: 9.5, Sum: 16.7]
         [Processed Buffers: Min: 1, Avg: 6.2, Max: 10, Diff: 9, Sum: 25]
      [Scan RS (ms): Min: 0.0, Avg: 0.1, Max: 0.1, Diff: 0.1, Sum: 0.2]
      [Code Root Scanning (ms): Min: 0.0, Avg: 0.0, Max: 0.0, Diff: 0.0, Sum: 0.0]
      [Object Copy (ms): Min: 14.5, Avg: 20.9, Max: 23.4, Diff: 8.9, Sum: 83.7]
      [Termination (ms): Min: 0.0, Avg: 0.0, Max: 0.0, Diff: 0.0, Sum: 0.0]
      [GC Worker Other (ms): Min: 0.0, Avg: 0.0, Max: 0.0, Diff: 0.0, Sum: 0.1]
      [GC Worker Total (ms): Min: 23.8, Avg: 28.8, Max: 30.4, Diff: 6.6, Sum: 115.1]
      [GC Worker End (ms): Min: 9656.5, Avg: 9656.5, Max: 9656.5, Diff: 0.0]
   [Code Root Fixup: 0.0 ms]
   [Code Root Migration: 0.0 ms]
   [Clear CT: 0.2 ms]
   [Other: 10.1 ms]
      [Choose CSet: 0.0 ms]
      [Ref Proc: 9.8 ms]
      [Ref Enq: 0.1 ms]
      [Free CSet: 0.1 ms]
   [Eden: 181.0M(181.0M)->0.0B(211.0M) Survivors: 16.0M->21.0M Heap: 294.0M(512.0M)->118.5M(512.0M)]
Heap after GC invocations=12 (full 0):
 garbage-first heap   total 524288K, used 121344K [0x00000000bd400000, 0x00000000dd400000, 0x00000000f0000000)
  region size 1024K, 21 young (21504K), 21 survivors (21504K)
 compacting perm gen  total 131072K, used 33164K [0x00000000f0000000, 0x00000000f8000000, 0x0000000100000000)
   the space 131072K,  25% used [0x00000000f0000000, 0x00000000f2063098, 0x00000000f2063200, 0x00000000f8000000)
No shared spaces configured.
}
 [Times: user=0.08 sys=0.01, real=0.04 secs] 
{Heap before GC invocations=12 (full 0):
 garbage-first heap   total 524288K, used 337408K [0x00000000bd400000, 0x00000000dd400000, 0x00000000f0000000)
  region size 1024K, 232 young (237568K), 21 survivors (21504K)
 compacting perm gen  total 131072K, used 34839K [0x00000000f0000000, 0x00000000f8000000, 0x0000000100000000)
   the space 131072K,  26% used [0x00000000f0000000, 0x00000000f2205e48, 0x00000000f2206000, 0x00000000f8000000)
No shared spaces configured.
11.669: [GC pause (young), 0.0992590 secs]
   [Parallel Time: 92.5 ms, GC Workers: 4]
      [GC Worker Start (ms): Min: 11668.8, Avg: 11668.8, Max: 11668.8, Diff: 0.0]
      [Ext Root Scanning (ms): Min: 4.6, Avg: 5.5, Max: 6.2, Diff: 1.7, Sum: 22.1]
      [Update RS (ms): Min: 0.0, Avg: 1.6, Max: 2.2, Diff: 2.2, Sum: 6.3]
         [Processed Buffers: Min: 0, Avg: 6.0, Max: 9, Diff: 9, Sum: 24]
      [Scan RS (ms): Min: 1.0, Avg: 1.0, Max: 1.1, Diff: 0.1, Sum: 4.2]
      [Code Root Scanning (ms): Min: 0.0, Avg: 0.0, Max: 0.1, Diff: 0.1, Sum: 0.1]
      [Object Copy (ms): Min: 83.1, Avg: 84.2, Max: 85.1, Diff: 2.0, Sum: 336.9]
      [Termination (ms): Min: 0.0, Avg: 0.1, Max: 0.1, Diff: 0.1, Sum: 0.3]
      [GC Worker Other (ms): Min: 0.0, Avg: 0.0, Max: 0.0, Diff: 0.0, Sum: 0.0]
      [GC Worker Total (ms): Min: 92.5, Avg: 92.5, Max: 92.5, Diff: 0.0, Sum: 369.9]
      [GC Worker End (ms): Min: 11761.2, Avg: 11761.3, Max: 11761.3, Diff: 0.0]
   [Code Root Fixup: 0.1 ms]
   [Code Root Migration: 0.3 ms]
   [Clear CT: 0.2 ms]
   [Other: 6.2 ms]
      [Choose CSet: 0.0 ms]
      [Ref Proc: 5.6 ms]
      [Ref Enq: 0.1 ms]
      [Free CSet: 0.2 ms]
   [Eden: 211.0M(211.0M)->0.0B(152.0M) Survivors: 21.0M->29.0M Heap: 329.5M(512.0M)->158.5M(512.0M)]
Heap after GC invocations=13 (full 0):
 garbage-first heap   total 524288K, used 162304K [0x00000000bd400000, 0x00000000dd400000, 0x00000000f0000000)
  region size 1024K, 29 young (29696K), 29 survivors (29696K)
 compacting perm gen  total 131072K, used 34839K [0x00000000f0000000, 0x00000000f8000000, 0x0000000100000000)
   the space 131072K,  26% used [0x00000000f0000000, 0x00000000f2205e48, 0x00000000f2206000, 0x00000000f8000000)
No shared spaces configured.
}
 [Times: user=0.29 sys=0.06, real=0.10 secs] 
{Heap before GC invocations=13 (full 0):
 garbage-first heap   total 524288K, used 166400K [0x00000000bd400000, 0x00000000dd400000, 0x00000000f0000000)
  region size 1024K, 33 young (33792K), 29 survivors (29696K)
 compacting perm gen  total 131072K, used 34846K [0x00000000f0000000, 0x00000000f8000000, 0x0000000100000000)
   the space 131072K,  26% used [0x00000000f0000000, 0x00000000f2207850, 0x00000000f2207a00, 0x00000000f8000000)
No shared spaces configured.
11.964: [GC pause (young), 0.1503410 secs]
   [Parallel Time: 148.4 ms, GC Workers: 4]
      [GC Worker Start (ms): Min: 11963.6, Avg: 11967.5, Max: 11971.5, Diff: 7.8]
      [Ext Root Scanning (ms): Min: 2.1, Avg: 8.0, Max: 20.4, Diff: 18.3, Sum: 32.1]
      [Update RS (ms): Min: 0.0, Avg: 4.7, Max: 11.1, Diff: 11.1, Sum: 18.9]
         [Processed Buffers: Min: 0, Avg: 7.0, Max: 15, Diff: 15, Sum: 28]
      [Scan RS (ms): Min: 19.8, Avg: 23.3, Max: 26.4, Diff: 6.7, Sum: 93.1]
      [Code Root Scanning (ms): Min: 0.0, Avg: 0.0, Max: 0.1, Diff: 0.1, Sum: 0.1]
      [Object Copy (ms): Min: 92.7, Avg: 96.4, Max: 104.7, Diff: 12.0, Sum: 385.6]
      [Termination (ms): Min: 0.0, Avg: 9.5, Max: 15.0, Diff: 15.0, Sum: 37.8]
      [GC Worker Other (ms): Min: 0.0, Avg: 0.0, Max: 0.0, Diff: 0.0, Sum: 0.1]
      [GC Worker Total (ms): Min: 136.0, Avg: 141.9, Max: 147.9, Diff: 11.8, Sum: 567.7]
      [GC Worker End (ms): Min: 12107.5, Avg: 12109.5, Max: 12111.5, Diff: 4.0]
   [Code Root Fixup: 0.1 ms]
   [Code Root Migration: 0.2 ms]
   [Clear CT: 0.1 ms]
   [Other: 1.6 ms]
      [Choose CSet: 0.0 ms]
      [Ref Proc: 0.9 ms]
      [Ref Enq: 0.0 ms]
      [Free CSet: 0.1 ms]
   [Eden: 4096.0K(1024.0K)->0.0B(199.0M) Survivors: 29.0M->2048.0K Heap: 162.5M(512.0M)->169.8M(512.0M)]
Heap after GC invocations=14 (full 0):
 garbage-first heap   total 524288K, used 173825K [0x00000000bd400000, 0x00000000dd400000, 0x00000000f0000000)
  region size 1024K, 2 young (2048K), 2 survivors (2048K)
 compacting perm gen  total 131072K, used 34846K [0x00000000f0000000, 0x00000000f8000000, 0x0000000100000000)
   the space 131072K,  26% used [0x00000000f0000000, 0x00000000f2207850, 0x00000000f2207a00, 0x00000000f8000000)
No shared spaces configured.
}
 [Times: user=0.30 sys=0.00, real=0.15 secs] 
{Heap before GC invocations=14 (full 0):
 garbage-first heap   total 524288K, used 377601K [0x00000000bd400000, 0x00000000dd400000, 0x00000000f0000000)
  region size 1024K, 201 young (205824K), 2 survivors (2048K)
 compacting perm gen  total 131072K, used 36010K [0x00000000f0000000, 0x00000000f8000000, 0x0000000100000000)
   the space 131072K,  27% used [0x00000000f0000000, 0x00000000f232aac0, 0x00000000f232ac00, 0x00000000f8000000)
No shared spaces configured.
14.746: [GC pause (young), 0.0352840 secs]
   [Parallel Time: 27.1 ms, GC Workers: 4]
      [GC Worker Start (ms): Min: 14746.6, Avg: 14746.8, Max: 14747.1, Diff: 0.5]
      [Ext Root Scanning (ms): Min: 4.9, Avg: 5.5, Max: 6.6, Diff: 1.7, Sum: 22.0]
      [Update RS (ms): Min: 2.0, Avg: 3.2, Max: 3.7, Diff: 1.7, Sum: 12.6]
         [Processed Buffers: Min: 5, Avg: 8.0, Max: 11, Diff: 6, Sum: 32]
      [Scan RS (ms): Min: 1.1, Avg: 1.3, Max: 1.3, Diff: 0.2, Sum: 5.0]
      [Code Root Scanning (ms): Min: 0.0, Avg: 0.0, Max: 0.0, Diff: 0.0, Sum: 0.0]
      [Object Copy (ms): Min: 16.6, Avg: 16.8, Max: 17.3, Diff: 0.7, Sum: 67.2]
      [Termination (ms): Min: 0.0, Avg: 0.0, Max: 0.0, Diff: 0.0, Sum: 0.0]
      [GC Worker Other (ms): Min: 0.0, Avg: 0.0, Max: 0.0, Diff: 0.0, Sum: 0.1]
      [GC Worker Total (ms): Min: 26.5, Avg: 26.8, Max: 27.0, Diff: 0.5, Sum: 107.1]
      [GC Worker End (ms): Min: 14773.6, Avg: 14773.6, Max: 14773.6, Diff: 0.0]
   [Code Root Fixup: 0.0 ms]
   [Code Root Migration: 0.0 ms]
   [Clear CT: 0.2 ms]
   [Other: 8.0 ms]
      [Choose CSet: 0.0 ms]
      [Ref Proc: 7.3 ms]
      [Ref Enq: 0.3 ms]
      [Free CSet: 0.2 ms]
   [Eden: 199.0M(199.0M)->0.0B(190.0M) Survivors: 2048.0K->18.0M Heap: 368.8M(512.0M)->185.3M(512.0M)]
Heap after GC invocations=15 (full 0):
 garbage-first heap   total 524288K, used 189697K [0x00000000bd400000, 0x00000000dd400000, 0x00000000f0000000)
  region size 1024K, 18 young (18432K), 18 survivors (18432K)
 compacting perm gen  total 131072K, used 36010K [0x00000000f0000000, 0x00000000f8000000, 0x0000000100000000)
   the space 131072K,  27% used [0x00000000f0000000, 0x00000000f232aac0, 0x00000000f232ac00, 0x00000000f8000000)
No shared spaces configured.
}
 [Times: user=0.12 sys=0.00, real=0.04 secs] 
{Heap before GC invocations=15 (full 0):
 garbage-first heap   total 524288K, used 384257K [0x00000000bd400000, 0x00000000dd400000, 0x00000000f0000000)
  region size 1024K, 208 young (212992K), 18 survivors (18432K)
 compacting perm gen  total 131072K, used 36184K [0x00000000f0000000, 0x00000000f8000000, 0x0000000100000000)
   the space 131072K,  27% used [0x00000000f0000000, 0x00000000f2356368, 0x00000000f2356400, 0x00000000f8000000)
No shared spaces configured.
15.725: [GC pause (young), 0.0666630 secs]
   [Parallel Time: 42.0 ms, GC Workers: 4]
      [GC Worker Start (ms): Min: 15725.2, Avg: 15725.3, Max: 15725.3, Diff: 0.0]
      [Ext Root Scanning (ms): Min: 4.3, Avg: 5.1, Max: 6.7, Diff: 2.4, Sum: 20.6]
      [Update RS (ms): Min: 1.8, Avg: 3.7, Max: 5.4, Diff: 3.5, Sum: 14.9]
         [Processed Buffers: Min: 5, Avg: 7.5, Max: 10, Diff: 5, Sum: 30]
      [Scan RS (ms): Min: 2.9, Avg: 4.1, Max: 4.5, Diff: 1.7, Sum: 16.3]
      [Code Root Scanning (ms): Min: 0.0, Avg: 0.0, Max: 0.0, Diff: 0.0, Sum: 0.1]
      [Object Copy (ms): Min: 27.9, Avg: 28.3, Max: 29.3, Diff: 1.4, Sum: 113.2]
      [Termination (ms): Min: 0.0, Avg: 0.7, Max: 0.9, Diff: 0.9, Sum: 2.8]
      [GC Worker Other (ms): Min: 0.0, Avg: 0.0, Max: 0.0, Diff: 0.0, Sum: 0.1]
      [GC Worker Total (ms): Min: 41.9, Avg: 42.0, Max: 42.0, Diff: 0.1, Sum: 167.8]
      [GC Worker End (ms): Min: 15767.2, Avg: 15767.2, Max: 15767.2, Diff: 0.0]
   [Code Root Fixup: 0.0 ms]
   [Code Root Migration: 0.1 ms]
   [Clear CT: 0.3 ms]
   [Other: 24.3 ms]
      [Choose CSet: 0.0 ms]
      [Ref Proc: 23.0 ms]
      [Ref Enq: 0.8 ms]
      [Free CSet: 0.3 ms]
   [Eden: 190.0M(190.0M)->0.0B(194.0M) Survivors: 18.0M->26.0M Heap: 375.3M(512.0M)->204.0M(512.0M)]
Heap after GC invocations=16 (full 0):
 garbage-first heap   total 524288K, used 208896K [0x00000000bd400000, 0x00000000dd400000, 0x00000000f0000000)
  region size 1024K, 26 young (26624K), 26 survivors (26624K)
 compacting perm gen  total 131072K, used 36184K [0x00000000f0000000, 0x00000000f8000000, 0x0000000100000000)
   the space 131072K,  27% used [0x00000000f0000000, 0x00000000f2356368, 0x00000000f2356400, 0x00000000f8000000)
No shared spaces configured.
}
 [Times: user=0.17 sys=0.01, real=0.07 secs] 
{Heap before GC invocations=16 (full 0):
 garbage-first heap   total 524288K, used 318464K [0x00000000bd400000, 0x00000000dd400000, 0x00000000f0000000)
  region size 1024K, 133 young (136192K), 26 survivors (26624K)
 compacting perm gen  total 131072K, used 36261K [0x00000000f0000000, 0x00000000f8000000, 0x0000000100000000)
   the space 131072K,  27% used [0x00000000f0000000, 0x00000000f23697f8, 0x00000000f2369800, 0x00000000f8000000)
No shared spaces configured.
16.294: [GC pause (young), 0.0653480 secs]
   [Parallel Time: 53.3 ms, GC Workers: 4]
      [GC Worker Start (ms): Min: 16294.2, Avg: 16296.0, Max: 16299.5, Diff: 5.3]
      [Ext Root Scanning (ms): Min: 2.3, Avg: 5.3, Max: 7.3, Diff: 5.0, Sum: 21.1]
      [Update RS (ms): Min: 1.2, Avg: 2.8, Max: 4.0, Diff: 2.8, Sum: 11.1]
         [Processed Buffers: Min: 6, Avg: 8.5, Max: 12, Diff: 6, Sum: 34]
      [Scan RS (ms): Min: 6.7, Avg: 10.1, Max: 18.6, Diff: 11.9, Sum: 40.2]
      [Code Root Scanning (ms): Min: 0.0, Avg: 0.0, Max: 0.0, Diff: 0.0, Sum: 0.0]
      [Object Copy (ms): Min: 21.3, Avg: 30.1, Max: 33.8, Diff: 12.5, Sum: 120.5]
      [Termination (ms): Min: 0.0, Avg: 0.0, Max: 0.0, Diff: 0.0, Sum: 0.0]
      [GC Worker Other (ms): Min: 0.0, Avg: 0.0, Max: 0.0, Diff: 0.0, Sum: 0.2]
      [GC Worker Total (ms): Min: 44.8, Avg: 48.3, Max: 50.1, Diff: 5.3, Sum: 193.1]
      [GC Worker End (ms): Min: 16344.2, Avg: 16344.3, Max: 16344.3, Diff: 0.0]
   [Code Root Fixup: 0.0 ms]
   [Code Root Migration: 0.0 ms]
   [Clear CT: 0.2 ms]
   [Other: 11.8 ms]
      [Choose CSet: 0.0 ms]
      [Ref Proc: 10.9 ms]
      [Ref Enq: 0.4 ms]
      [Free CSet: 0.2 ms]
   [Eden: 107.0M(107.0M)->0.0B(212.0M) Survivors: 26.0M->12.0M Heap: 311.0M(512.0M)->223.2M(512.0M)]
Heap after GC invocations=17 (full 0):
 garbage-first heap   total 524288K, used 228531K [0x00000000bd400000, 0x00000000dd400000, 0x00000000f0000000)
  region size 1024K, 12 young (12288K), 12 survivors (12288K)
 compacting perm gen  total 131072K, used 36261K [0x00000000f0000000, 0x00000000f8000000, 0x0000000100000000)
   the space 131072K,  27% used [0x00000000f0000000, 0x00000000f23697f8, 0x00000000f2369800, 0x00000000f8000000)
No shared spaces configured.
}
 [Times: user=0.22 sys=0.00, real=0.07 secs] 
{Heap before GC invocations=17 (full 0):
 garbage-first heap   total 524288K, used 445619K [0x00000000bd400000, 0x00000000dd400000, 0x00000000f0000000)
  region size 1024K, 224 young (229376K), 12 survivors (12288K)
 compacting perm gen  total 131072K, used 36395K [0x00000000f0000000, 0x00000000f8000000, 0x0000000100000000)
   the space 131072K,  27% used [0x00000000f0000000, 0x00000000f238ad48, 0x00000000f238ae00, 0x00000000f8000000)
No shared spaces configured.
17.158: [GC pause (young), 0.0438200 secs]
   [Parallel Time: 28.1 ms, GC Workers: 4]
      [GC Worker Start (ms): Min: 17158.2, Avg: 17159.6, Max: 17163.9, Diff: 5.7]
      [Ext Root Scanning (ms): Min: 1.9, Avg: 7.3, Max: 15.8, Diff: 13.9, Sum: 29.3]
      [Update RS (ms): Min: 0.0, Avg: 2.2, Max: 4.2, Diff: 4.2, Sum: 8.8]
         [Processed Buffers: Min: 0, Avg: 8.8, Max: 14, Diff: 14, Sum: 35]
      [Scan RS (ms): Min: 0.0, Avg: 0.6, Max: 0.9, Diff: 0.8, Sum: 2.5]
      [Code Root Scanning (ms): Min: 0.0, Avg: 0.0, Max: 0.0, Diff: 0.0, Sum: 0.0]
      [Object Copy (ms): Min: 11.7, Avg: 16.1, Max: 18.2, Diff: 6.5, Sum: 64.2]
      [Termination (ms): Min: 0.0, Avg: 0.3, Max: 0.4, Diff: 0.4, Sum: 1.1]
      [GC Worker Other (ms): Min: 0.0, Avg: 0.0, Max: 0.0, Diff: 0.0, Sum: 0.1]
      [GC Worker Total (ms): Min: 22.2, Avg: 26.5, Max: 27.9, Diff: 5.7, Sum: 106.0]
      [GC Worker End (ms): Min: 17186.1, Avg: 17186.1, Max: 17186.2, Diff: 0.0]
   [Code Root Fixup: 0.0 ms]
   [Code Root Migration: 0.0 ms]
   [Clear CT: 0.1 ms]
   [Other: 15.5 ms]
      [Choose CSet: 0.0 ms]
      [Ref Proc: 14.6 ms]
      [Ref Enq: 0.7 ms]
      [Free CSet: 0.2 ms]
   [Eden: 212.0M(212.0M)->0.0B(191.0M) Survivors: 12.0M->28.0M Heap: 435.2M(512.0M)->240.5M(512.0M)]
Heap after GC invocations=18 (full 0):
 garbage-first heap   total 524288K, used 246272K [0x00000000bd400000, 0x00000000dd400000, 0x00000000f0000000)
  region size 1024K, 28 young (28672K), 28 survivors (28672K)
 compacting perm gen  total 131072K, used 36395K [0x00000000f0000000, 0x00000000f8000000, 0x0000000100000000)
   the space 131072K,  27% used [0x00000000f0000000, 0x00000000f238ad48, 0x00000000f238ae00, 0x00000000f8000000)
No shared spaces configured.
}
 [Times: user=0.07 sys=0.03, real=0.04 secs] 
{Heap before GC invocations=18 (full 0):
 garbage-first heap   total 524288K, used 441856K [0x00000000bd400000, 0x00000000dd400000, 0x00000000f0000000)
  region size 1024K, 219 young (224256K), 28 survivors (28672K)
 compacting perm gen  total 131072K, used 36956K [0x00000000f0000000, 0x00000000f8000000, 0x0000000100000000)
   the space 131072K,  28% used [0x00000000f0000000, 0x00000000f24173e8, 0x00000000f2417400, 0x00000000f8000000)
No shared spaces configured.
17.827: [GC pause (young), 0.0357350 secs]
   [Parallel Time: 23.1 ms, GC Workers: 4]
      [GC Worker Start (ms): Min: 17827.4, Avg: 17827.4, Max: 17827.4, Diff: 0.0]
      [Ext Root Scanning (ms): Min: 4.5, Avg: 4.8, Max: 5.7, Diff: 1.3, Sum: 19.4]
      [Update RS (ms): Min: 1.3, Avg: 2.4, Max: 2.9, Diff: 1.6, Sum: 9.5]
         [Processed Buffers: Min: 5, Avg: 8.8, Max: 12, Diff: 7, Sum: 35]
      [Scan RS (ms): Min: 1.4, Avg: 1.5, Max: 1.6, Diff: 0.2, Sum: 6.1]
      [Code Root Scanning (ms): Min: 0.0, Avg: 0.0, Max: 0.0, Diff: 0.0, Sum: 0.0]
      [Object Copy (ms): Min: 14.1, Avg: 14.2, Max: 14.5, Diff: 0.4, Sum: 57.0]
      [Termination (ms): Min: 0.0, Avg: 0.0, Max: 0.0, Diff: 0.0, Sum: 0.0]
      [GC Worker Other (ms): Min: 0.0, Avg: 0.0, Max: 0.0, Diff: 0.0, Sum: 0.1]
      [GC Worker Total (ms): Min: 23.0, Avg: 23.0, Max: 23.0, Diff: 0.1, Sum: 92.0]
      [GC Worker End (ms): Min: 17850.4, Avg: 17850.4, Max: 17850.4, Diff: 0.0]
   [Code Root Fixup: 0.0 ms]
   [Code Root Migration: 0.0 ms]
   [Clear CT: 0.2 ms]
   [Other: 12.4 ms]
      [Choose CSet: 0.0 ms]
      [Ref Proc: 11.4 ms]
      [Ref Enq: 0.7 ms]
      [Free CSet: 0.2 ms]
   [Eden: 191.0M(191.0M)->0.0B(190.0M) Survivors: 28.0M->20.0M Heap: 431.5M(512.0M)->250.0M(512.0M)]
Heap after GC invocations=19 (full 0):
 garbage-first heap   total 524288K, used 256000K [0x00000000bd400000, 0x00000000dd400000, 0x00000000f0000000)
  region size 1024K, 20 young (20480K), 20 survivors (20480K)
 compacting perm gen  total 131072K, used 36956K [0x00000000f0000000, 0x00000000f8000000, 0x0000000100000000)
   the space 131072K,  28% used [0x00000000f0000000, 0x00000000f24173e8, 0x00000000f2417400, 0x00000000f8000000)
No shared spaces configured.
}
 [Times: user=0.09 sys=0.00, real=0.04 secs] 
{Heap before GC invocations=19 (full 0):
 garbage-first heap   total 524288K, used 450560K [0x00000000bd400000, 0x00000000dd400000, 0x00000000f0000000)
  region size 1024K, 210 young (215040K), 20 survivors (20480K)
 compacting perm gen  total 131072K, used 40354K [0x00000000f0000000, 0x00000000f8000000, 0x0000000100000000)
   the space 131072K,  30% used [0x00000000f0000000, 0x00000000f27688e0, 0x00000000f2768a00, 0x00000000f8000000)
No shared spaces configured.
19.040: [GC pause (young), 0.0639680 secs]
   [Parallel Time: 50.3 ms, GC Workers: 4]
      [GC Worker Start (ms): Min: 19040.0, Avg: 19040.0, Max: 19040.0, Diff: 0.0]
      [Ext Root Scanning (ms): Min: 6.8, Avg: 7.8, Max: 8.9, Diff: 2.0, Sum: 31.3]
      [Update RS (ms): Min: 0.9, Avg: 2.3, Max: 4.2, Diff: 3.3, Sum: 9.3]
         [Processed Buffers: Min: 6, Avg: 10.0, Max: 12, Diff: 6, Sum: 40]
      [Scan RS (ms): Min: 1.3, Avg: 1.4, Max: 1.5, Diff: 0.2, Sum: 5.6]
      [Code Root Scanning (ms): Min: 0.0, Avg: 0.0, Max: 0.0, Diff: 0.0, Sum: 0.0]
      [Object Copy (ms): Min: 27.1, Avg: 30.7, Max: 39.3, Diff: 12.2, Sum: 123.0]
      [Termination (ms): Min: 0.0, Avg: 7.9, Max: 10.6, Diff: 10.6, Sum: 31.7]
      [GC Worker Other (ms): Min: 0.0, Avg: 0.0, Max: 0.0, Diff: 0.0, Sum: 0.1]
      [GC Worker Total (ms): Min: 50.2, Avg: 50.3, Max: 50.3, Diff: 0.0, Sum: 201.1]
      [GC Worker End (ms): Min: 19090.2, Avg: 19090.2, Max: 19090.3, Diff: 0.0]
   [Code Root Fixup: 0.0 ms]
   [Code Root Migration: 0.2 ms]
   [Clear CT: 0.9 ms]
   [Other: 12.5 ms]
      [Choose CSet: 0.0 ms]
      [Ref Proc: 11.3 ms]
      [Ref Enq: 0.5 ms]
      [Free CSet: 0.3 ms]
   [Eden: 190.0M(190.0M)->0.0B(180.0M) Survivors: 20.0M->14.0M Heap: 440.0M(512.0M)->260.5M(512.0M)]
Heap after GC invocations=20 (full 0):
 garbage-first heap   total 524288K, used 266752K [0x00000000bd400000, 0x00000000dd400000, 0x00000000f0000000)
  region size 1024K, 14 young (14336K), 14 survivors (14336K)
 compacting perm gen  total 131072K, used 40354K [0x00000000f0000000, 0x00000000f8000000, 0x0000000100000000)
   the space 131072K,  30% used [0x00000000f0000000, 0x00000000f27688e0, 0x00000000f2768a00, 0x00000000f8000000)
No shared spaces configured.
}
 [Times: user=0.17 sys=0.01, real=0.06 secs] 
{Heap before GC invocations=20 (full 0):
 garbage-first heap   total 524288K, used 451072K [0x00000000bd400000, 0x00000000dd400000, 0x00000000f0000000)
  region size 1024K, 194 young (198656K), 14 survivors (14336K)
 compacting perm gen  total 131072K, used 44529K [0x00000000f0000000, 0x00000000f8000000, 0x0000000100000000)
   the space 131072K,  33% used [0x00000000f0000000, 0x00000000f2b7c6a0, 0x00000000f2b7c800, 0x00000000f8000000)
No shared spaces configured.
20.480: [GC pause (young) (initial-mark), 0.0582120 secs]
   [Parallel Time: 54.0 ms, GC Workers: 4]
      [GC Worker Start (ms): Min: 20480.6, Avg: 20480.9, Max: 20481.7, Diff: 1.1]
      [Ext Root Scanning (ms): Min: 10.8, Avg: 12.3, Max: 13.9, Diff: 3.1, Sum: 49.1]
      [Code Root Marking (ms): Min: 0.5, Avg: 1.2, Max: 2.2, Diff: 1.8, Sum: 4.7]
      [Update RS (ms): Min: 3.6, Avg: 3.8, Max: 3.9, Diff: 0.3, Sum: 15.1]
         [Processed Buffers: Min: 11, Avg: 13.2, Max: 17, Diff: 6, Sum: 53]
      [Scan RS (ms): Min: 0.5, Avg: 0.5, Max: 0.6, Diff: 0.1, Sum: 2.1]
      [Code Root Scanning (ms): Min: 0.0, Avg: 0.0, Max: 0.1, Diff: 0.1, Sum: 0.1]
      [Object Copy (ms): Min: 33.3, Avg: 35.7, Max: 37.3, Diff: 4.0, Sum: 143.0]
      [Termination (ms): Min: 0.0, Avg: 0.0, Max: 0.0, Diff: 0.0, Sum: 0.0]
      [GC Worker Other (ms): Min: 0.0, Avg: 0.0, Max: 0.0, Diff: 0.0, Sum: 0.1]
      [GC Worker Total (ms): Min: 52.8, Avg: 53.5, Max: 53.9, Diff: 1.1, Sum: 214.2]
      [GC Worker End (ms): Min: 20534.4, Avg: 20534.4, Max: 20534.5, Diff: 0.0]
   [Code Root Fixup: 0.1 ms]
   [Code Root Migration: 0.1 ms]
   [Clear CT: 0.2 ms]
   [Other: 3.9 ms]
      [Choose CSet: 0.0 ms]
      [Ref Proc: 3.4 ms]
      [Ref Enq: 0.2 ms]
      [Free CSet: 0.2 ms]
   [Eden: 180.0M(180.0M)->0.0B(160.0M) Survivors: 14.0M->25.0M Heap: 440.5M(512.0M)->275.0M(512.0M)]
Heap after GC invocations=21 (full 0):
 garbage-first heap   total 524288K, used 281600K [0x00000000bd400000, 0x00000000dd400000, 0x00000000f0000000)
  region size 1024K, 25 young (25600K), 25 survivors (25600K)
 compacting perm gen  total 131072K, used 44529K [0x00000000f0000000, 0x00000000f8000000, 0x0000000100000000)
   the space 131072K,  33% used [0x00000000f0000000, 0x00000000f2b7c6a0, 0x00000000f2b7c800, 0x00000000f8000000)
No shared spaces configured.
}
 [Times: user=0.20 sys=0.01, real=0.06 secs] 
20.539: [GC concurrent-root-region-scan-start]
20.591: [GC concurrent-root-region-scan-end, 0.0520520 secs]
20.591: [GC concurrent-mark-start]
21.141: [GC concurrent-mark-end, 0.5505720 secs]
21.142: [GC remark 21.143: [GC ref-proc, 0.0047540 secs], 0.0126320 secs]
 [Times: user=0.02 sys=0.00, real=0.01 secs] 
21.161: [GC cleanup 305M->251M(512M), 0.0013970 secs]
 [Times: user=0.00 sys=0.00, real=0.00 secs] 
21.163: [GC concurrent-cleanup-start]
21.164: [GC concurrent-cleanup-end, 0.0001310 secs]
{Heap before GC invocations=22 (full 0):
 garbage-first heap   total 524288K, used 390143K [0x00000000bd400000, 0x00000000dd400000, 0x00000000f0000000)
  region size 1024K, 185 young (189440K), 25 survivors (25600K)
 compacting perm gen  total 131072K, used 49858K [0x00000000f0000000, 0x00000000f8000000, 0x0000000100000000)
   the space 131072K,  38% used [0x00000000f0000000, 0x00000000f30b0830, 0x00000000f30b0a00, 0x00000000f8000000)
No shared spaces configured.
24.915: [GC pause (young), 0.0994870 secs]
   [Parallel Time: 92.5 ms, GC Workers: 4]
      [GC Worker Start (ms): Min: 24915.0, Avg: 24915.1, Max: 24915.2, Diff: 0.1]
      [Ext Root Scanning (ms): Min: 8.2, Avg: 13.6, Max: 16.8, Diff: 8.6, Sum: 54.5]
      [Update RS (ms): Min: 1.9, Avg: 3.3, Max: 5.4, Diff: 3.5, Sum: 13.2]
         [Processed Buffers: Min: 12, Avg: 14.0, Max: 18, Diff: 6, Sum: 56]
      [Scan RS (ms): Min: 1.4, Avg: 1.5, Max: 1.6, Diff: 0.2, Sum: 5.8]
      [Code Root Scanning (ms): Min: 0.0, Avg: 0.0, Max: 0.1, Diff: 0.1, Sum: 0.1]
      [Object Copy (ms): Min: 68.2, Avg: 71.5, Max: 78.2, Diff: 10.0, Sum: 285.9]
      [Termination (ms): Min: 0.0, Avg: 0.0, Max: 0.0, Diff: 0.0, Sum: 0.0]
      [GC Worker Other (ms): Min: 0.0, Avg: 1.3, Max: 2.5, Diff: 2.5, Sum: 5.0]
      [GC Worker Total (ms): Min: 89.9, Avg: 91.2, Max: 92.4, Diff: 2.5, Sum: 364.6]
      [GC Worker End (ms): Min: 25005.0, Avg: 25006.2, Max: 25007.5, Diff: 2.5]
   [Code Root Fixup: 0.1 ms]
   [Code Root Migration: 0.3 ms]
   [Clear CT: 0.2 ms]
   [Other: 6.4 ms]
      [Choose CSet: 0.0 ms]
      [Ref Proc: 5.5 ms]
      [Ref Enq: 0.2 ms]
      [Free CSet: 0.3 ms]
   [Eden: 160.0M(160.0M)->0.0B(201.0M) Survivors: 25.0M->17.0M Heap: 381.0M(512.0M)->237.5M(512.0M)]
Heap after GC invocations=23 (full 0):
 garbage-first heap   total 524288K, used 243200K [0x00000000bd400000, 0x00000000dd400000, 0x00000000f0000000)
  region size 1024K, 17 young (17408K), 17 survivors (17408K)
 compacting perm gen  total 131072K, used 49858K [0x00000000f0000000, 0x00000000f8000000, 0x0000000100000000)
   the space 131072K,  38% used [0x00000000f0000000, 0x00000000f30b0830, 0x00000000f30b0a00, 0x00000000f8000000)
No shared spaces configured.
}
 [Times: user=0.30 sys=0.01, real=0.10 secs] 
{Heap before GC invocations=23 (full 0):
 garbage-first heap   total 524288K, used 449536K [0x00000000bd400000, 0x00000000dd400000, 0x00000000f0000000)
  region size 1024K, 218 young (223232K), 17 survivors (17408K)
 compacting perm gen  total 131072K, used 61173K [0x00000000f0000000, 0x00000000f8000000, 0x0000000100000000)
   the space 131072K,  46% used [0x00000000f0000000, 0x00000000f3bbd538, 0x00000000f3bbd600, 0x00000000f8000000)
No shared spaces configured.
32.865: [GC pause (young), 0.1948960 secs]
   [Parallel Time: 87.6 ms, GC Workers: 4]
      [GC Worker Start (ms): Min: 32864.6, Avg: 32864.7, Max: 32864.9, Diff: 0.3]
      [Ext Root Scanning (ms): Min: 9.6, Avg: 11.4, Max: 13.7, Diff: 4.1, Sum: 45.5]
      [Update RS (ms): Min: 1.9, Avg: 3.8, Max: 5.8, Diff: 3.9, Sum: 15.1]
         [Processed Buffers: Min: 8, Avg: 17.5, Max: 30, Diff: 22, Sum: 70]
      [Scan RS (ms): Min: 5.1, Avg: 7.1, Max: 11.6, Diff: 6.4, Sum: 28.5]
      [Code Root Scanning (ms): Min: 0.0, Avg: 0.0, Max: 0.1, Diff: 0.1, Sum: 0.2]
      [Object Copy (ms): Min: 51.8, Avg: 57.8, Max: 65.6, Diff: 13.8, Sum: 231.4]
      [Termination (ms): Min: 0.0, Avg: 7.0, Max: 14.3, Diff: 14.3, Sum: 28.2]
      [GC Worker Other (ms): Min: 0.0, Avg: 0.0, Max: 0.0, Diff: 0.0, Sum: 0.1]
      [GC Worker Total (ms): Min: 86.9, Avg: 87.2, Max: 87.5, Diff: 0.6, Sum: 348.9]
      [GC Worker End (ms): Min: 32951.9, Avg: 32951.9, Max: 32952.1, Diff: 0.3]
   [Code Root Fixup: 0.1 ms]
   [Code Root Migration: 0.2 ms]
   [Clear CT: 0.3 ms]
   [Other: 106.7 ms]
      [Choose CSet: 0.0 ms]
      [Ref Proc: 105.6 ms]
      [Ref Enq: 0.4 ms]
      [Free CSet: 0.3 ms]
   [Eden: 201.0M(201.0M)->0.0B(1024.0K) Survivors: 17.0M->28.0M Heap: 439.0M(512.0M)->267.5M(512.0M)]
Heap after GC invocations=24 (full 0):
 garbage-first heap   total 524288K, used 273920K [0x00000000bd400000, 0x00000000dd400000, 0x00000000f0000000)
  region size 1024K, 28 young (28672K), 28 survivors (28672K)
 compacting perm gen  total 131072K, used 61173K [0x00000000f0000000, 0x00000000f8000000, 0x0000000100000000)
   the space 131072K,  46% used [0x00000000f0000000, 0x00000000f3bbd538, 0x00000000f3bbd600, 0x00000000f8000000)
No shared spaces configured.
}
 [Times: user=0.24 sys=0.13, real=0.20 secs] 
{Heap before GC invocations=24 (full 0):
 garbage-first heap   total 524288K, used 274944K [0x00000000bd400000, 0x00000000dd400000, 0x00000000f0000000)
  region size 1024K, 29 young (29696K), 28 survivors (28672K)
 compacting perm gen  total 131072K, used 61212K [0x00000000f0000000, 0x00000000f8000000, 0x0000000100000000)
   the space 131072K,  46% used [0x00000000f0000000, 0x00000000f3bc7078, 0x00000000f3bc7200, 0x00000000f8000000)
No shared spaces configured.
33.076: [GC pause (young) (initial-mark), 0.1075030 secs]
   [Parallel Time: 106.2 ms, GC Workers: 4]
      [GC Worker Start (ms): Min: 33076.3, Avg: 33077.1, Max: 33079.5, Diff: 3.2]
      [Ext Root Scanning (ms): Min: 21.1, Avg: 33.2, Max: 45.9, Diff: 24.9, Sum: 132.8]
      [Code Root Marking (ms): Min: 0.0, Avg: 2.0, Max: 4.1, Diff: 4.1, Sum: 8.0]
      [Update RS (ms): Min: 9.0, Avg: 13.0, Max: 15.9, Diff: 6.9, Sum: 51.8]
         [Processed Buffers: Min: 13, Avg: 17.8, Max: 25, Diff: 12, Sum: 71]
      [Scan RS (ms): Min: 2.9, Avg: 3.0, Max: 3.1, Diff: 0.2, Sum: 11.8]
      [Code Root Scanning (ms): Min: 0.0, Avg: 0.0, Max: 0.1, Diff: 0.1, Sum: 0.2]
      [Object Copy (ms): Min: 44.6, Avg: 53.9, Max: 62.2, Diff: 17.7, Sum: 215.6]
      [Termination (ms): Min: 0.0, Avg: 0.3, Max: 0.4, Diff: 0.4, Sum: 1.2]
      [GC Worker Other (ms): Min: 0.0, Avg: 0.0, Max: 0.0, Diff: 0.0, Sum: 0.1]
      [GC Worker Total (ms): Min: 103.0, Avg: 105.4, Max: 106.2, Diff: 3.2, Sum: 421.5]
      [GC Worker End (ms): Min: 33182.5, Avg: 33182.5, Max: 33182.5, Diff: 0.0]
   [Code Root Fixup: 0.1 ms]
   [Code Root Migration: 0.2 ms]
   [Clear CT: 0.1 ms]
   [Other: 0.9 ms]
      [Choose CSet: 0.0 ms]
      [Ref Proc: 0.3 ms]
      [Ref Enq: 0.0 ms]
      [Free CSet: 0.1 ms]
   [Eden: 1024.0K(1024.0K)->0.0B(123.0M) Survivors: 28.0M->2048.0K Heap: 268.5M(512.0M)->270.0M(512.0M)]
Heap after GC invocations=25 (full 0):
 garbage-first heap   total 524288K, used 276480K [0x00000000bd400000, 0x00000000dd400000, 0x00000000f0000000)
  region size 1024K, 2 young (2048K), 2 survivors (2048K)
 compacting perm gen  total 131072K, used 61212K [0x00000000f0000000, 0x00000000f8000000, 0x0000000100000000)
   the space 131072K,  46% used [0x00000000f0000000, 0x00000000f3bc7078, 0x00000000f3bc7200, 0x00000000f8000000)
No shared spaces configured.
}
 [Times: user=0.30 sys=0.00, real=0.10 secs] 
33.184: [GC concurrent-root-region-scan-start]
33.184: [GC concurrent-root-region-scan-end, 0.0002370 secs]
33.184: [GC concurrent-mark-start]
33.944: [GC concurrent-mark-end, 0.7603840 secs]
33.945: [GC remark 33.945: [GC ref-proc, 0.0049950 secs], 0.0107010 secs]
 [Times: user=0.03 sys=0.00, real=0.02 secs] 
33.965: [GC cleanup 329M->321M(512M), 0.0022110 secs]
 [Times: user=0.01 sys=0.00, real=0.00 secs] 
33.967: [GC concurrent-cleanup-start]
33.967: [GC concurrent-cleanup-end, 0.0000330 secs]
{Heap before GC invocations=26 (full 0):
 garbage-first heap   total 524288K, used 395264K [0x00000000bd400000, 0x00000000dd400000, 0x00000000f0000000)
  region size 1024K, 125 young (128000K), 2 survivors (2048K)
 compacting perm gen  total 131072K, used 63300K [0x00000000f0000000, 0x00000000f8000000, 0x0000000100000000)
   the space 131072K,  48% used [0x00000000f0000000, 0x00000000f3dd13e0, 0x00000000f3dd1400, 0x00000000f8000000)
No shared spaces configured.
34.544: [GC pause (young), 0.0695220 secs]
   [Parallel Time: 61.4 ms, GC Workers: 4]
      [GC Worker Start (ms): Min: 34543.9, Avg: 34547.0, Max: 34548.0, Diff: 4.2]
      [Ext Root Scanning (ms): Min: 8.4, Avg: 12.1, Max: 16.1, Diff: 7.8, Sum: 48.2]
      [Update RS (ms): Min: 4.9, Avg: 10.1, Max: 16.4, Diff: 11.4, Sum: 40.4]
         [Processed Buffers: Min: 3, Avg: 12.2, Max: 22, Diff: 19, Sum: 49]
      [Scan RS (ms): Min: 0.0, Avg: 0.2, Max: 0.6, Diff: 0.6, Sum: 0.7]
      [Code Root Scanning (ms): Min: 0.0, Avg: 0.0, Max: 0.0, Diff: 0.0, Sum: 0.0]
      [Object Copy (ms): Min: 18.8, Avg: 26.2, Max: 36.5, Diff: 17.6, Sum: 104.8]
      [Termination (ms): Min: 0.0, Avg: 9.2, Max: 14.3, Diff: 14.3, Sum: 36.8]
      [GC Worker Other (ms): Min: 0.0, Avg: 0.0, Max: 0.0, Diff: 0.0, Sum: 0.1]
      [GC Worker Total (ms): Min: 56.5, Avg: 57.8, Max: 61.2, Diff: 4.7, Sum: 231.1]
      [GC Worker End (ms): Min: 34604.5, Avg: 34604.8, Max: 34605.1, Diff: 0.5]
   [Code Root Fixup: 0.3 ms]
   [Code Root Migration: 0.0 ms]
   [Clear CT: 0.1 ms]
   [Other: 7.6 ms]
      [Choose CSet: 0.0 ms]
      [Ref Proc: 7.1 ms]
      [Ref Enq: 0.1 ms]
      [Free CSet: 0.2 ms]
   [Eden: 123.0M(123.0M)->0.0B(63.0M) Survivors: 2048.0K->16.0M Heap: 386.0M(512.0M)->277.5M(512.0M)]
Heap after GC invocations=27 (full 0):
 garbage-first heap   total 524288K, used 284160K [0x00000000bd400000, 0x00000000dd400000, 0x00000000f0000000)
  region size 1024K, 16 young (16384K), 16 survivors (16384K)
 compacting perm gen  total 131072K, used 63300K [0x00000000f0000000, 0x00000000f8000000, 0x0000000100000000)
   the space 131072K,  48% used [0x00000000f0000000, 0x00000000f3dd13e0, 0x00000000f3dd1400, 0x00000000f8000000)
No shared spaces configured.
}
 [Times: user=0.16 sys=0.00, real=0.07 secs] 
{Heap before GC invocations=27 (full 0):
 garbage-first heap   total 524288K, used 348672K [0x00000000bd400000, 0x00000000dd400000, 0x00000000f0000000)
  region size 1024K, 79 young (80896K), 16 survivors (16384K)
 compacting perm gen  total 131072K, used 67021K [0x00000000f0000000, 0x00000000f8000000, 0x0000000100000000)
   the space 131072K,  51% used [0x00000000f0000000, 0x00000000f41735b8, 0x00000000f4173600, 0x00000000f8000000)
No shared spaces configured.
35.494: [GC pause (young), 0.0466390 secs]
   [Parallel Time: 42.7 ms, GC Workers: 4]
      [GC Worker Start (ms): Min: 35493.8, Avg: 35494.2, Max: 35495.5, Diff: 1.7]
      [Ext Root Scanning (ms): Min: 9.0, Avg: 10.9, Max: 14.3, Diff: 5.2, Sum: 43.8]
      [Update RS (ms): Min: 0.0, Avg: 2.9, Max: 4.3, Diff: 4.3, Sum: 11.6]
         [Processed Buffers: Min: 0, Avg: 9.8, Max: 17, Diff: 17, Sum: 39]
      [Scan RS (ms): Min: 0.0, Avg: 0.0, Max: 0.0, Diff: 0.0, Sum: 0.1]
      [Code Root Scanning (ms): Min: 0.0, Avg: 0.0, Max: 0.0, Diff: 0.0, Sum: 0.0]
      [Object Copy (ms): Min: 27.8, Avg: 28.2, Max: 29.0, Diff: 1.2, Sum: 113.0]
      [Termination (ms): Min: 0.0, Avg: 0.0, Max: 0.0, Diff: 0.0, Sum: 0.0]
      [GC Worker Other (ms): Min: 0.0, Avg: 0.0, Max: 0.0, Diff: 0.0, Sum: 0.1]
      [GC Worker Total (ms): Min: 40.9, Avg: 42.1, Max: 42.6, Diff: 1.7, Sum: 168.6]
      [GC Worker End (ms): Min: 35536.4, Avg: 35536.4, Max: 35536.4, Diff: 0.0]
   [Code Root Fixup: 0.1 ms]
   [Code Root Migration: 0.1 ms]
   [Clear CT: 0.1 ms]
   [Other: 3.7 ms]
      [Choose CSet: 0.0 ms]
      [Ref Proc: 3.1 ms]
      [Ref Enq: 0.2 ms]
      [Free CSet: 0.1 ms]
   [Eden: 63.0M(63.0M)->0.0B(117.0M) Survivors: 16.0M->10.0M Heap: 340.5M(512.0M)->289.0M(512.0M)]
Heap after GC invocations=28 (full 0):
 garbage-first heap   total 524288K, used 295936K [0x00000000bd400000, 0x00000000dd400000, 0x00000000f0000000)
  region size 1024K, 10 young (10240K), 10 survivors (10240K)
 compacting perm gen  total 131072K, used 67021K [0x00000000f0000000, 0x00000000f8000000, 0x0000000100000000)
   the space 131072K,  51% used [0x00000000f0000000, 0x00000000f41735b8, 0x00000000f4173600, 0x00000000f8000000)
No shared spaces configured.
}
 [Times: user=0.15 sys=0.00, real=0.05 secs] 
{Heap before GC invocations=28 (full 0):
 garbage-first heap   total 524288K, used 415744K [0x00000000bd400000, 0x00000000dd400000, 0x00000000f0000000)
  region size 1024K, 127 young (130048K), 10 survivors (10240K)
 compacting perm gen  total 131072K, used 73217K [0x00000000f0000000, 0x00000000f8000000, 0x0000000100000000)
   the space 131072K,  55% used [0x00000000f0000000, 0x00000000f4780708, 0x00000000f4780800, 0x00000000f8000000)
No shared spaces configured.
39.038: [GC pause (young) (initial-mark), 0.0895240 secs]
   [Parallel Time: 85.5 ms, GC Workers: 4]
      [GC Worker Start (ms): Min: 39038.1, Avg: 39042.8, Max: 39047.5, Diff: 9.4]
      [Ext Root Scanning (ms): Min: 8.4, Avg: 12.9, Max: 17.4, Diff: 9.0, Sum: 51.6]
      [Code Root Marking (ms): Min: 0.0, Avg: 1.7, Max: 4.9, Diff: 4.9, Sum: 6.7]
      [Update RS (ms): Min: 0.3, Avg: 10.5, Max: 18.6, Diff: 18.3, Sum: 42.0]
         [Processed Buffers: Min: 5, Avg: 16.0, Max: 41, Diff: 36, Sum: 64]
      [Scan RS (ms): Min: 0.0, Avg: 1.1, Max: 1.6, Diff: 1.6, Sum: 4.5]
      [Code Root Scanning (ms): Min: 0.0, Avg: 0.0, Max: 0.0, Diff: 0.0, Sum: 0.0]
      [Object Copy (ms): Min: 42.2, Avg: 52.2, Max: 64.4, Diff: 22.2, Sum: 208.8]
      [Termination (ms): Min: 0.0, Avg: 2.3, Max: 3.1, Diff: 3.1, Sum: 9.2]
      [GC Worker Other (ms): Min: 0.0, Avg: 0.0, Max: 0.0, Diff: 0.0, Sum: 0.1]
      [GC Worker Total (ms): Min: 76.0, Avg: 80.7, Max: 85.4, Diff: 9.4, Sum: 322.8]
      [GC Worker End (ms): Min: 39123.5, Avg: 39123.5, Max: 39123.5, Diff: 0.0]
   [Code Root Fixup: 0.1 ms]
   [Code Root Migration: 0.0 ms]
   [Clear CT: 0.7 ms]
   [Other: 3.3 ms]
      [Choose CSet: 0.0 ms]
      [Ref Proc: 2.6 ms]
      [Ref Enq: 0.3 ms]
      [Free CSet: 0.1 ms]
   [Eden: 117.0M(117.0M)->0.0B(90.0M) Survivors: 10.0M->16.0M Heap: 406.0M(512.0M)->305.5M(512.0M)]
Heap after GC invocations=29 (full 0):
 garbage-first heap   total 524288K, used 312832K [0x00000000bd400000, 0x00000000dd400000, 0x00000000f0000000)
  region size 1024K, 16 young (16384K), 16 survivors (16384K)
 compacting perm gen  total 131072K, used 73217K [0x00000000f0000000, 0x00000000f8000000, 0x0000000100000000)
   the space 131072K,  55% used [0x00000000f0000000, 0x00000000f4780708, 0x00000000f4780800, 0x00000000f8000000)
No shared spaces configured.
}
 [Times: user=0.24 sys=0.00, real=0.09 secs] 
39.128: [GC concurrent-root-region-scan-start]
39.154: [GC concurrent-root-region-scan-end, 0.0261790 secs]
39.154: [GC concurrent-mark-start]
39.995: [GC concurrent-mark-end, 0.8413720 secs]
39.995: [GC remark 39.996: [GC ref-proc, 0.0024160 secs], 0.0103910 secs]
 [Times: user=0.04 sys=0.00, real=0.01 secs] 
40.010: [GC cleanup 352M->339M(512M), 0.0062340 secs]
 [Times: user=0.01 sys=0.00, real=0.01 secs] 
40.016: [GC concurrent-cleanup-start]
40.016: [GC concurrent-cleanup-end, 0.0000330 secs]
{Heap before GC invocations=30 (full 0):
 garbage-first heap   total 524288K, used 391168K [0x00000000bd400000, 0x00000000dd400000, 0x00000000f0000000)
  region size 1024K, 106 young (108544K), 16 survivors (16384K)
 compacting perm gen  total 131072K, used 76534K [0x00000000f0000000, 0x00000000f8000000, 0x0000000100000000)
   the space 131072K,  58% used [0x00000000f0000000, 0x00000000f4abdba8, 0x00000000f4abdc00, 0x00000000f8000000)
No shared spaces configured.
40.783: [GC pause (young), 0.0721000 secs]
   [Parallel Time: 64.5 ms, GC Workers: 4]
      [GC Worker Start (ms): Min: 40782.8, Avg: 40787.2, Max: 40795.0, Diff: 12.2]
      [Ext Root Scanning (ms): Min: 8.6, Avg: 15.3, Max: 22.1, Diff: 13.5, Sum: 61.3]
      [Update RS (ms): Min: 0.7, Avg: 8.1, Max: 16.6, Diff: 15.9, Sum: 32.4]
         [Processed Buffers: Min: 6, Avg: 9.5, Max: 15, Diff: 9, Sum: 38]
      [Scan RS (ms): Min: 0.0, Avg: 0.3, Max: 0.8, Diff: 0.8, Sum: 1.4]
      [Code Root Scanning (ms): Min: 0.0, Avg: 0.0, Max: 0.1, Diff: 0.1, Sum: 0.1]
      [Object Copy (ms): Min: 24.7, Avg: 36.0, Max: 54.1, Diff: 29.4, Sum: 144.1]
      [Termination (ms): Min: 0.0, Avg: 0.1, Max: 0.2, Diff: 0.2, Sum: 0.4]
      [GC Worker Other (ms): Min: 0.0, Avg: 0.0, Max: 0.0, Diff: 0.0, Sum: 0.1]
      [GC Worker Total (ms): Min: 52.2, Avg: 59.9, Max: 64.4, Diff: 12.3, Sum: 239.8]
      [GC Worker End (ms): Min: 40847.2, Avg: 40847.2, Max: 40847.2, Diff: 0.0]
   [Code Root Fixup: 0.1 ms]
   [Code Root Migration: 0.2 ms]
   [Clear CT: 0.1 ms]
   [Other: 7.2 ms]
      [Choose CSet: 0.0 ms]
      [Ref Proc: 6.6 ms]
      [Ref Enq: 0.3 ms]
      [Free CSet: 0.1 ms]
   [Eden: 90.0M(90.0M)->0.0B(11.0M) Survivors: 16.0M->14.0M Heap: 382.0M(512.0M)->304.5M(512.0M)]
Heap after GC invocations=31 (full 0):
 garbage-first heap   total 524288K, used 311808K [0x00000000bd400000, 0x00000000dd400000, 0x00000000f0000000)
  region size 1024K, 14 young (14336K), 14 survivors (14336K)
 compacting perm gen  total 131072K, used 76534K [0x00000000f0000000, 0x00000000f8000000, 0x0000000100000000)
   the space 131072K,  58% used [0x00000000f0000000, 0x00000000f4abdba8, 0x00000000f4abdc00, 0x00000000f8000000)
No shared spaces configured.
}
 [Times: user=0.25 sys=0.00, real=0.07 secs] 
{Heap before GC invocations=31 (full 0):
 garbage-first heap   total 524288K, used 323072K [0x00000000bd400000, 0x00000000dd400000, 0x00000000f0000000)
  region size 1024K, 25 young (25600K), 14 survivors (14336K)
 compacting perm gen  total 131072K, used 76666K [0x00000000f0000000, 0x00000000f8000000, 0x0000000100000000)
   the space 131072K,  58% used [0x00000000f0000000, 0x00000000f4adea70, 0x00000000f4adec00, 0x00000000f8000000)
No shared spaces configured.
51.155: [GC pause (mixed), 0.0367670 secs]
   [Parallel Time: 35.1 ms, GC Workers: 4]
      [GC Worker Start (ms): Min: 51155.6, Avg: 51155.7, Max: 51155.8, Diff: 0.2]
      [Ext Root Scanning (ms): Min: 14.3, Avg: 17.4, Max: 21.5, Diff: 7.3, Sum: 69.6]
      [Update RS (ms): Min: 0.0, Avg: 2.9, Max: 4.7, Diff: 4.7, Sum: 11.7]
         [Processed Buffers: Min: 0, Avg: 13.2, Max: 33, Diff: 33, Sum: 53]
      [Scan RS (ms): Min: 0.0, Avg: 0.4, Max: 0.6, Diff: 0.6, Sum: 1.6]
      [Code Root Scanning (ms): Min: 0.0, Avg: 0.0, Max: 0.0, Diff: 0.0, Sum: 0.0]
      [Object Copy (ms): Min: 13.0, Avg: 13.6, Max: 14.7, Diff: 1.7, Sum: 54.3]
      [Termination (ms): Min: 0.0, Avg: 0.5, Max: 0.7, Diff: 0.7, Sum: 2.0]
      [GC Worker Other (ms): Min: 0.1, Avg: 0.1, Max: 0.1, Diff: 0.0, Sum: 0.4]
      [GC Worker Total (ms): Min: 34.8, Avg: 34.9, Max: 35.0, Diff: 0.2, Sum: 139.6]
      [GC Worker End (ms): Min: 51190.6, Avg: 51190.6, Max: 51190.6, Diff: 0.0]
   [Code Root Fixup: 0.1 ms]
   [Code Root Migration: 0.0 ms]
   [Clear CT: 0.1 ms]
   [Other: 1.5 ms]
      [Choose CSet: 0.0 ms]
      [Ref Proc: 1.1 ms]
      [Ref Enq: 0.0 ms]
      [Free CSet: 0.1 ms]
   [Eden: 11.0M(11.0M)->0.0B(130.0M) Survivors: 14.0M->4096.0K Heap: 315.5M(512.0M)->306.0M(512.0M)]
Heap after GC invocations=32 (full 0):
 garbage-first heap   total 524288K, used 313344K [0x00000000bd400000, 0x00000000dd400000, 0x00000000f0000000)
  region size 1024K, 4 young (4096K), 4 survivors (4096K)
 compacting perm gen  total 131072K, used 76666K [0x00000000f0000000, 0x00000000f8000000, 0x0000000100000000)
   the space 131072K,  58% used [0x00000000f0000000, 0x00000000f4adea70, 0x00000000f4adec00, 0x00000000f8000000)
No shared spaces configured.
}
 [Times: user=0.10 sys=0.00, real=0.04 secs] 
{Heap before GC invocations=32 (full 0):
 garbage-first heap   total 524288K, used 337920K [0x00000000bd400000, 0x00000000dd400000, 0x00000000f0000000)
  region size 1024K, 29 young (29696K), 4 survivors (4096K)
 compacting perm gen  total 131072K, used 77353K [0x00000000f0000000, 0x00000000f8000000, 0x0000000100000000)
   the space 131072K,  59% used [0x00000000f0000000, 0x00000000f4b8a680, 0x00000000f4b8a800, 0x00000000f8000000)
No shared spaces configured.
51.526: [GC pause (young) (initial-mark), 0.0609690 secs]
   [Parallel Time: 56.8 ms, GC Workers: 4]
      [GC Worker Start (ms): Min: 51526.8, Avg: 51528.0, Max: 51531.8, Diff: 5.1]
      [Ext Root Scanning (ms): Min: 16.7, Avg: 19.0, Max: 20.7, Diff: 4.0, Sum: 75.9]
      [Code Root Marking (ms): Min: 0.0, Avg: 1.4, Max: 2.3, Diff: 2.3, Sum: 5.5]
      [Update RS (ms): Min: 0.0, Avg: 4.6, Max: 6.4, Diff: 6.4, Sum: 18.6]
         [Processed Buffers: Min: 0, Avg: 10.0, Max: 14, Diff: 14, Sum: 40]
      [Scan RS (ms): Min: 0.0, Avg: 0.0, Max: 0.1, Diff: 0.1, Sum: 0.1]
      [Code Root Scanning (ms): Min: 0.0, Avg: 0.0, Max: 0.0, Diff: 0.0, Sum: 0.0]
      [Object Copy (ms): Min: 13.9, Avg: 21.1, Max: 29.1, Diff: 15.2, Sum: 84.2]
      [Termination (ms): Min: 0.0, Avg: 5.9, Max: 8.2, Diff: 8.2, Sum: 23.5]
      [GC Worker Other (ms): Min: 0.0, Avg: 0.0, Max: 0.0, Diff: 0.0, Sum: 0.1]
      [GC Worker Total (ms): Min: 47.2, Avg: 52.0, Max: 56.7, Diff: 9.5, Sum: 207.8]
      [GC Worker End (ms): Min: 51578.8, Avg: 51580.0, Max: 51583.5, Diff: 4.7]
   [Code Root Fixup: 0.0 ms]
   [Code Root Migration: 0.0 ms]
   [Clear CT: 0.2 ms]
   [Other: 3.9 ms]
      [Choose CSet: 0.0 ms]
      [Ref Proc: 2.5 ms]
      [Ref Enq: 0.1 ms]
      [Free CSet: 0.3 ms]
   [Eden: 25.0M(130.0M)->0.0B(128.0M) Survivors: 4096.0K->8192.0K Heap: 330.9M(512.0M)->310.5M(512.0M)]
Heap after GC invocations=33 (full 0):
 garbage-first heap   total 524288K, used 317952K [0x00000000bd400000, 0x00000000dd400000, 0x00000000f0000000)
  region size 1024K, 8 young (8192K), 8 survivors (8192K)
 compacting perm gen  total 131072K, used 77353K [0x00000000f0000000, 0x00000000f8000000, 0x0000000100000000)
   the space 131072K,  59% used [0x00000000f0000000, 0x00000000f4b8a680, 0x00000000f4b8a800, 0x00000000f8000000)
No shared spaces configured.
}
 [Times: user=0.15 sys=0.00, real=0.07 secs] 
51.588: [GC concurrent-root-region-scan-start]
51.596: [GC concurrent-root-region-scan-end, 0.0076250 secs]
51.596: [GC concurrent-mark-start]
{Heap before GC invocations=33 (full 0):
 garbage-first heap   total 524288K, used 431840K [0x00000000bd400000, 0x00000000dd400000, 0x00000000f0000000)
  region size 1024K, 108 young (110592K), 8 survivors (8192K)
 compacting perm gen  total 131072K, used 77353K [0x00000000f0000000, 0x00000000f8000000, 0x0000000100000000)
   the space 131072K,  59% used [0x00000000f0000000, 0x00000000f4b8a680, 0x00000000f4b8a800, 0x00000000f8000000)
No shared spaces configured.
52.424: [Full GC 422M->217M(512M), 1.0135750 secs]
   [Eden: 100.0M(128.0M)->0.0B(172.0M) Survivors: 8192.0K->0.0B Heap: 422.0M(512.0M)->217.5M(512.0M)], [Perm: 77353K->77353K(131072K)]
Heap after GC invocations=34 (full 1):
 garbage-first heap   total 524288K, used 222672K [0x00000000bd400000, 0x00000000dd400000, 0x00000000f0000000)
  region size 1024K, 0 young (0K), 0 survivors (0K)
 compacting perm gen  total 131072K, used 77353K [0x00000000f0000000, 0x00000000f8000000, 0x0000000100000000)
   the space 131072K,  59% used [0x00000000f0000000, 0x00000000f4b8a680, 0x00000000f4b8a800, 0x00000000f8000000)
No shared spaces configured.
}
 [Times: user=1.32 sys=0.01, real=1.02 secs] 
53.438: [GC concurrent-mark-abort]
{Heap before GC invocations=34 (full 1):
 garbage-first heap   total 524288K, used 285616K [0x00000000bd400000, 0x00000000dd400000, 0x00000000f0000000)
  region size 1024K, 57 young (58368K), 0 survivors (0K)
 compacting perm gen  total 131072K, used 77421K [0x00000000f0000000, 0x00000000f8000000, 0x0000000100000000)
   the space 131072K,  59% used [0x00000000f0000000, 0x00000000f4b9b468, 0x00000000f4b9b600, 0x00000000f8000000)
No shared spaces configured.
58.372: [GC pause (young) (initial-mark), 0.0682840 secs]
   [Parallel Time: 67.1 ms, GC Workers: 4]
      [GC Worker Start (ms): Min: 58372.6, Avg: 58373.8, Max: 58375.6, Diff: 3.0]
      [Ext Root Scanning (ms): Min: 23.6, Avg: 36.2, Max: 55.2, Diff: 31.6, Sum: 144.9]
      [Code Root Marking (ms): Min: 0.0, Avg: 2.3, Max: 8.5, Diff: 8.5, Sum: 9.2]
      [Update RS (ms): Min: 0.0, Avg: 2.2, Max: 3.7, Diff: 3.7, Sum: 8.7]
         [Processed Buffers: Min: 0, Avg: 13.5, Max: 35, Diff: 35, Sum: 54]
      [Scan RS (ms): Min: 0.0, Avg: 0.0, Max: 0.1, Diff: 0.1, Sum: 0.1]
      [Code Root Scanning (ms): Min: 0.0, Avg: 0.0, Max: 0.0, Diff: 0.0, Sum: 0.0]
      [Object Copy (ms): Min: 7.0, Avg: 19.2, Max: 27.4, Diff: 20.5, Sum: 76.9]
      [Termination (ms): Min: 0.0, Avg: 1.2, Max: 1.7, Diff: 1.7, Sum: 4.8]
      [GC Worker Other (ms): Min: 0.0, Avg: 0.0, Max: 0.0, Diff: 0.0, Sum: 0.1]
      [GC Worker Total (ms): Min: 59.5, Avg: 61.2, Max: 62.2, Diff: 2.7, Sum: 244.7]
      [GC Worker End (ms): Min: 58434.8, Avg: 58434.9, Max: 58435.1, Diff: 0.3]
   [Code Root Fixup: 0.1 ms]
   [Code Root Migration: 0.0 ms]
   [Clear CT: 0.1 ms]
   [Other: 1.0 ms]
      [Choose CSet: 0.0 ms]
      [Ref Proc: 0.7 ms]
      [Ref Enq: 0.0 ms]
      [Free CSet: 0.1 ms]
   [Eden: 57.0M(172.0M)->0.0B(105.0M) Survivors: 0.0B->14.0M Heap: 279.8M(512.0M)->236.4M(512.0M)]
Heap after GC invocations=35 (full 1):
 garbage-first heap   total 524288K, used 242096K [0x00000000bd400000, 0x00000000dd400000, 0x00000000f0000000)
  region size 1024K, 14 young (14336K), 14 survivors (14336K)
 compacting perm gen  total 131072K, used 77421K [0x00000000f0000000, 0x00000000f8000000, 0x0000000100000000)
   the space 131072K,  59% used [0x00000000f0000000, 0x00000000f4b9b468, 0x00000000f4b9b600, 0x00000000f8000000)
No shared spaces configured.
}
 [Times: user=0.14 sys=0.00, real=0.07 secs] 
58.441: [GC concurrent-root-region-scan-start]
58.460: [GC concurrent-root-region-scan-end, 0.0193130 secs]
58.460: [GC concurrent-mark-start]
{Heap before GC invocations=35 (full 1):
 garbage-first heap   total 524288K, used 364208K [0x00000000bd400000, 0x00000000dd400000, 0x00000000f0000000)
  region size 1024K, 114 young (116736K), 14 survivors (14336K)
 compacting perm gen  total 131072K, used 77421K [0x00000000f0000000, 0x00000000f8000000, 0x0000000100000000)
   the space 131072K,  59% used [0x00000000f0000000, 0x00000000f4b9b468, 0x00000000f4b9b600, 0x00000000f8000000)
No shared spaces configured.
58.842: [GC pause (young), 0.1034280 secs]
   [Parallel Time: 102.7 ms, GC Workers: 4]
      [GC Worker Start (ms): Min: 58842.4, Avg: 58844.1, Max: 58845.9, Diff: 3.5]
      [Ext Root Scanning (ms): Min: 17.8, Avg: 20.5, Max: 23.9, Diff: 6.1, Sum: 82.0]
      [SATB Filtering (ms): Min: 0.0, Avg: 0.0, Max: 0.1, Diff: 0.1, Sum: 0.1]
      [Update RS (ms): Min: 0.0, Avg: 10.7, Max: 30.7, Diff: 30.7, Sum: 42.6]
         [Processed Buffers: Min: 0, Avg: 10.8, Max: 30, Diff: 30, Sum: 43]
      [Scan RS (ms): Min: 0.0, Avg: 1.0, Max: 2.0, Diff: 2.0, Sum: 3.9]
      [Code Root Scanning (ms): Min: 0.0, Avg: 0.0, Max: 0.0, Diff: 0.0, Sum: 0.0]
      [Object Copy (ms): Min: 44.1, Avg: 61.3, Max: 73.3, Diff: 29.2, Sum: 245.4]
      [Termination (ms): Min: 0.0, Avg: 7.3, Max: 12.8, Diff: 12.8, Sum: 29.4]
      [GC Worker Other (ms): Min: 0.0, Avg: 0.0, Max: 0.0, Diff: 0.0, Sum: 0.1]
      [GC Worker Total (ms): Min: 99.1, Avg: 100.9, Max: 102.6, Diff: 3.5, Sum: 403.5]
      [GC Worker End (ms): Min: 58945.0, Avg: 58945.0, Max: 58945.0, Diff: 0.0]
   [Code Root Fixup: 0.0 ms]
   [Code Root Migration: 0.0 ms]
   [Clear CT: 0.1 ms]
   [Other: 0.6 ms]
      [Choose CSet: 0.0 ms]
      [Ref Proc: 0.2 ms]
      [Ref Enq: 0.0 ms]
      [Free CSet: 0.1 ms]
   [Eden: 100.0M(95.0M)->0.0B(90.0M) Survivors: 14.0M->14.0M Heap: 355.7M(512.0M)->278.3M(512.0M)]
Heap after GC invocations=36 (full 1):
 garbage-first heap   total 524288K, used 285023K [0x00000000bd400000, 0x00000000dd400000, 0x00000000f0000000)
  region size 1024K, 14 young (14336K), 14 survivors (14336K)
 compacting perm gen  total 131072K, used 77421K [0x00000000f0000000, 0x00000000f8000000, 0x0000000100000000)
   the space 131072K,  59% used [0x00000000f0000000, 0x00000000f4b9b468, 0x00000000f4b9b600, 0x00000000f8000000)
No shared spaces configured.
}
 [Times: user=0.23 sys=0.00, real=0.10 secs] 
{Heap before GC invocations=36 (full 1):
 garbage-first heap   total 524288K, used 393567K [0x00000000bd400000, 0x00000000dd400000, 0x00000000f0000000)
  region size 1024K, 94 young (96256K), 14 survivors (14336K)
 compacting perm gen  total 131072K, used 77421K [0x00000000f0000000, 0x00000000f8000000, 0x0000000100000000)
   the space 131072K,  59% used [0x00000000f0000000, 0x00000000f4b9b468, 0x00000000f4b9b600, 0x00000000f8000000)
No shared spaces configured.
59.400: [GC pause (young), 0.0732840 secs]
   [Parallel Time: 72.4 ms, GC Workers: 4]
      [GC Worker Start (ms): Min: 59399.9, Avg: 59402.5, Max: 59407.5, Diff: 7.7]
      [Ext Root Scanning (ms): Min: 15.6, Avg: 18.5, Max: 21.2, Diff: 5.6, Sum: 73.9]
      [SATB Filtering (ms): Min: 0.0, Avg: 0.0, Max: 0.0, Diff: 0.0, Sum: 0.0]
      [Update RS (ms): Min: 0.0, Avg: 5.3, Max: 14.9, Diff: 14.9, Sum: 21.1]
         [Processed Buffers: Min: 0, Avg: 9.2, Max: 28, Diff: 28, Sum: 37]
      [Scan RS (ms): Min: 0.0, Avg: 5.4, Max: 9.0, Diff: 8.9, Sum: 21.5]
      [Code Root Scanning (ms): Min: 0.0, Avg: 0.0, Max: 0.0, Diff: 0.0, Sum: 0.0]
      [Object Copy (ms): Min: 38.5, Avg: 40.3, Max: 42.3, Diff: 3.8, Sum: 161.2]
      [Termination (ms): Min: 0.0, Avg: 0.1, Max: 0.1, Diff: 0.1, Sum: 0.4]
      [GC Worker Other (ms): Min: 0.0, Avg: 0.0, Max: 0.0, Diff: 0.0, Sum: 0.1]
      [GC Worker Total (ms): Min: 64.6, Avg: 69.6, Max: 72.3, Diff: 7.7, Sum: 278.4]
      [GC Worker End (ms): Min: 59472.1, Avg: 59472.1, Max: 59472.1, Diff: 0.0]
   [Code Root Fixup: 0.0 ms]
   [Code Root Migration: 0.0 ms]
   [Clear CT: 0.1 ms]
   [Other: 0.8 ms]
      [Choose CSet: 0.0 ms]
      [Ref Proc: 0.2 ms]
      [Ref Enq: 0.0 ms]
      [Free CSet: 0.1 ms]
   [Eden: 80.0M(80.0M)->0.0B(101.0M) Survivors: 14.0M->12.0M Heap: 384.3M(512.0M)->323.2M(512.0M)]
Heap after GC invocations=37 (full 1):
 garbage-first heap   total 524288K, used 330928K [0x00000000bd400000, 0x00000000dd400000, 0x00000000f0000000)
  region size 1024K, 12 young (12288K), 12 survivors (12288K)
 compacting perm gen  total 131072K, used 77421K [0x00000000f0000000, 0x00000000f8000000, 0x0000000100000000)
   the space 131072K,  59% used [0x00000000f0000000, 0x00000000f4b9b468, 0x00000000f4b9b600, 0x00000000f8000000)
No shared spaces configured.
}
 [Times: user=0.19 sys=0.00, real=0.07 secs] 
59.754: [GC concurrent-mark-end, 1.2938900 secs]
59.754: [GC remark 59.755: [GC ref-proc, 0.0013130 secs], 0.0117810 secs]
 [Times: user=0.02 sys=0.00, real=0.01 secs] 
59.766: [GC cleanup 388M->386M(512M), 0.0061080 secs]
 [Times: user=0.02 sys=0.00, real=0.01 secs] 
59.773: [GC concurrent-cleanup-start]
59.773: [GC concurrent-cleanup-end, 0.0000220 secs]
{Heap before GC invocations=38 (full 1):
 garbage-first heap   total 524288K, used 431952K [0x00000000bd400000, 0x00000000dd400000, 0x00000000f0000000)
  region size 1024K, 112 young (114688K), 12 survivors (12288K)
 compacting perm gen  total 131072K, used 77421K [0x00000000f0000000, 0x00000000f8000000, 0x0000000100000000)
   the space 131072K,  59% used [0x00000000f0000000, 0x00000000f4b9b468, 0x00000000f4b9b600, 0x00000000f8000000)
No shared spaces configured.
59.924: [Full GC 422M->215M(512M), 1.0307240 secs]
   [Eden: 100.0M(101.0M)->0.0B(167.0M) Survivors: 12.0M->0.0B Heap: 422.0M(512.0M)->216.0M(512.0M)], [Perm: 77421K->77421K(131072K)]
Heap after GC invocations=39 (full 2):
 garbage-first heap   total 524288K, used 221139K [0x00000000bd400000, 0x00000000dd400000, 0x00000000f0000000)
  region size 1024K, 0 young (0K), 0 survivors (0K)
 compacting perm gen  total 131072K, used 77421K [0x00000000f0000000, 0x00000000f8000000, 0x0000000100000000)
   the space 131072K,  59% used [0x00000000f0000000, 0x00000000f4b9b468, 0x00000000f4b9b600, 0x00000000f8000000)
No shared spaces configured.
}
 [Times: user=1.30 sys=0.01, real=1.03 secs] 
{Heap before GC invocations=39 (full 2):
 garbage-first heap   total 524288K, used 313011K [0x00000000bd400000, 0x00000000dd400000, 0x00000000f0000000)
  region size 1024K, 79 young (80896K), 0 survivors (0K)
 compacting perm gen  total 131072K, used 77437K [0x00000000f0000000, 0x00000000f8000000, 0x0000000100000000)
   the space 131072K,  59% used [0x00000000f0000000, 0x00000000f4b9f520, 0x00000000f4b9f600, 0x00000000f8000000)
No shared spaces configured.
75.273: [GC pause (young) (initial-mark), 0.0544790 secs]
   [Parallel Time: 53.9 ms, GC Workers: 4]
      [GC Worker Start (ms): Min: 75273.6, Avg: 75273.6, Max: 75273.7, Diff: 0.0]
      [Ext Root Scanning (ms): Min: 16.1, Avg: 21.5, Max: 31.5, Diff: 15.3, Sum: 86.1]
      [Code Root Marking (ms): Min: 0.0, Avg: 1.6, Max: 5.3, Diff: 5.3, Sum: 6.4]
      [Update RS (ms): Min: 0.0, Avg: 1.0, Max: 1.5, Diff: 1.5, Sum: 4.0]
         [Processed Buffers: Min: 0, Avg: 16.0, Max: 25, Diff: 25, Sum: 64]
      [Scan RS (ms): Min: 0.0, Avg: 0.0, Max: 0.1, Diff: 0.1, Sum: 0.2]
      [Code Root Scanning (ms): Min: 0.0, Avg: 0.0, Max: 0.0, Diff: 0.0, Sum: 0.0]
      [Object Copy (ms): Min: 22.3, Avg: 25.5, Max: 27.6, Diff: 5.4, Sum: 102.2]
      [Termination (ms): Min: 0.0, Avg: 4.1, Max: 6.1, Diff: 6.1, Sum: 16.3]
      [GC Worker Other (ms): Min: 0.0, Avg: 0.0, Max: 0.0, Diff: 0.0, Sum: 0.0]
      [GC Worker Total (ms): Min: 53.8, Avg: 53.8, Max: 53.8, Diff: 0.0, Sum: 215.2]
      [GC Worker End (ms): Min: 75327.4, Avg: 75327.5, Max: 75327.5, Diff: 0.0]
   [Code Root Fixup: 0.0 ms]
   [Code Root Migration: 0.0 ms]
   [Clear CT: 0.1 ms]
   [Other: 0.5 ms]
      [Choose CSet: 0.0 ms]
      [Ref Proc: 0.2 ms]
      [Ref Enq: 0.0 ms]
      [Free CSet: 0.1 ms]
   [Eden: 79.0M(167.0M)->0.0B(97.0M) Survivors: 0.0B->17.0M Heap: 306.4M(512.0M)->244.7M(512.0M)]
Heap after GC invocations=40 (full 2):
 garbage-first heap   total 524288K, used 250547K [0x00000000bd400000, 0x00000000dd400000, 0x00000000f0000000)
  region size 1024K, 17 young (17408K), 17 survivors (17408K)
 compacting perm gen  total 131072K, used 77437K [0x00000000f0000000, 0x00000000f8000000, 0x0000000100000000)
   the space 131072K,  59% used [0x00000000f0000000, 0x00000000f4b9f520, 0x00000000f4b9f600, 0x00000000f8000000)
No shared spaces configured.
}
 [Times: user=0.16 sys=0.00, real=0.06 secs] 
75.328: [GC concurrent-root-region-scan-start]
75.341: [GC concurrent-root-region-scan-end, 0.0128520 secs]
75.341: [GC concurrent-mark-start]
{Heap before GC invocations=40 (full 2):
 garbage-first heap   total 524288K, used 364211K [0x00000000bd400000, 0x00000000dd400000, 0x00000000f0000000)
  region size 1024K, 114 young (116736K), 17 survivors (17408K)
 compacting perm gen  total 131072K, used 77437K [0x00000000f0000000, 0x00000000f8000000, 0x0000000100000000)
   the space 131072K,  59% used [0x00000000f0000000, 0x00000000f4b9f520, 0x00000000f4b9f600, 0x00000000f8000000)
No shared spaces configured.
75.710: [GC pause (young), 0.0950470 secs]
   [Parallel Time: 93.7 ms, GC Workers: 4]
      [GC Worker Start (ms): Min: 75709.8, Avg: 75713.1, Max: 75717.2, Diff: 7.5]
      [Ext Root Scanning (ms): Min: 18.8, Avg: 20.8, Max: 24.0, Diff: 5.3, Sum: 83.2]
      [SATB Filtering (ms): Min: 0.0, Avg: 0.0, Max: 0.0, Diff: 0.0, Sum: 0.0]
      [Update RS (ms): Min: 8.5, Avg: 13.5, Max: 21.2, Diff: 12.7, Sum: 53.9]
         [Processed Buffers: Min: 3, Avg: 13.0, Max: 27, Diff: 24, Sum: 52]
      [Scan RS (ms): Min: 0.0, Avg: 1.0, Max: 2.0, Diff: 2.0, Sum: 3.9]
      [Code Root Scanning (ms): Min: 0.0, Avg: 0.0, Max: 0.0, Diff: 0.0, Sum: 0.0]
      [Object Copy (ms): Min: 47.8, Avg: 54.9, Max: 59.0, Diff: 11.2, Sum: 219.7]
      [Termination (ms): Min: 0.0, Avg: 0.1, Max: 0.1, Diff: 0.1, Sum: 0.4]
      [GC Worker Other (ms): Min: 0.0, Avg: 0.0, Max: 0.0, Diff: 0.0, Sum: 0.1]
      [GC Worker Total (ms): Min: 86.2, Avg: 90.3, Max: 93.6, Diff: 7.5, Sum: 361.2]
      [GC Worker End (ms): Min: 75803.4, Avg: 75803.4, Max: 75803.4, Diff: 0.0]
   [Code Root Fixup: 0.0 ms]
   [Code Root Migration: 0.0 ms]
   [Clear CT: 0.5 ms]
   [Other: 0.8 ms]
      [Choose CSet: 0.0 ms]
      [Ref Proc: 0.2 ms]
      [Ref Enq: 0.0 ms]
      [Free CSet: 0.2 ms]
   [Eden: 97.0M(97.0M)->0.0B(91.0M) Survivors: 17.0M->15.0M Heap: 355.7M(512.0M)->279.2M(512.0M)]
Heap after GC invocations=41 (full 2):
 garbage-first heap   total 524288K, used 285875K [0x00000000bd400000, 0x00000000dd400000, 0x00000000f0000000)
  region size 1024K, 15 young (15360K), 15 survivors (15360K)
 compacting perm gen  total 131072K, used 77437K [0x00000000f0000000, 0x00000000f8000000, 0x0000000100000000)
   the space 131072K,  59% used [0x00000000f0000000, 0x00000000f4b9f520, 0x00000000f4b9f600, 0x00000000f8000000)
No shared spaces configured.
}
 [Times: user=0.24 sys=0.01, real=0.09 secs] 
{Heap before GC invocations=41 (full 2):
 garbage-first heap   total 524288K, used 365747K [0x00000000bd400000, 0x00000000dd400000, 0x00000000f0000000)
  region size 1024K, 68 young (69632K), 15 survivors (15360K)
 compacting perm gen  total 131072K, used 77437K [0x00000000f0000000, 0x00000000f8000000, 0x0000000100000000)
   the space 131072K,  59% used [0x00000000f0000000, 0x00000000f4b9f520, 0x00000000f4b9f600, 0x00000000f8000000)
No shared spaces configured.
76.108: [GC pause (young), 0.0793530 secs]
   [Parallel Time: 78.5 ms, GC Workers: 4]
      [GC Worker Start (ms): Min: 76107.9, Avg: 76110.7, Max: 76115.5, Diff: 7.5]
      [Ext Root Scanning (ms): Min: 20.6, Avg: 28.8, Max: 42.9, Diff: 22.3, Sum: 115.3]
      [SATB Filtering (ms): Min: 0.0, Avg: 0.0, Max: 0.0, Diff: 0.0, Sum: 0.0]
      [Update RS (ms): Min: 0.0, Avg: 3.2, Max: 6.8, Diff: 6.8, Sum: 12.9]
         [Processed Buffers: Min: 0, Avg: 9.8, Max: 27, Diff: 27, Sum: 39]
      [Scan RS (ms): Min: 0.0, Avg: 4.6, Max: 6.6, Diff: 6.6, Sum: 18.3]
      [Code Root Scanning (ms): Min: 0.0, Avg: 0.0, Max: 0.0, Diff: 0.0, Sum: 0.0]
      [Object Copy (ms): Min: 28.0, Avg: 39.0, Max: 45.2, Diff: 17.2, Sum: 155.9]
      [Termination (ms): Min: 0.0, Avg: 0.1, Max: 0.1, Diff: 0.1, Sum: 0.2]
      [GC Worker Other (ms): Min: 0.0, Avg: 0.0, Max: 0.0, Diff: 0.0, Sum: 0.1]
      [GC Worker Total (ms): Min: 70.9, Avg: 75.7, Max: 78.5, Diff: 7.6, Sum: 302.7]
      [GC Worker End (ms): Min: 76186.4, Avg: 76186.4, Max: 76186.4, Diff: 0.0]
   [Code Root Fixup: 0.0 ms]
   [Code Root Migration: 0.0 ms]
   [Clear CT: 0.1 ms]
   [Other: 0.7 ms]
      [Choose CSet: 0.0 ms]
      [Ref Proc: 0.4 ms]
      [Ref Enq: 0.0 ms]
      [Free CSet: 0.1 ms]
   [Eden: 53.0M(53.0M)->0.0B(112.0M) Survivors: 15.0M->9216.0K Heap: 357.2M(512.0M)->317.7M(512.0M)]
Heap after GC invocations=42 (full 2):
 garbage-first heap   total 524288K, used 325299K [0x00000000bd400000, 0x00000000dd400000, 0x00000000f0000000)
  region size 1024K, 9 young (9216K), 9 survivors (9216K)
 compacting perm gen  total 131072K, used 77437K [0x00000000f0000000, 0x00000000f8000000, 0x0000000100000000)
   the space 131072K,  59% used [0x00000000f0000000, 0x00000000f4b9f520, 0x00000000f4b9f600, 0x00000000f8000000)
No shared spaces configured.
}
 [Times: user=0.18 sys=0.01, real=0.07 secs] 
76.516: [GC concurrent-mark-end, 1.1753430 secs]
76.517: [GC remark 76.517: [GC ref-proc, 0.0038810 secs], 0.0128490 secs]
 [Times: user=0.02 sys=0.00, real=0.01 secs] 
76.530: [GC cleanup 391M->386M(512M), 0.0028440 secs]
 [Times: user=0.01 sys=0.00, real=0.00 secs] 
76.533: [GC concurrent-cleanup-start]
76.533: [GC concurrent-cleanup-end, 0.0000290 secs]
{Heap before GC invocations=43 (full 2):
 garbage-first heap   total 524288K, used 431315K [0x00000000bd400000, 0x00000000dd400000, 0x00000000f0000000)
  region size 1024K, 117 young (119808K), 9 survivors (9216K)
 compacting perm gen  total 131072K, used 77437K [0x00000000f0000000, 0x00000000f8000000, 0x0000000100000000)
   the space 131072K,  59% used [0x00000000f0000000, 0x00000000f4b9f520, 0x00000000f4b9f600, 0x00000000f8000000)
No shared spaces configured.
76.682: [Full GC 422M->215M(512M), 0.9936190 secs]
   [Eden: 108.0M(112.0M)->0.0B(164.0M) Survivors: 9216.0K->0.0B Heap: 422.0M(512.0M)->216.0M(512.0M)], [Perm: 77437K->77437K(131072K)]
Heap after GC invocations=44 (full 3):
 garbage-first heap   total 524288K, used 221173K [0x00000000bd400000, 0x00000000dd400000, 0x00000000f0000000)
  region size 1024K, 0 young (0K), 0 survivors (0K)
 compacting perm gen  total 131072K, used 77437K [0x00000000f0000000, 0x00000000f8000000, 0x0000000100000000)
   the space 131072K,  59% used [0x00000000f0000000, 0x00000000f4b9f520, 0x00000000f4b9f600, 0x00000000f8000000)
No shared spaces configured.
}
 [Times: user=1.26 sys=0.00, real=1.00 secs] 
{Heap before GC invocations=44 (full 3):
 garbage-first heap   total 524288K, used 315093K [0x00000000bd400000, 0x00000000dd400000, 0x00000000f0000000)
  region size 1024K, 81 young (82944K), 0 survivors (0K)
 compacting perm gen  total 131072K, used 77442K [0x00000000f0000000, 0x00000000f8000000, 0x0000000100000000)
   the space 131072K,  59% used [0x00000000f0000000, 0x00000000f4ba0858, 0x00000000f4ba0a00, 0x00000000f8000000)
No shared spaces configured.
83.935: [GC pause (young) (initial-mark), 0.0448740 secs]
   [Parallel Time: 43.7 ms, GC Workers: 4]
      [GC Worker Start (ms): Min: 83936.0, Avg: 83936.3, Max: 83937.1, Diff: 1.1]
      [Ext Root Scanning (ms): Min: 11.5, Avg: 18.8, Max: 29.7, Diff: 18.2, Sum: 75.3]
      [Code Root Marking (ms): Min: 0.0, Avg: 3.1, Max: 8.2, Diff: 8.2, Sum: 12.6]
      [Update RS (ms): Min: 0.0, Avg: 3.3, Max: 4.9, Diff: 4.9, Sum: 13.1]
         [Processed Buffers: Min: 0, Avg: 12.5, Max: 33, Diff: 33, Sum: 50]
      [Scan RS (ms): Min: 0.0, Avg: 0.2, Max: 0.8, Diff: 0.8, Sum: 0.9]
      [Code Root Scanning (ms): Min: 0.0, Avg: 0.0, Max: 0.0, Diff: 0.0, Sum: 0.0]
      [Object Copy (ms): Min: 13.8, Avg: 17.7, Max: 19.6, Diff: 5.9, Sum: 71.0]
      [Termination (ms): Min: 0.0, Avg: 0.1, Max: 0.1, Diff: 0.1, Sum: 0.3]
      [GC Worker Other (ms): Min: 0.0, Avg: 0.0, Max: 0.0, Diff: 0.0, Sum: 0.2]
      [GC Worker Total (ms): Min: 42.5, Avg: 43.3, Max: 43.6, Diff: 1.1, Sum: 173.3]
      [GC Worker End (ms): Min: 83979.6, Avg: 83979.6, Max: 83979.6, Diff: 0.0]
   [Code Root Fixup: 0.0 ms]
   [Code Root Migration: 0.0 ms]
   [Clear CT: 0.1 ms]
   [Other: 1.1 ms]
      [Choose CSet: 0.0 ms]
      [Ref Proc: 0.2 ms]
      [Ref Enq: 0.0 ms]
      [Free CSet: 0.1 ms]
   [Eden: 81.0M(164.0M)->0.0B(7168.0K) Survivors: 0.0B->18.0M Heap: 308.6M(512.0M)->245.2M(512.0M)]
Heap after GC invocations=45 (full 3):
 garbage-first heap   total 524288K, used 251093K [0x00000000bd400000, 0x00000000dd400000, 0x00000000f0000000)
  region size 1024K, 18 young (18432K), 18 survivors (18432K)
 compacting perm gen  total 131072K, used 77442K [0x00000000f0000000, 0x00000000f8000000, 0x0000000100000000)
   the space 131072K,  59% used [0x00000000f0000000, 0x00000000f4ba0858, 0x00000000f4ba0a00, 0x00000000f8000000)
No shared spaces configured.
}
 [Times: user=0.14 sys=0.00, real=0.05 secs] 
83.980: [GC concurrent-root-region-scan-start]
83.997: [GC concurrent-root-region-scan-end, 0.0168510 secs]
83.997: [GC concurrent-mark-start]
{Heap before GC invocations=45 (full 3):
 garbage-first heap   total 524288K, used 258774K [0x00000000bd400000, 0x00000000dd400000, 0x00000000f0000000)
  region size 1024K, 25 young (25600K), 18 survivors (18432K)
 compacting perm gen  total 131072K, used 77442K [0x00000000f0000000, 0x00000000f8000000, 0x0000000100000000)
   the space 131072K,  59% used [0x00000000f0000000, 0x00000000f4ba0858, 0x00000000f4ba0a00, 0x00000000f8000000)
No shared spaces configured.
84.024: [GC pause (young), 0.0848650 secs]
   [Parallel Time: 79.6 ms, GC Workers: 4]
      [GC Worker Start (ms): Min: 84024.0, Avg: 84028.1, Max: 84030.6, Diff: 6.7]
      [Ext Root Scanning (ms): Min: 21.5, Avg: 26.0, Max: 31.1, Diff: 9.6, Sum: 104.1]
      [SATB Filtering (ms): Min: 0.0, Avg: 0.0, Max: 0.1, Diff: 0.1, Sum: 0.1]
      [Update RS (ms): Min: 0.0, Avg: 2.1, Max: 4.3, Diff: 4.3, Sum: 8.3]
         [Processed Buffers: Min: 0, Avg: 2.8, Max: 8, Diff: 8, Sum: 11]
      [Scan RS (ms): Min: 0.0, Avg: 0.0, Max: 0.0, Diff: 0.0, Sum: 0.0]
      [Code Root Scanning (ms): Min: 0.0, Avg: 0.0, Max: 0.0, Diff: 0.0, Sum: 0.0]
      [Object Copy (ms): Min: 37.2, Avg: 40.9, Max: 45.1, Diff: 8.0, Sum: 163.5]
      [Termination (ms): Min: 0.0, Avg: 6.4, Max: 9.1, Diff: 9.1, Sum: 25.4]
      [GC Worker Other (ms): Min: 0.0, Avg: 0.0, Max: 0.0, Diff: 0.0, Sum: 0.1]
      [GC Worker Total (ms): Min: 72.9, Avg: 75.4, Max: 79.5, Diff: 6.6, Sum: 301.5]
      [GC Worker End (ms): Min: 84103.5, Avg: 84103.5, Max: 84103.5, Diff: 0.0]
   [Code Root Fixup: 0.0 ms]
   [Code Root Migration: 0.0 ms]
   [Clear CT: 4.3 ms]
   [Other: 1.0 ms]
      [Choose CSet: 0.0 ms]
      [Ref Proc: 0.2 ms]
      [Ref Enq: 0.0 ms]
      [Free CSet: 0.1 ms]
   [Eden: 7168.0K(7168.0K)->0.0B(47.0M) Survivors: 18.0M->3072.0K Heap: 252.7M(512.0M)->247.7M(572.0M)]
Heap after GC invocations=46 (full 3):
 garbage-first heap   total 585728K, used 253654K [0x00000000bd400000, 0x00000000e1000000, 0x00000000f0000000)
  region size 1024K, 3 young (3072K), 3 survivors (3072K)
 compacting perm gen  total 131072K, used 77442K [0x00000000f0000000, 0x00000000f8000000, 0x0000000100000000)
   the space 131072K,  59% used [0x00000000f0000000, 0x00000000f4ba0858, 0x00000000f4ba0a00, 0x00000000f8000000)
No shared spaces configured.
}
 [Times: user=0.14 sys=0.00, real=0.09 secs] 
{Heap before GC invocations=46 (full 3):
 garbage-first heap   total 585728K, used 314582K [0x00000000bd400000, 0x00000000e1000000, 0x00000000f0000000)
  region size 1024K, 50 young (51200K), 3 survivors (3072K)
 compacting perm gen  total 131072K, used 77442K [0x00000000f0000000, 0x00000000f8000000, 0x0000000100000000)
   the space 131072K,  59% used [0x00000000f0000000, 0x00000000f4ba0858, 0x00000000f4ba0a00, 0x00000000f8000000)
No shared spaces configured.
84.341: [GC pause (young), 0.0621390 secs]
   [Parallel Time: 58.3 ms, GC Workers: 4]
      [GC Worker Start (ms): Min: 84341.4, Avg: 84342.9, Max: 84346.0, Diff: 4.6]
      [Ext Root Scanning (ms): Min: 17.3, Avg: 21.1, Max: 25.9, Diff: 8.6, Sum: 84.6]
      [SATB Filtering (ms): Min: 0.0, Avg: 0.0, Max: 0.0, Diff: 0.0, Sum: 0.0]
      [Update RS (ms): Min: 0.0, Avg: 2.2, Max: 4.8, Diff: 4.8, Sum: 8.8]
         [Processed Buffers: Min: 0, Avg: 11.8, Max: 28, Diff: 28, Sum: 47]
      [Scan RS (ms): Min: 0.0, Avg: 0.4, Max: 0.9, Diff: 0.9, Sum: 1.7]
      [Code Root Scanning (ms): Min: 0.0, Avg: 0.0, Max: 0.0, Diff: 0.0, Sum: 0.0]
      [Object Copy (ms): Min: 13.6, Avg: 22.4, Max: 32.6, Diff: 19.0, Sum: 89.5]
      [Termination (ms): Min: 0.0, Avg: 9.7, Max: 14.1, Diff: 14.1, Sum: 39.0]
      [GC Worker Other (ms): Min: 0.0, Avg: 0.0, Max: 0.0, Diff: 0.0, Sum: 0.1]
      [GC Worker Total (ms): Min: 53.6, Avg: 55.9, Max: 57.2, Diff: 3.6, Sum: 223.7]
      [GC Worker End (ms): Min: 84398.5, Avg: 84398.8, Max: 84399.6, Diff: 1.1]
   [Code Root Fixup: 0.1 ms]
   [Code Root Migration: 0.0 ms]
   [Clear CT: 0.1 ms]
   [Other: 3.7 ms]
      [Choose CSet: 0.0 ms]
      [Ref Proc: 3.5 ms]
      [Ref Enq: 0.0 ms]
      [Free CSet: 0.1 ms]
   [Eden: 47.0M(47.0M)->0.0B(66.0M) Survivors: 3072.0K->7168.0K Heap: 307.2M(572.0M)->269.7M(572.0M)]
Heap after GC invocations=47 (full 3):
 garbage-first heap   total 585728K, used 276182K [0x00000000bd400000, 0x00000000e1000000, 0x00000000f0000000)
  region size 1024K, 7 young (7168K), 7 survivors (7168K)
 compacting perm gen  total 131072K, used 77442K [0x00000000f0000000, 0x00000000f8000000, 0x0000000100000000)
   the space 131072K,  59% used [0x00000000f0000000, 0x00000000f4ba0858, 0x00000000f4ba0a00, 0x00000000f8000000)
No shared spaces configured.
}
 [Times: user=0.16 sys=0.00, real=0.06 secs] 
{Heap before GC invocations=47 (full 3):
 garbage-first heap   total 585728K, used 344790K [0x00000000bd400000, 0x00000000e1000000, 0x00000000f0000000)
  region size 1024K, 73 young (74752K), 7 survivors (7168K)
 compacting perm gen  total 131072K, used 77442K [0x00000000f0000000, 0x00000000f8000000, 0x0000000100000000)
   the space 131072K,  59% used [0x00000000f0000000, 0x00000000f4ba0858, 0x00000000f4ba0a00, 0x00000000f8000000)
No shared spaces configured.
84.683: [GC pause (young), 0.0718380 secs]
   [Parallel Time: 70.9 ms, GC Workers: 4]
      [GC Worker Start (ms): Min: 84683.3, Avg: 84683.4, Max: 84683.5, Diff: 0.2]
      [Ext Root Scanning (ms): Min: 15.8, Avg: 21.9, Max: 26.4, Diff: 10.6, Sum: 87.6]
      [SATB Filtering (ms): Min: 0.0, Avg: 0.0, Max: 0.0, Diff: 0.0, Sum: 0.0]
      [Update RS (ms): Min: 4.2, Avg: 9.6, Max: 15.3, Diff: 11.1, Sum: 38.5]
         [Processed Buffers: Min: 4, Avg: 12.5, Max: 28, Diff: 24, Sum: 50]
      [Scan RS (ms): Min: 0.0, Avg: 0.6, Max: 0.9, Diff: 0.9, Sum: 2.2]
      [Code Root Scanning (ms): Min: 0.0, Avg: 0.0, Max: 0.0, Diff: 0.0, Sum: 0.0]
      [Object Copy (ms): Min: 34.5, Avg: 38.0, Max: 40.4, Diff: 5.9, Sum: 152.1]
      [Termination (ms): Min: 0.0, Avg: 0.6, Max: 0.9, Diff: 0.8, Sum: 2.4]
      [GC Worker Other (ms): Min: 0.0, Avg: 0.0, Max: 0.0, Diff: 0.0, Sum: 0.1]
      [GC Worker Total (ms): Min: 70.6, Avg: 70.7, Max: 70.8, Diff: 0.2, Sum: 283.0]
      [GC Worker End (ms): Min: 84754.1, Avg: 84754.1, Max: 84754.1, Diff: 0.0]
   [Code Root Fixup: 0.0 ms]
   [Code Root Migration: 0.0 ms]
   [Clear CT: 0.1 ms]
   [Other: 0.8 ms]
      [Choose CSet: 0.0 ms]
      [Ref Proc: 0.4 ms]
      [Ref Enq: 0.0 ms]
      [Free CSet: 0.1 ms]
   [Eden: 66.0M(66.0M)->0.0B(74.0M) Survivors: 7168.0K->10.0M Heap: 336.7M(572.0M)->286.2M(620.0M)]
Heap after GC invocations=48 (full 3):
 garbage-first heap   total 634880K, used 293078K [0x00000000bd400000, 0x00000000e4000000, 0x00000000f0000000)
  region size 1024K, 10 young (10240K), 10 survivors (10240K)
 compacting perm gen  total 131072K, used 77442K [0x00000000f0000000, 0x00000000f8000000, 0x0000000100000000)
   the space 131072K,  59% used [0x00000000f0000000, 0x00000000f4ba0858, 0x00000000f4ba0a00, 0x00000000f8000000)
No shared spaces configured.
}
 [Times: user=0.17 sys=0.00, real=0.07 secs] 
{Heap before GC invocations=48 (full 3):
 garbage-first heap   total 634880K, used 340182K [0x00000000bd400000, 0x00000000e4000000, 0x00000000f0000000)
  region size 1024K, 31 young (31744K), 10 survivors (10240K)
 compacting perm gen  total 131072K, used 77442K [0x00000000f0000000, 0x00000000f8000000, 0x0000000100000000)
   the space 131072K,  59% used [0x00000000f0000000, 0x00000000f4ba0858, 0x00000000f4ba0a00, 0x00000000f8000000)
No shared spaces configured.
84.897: [GC pause (young), 0.0753690 secs]
   [Parallel Time: 74.4 ms, GC Workers: 4]
      [GC Worker Start (ms): Min: 84897.4, Avg: 84901.9, Max: 84909.5, Diff: 12.1]
      [Ext Root Scanning (ms): Min: 26.1, Avg: 31.6, Max: 35.5, Diff: 9.4, Sum: 126.4]
      [SATB Filtering (ms): Min: 0.0, Avg: 0.0, Max: 0.1, Diff: 0.1, Sum: 0.1]
      [Update RS (ms): Min: 0.0, Avg: 4.5, Max: 16.5, Diff: 16.5, Sum: 18.2]
         [Processed Buffers: Min: 0, Avg: 13.0, Max: 41, Diff: 41, Sum: 52]
      [Scan RS (ms): Min: 0.2, Avg: 5.3, Max: 19.0, Diff: 18.9, Sum: 21.3]
      [Code Root Scanning (ms): Min: 0.0, Avg: 0.0, Max: 0.0, Diff: 0.0, Sum: 0.0]
      [Object Copy (ms): Min: 16.9, Avg: 28.2, Max: 37.8, Diff: 20.9, Sum: 112.9]
      [Termination (ms): Min: 0.0, Avg: 0.1, Max: 0.1, Diff: 0.1, Sum: 0.4]
      [GC Worker Other (ms): Min: 0.0, Avg: 0.0, Max: 0.1, Diff: 0.0, Sum: 0.1]
      [GC Worker Total (ms): Min: 62.3, Avg: 69.9, Max: 74.4, Diff: 12.1, Sum: 279.4]
      [GC Worker End (ms): Min: 84971.8, Avg: 84971.8, Max: 84971.8, Diff: 0.0]
   [Code Root Fixup: 0.0 ms]
   [Code Root Migration: 0.0 ms]
   [Clear CT: 0.1 ms]
   [Other: 0.8 ms]
      [Choose CSet: 0.0 ms]
      [Ref Proc: 0.2 ms]
      [Ref Enq: 0.0 ms]
      [Free CSet: 0.1 ms]
   [Eden: 21.0M(21.0M)->0.0B(93.0M) Survivors: 10.0M->4096.0K Heap: 332.2M(620.0M)->317.2M(659.0M)]
Heap after GC invocations=49 (full 3):
 garbage-first heap   total 674816K, used 324822K [0x00000000bd400000, 0x00000000e6700000, 0x00000000f0000000)
  region size 1024K, 4 young (4096K), 4 survivors (4096K)
 compacting perm gen  total 131072K, used 77442K [0x00000000f0000000, 0x00000000f8000000, 0x0000000100000000)
   the space 131072K,  59% used [0x00000000f0000000, 0x00000000f4ba0858, 0x00000000f4ba0a00, 0x00000000f8000000)
No shared spaces configured.
}
 [Times: user=0.13 sys=0.00, real=0.07 secs] 
85.326: [GC concurrent-mark-end, 1.3288070 secs]
85.326: [GC remark 85.327: [GC ref-proc, 0.0012470 secs], 0.0092780 secs]
 [Times: user=0.02 sys=0.01, real=0.02 secs] 
85.336: [GC cleanup 399M->393M(659M), 0.0036380 secs]
 [Times: user=0.00 sys=0.00, real=0.00 secs] 
85.339: [GC concurrent-cleanup-start]
85.339: [GC concurrent-cleanup-end, 0.0000230 secs]
{Heap before GC invocations=50 (full 3):
 garbage-first heap   total 674816K, used 416502K [0x00000000bd400000, 0x00000000e6700000, 0x00000000f0000000)
  region size 1024K, 97 young (99328K), 4 survivors (4096K)
 compacting perm gen  total 131072K, used 77442K [0x00000000f0000000, 0x00000000f8000000, 0x0000000100000000)
   the space 131072K,  59% used [0x00000000f0000000, 0x00000000f4ba0858, 0x00000000f4ba0a00, 0x00000000f8000000)
No shared spaces configured.
85.389: [GC pause (young), 0.0819480 secs]
   [Parallel Time: 81.1 ms, GC Workers: 4]
      [GC Worker Start (ms): Min: 85389.5, Avg: 85389.6, Max: 85389.6, Diff: 0.1]
      [Ext Root Scanning (ms): Min: 18.9, Avg: 23.1, Max: 32.0, Diff: 13.1, Sum: 92.6]
      [Update RS (ms): Min: 6.6, Avg: 16.4, Max: 24.3, Diff: 17.7, Sum: 65.7]
         [Processed Buffers: Min: 13, Avg: 22.0, Max: 32, Diff: 19, Sum: 88]
      [Scan RS (ms): Min: 0.0, Avg: 2.5, Max: 4.1, Diff: 4.1, Sum: 10.0]
      [Code Root Scanning (ms): Min: 0.0, Avg: 0.0, Max: 0.0, Diff: 0.0, Sum: 0.0]
      [Object Copy (ms): Min: 36.6, Avg: 37.1, Max: 38.1, Diff: 1.5, Sum: 148.4]
      [Termination (ms): Min: 0.0, Avg: 1.8, Max: 2.5, Diff: 2.5, Sum: 7.3]
      [GC Worker Other (ms): Min: 0.0, Avg: 0.0, Max: 0.0, Diff: 0.0, Sum: 0.1]
      [GC Worker Total (ms): Min: 81.0, Avg: 81.0, Max: 81.1, Diff: 0.1, Sum: 324.1]
      [GC Worker End (ms): Min: 85470.6, Avg: 85470.6, Max: 85470.6, Diff: 0.0]
   [Code Root Fixup: 0.0 ms]
   [Code Root Migration: 0.0 ms]
   [Clear CT: 0.1 ms]
   [Other: 0.7 ms]
      [Choose CSet: 0.0 ms]
      [Ref Proc: 0.2 ms]
      [Ref Enq: 0.0 ms]
      [Free CSet: 0.1 ms]
   [Eden: 93.0M(93.0M)->0.0B(35.0M) Survivors: 4096.0K->13.0M Heap: 406.7M(659.0M)->333.7M(690.0M)]
Heap after GC invocations=51 (full 3):
 garbage-first heap   total 706560K, used 341750K [0x00000000bd400000, 0x00000000e8600000, 0x00000000f0000000)
  region size 1024K, 13 young (13312K), 13 survivors (13312K)
 compacting perm gen  total 131072K, used 77442K [0x00000000f0000000, 0x00000000f8000000, 0x0000000100000000)
   the space 131072K,  59% used [0x00000000f0000000, 0x00000000f4ba0858, 0x00000000f4ba0a00, 0x00000000f8000000)
No shared spaces configured.
}
 [Times: user=0.22 sys=0.00, real=0.08 secs] 
{Heap before GC invocations=51 (full 3):
 garbage-first heap   total 706560K, used 377590K [0x00000000bd400000, 0x00000000e8600000, 0x00000000f0000000)
  region size 1024K, 48 young (49152K), 13 survivors (13312K)
 compacting perm gen  total 131072K, used 77442K [0x00000000f0000000, 0x00000000f8000000, 0x0000000100000000)
   the space 131072K,  59% used [0x00000000f0000000, 0x00000000f4ba0858, 0x00000000f4ba0a00, 0x00000000f8000000)
No shared spaces configured.
85.579: [GC pause (young), 0.0849290 secs]
   [Parallel Time: 80.5 ms, GC Workers: 4]
      [GC Worker Start (ms): Min: 85578.8, Avg: 85580.5, Max: 85584.9, Diff: 6.1]
      [Ext Root Scanning (ms): Min: 17.2, Avg: 28.9, Max: 61.0, Diff: 43.7, Sum: 115.5]
      [Update RS (ms): Min: 0.0, Avg: 12.8, Max: 26.2, Diff: 26.2, Sum: 51.2]
         [Processed Buffers: Min: 0, Avg: 12.8, Max: 29, Diff: 29, Sum: 51]
      [Scan RS (ms): Min: 0.0, Avg: 2.3, Max: 4.7, Diff: 4.7, Sum: 9.1]
      [Code Root Scanning (ms): Min: 0.0, Avg: 0.0, Max: 0.0, Diff: 0.0, Sum: 0.0]
      [Object Copy (ms): Min: 18.7, Avg: 34.7, Max: 41.9, Diff: 23.2, Sum: 138.9]
      [Termination (ms): Min: 0.0, Avg: 0.1, Max: 0.2, Diff: 0.2, Sum: 0.4]
      [GC Worker Other (ms): Min: 0.0, Avg: 0.0, Max: 0.0, Diff: 0.0, Sum: 0.1]
      [GC Worker Total (ms): Min: 74.4, Avg: 78.8, Max: 80.5, Diff: 6.1, Sum: 315.2]
      [GC Worker End (ms): Min: 85659.3, Avg: 85659.3, Max: 85659.3, Diff: 0.0]
   [Code Root Fixup: 0.0 ms]
   [Code Root Migration: 0.0 ms]
   [Clear CT: 0.3 ms]
   [Other: 4.0 ms]
      [Choose CSet: 0.0 ms]
      [Ref Proc: 2.4 ms]
      [Ref Enq: 0.0 ms]
      [Free CSet: 0.6 ms]
   [Eden: 35.0M(35.0M)->0.0B(60.0M) Survivors: 13.0M->6144.0K Heap: 368.7M(690.0M)->343.2M(690.0M)]
Heap after GC invocations=52 (full 3):
 garbage-first heap   total 706560K, used 351478K [0x00000000bd400000, 0x00000000e8600000, 0x00000000f0000000)
  region size 1024K, 6 young (6144K), 6 survivors (6144K)
 compacting perm gen  total 131072K, used 77442K [0x00000000f0000000, 0x00000000f8000000, 0x0000000100000000)
   the space 131072K,  59% used [0x00000000f0000000, 0x00000000f4ba0858, 0x00000000f4ba0a00, 0x00000000f8000000)
No shared spaces configured.
}
 [Times: user=0.18 sys=0.00, real=0.08 secs] 
{Heap before GC invocations=52 (full 3):
 garbage-first heap   total 706560K, used 412918K [0x00000000bd400000, 0x00000000e8600000, 0x00000000f0000000)
  region size 1024K, 66 young (67584K), 6 survivors (6144K)
 compacting perm gen  total 131072K, used 77442K [0x00000000f0000000, 0x00000000f8000000, 0x0000000100000000)
   the space 131072K,  59% used [0x00000000f0000000, 0x00000000f4ba0858, 0x00000000f4ba0a00, 0x00000000f8000000)
No shared spaces configured.
85.848: [GC pause (young) (initial-mark), 0.1098910 secs]
   [Parallel Time: 103.8 ms, GC Workers: 4]
      [GC Worker Start (ms): Min: 85847.7, Avg: 85850.2, Max: 85852.6, Diff: 4.9]
      [Ext Root Scanning (ms): Min: 15.1, Avg: 27.9, Max: 54.9, Diff: 39.9, Sum: 111.5]
      [Code Root Marking (ms): Min: 0.0, Avg: 1.9, Max: 6.4, Diff: 6.3, Sum: 7.7]
      [Update RS (ms): Min: 0.0, Avg: 7.8, Max: 12.5, Diff: 12.5, Sum: 31.2]
         [Processed Buffers: Min: 0, Avg: 12.5, Max: 25, Diff: 25, Sum: 50]
      [Scan RS (ms): Min: 0.0, Avg: 0.1, Max: 0.5, Diff: 0.5, Sum: 0.6]
      [Code Root Scanning (ms): Min: 0.0, Avg: 0.0, Max: 0.0, Diff: 0.0, Sum: 0.0]
      [Object Copy (ms): Min: 37.3, Avg: 50.7, Max: 56.5, Diff: 19.2, Sum: 202.9]
      [Termination (ms): Min: 0.0, Avg: 5.2, Max: 11.0, Diff: 11.0, Sum: 20.7]
      [GC Worker Other (ms): Min: 0.0, Avg: 0.0, Max: 0.0, Diff: 0.0, Sum: 0.1]
      [GC Worker Total (ms): Min: 87.4, Avg: 93.7, Max: 101.6, Diff: 14.2, Sum: 374.8]
      [GC Worker End (ms): Min: 85940.0, Avg: 85943.9, Max: 85949.3, Diff: 9.3]
   [Code Root Fixup: 0.0 ms]
   [Code Root Migration: 0.0 ms]
   [Clear CT: 0.0 ms]
   [Other: 6.0 ms]
      [Choose CSet: 0.0 ms]
      [Ref Proc: 5.6 ms]
      [Ref Enq: 0.0 ms]
      [Free CSet: 0.1 ms]
   [Eden: 60.0M(60.0M)->0.0B(36.0M) Survivors: 6144.0K->9216.0K Heap: 403.2M(690.0M)->357.7M(715.0M)]
Heap after GC invocations=53 (full 3):
 garbage-first heap   total 732160K, used 366326K [0x00000000bd400000, 0x00000000e9f00000, 0x00000000f0000000)
  region size 1024K, 9 young (9216K), 9 survivors (9216K)
 compacting perm gen  total 131072K, used 77442K [0x00000000f0000000, 0x00000000f8000000, 0x0000000100000000)
   the space 131072K,  59% used [0x00000000f0000000, 0x00000000f4ba0858, 0x00000000f4ba0a00, 0x00000000f8000000)
No shared spaces configured.
}
 [Times: user=0.19 sys=0.00, real=0.11 secs] 
85.958: [GC concurrent-root-region-scan-start]
85.965: [GC concurrent-root-region-scan-end, 0.0069410 secs]
85.965: [GC concurrent-mark-start]
{Heap before GC invocations=53 (full 3):
 garbage-first heap   total 732160K, used 454390K [0x00000000bd400000, 0x00000000e9f00000, 0x00000000f0000000)
  region size 1024K, 45 young (46080K), 9 survivors (9216K)
 compacting perm gen  total 131072K, used 77442K [0x00000000f0000000, 0x00000000f8000000, 0x0000000100000000)
   the space 131072K,  59% used [0x00000000f0000000, 0x00000000f4ba0858, 0x00000000f4ba0a00, 0x00000000f8000000)
No shared spaces configured.
86.374: [GC pause (young), 0.0509520 secs]
   [Parallel Time: 50.1 ms, GC Workers: 4]
      [GC Worker Start (ms): Min: 86374.2, Avg: 86376.8, Max: 86379.5, Diff: 5.2]
      [Ext Root Scanning (ms): Min: 16.2, Avg: 20.6, Max: 29.7, Diff: 13.6, Sum: 82.3]
      [SATB Filtering (ms): Min: 0.0, Avg: 0.0, Max: 0.0, Diff: 0.0, Sum: 0.0]
      [Update RS (ms): Min: 0.0, Avg: 2.3, Max: 4.0, Diff: 4.0, Sum: 9.2]
         [Processed Buffers: Min: 0, Avg: 12.2, Max: 27, Diff: 27, Sum: 49]
      [Scan RS (ms): Min: 0.0, Avg: 1.0, Max: 2.1, Diff: 2.1, Sum: 4.2]
      [Code Root Scanning (ms): Min: 0.0, Avg: 0.0, Max: 0.0, Diff: 0.0, Sum: 0.0]
      [Object Copy (ms): Min: 20.2, Avg: 23.4, Max: 24.7, Diff: 4.5, Sum: 93.7]
      [Termination (ms): Min: 0.0, Avg: 0.0, Max: 0.0, Diff: 0.0, Sum: 0.0]
      [GC Worker Other (ms): Min: 0.0, Avg: 0.0, Max: 0.1, Diff: 0.1, Sum: 0.2]
      [GC Worker Total (ms): Min: 44.7, Avg: 47.4, Max: 50.0, Diff: 5.3, Sum: 189.5]
      [GC Worker End (ms): Min: 86424.2, Avg: 86424.2, Max: 86424.2, Diff: 0.1]
   [Code Root Fixup: 0.0 ms]
   [Code Root Migration: 0.0 ms]
   [Clear CT: 0.1 ms]
   [Other: 0.8 ms]
      [Choose CSet: 0.0 ms]
      [Ref Proc: 0.3 ms]
      [Ref Enq: 0.0 ms]
      [Free CSet: 0.1 ms]
   [Eden: 36.0M(36.0M)->0.0B(83.0M) Survivors: 9216.0K->6144.0K Heap: 443.7M(715.0M)->417.2M(735.0M)]
Heap after GC invocations=54 (full 3):
 garbage-first heap   total 752640K, used 427254K [0x00000000bd400000, 0x00000000eb300000, 0x00000000f0000000)
  region size 1024K, 6 young (6144K), 6 survivors (6144K)
 compacting perm gen  total 131072K, used 77442K [0x00000000f0000000, 0x00000000f8000000, 0x0000000100000000)
   the space 131072K,  59% used [0x00000000f0000000, 0x00000000f4ba0858, 0x00000000f4ba0a00, 0x00000000f8000000)
No shared spaces configured.
}
 [Times: user=0.13 sys=0.00, real=0.05 secs] 
{Heap before GC invocations=54 (full 3):
 garbage-first heap   total 752640K, used 512246K [0x00000000bd400000, 0x00000000eb300000, 0x00000000f0000000)
  region size 1024K, 89 young (91136K), 6 survivors (6144K)
 compacting perm gen  total 131072K, used 77442K [0x00000000f0000000, 0x00000000f8000000, 0x0000000100000000)
   the space 131072K,  59% used [0x00000000f0000000, 0x00000000f4ba0858, 0x00000000f4ba0a00, 0x00000000f8000000)
No shared spaces configured.
86.773: [GC pause (young), 0.0627480 secs]
   [Parallel Time: 61.5 ms, GC Workers: 4]
      [GC Worker Start (ms): Min: 86773.5, Avg: 86775.3, Max: 86780.4, Diff: 6.9]
      [Ext Root Scanning (ms): Min: 13.3, Avg: 21.0, Max: 29.2, Diff: 15.9, Sum: 83.9]
      [SATB Filtering (ms): Min: 0.0, Avg: 0.1, Max: 0.2, Diff: 0.2, Sum: 0.2]
      [Update RS (ms): Min: 0.1, Avg: 7.5, Max: 11.8, Diff: 11.8, Sum: 30.0]
         [Processed Buffers: Min: 6, Avg: 15.5, Max: 25, Diff: 19, Sum: 62]
      [Scan RS (ms): Min: 0.0, Avg: 0.2, Max: 0.5, Diff: 0.5, Sum: 0.8]
      [Code Root Scanning (ms): Min: 0.0, Avg: 0.0, Max: 0.0, Diff: 0.0, Sum: 0.0]
      [Object Copy (ms): Min: 29.4, Avg: 31.0, Max: 32.5, Diff: 3.1, Sum: 123.9]
      [Termination (ms): Min: 0.0, Avg: 0.0, Max: 0.0, Diff: 0.0, Sum: 0.0]
      [GC Worker Other (ms): Min: 0.0, Avg: 0.1, Max: 0.1, Diff: 0.0, Sum: 0.2]
      [GC Worker Total (ms): Min: 54.6, Avg: 59.8, Max: 61.5, Diff: 6.9, Sum: 239.1]
      [GC Worker End (ms): Min: 86835.0, Avg: 86835.0, Max: 86835.0, Diff: 0.0]
   [Code Root Fixup: 0.0 ms]
   [Code Root Migration: 0.0 ms]
   [Clear CT: 0.1 ms]
   [Other: 1.1 ms]
      [Choose CSet: 0.0 ms]
      [Ref Proc: 0.8 ms]
      [Ref Enq: 0.0 ms]
      [Free CSet: 0.1 ms]
   [Eden: 83.0M(83.0M)->0.0B(79.0M) Survivors: 6144.0K->12.0M Heap: 500.2M(735.0M)->435.2M(751.0M)]
Heap after GC invocations=55 (full 3):
 garbage-first heap   total 769024K, used 445686K [0x00000000bd400000, 0x00000000ec300000, 0x00000000f0000000)
  region size 1024K, 12 young (12288K), 12 survivors (12288K)
 compacting perm gen  total 131072K, used 77442K [0x00000000f0000000, 0x00000000f8000000, 0x0000000100000000)
   the space 131072K,  59% used [0x00000000f0000000, 0x00000000f4ba0858, 0x00000000f4ba0a00, 0x00000000f8000000)
No shared spaces configured.
}
 [Times: user=0.19 sys=0.00, real=0.07 secs] 
{Heap before GC invocations=55 (full 3):
 garbage-first heap   total 769024K, used 526582K [0x00000000bd400000, 0x00000000ec300000, 0x00000000f0000000)
  region size 1024K, 91 young (93184K), 12 survivors (12288K)
 compacting perm gen  total 131072K, used 77442K [0x00000000f0000000, 0x00000000f8000000, 0x0000000100000000)
   the space 131072K,  59% used [0x00000000f0000000, 0x00000000f4ba0858, 0x00000000f4ba0a00, 0x00000000f8000000)
No shared spaces configured.
87.273: [GC pause (young), 0.1257150 secs]
   [Parallel Time: 123.6 ms, GC Workers: 4]
      [GC Worker Start (ms): Min: 87272.9, Avg: 87276.3, Max: 87279.6, Diff: 6.7]
      [Ext Root Scanning (ms): Min: 9.4, Avg: 16.2, Max: 22.4, Diff: 13.0, Sum: 65.0]
      [SATB Filtering (ms): Min: 0.0, Avg: 0.0, Max: 0.1, Diff: 0.1, Sum: 0.1]
      [Update RS (ms): Min: 13.3, Avg: 14.5, Max: 17.5, Diff: 4.2, Sum: 58.1]
         [Processed Buffers: Min: 7, Avg: 15.8, Max: 31, Diff: 24, Sum: 63]
      [Scan RS (ms): Min: 0.0, Avg: 0.8, Max: 1.7, Diff: 1.7, Sum: 3.3]
      [Code Root Scanning (ms): Min: 0.0, Avg: 0.0, Max: 0.0, Diff: 0.0, Sum: 0.0]
      [Object Copy (ms): Min: 64.2, Avg: 69.9, Max: 86.2, Diff: 22.0, Sum: 279.6]
      [Termination (ms): Min: 0.0, Avg: 15.9, Max: 23.7, Diff: 23.7, Sum: 63.6]
      [GC Worker Other (ms): Min: 0.0, Avg: 0.5, Max: 1.9, Diff: 1.9, Sum: 2.1]
      [GC Worker Total (ms): Min: 113.2, Avg: 117.9, Max: 123.5, Diff: 10.3, Sum: 471.8]
      [GC Worker End (ms): Min: 87392.8, Avg: 87394.2, Max: 87396.5, Diff: 3.6]
   [Code Root Fixup: 0.0 ms]
   [Code Root Migration: 0.0 ms]
   [Clear CT: 0.1 ms]
   [Other: 2.0 ms]
      [Choose CSet: 0.0 ms]
      [Ref Proc: 1.5 ms]
      [Ref Enq: 0.0 ms]
      [Free CSet: 0.2 ms]
   [Eden: 79.0M(79.0M)->0.0B(65.0M) Survivors: 12.0M->12.0M Heap: 514.2M(751.0M)->453.2M(751.0M)]
Heap after GC invocations=56 (full 3):
 garbage-first heap   total 769024K, used 464118K [0x00000000bd400000, 0x00000000ec300000, 0x00000000f0000000)
  region size 1024K, 12 young (12288K), 12 survivors (12288K)
 compacting perm gen  total 131072K, used 77442K [0x00000000f0000000, 0x00000000f8000000, 0x0000000100000000)
   the space 131072K,  59% used [0x00000000f0000000, 0x00000000f4ba0858, 0x00000000f4ba0a00, 0x00000000f8000000)
No shared spaces configured.
}
 [Times: user=0.24 sys=0.08, real=0.13 secs] 
87.505: [GC concurrent-mark-end, 1.5402770 secs]
87.505: [GC remark 87.506: [GC ref-proc, 0.0014590 secs], 0.0134040 secs]
 [Times: user=0.02 sys=0.00, real=0.02 secs] 
87.523: [GC cleanup 469M->448M(751M), 0.0051610 secs]
 [Times: user=0.01 sys=0.00, real=0.01 secs] 
87.529: [GC concurrent-cleanup-start]
87.529: [GC concurrent-cleanup-end, 0.0000300 secs]
{Heap before GC invocations=57 (full 3):
 garbage-first heap   total 769024K, used 501749K [0x00000000bd400000, 0x00000000ec300000, 0x00000000f0000000)
  region size 1024K, 65 young (66560K), 12 survivors (12288K)
 compacting perm gen  total 131072K, used 77442K [0x00000000f0000000, 0x00000000f8000000, 0x0000000100000000)
   the space 131072K,  59% used [0x00000000f0000000, 0x00000000f4ba0858, 0x00000000f4ba0a00, 0x00000000f8000000)
No shared spaces configured.
87.702: [GC pause (young), 0.0857980 secs]
   [Parallel Time: 84.5 ms, GC Workers: 4]
      [GC Worker Start (ms): Min: 87702.6, Avg: 87703.8, Max: 87704.5, Diff: 1.9]
      [Ext Root Scanning (ms): Min: 16.6, Avg: 22.5, Max: 31.2, Diff: 14.6, Sum: 89.9]
      [Update RS (ms): Min: 2.8, Avg: 14.5, Max: 23.3, Diff: 20.5, Sum: 58.2]
         [Processed Buffers: Min: 2, Avg: 14.0, Max: 29, Diff: 27, Sum: 56]
      [Scan RS (ms): Min: 0.0, Avg: 4.0, Max: 5.8, Diff: 5.8, Sum: 16.0]
      [Code Root Scanning (ms): Min: 0.0, Avg: 0.0, Max: 0.0, Diff: 0.0, Sum: 0.0]
      [Object Copy (ms): Min: 39.8, Avg: 40.9, Max: 42.1, Diff: 2.3, Sum: 163.6]
      [Termination (ms): Min: 0.0, Avg: 1.3, Max: 2.0, Diff: 2.0, Sum: 5.0]
      [GC Worker Other (ms): Min: 0.0, Avg: 0.0, Max: 0.0, Diff: 0.0, Sum: 0.1]
      [GC Worker Total (ms): Min: 82.5, Avg: 83.2, Max: 84.4, Diff: 1.9, Sum: 332.7]
      [GC Worker End (ms): Min: 87787.0, Avg: 87787.0, Max: 87787.0, Diff: 0.0]
   [Code Root Fixup: 0.0 ms]
   [Code Root Migration: 0.0 ms]
   [Clear CT: 0.1 ms]
   [Other: 1.2 ms]
      [Choose CSet: 0.0 ms]
      [Ref Proc: 0.7 ms]
      [Ref Enq: 0.0 ms]
      [Free CSet: 0.1 ms]
   [Eden: 53.0M(25.0M)->0.0B(96.0M) Survivors: 12.0M->5120.0K Heap: 490.0M(751.0M)->449.5M(764.0M)]
Heap after GC invocations=58 (full 3):
 garbage-first heap   total 782336K, used 460277K [0x00000000bd400000, 0x00000000ed000000, 0x00000000f0000000)
  region size 1024K, 5 young (5120K), 5 survivors (5120K)
 compacting perm gen  total 131072K, used 77442K [0x00000000f0000000, 0x00000000f8000000, 0x0000000100000000)
   the space 131072K,  59% used [0x00000000f0000000, 0x00000000f4ba0858, 0x00000000f4ba0a00, 0x00000000f8000000)
No shared spaces configured.
}
 [Times: user=0.19 sys=0.01, real=0.09 secs] 
{Heap before GC invocations=58 (full 3):
 garbage-first heap   total 782336K, used 558581K [0x00000000bd400000, 0x00000000ed000000, 0x00000000f0000000)
  region size 1024K, 101 young (103424K), 5 survivors (5120K)
 compacting perm gen  total 131072K, used 77442K [0x00000000f0000000, 0x00000000f8000000, 0x0000000100000000)
   the space 131072K,  59% used [0x00000000f0000000, 0x00000000f4ba0858, 0x00000000f4ba0a00, 0x00000000f8000000)
No shared spaces configured.
88.120: [GC pause (young), 0.1365050 secs]
   [Parallel Time: 135.7 ms, GC Workers: 4]
      [GC Worker Start (ms): Min: 88119.8, Avg: 88120.7, Max: 88123.5, Diff: 3.7]
      [Ext Root Scanning (ms): Min: 17.1, Avg: 22.5, Max: 30.7, Diff: 13.6, Sum: 90.0]
      [Update RS (ms): Min: 2.1, Avg: 12.2, Max: 17.5, Diff: 15.4, Sum: 48.9]
         [Processed Buffers: Min: 1, Avg: 13.2, Max: 27, Diff: 26, Sum: 53]
      [Scan RS (ms): Min: 0.1, Avg: 5.1, Max: 15.5, Diff: 15.4, Sum: 20.6]
      [Code Root Scanning (ms): Min: 0.0, Avg: 0.0, Max: 0.0, Diff: 0.0, Sum: 0.0]
      [Object Copy (ms): Min: 77.3, Avg: 88.6, Max: 94.4, Diff: 17.1, Sum: 354.5]
      [Termination (ms): Min: 0.0, Avg: 0.5, Max: 2.0, Diff: 2.0, Sum: 2.2]
      [GC Worker Other (ms): Min: 0.0, Avg: 0.0, Max: 0.0, Diff: 0.0, Sum: 0.1]
      [GC Worker Total (ms): Min: 125.9, Avg: 129.1, Max: 131.4, Diff: 5.5, Sum: 516.3]
      [GC Worker End (ms): Min: 88249.3, Avg: 88249.8, Max: 88251.2, Diff: 1.9]
   [Code Root Fixup: 0.0 ms]
   [Code Root Migration: 0.0 ms]
   [Clear CT: 0.1 ms]
   [Other: 0.7 ms]
      [Choose CSet: 0.0 ms]
      [Ref Proc: 0.3 ms]
      [Ref Enq: 0.0 ms]
      [Free CSet: 0.1 ms]
   [Eden: 96.0M(96.0M)->0.0B(25.0M) Survivors: 5120.0K->13.0M Heap: 545.5M(764.0M)->471.5M(774.0M)]
Heap after GC invocations=59 (full 3):
 garbage-first heap   total 792576K, used 482805K [0x00000000bd400000, 0x00000000eda00000, 0x00000000f0000000)
  region size 1024K, 13 young (13312K), 13 survivors (13312K)
 compacting perm gen  total 131072K, used 77442K [0x00000000f0000000, 0x00000000f8000000, 0x0000000100000000)
   the space 131072K,  59% used [0x00000000f0000000, 0x00000000f4ba0858, 0x00000000f4ba0a00, 0x00000000f8000000)
No shared spaces configured.
}
 [Times: user=0.20 sys=0.09, real=0.14 secs] 
{Heap before GC invocations=59 (full 3):
 garbage-first heap   total 792576K, used 508405K [0x00000000bd400000, 0x00000000eda00000, 0x00000000f0000000)
  region size 1024K, 38 young (38912K), 13 survivors (13312K)
 compacting perm gen  total 131072K, used 77442K [0x00000000f0000000, 0x00000000f8000000, 0x0000000100000000)
   the space 131072K,  59% used [0x00000000f0000000, 0x00000000f4ba0858, 0x00000000f4ba0a00, 0x00000000f8000000)
No shared spaces configured.
88.355: [GC pause (young) (initial-mark), 0.0931770 secs]
   [Parallel Time: 81.4 ms, GC Workers: 4]
      [GC Worker Start (ms): Min: 88354.9, Avg: 88356.5, Max: 88358.3, Diff: 3.3]
      [Ext Root Scanning (ms): Min: 17.5, Avg: 22.2, Max: 26.0, Diff: 8.5, Sum: 88.9]
      [Code Root Marking (ms): Min: 0.0, Avg: 1.9, Max: 5.9, Diff: 5.9, Sum: 7.6]
      [Update RS (ms): Min: 0.0, Avg: 8.4, Max: 13.9, Diff: 13.9, Sum: 33.6]
         [Processed Buffers: Min: 0, Avg: 10.5, Max: 23, Diff: 23, Sum: 42]
      [Scan RS (ms): Min: 0.0, Avg: 0.9, Max: 2.5, Diff: 2.5, Sum: 3.7]
      [Code Root Scanning (ms): Min: 0.0, Avg: 0.0, Max: 0.0, Diff: 0.0, Sum: 0.0]
      [Object Copy (ms): Min: 37.5, Avg: 43.3, Max: 51.8, Diff: 14.3, Sum: 173.0]
      [Termination (ms): Min: 0.0, Avg: 0.6, Max: 1.1, Diff: 1.1, Sum: 2.3]
      [GC Worker Other (ms): Min: 0.0, Avg: 0.0, Max: 0.0, Diff: 0.0, Sum: 0.0]
      [GC Worker Total (ms): Min: 75.6, Avg: 77.3, Max: 79.2, Diff: 3.6, Sum: 309.2]
      [GC Worker End (ms): Min: 88433.4, Avg: 88433.8, Max: 88434.1, Diff: 0.7]
   [Code Root Fixup: 0.0 ms]
   [Code Root Migration: 0.0 ms]
   [Clear CT: 0.1 ms]
   [Other: 11.7 ms]
      [Choose CSet: 0.0 ms]
      [Ref Proc: 11.1 ms]
      [Ref Enq: 0.0 ms]
      [Free CSet: 0.1 ms]
   [Eden: 25.0M(25.0M)->0.0B(64.0M) Survivors: 13.0M->5120.0K Heap: 496.5M(774.0M)->478.5M(782.0M)]
Heap after GC invocations=60 (full 3):
 garbage-first heap   total 800768K, used 489973K [0x00000000bd400000, 0x00000000ee200000, 0x00000000f0000000)
  region size 1024K, 5 young (5120K), 5 survivors (5120K)
 compacting perm gen  total 131072K, used 77442K [0x00000000f0000000, 0x00000000f8000000, 0x0000000100000000)
   the space 131072K,  59% used [0x00000000f0000000, 0x00000000f4ba0858, 0x00000000f4ba0a00, 0x00000000f8000000)
No shared spaces configured.
}
 [Times: user=0.18 sys=0.00, real=0.10 secs] 
88.448: [GC concurrent-root-region-scan-start]
88.452: [GC concurrent-root-region-scan-end, 0.0035370 secs]
88.452: [GC concurrent-mark-start]
{Heap before GC invocations=60 (full 3):
 garbage-first heap   total 800768K, used 555509K [0x00000000bd400000, 0x00000000ee200000, 0x00000000f0000000)
  region size 1024K, 69 young (70656K), 5 survivors (5120K)
 compacting perm gen  total 131072K, used 77442K [0x00000000f0000000, 0x00000000f8000000, 0x0000000100000000)
   the space 131072K,  59% used [0x00000000f0000000, 0x00000000f4ba0858, 0x00000000f4ba0a00, 0x00000000f8000000)
No shared spaces configured.
88.755: [GC pause (young), 0.0691250 secs]
   [Parallel Time: 68.2 ms, GC Workers: 4]
      [GC Worker Start (ms): Min: 88754.6, Avg: 88755.4, Max: 88757.8, Diff: 3.2]
      [Ext Root Scanning (ms): Min: 17.0, Avg: 19.4, Max: 23.4, Diff: 6.3, Sum: 77.5]
      [SATB Filtering (ms): Min: 0.0, Avg: 0.0, Max: 0.0, Diff: 0.0, Sum: 0.0]
      [Update RS (ms): Min: 0.5, Avg: 12.0, Max: 20.2, Diff: 19.7, Sum: 48.0]
         [Processed Buffers: Min: 3, Avg: 12.5, Max: 22, Diff: 19, Sum: 50]
      [Scan RS (ms): Min: 0.0, Avg: 2.1, Max: 7.4, Diff: 7.4, Sum: 8.5]
      [Code Root Scanning (ms): Min: 0.0, Avg: 0.0, Max: 0.0, Diff: 0.0, Sum: 0.0]
      [Object Copy (ms): Min: 28.9, Avg: 30.3, Max: 30.8, Diff: 1.9, Sum: 121.2]
      [Termination (ms): Min: 0.0, Avg: 3.5, Max: 4.7, Diff: 4.7, Sum: 13.9]
      [GC Worker Other (ms): Min: 0.0, Avg: 0.0, Max: 0.0, Diff: 0.0, Sum: 0.1]
      [GC Worker Total (ms): Min: 64.9, Avg: 67.3, Max: 68.1, Diff: 3.2, Sum: 269.2]
      [GC Worker End (ms): Min: 88822.7, Avg: 88822.7, Max: 88822.7, Diff: 0.0]
   [Code Root Fixup: 0.0 ms]
   [Code Root Migration: 0.0 ms]
   [Clear CT: 0.1 ms]
   [Other: 0.8 ms]
      [Choose CSet: 0.0 ms]
      [Ref Proc: 0.4 ms]
      [Ref Enq: 0.0 ms]
      [Free CSet: 0.1 ms]
   [Eden: 64.0M(64.0M)->0.0B(54.0M) Survivors: 5120.0K->9216.0K Heap: 542.5M(782.0M)->493.5M(788.0M)]
Heap after GC invocations=61 (full 3):
 garbage-first heap   total 806912K, used 505333K [0x00000000bd400000, 0x00000000ee800000, 0x00000000f0000000)
  region size 1024K, 9 young (9216K), 9 survivors (9216K)
 compacting perm gen  total 131072K, used 77442K [0x00000000f0000000, 0x00000000f8000000, 0x0000000100000000)
   the space 131072K,  59% used [0x00000000f0000000, 0x00000000f4ba0858, 0x00000000f4ba0a00, 0x00000000f8000000)
No shared spaces configured.
}
 [Times: user=0.16 sys=0.00, real=0.07 secs] 
{Heap before GC invocations=61 (full 3):
 garbage-first heap   total 806912K, used 663030K [0x00000000bd400000, 0x00000000ee800000, 0x00000000f0000000)
  region size 1024K, 63 young (64512K), 9 survivors (9216K)
 compacting perm gen  total 131072K, used 77442K [0x00000000f0000000, 0x00000000f8000000, 0x0000000100000000)
   the space 131072K,  59% used [0x00000000f0000000, 0x00000000f4ba0858, 0x00000000f4ba0a00, 0x00000000f8000000)
No shared spaces configured.
89.796: [GC pause (young), 0.0554170 secs]
   [Parallel Time: 54.0 ms, GC Workers: 4]
      [GC Worker Start (ms): Min: 89796.1, Avg: 89796.1, Max: 89796.1, Diff: 0.0]
      [Ext Root Scanning (ms): Min: 12.5, Avg: 13.8, Max: 16.3, Diff: 3.8, Sum: 55.4]
      [SATB Filtering (ms): Min: 0.0, Avg: 0.0, Max: 0.0, Diff: 0.0, Sum: 0.0]
      [Update RS (ms): Min: 2.4, Avg: 5.8, Max: 7.7, Diff: 5.3, Sum: 23.1]
         [Processed Buffers: Min: 1, Avg: 11.5, Max: 18, Diff: 17, Sum: 46]
      [Scan RS (ms): Min: 0.0, Avg: 1.0, Max: 1.8, Diff: 1.8, Sum: 4.0]
      [Code Root Scanning (ms): Min: 0.0, Avg: 0.0, Max: 0.0, Diff: 0.0, Sum: 0.0]
      [Object Copy (ms): Min: 27.9, Avg: 29.4, Max: 32.8, Diff: 4.9, Sum: 117.8]
      [Termination (ms): Min: 0.0, Avg: 3.8, Max: 5.1, Diff: 5.1, Sum: 15.1]
      [GC Worker Other (ms): Min: 0.0, Avg: 0.0, Max: 0.0, Diff: 0.0, Sum: 0.0]
      [GC Worker Total (ms): Min: 53.8, Avg: 53.9, Max: 53.9, Diff: 0.1, Sum: 215.4]
      [GC Worker End (ms): Min: 89849.9, Avg: 89850.0, Max: 89850.0, Diff: 0.1]
   [Code Root Fixup: 0.0 ms]
   [Code Root Migration: 0.0 ms]
   [Clear CT: 0.1 ms]
   [Other: 1.3 ms]
      [Choose CSet: 0.0 ms]
      [Ref Proc: 0.4 ms]
      [Ref Enq: 0.0 ms]
      [Free CSet: 0.4 ms]
   [Eden: 54.0M(54.0M)->0.0B(83.0M) Survivors: 9216.0K->8192.0K Heap: 647.5M(788.0M)->606.5M(793.0M)]
Heap after GC invocations=62 (full 3):
 garbage-first heap   total 812032K, used 621046K [0x00000000bd400000, 0x00000000eed00000, 0x00000000f0000000)
  region size 1024K, 8 young (8192K), 8 survivors (8192K)
 compacting perm gen  total 131072K, used 77442K [0x00000000f0000000, 0x00000000f8000000, 0x0000000100000000)
   the space 131072K,  59% used [0x00000000f0000000, 0x00000000f4ba0858, 0x00000000f4ba0a00, 0x00000000f8000000)
No shared spaces configured.
}
 [Times: user=0.15 sys=0.00, real=0.05 secs] 
90.248: [GC concurrent-mark-end, 1.7962930 secs]
90.252: [GC remark 90.253: [GC ref-proc, 0.0034820 secs], 0.0137200 secs]
 [Times: user=0.04 sys=0.00, real=0.01 secs] 
90.266: [GC cleanup 677M->650M(793M), 0.0045550 secs]
 [Times: user=0.00 sys=0.00, real=0.01 secs] 
90.271: [GC concurrent-cleanup-start]
90.271: [GC concurrent-cleanup-end, 0.0000750 secs]
{Heap before GC invocations=63 (full 3):
 garbage-first heap   total 812032K, used 678389K [0x00000000bd400000, 0x00000000eed00000, 0x00000000f0000000)
  region size 1024K, 91 young (93184K), 8 survivors (8192K)
 compacting perm gen  total 131072K, used 77442K [0x00000000f0000000, 0x00000000f8000000, 0x0000000100000000)
   the space 131072K,  59% used [0x00000000f0000000, 0x00000000f4ba0858, 0x00000000f4ba0a00, 0x00000000f8000000)
No shared spaces configured.
90.331: [GC pause (young), 0.0912760 secs]
   [Parallel Time: 90.4 ms, GC Workers: 4]
      [GC Worker Start (ms): Min: 90330.9, Avg: 90333.6, Max: 90341.1, Diff: 10.1]
      [Ext Root Scanning (ms): Min: 23.4, Avg: 26.8, Max: 34.3, Diff: 10.9, Sum: 107.3]
      [Update RS (ms): Min: 7.1, Avg: 14.6, Max: 20.0, Diff: 12.9, Sum: 58.3]
         [Processed Buffers: Min: 1, Avg: 11.8, Max: 24, Diff: 23, Sum: 47]
      [Scan RS (ms): Min: 0.0, Avg: 0.8, Max: 1.8, Diff: 1.8, Sum: 3.3]
      [Code Root Scanning (ms): Min: 0.0, Avg: 0.5, Max: 2.1, Diff: 2.1, Sum: 2.2]
      [Object Copy (ms): Min: 38.8, Avg: 40.0, Max: 41.4, Diff: 2.6, Sum: 159.8]
      [Termination (ms): Min: 0.0, Avg: 2.2, Max: 5.4, Diff: 5.4, Sum: 8.7]
      [GC Worker Other (ms): Min: 0.0, Avg: 0.0, Max: 0.0, Diff: 0.0, Sum: 0.1]
      [GC Worker Total (ms): Min: 76.5, Avg: 84.9, Max: 89.8, Diff: 13.3, Sum: 339.6]
      [GC Worker End (ms): Min: 90417.6, Avg: 90418.5, Max: 90421.3, Diff: 3.7]
   [Code Root Fixup: 0.0 ms]
   [Code Root Migration: 0.0 ms]
   [Clear CT: 0.1 ms]
   [Other: 0.7 ms]
      [Choose CSet: 0.0 ms]
      [Ref Proc: 0.2 ms]
      [Ref Enq: 0.0 ms]
      [Free CSet: 0.1 ms]
   [Eden: 83.0M(83.0M)->0.0B(69.0M) Survivors: 8192.0K->12.0M Heap: 662.5M(793.0M)->598.0M(797.0M)]
Heap after GC invocations=64 (full 3):
 garbage-first heap   total 816128K, used 612341K [0x00000000bd400000, 0x00000000ef100000, 0x00000000f0000000)
  region size 1024K, 12 young (12288K), 12 survivors (12288K)
 compacting perm gen  total 131072K, used 77442K [0x00000000f0000000, 0x00000000f8000000, 0x0000000100000000)
   the space 131072K,  59% used [0x00000000f0000000, 0x00000000f4ba0858, 0x00000000f4ba0a00, 0x00000000f8000000)
No shared spaces configured.
}
 [Times: user=0.21 sys=0.01, real=0.09 secs] 
{Heap before GC invocations=64 (full 3):
 garbage-first heap   total 816128K, used 682997K [0x00000000bd400000, 0x00000000ef100000, 0x00000000f0000000)
  region size 1024K, 81 young (82944K), 12 survivors (12288K)
 compacting perm gen  total 131072K, used 77442K [0x00000000f0000000, 0x00000000f8000000, 0x0000000100000000)
   the space 131072K,  59% used [0x00000000f0000000, 0x00000000f4ba0858, 0x00000000f4ba0a00, 0x00000000f8000000)
No shared spaces configured.
90.632: [GC pause (young), 0.1080170 secs]
   [Parallel Time: 107.3 ms, GC Workers: 4]
      [GC Worker Start (ms): Min: 90632.6, Avg: 90632.6, Max: 90632.6, Diff: 0.0]
      [Ext Root Scanning (ms): Min: 12.2, Avg: 16.2, Max: 20.6, Diff: 8.4, Sum: 64.7]
      [Update RS (ms): Min: 7.0, Avg: 11.2, Max: 14.3, Diff: 7.3, Sum: 44.9]
         [Processed Buffers: Min: 5, Avg: 10.8, Max: 14, Diff: 9, Sum: 43]
      [Scan RS (ms): Min: 0.0, Avg: 0.7, Max: 2.2, Diff: 2.2, Sum: 3.0]
      [Code Root Scanning (ms): Min: 0.0, Avg: 0.0, Max: 0.0, Diff: 0.0, Sum: 0.0]
      [Object Copy (ms): Min: 55.3, Avg: 64.2, Max: 77.7, Diff: 22.4, Sum: 256.7]
      [Termination (ms): Min: 0.0, Avg: 14.7, Max: 24.0, Diff: 24.0, Sum: 58.9]
      [GC Worker Other (ms): Min: 0.0, Avg: 0.0, Max: 0.0, Diff: 0.0, Sum: 0.0]
      [GC Worker Total (ms): Min: 107.0, Avg: 107.1, Max: 107.1, Diff: 0.1, Sum: 428.2]
      [GC Worker End (ms): Min: 90739.6, Avg: 90739.6, Max: 90739.7, Diff: 0.1]
   [Code Root Fixup: 0.0 ms]
   [Code Root Migration: 0.0 ms]
   [Clear CT: 0.1 ms]
   [Other: 0.6 ms]
      [Choose CSet: 0.0 ms]
      [Ref Proc: 0.3 ms]
      [Ref Enq: 0.0 ms]
      [Free CSet: 0.1 ms]
   [Eden: 69.0M(69.0M)->0.0B(76.0M) Survivors: 12.0M->11.0M Heap: 667.0M(797.0M)->615.0M(800.0M)]
Heap after GC invocations=65 (full 3):
 garbage-first heap   total 819200K, used 629749K [0x00000000bd400000, 0x00000000ef400000, 0x00000000f0000000)
  region size 1024K, 11 young (11264K), 11 survivors (11264K)
 compacting perm gen  total 131072K, used 77442K [0x00000000f0000000, 0x00000000f8000000, 0x0000000100000000)
   the space 131072K,  59% used [0x00000000f0000000, 0x00000000f4ba0858, 0x00000000f4ba0a00, 0x00000000f8000000)
No shared spaces configured.
}
 [Times: user=0.25 sys=0.05, real=0.11 secs] 
{Heap before GC invocations=65 (full 3):
 garbage-first heap   total 819200K, used 707573K [0x00000000bd400000, 0x00000000ef400000, 0x00000000f0000000)
  region size 1024K, 87 young (89088K), 11 survivors (11264K)
 compacting perm gen  total 131072K, used 77442K [0x00000000f0000000, 0x00000000f8000000, 0x0000000100000000)
   the space 131072K,  59% used [0x00000000f0000000, 0x00000000f4ba0858, 0x00000000f4ba0a00, 0x00000000f8000000)
No shared spaces configured.
91.024: [GC pause (young) (initial-mark), 0.1908180 secs]
   [Parallel Time: 187.0 ms, GC Workers: 4]
      [GC Worker Start (ms): Min: 91024.7, Avg: 91028.2, Max: 91031.7, Diff: 7.0]
      [Ext Root Scanning (ms): Min: 19.9, Avg: 29.0, Max: 38.2, Diff: 18.3, Sum: 116.2]
      [Code Root Marking (ms): Min: 0.0, Avg: 6.7, Max: 18.3, Diff: 18.3, Sum: 26.8]
      [Update RS (ms): Min: 17.7, Avg: 22.1, Max: 33.7, Diff: 16.0, Sum: 88.3]
         [Processed Buffers: Min: 5, Avg: 9.8, Max: 15, Diff: 10, Sum: 39]
      [Scan RS (ms): Min: 0.0, Avg: 0.9, Max: 3.5, Diff: 3.5, Sum: 3.6]
      [Code Root Scanning (ms): Min: 0.0, Avg: 0.0, Max: 0.0, Diff: 0.0, Sum: 0.0]
      [Object Copy (ms): Min: 107.3, Avg: 119.0, Max: 124.5, Diff: 17.2, Sum: 476.0]
      [Termination (ms): Min: 0.0, Avg: 5.4, Max: 7.4, Diff: 7.4, Sum: 21.7]
      [GC Worker Other (ms): Min: 0.0, Avg: 0.2, Max: 0.3, Diff: 0.3, Sum: 0.6]
      [GC Worker Total (ms): Min: 179.7, Avg: 183.3, Max: 186.9, Diff: 7.2, Sum: 733.2]
      [GC Worker End (ms): Min: 91211.4, Avg: 91211.5, Max: 91211.7, Diff: 0.3]
   [Code Root Fixup: 0.1 ms]
   [Code Root Migration: 0.0 ms]
   [Clear CT: 2.4 ms]
   [Other: 1.3 ms]
      [Choose CSet: 0.0 ms]
      [Ref Proc: 0.5 ms]
      [Ref Enq: 0.0 ms]
      [Free CSet: 0.1 ms]
   [Eden: 76.0M(76.0M)->0.0B(29.0M) Survivors: 11.0M->11.0M Heap: 691.0M(800.0M)->633.0M(803.0M)]
Heap after GC invocations=66 (full 3):
 garbage-first heap   total 822272K, used 648181K [0x00000000bd400000, 0x00000000ef700000, 0x00000000f0000000)
  region size 1024K, 11 young (11264K), 11 survivors (11264K)
 compacting perm gen  total 131072K, used 77442K [0x00000000f0000000, 0x00000000f8000000, 0x0000000100000000)
   the space 131072K,  59% used [0x00000000f0000000, 0x00000000f4ba0858, 0x00000000f4ba0a00, 0x00000000f8000000)
No shared spaces configured.
}
 [Times: user=0.28 sys=0.11, real=0.19 secs] 
91.215: [GC concurrent-root-region-scan-start]
91.223: [GC concurrent-root-region-scan-end, 0.0077340 secs]
91.223: [GC concurrent-mark-start]
{Heap before GC invocations=66 (full 3):
 garbage-first heap   total 822272K, used 677877K [0x00000000bd400000, 0x00000000ef700000, 0x00000000f0000000)
  region size 1024K, 40 young (40960K), 11 survivors (11264K)
 compacting perm gen  total 131072K, used 77442K [0x00000000f0000000, 0x00000000f8000000, 0x0000000100000000)
   the space 131072K,  59% used [0x00000000f0000000, 0x00000000f4ba0858, 0x00000000f4ba0a00, 0x00000000f8000000)
No shared spaces configured.
91.360: [GC pause (young), 0.0693600 secs]
   [Parallel Time: 68.6 ms, GC Workers: 4]
      [GC Worker Start (ms): Min: 91360.6, Avg: 91362.4, Max: 91367.4, Diff: 6.8]
      [Ext Root Scanning (ms): Min: 16.9, Avg: 26.1, Max: 42.4, Diff: 25.6, Sum: 104.3]
      [SATB Filtering (ms): Min: 0.0, Avg: 0.0, Max: 0.0, Diff: 0.0, Sum: 0.0]
      [Update RS (ms): Min: 0.0, Avg: 10.5, Max: 16.5, Diff: 16.5, Sum: 42.0]
         [Processed Buffers: Min: 0, Avg: 8.2, Max: 17, Diff: 17, Sum: 33]
      [Scan RS (ms): Min: 0.0, Avg: 0.7, Max: 1.6, Diff: 1.6, Sum: 2.9]
      [Code Root Scanning (ms): Min: 0.0, Avg: 0.0, Max: 0.0, Diff: 0.0, Sum: 0.0]
      [Object Copy (ms): Min: 23.7, Avg: 25.9, Max: 27.3, Diff: 3.6, Sum: 103.8]
      [Termination (ms): Min: 0.0, Avg: 3.0, Max: 4.1, Diff: 4.1, Sum: 12.1]
      [GC Worker Other (ms): Min: 0.0, Avg: 0.0, Max: 0.0, Diff: 0.0, Sum: 0.1]
      [GC Worker Total (ms): Min: 61.3, Avg: 66.3, Max: 68.1, Diff: 6.8, Sum: 265.3]
      [GC Worker End (ms): Min: 91428.7, Avg: 91428.7, Max: 91428.7, Diff: 0.1]
   [Code Root Fixup: 0.1 ms]
   [Code Root Migration: 0.0 ms]
   [Clear CT: 0.1 ms]
   [Other: 0.7 ms]
      [Choose CSet: 0.0 ms]
      [Ref Proc: 0.3 ms]
      [Ref Enq: 0.0 ms]
      [Free CSet: 0.1 ms]
   [Eden: 29.0M(29.0M)->0.0B(61.0M) Survivors: 11.0M->5120.0K Heap: 662.0M(803.0M)->641.5M(805.0M)]
Heap after GC invocations=67 (full 3):
 garbage-first heap   total 824320K, used 656885K [0x00000000bd400000, 0x00000000ef900000, 0x00000000f0000000)
  region size 1024K, 5 young (5120K), 5 survivors (5120K)
 compacting perm gen  total 131072K, used 77442K [0x00000000f0000000, 0x00000000f8000000, 0x0000000100000000)
   the space 131072K,  59% used [0x00000000f0000000, 0x00000000f4ba0858, 0x00000000f4ba0a00, 0x00000000f8000000)
No shared spaces configured.
}
 [Times: user=0.16 sys=0.00, real=0.07 secs] 
{Heap before GC invocations=67 (full 3):
 garbage-first heap   total 824320K, used 719349K [0x00000000bd400000, 0x00000000ef900000, 0x00000000f0000000)
  region size 1024K, 66 young (67584K), 5 survivors (5120K)
 compacting perm gen  total 131072K, used 77442K [0x00000000f0000000, 0x00000000f8000000, 0x0000000100000000)
   the space 131072K,  59% used [0x00000000f0000000, 0x00000000f4ba0858, 0x00000000f4ba0a00, 0x00000000f8000000)
No shared spaces configured.
91.749: [GC pause (young), 0.0714140 secs]
   [Parallel Time: 70.8 ms, GC Workers: 4]
      [GC Worker Start (ms): Min: 91748.9, Avg: 91751.7, Max: 91759.5, Diff: 10.6]
      [Ext Root Scanning (ms): Min: 16.7, Avg: 21.4, Max: 24.0, Diff: 7.3, Sum: 85.6]
      [SATB Filtering (ms): Min: 0.0, Avg: 0.0, Max: 0.1, Diff: 0.1, Sum: 0.1]
      [Update RS (ms): Min: 11.8, Avg: 12.7, Max: 13.5, Diff: 1.7, Sum: 50.7]
         [Processed Buffers: Min: 2, Avg: 8.0, Max: 15, Diff: 13, Sum: 32]
      [Scan RS (ms): Min: 0.0, Avg: 0.4, Max: 1.4, Diff: 1.4, Sum: 1.4]
      [Code Root Scanning (ms): Min: 0.0, Avg: 0.0, Max: 0.0, Diff: 0.0, Sum: 0.0]
      [Object Copy (ms): Min: 29.8, Avg: 32.2, Max: 34.0, Diff: 4.2, Sum: 128.8]
      [Termination (ms): Min: 0.0, Avg: 1.3, Max: 1.8, Diff: 1.8, Sum: 5.2]
      [GC Worker Other (ms): Min: 0.0, Avg: 0.0, Max: 0.0, Diff: 0.0, Sum: 0.1]
      [GC Worker Total (ms): Min: 60.1, Avg: 67.9, Max: 70.7, Diff: 10.6, Sum: 271.8]
      [GC Worker End (ms): Min: 91819.6, Avg: 91819.6, Max: 91819.7, Diff: 0.0]
   [Code Root Fixup: 0.0 ms]
   [Code Root Migration: 0.0 ms]
   [Clear CT: 0.1 ms]
   [Other: 0.6 ms]
      [Choose CSet: 0.0 ms]
      [Ref Proc: 0.2 ms]
      [Ref Enq: 0.0 ms]
      [Free CSet: 0.1 ms]
   [Eden: 61.0M(61.0M)->0.0B(54.0M) Survivors: 5120.0K->9216.0K Heap: 702.5M(805.0M)->656.0M(807.0M)]
Heap after GC invocations=68 (full 3):
 garbage-first heap   total 826368K, used 671733K [0x00000000bd400000, 0x00000000efb00000, 0x00000000f0000000)
  region size 1024K, 9 young (9216K), 9 survivors (9216K)
 compacting perm gen  total 131072K, used 77442K [0x00000000f0000000, 0x00000000f8000000, 0x0000000100000000)
   the space 131072K,  59% used [0x00000000f0000000, 0x00000000f4ba0858, 0x00000000f4ba0a00, 0x00000000f8000000)
No shared spaces configured.
}
 [Times: user=0.16 sys=0.00, real=0.07 secs] 
{Heap before GC invocations=68 (full 3):
 garbage-first heap   total 826368K, used 717813K [0x00000000bd400000, 0x00000000efb00000, 0x00000000f0000000)
  region size 1024K, 46 young (47104K), 9 survivors (9216K)
 compacting perm gen  total 131072K, used 77442K [0x00000000f0000000, 0x00000000f8000000, 0x0000000100000000)
   the space 131072K,  59% used [0x00000000f0000000, 0x00000000f4ba0858, 0x00000000f4ba0a00, 0x00000000f8000000)
No shared spaces configured.
92.363: [GC pause (young), 0.1215820 secs]
   [Parallel Time: 120.4 ms, GC Workers: 4]
      [GC Worker Start (ms): Min: 92363.5, Avg: 92367.5, Max: 92371.5, Diff: 8.0]
      [Ext Root Scanning (ms): Min: 15.8, Avg: 25.5, Max: 39.5, Diff: 23.7, Sum: 102.0]
      [SATB Filtering (ms): Min: 0.0, Avg: 0.0, Max: 0.1, Diff: 0.1, Sum: 0.1]
      [Update RS (ms): Min: 0.0, Avg: 13.4, Max: 20.1, Diff: 20.1, Sum: 53.5]
         [Processed Buffers: Min: 0, Avg: 6.2, Max: 9, Diff: 9, Sum: 25]
      [Scan RS (ms): Min: 2.4, Avg: 13.6, Max: 31.1, Diff: 28.7, Sum: 54.5]
      [Code Root Scanning (ms): Min: 0.0, Avg: 0.0, Max: 0.0, Diff: 0.0, Sum: 0.0]
      [Object Copy (ms): Min: 16.2, Avg: 37.6, Max: 62.9, Diff: 46.7, Sum: 150.3]
      [Termination (ms): Min: 0.0, Avg: 25.4, Max: 33.8, Diff: 33.8, Sum: 101.4]
      [GC Worker Other (ms): Min: 0.0, Avg: 0.0, Max: 0.1, Diff: 0.1, Sum: 0.1]
      [GC Worker Total (ms): Min: 111.5, Avg: 115.5, Max: 119.5, Diff: 8.0, Sum: 461.9]
      [GC Worker End (ms): Min: 92482.9, Avg: 92482.9, Max: 92483.0, Diff: 0.0]
   [Code Root Fixup: 0.0 ms]
   [Code Root Migration: 0.0 ms]
   [Clear CT: 0.4 ms]
   [Other: 0.7 ms]
      [Choose CSet: 0.0 ms]
      [Ref Proc: 0.2 ms]
      [Ref Enq: 0.0 ms]
      [Free CSet: 0.1 ms]
   [Eden: 37.0M(37.0M)->0.0B(39.0M) Survivors: 9216.0K->6144.0K Heap: 701.0M(807.0M)->673.5M(808.0M)]
Heap after GC invocations=69 (full 3):
 garbage-first heap   total 827392K, used 689653K [0x00000000bd400000, 0x00000000efc00000, 0x00000000f0000000)
  region size 1024K, 6 young (6144K), 6 survivors (6144K)
 compacting perm gen  total 131072K, used 77442K [0x00000000f0000000, 0x00000000f8000000, 0x0000000100000000)
   the space 131072K,  59% used [0x00000000f0000000, 0x00000000f4ba0858, 0x00000000f4ba0a00, 0x00000000f8000000)
No shared spaces configured.
}
 [Times: user=0.28 sys=0.00, real=0.12 secs] 
{Heap before GC invocations=69 (full 3):
 garbage-first heap   total 827392K, used 729589K [0x00000000bd400000, 0x00000000efc00000, 0x00000000f0000000)
  region size 1024K, 45 young (46080K), 6 survivors (6144K)
 compacting perm gen  total 131072K, used 77442K [0x00000000f0000000, 0x00000000f8000000, 0x0000000100000000)
   the space 131072K,  59% used [0x00000000f0000000, 0x00000000f4ba0858, 0x00000000f4ba0a00, 0x00000000f8000000)
No shared spaces configured.
92.670: [GC pause (young), 0.0779150 secs]
   [Parallel Time: 61.6 ms, GC Workers: 4]
      [GC Worker Start (ms): Min: 92669.8, Avg: 92669.8, Max: 92669.9, Diff: 0.0]
      [Ext Root Scanning (ms): Min: 13.9, Avg: 24.1, Max: 32.4, Diff: 18.5, Sum: 96.3]
      [SATB Filtering (ms): Min: 0.0, Avg: 0.0, Max: 0.0, Diff: 0.0, Sum: 0.0]
      [Update RS (ms): Min: 0.0, Avg: 8.0, Max: 15.6, Diff: 15.6, Sum: 32.0]
         [Processed Buffers: Min: 0, Avg: 6.2, Max: 16, Diff: 16, Sum: 25]
      [Scan RS (ms): Min: 0.0, Avg: 1.1, Max: 1.5, Diff: 1.5, Sum: 4.2]
      [Code Root Scanning (ms): Min: 0.0, Avg: 0.0, Max: 0.0, Diff: 0.0, Sum: 0.0]
      [Object Copy (ms): Min: 20.6, Avg: 23.3, Max: 30.3, Diff: 9.7, Sum: 93.1]
      [Termination (ms): Min: 0.0, Avg: 3.8, Max: 6.2, Diff: 6.2, Sum: 15.4]
      [GC Worker Other (ms): Min: 0.0, Avg: 0.0, Max: 0.0, Diff: 0.0, Sum: 0.1]
      [GC Worker Total (ms): Min: 59.8, Avg: 60.3, Max: 61.4, Diff: 1.6, Sum: 241.1]
      [GC Worker End (ms): Min: 92729.7, Avg: 92730.1, Max: 92731.3, Diff: 1.6]
   [Code Root Fixup: 0.0 ms]
   [Code Root Migration: 0.0 ms]
   [Clear CT: 1.9 ms]
   [Other: 14.4 ms]
      [Choose CSet: 0.0 ms]
      [Ref Proc: 14.0 ms]
      [Ref Enq: 0.0 ms]
      [Free CSet: 0.1 ms]
   [Eden: 39.0M(39.0M)->0.0B(34.0M) Survivors: 6144.0K->6144.0K Heap: 712.5M(808.0M)->682.5M(809.0M)]
Heap after GC invocations=70 (full 3):
 garbage-first heap   total 828416K, used 698869K [0x00000000bd400000, 0x00000000efd00000, 0x00000000f0000000)
  region size 1024K, 6 young (6144K), 6 survivors (6144K)
 compacting perm gen  total 131072K, used 77442K [0x00000000f0000000, 0x00000000f8000000, 0x0000000100000000)
   the space 131072K,  59% used [0x00000000f0000000, 0x00000000f4ba0858, 0x00000000f4ba0a00, 0x00000000f8000000)
No shared spaces configured.
}
 [Times: user=0.18 sys=0.00, real=0.08 secs] 
{Heap before GC invocations=70 (full 3):
 garbage-first heap   total 828416K, used 733685K [0x00000000bd400000, 0x00000000efd00000, 0x00000000f0000000)
  region size 1024K, 40 young (40960K), 6 survivors (6144K)
 compacting perm gen  total 131072K, used 77442K [0x00000000f0000000, 0x00000000f8000000, 0x0000000100000000)
   the space 131072K,  59% used [0x00000000f0000000, 0x00000000f4ba0858, 0x00000000f4ba0a00, 0x00000000f8000000)
No shared spaces configured.
92.905: [GC pause (young), 0.0749850 secs]
   [Parallel Time: 74.1 ms, GC Workers: 4]
      [GC Worker Start (ms): Min: 92905.4, Avg: 92911.8, Max: 92920.6, Diff: 15.2]
      [Ext Root Scanning (ms): Min: 19.9, Avg: 29.9, Max: 44.9, Diff: 25.0, Sum: 119.6]
      [SATB Filtering (ms): Min: 0.0, Avg: 0.0, Max: 0.0, Diff: 0.0, Sum: 0.0]
      [Update RS (ms): Min: 0.0, Avg: 8.5, Max: 18.4, Diff: 18.4, Sum: 34.0]
         [Processed Buffers: Min: 0, Avg: 7.0, Max: 20, Diff: 20, Sum: 28]
      [Scan RS (ms): Min: 0.0, Avg: 0.3, Max: 1.3, Diff: 1.3, Sum: 1.3]
      [Code Root Scanning (ms): Min: 0.0, Avg: 0.0, Max: 0.0, Diff: 0.0, Sum: 0.0]
      [Object Copy (ms): Min: 16.7, Avg: 19.1, Max: 23.4, Diff: 6.7, Sum: 76.5]
      [Termination (ms): Min: 0.0, Avg: 6.1, Max: 8.9, Diff: 8.9, Sum: 24.6]
      [GC Worker Other (ms): Min: 0.0, Avg: 0.0, Max: 0.0, Diff: 0.0, Sum: 0.1]
      [GC Worker Total (ms): Min: 55.0, Avg: 64.0, Max: 71.2, Diff: 16.2, Sum: 256.1]
      [GC Worker End (ms): Min: 92975.6, Avg: 92975.8, Max: 92976.6, Diff: 1.0]
   [Code Root Fixup: 0.0 ms]
   [Code Root Migration: 0.0 ms]
   [Clear CT: 0.1 ms]
   [Other: 0.8 ms]
      [Choose CSet: 0.0 ms]
      [Ref Proc: 0.4 ms]
      [Ref Enq: 0.0 ms]
      [Free CSet: 0.1 ms]
   [Eden: 34.0M(34.0M)->0.0B(35.0M) Survivors: 6144.0K->5120.0K Heap: 716.5M(809.0M)->691.0M(810.0M)]
Heap after GC invocations=71 (full 3):
 garbage-first heap   total 829440K, used 707573K [0x00000000bd400000, 0x00000000efe00000, 0x00000000f0000000)
  region size 1024K, 5 young (5120K), 5 survivors (5120K)
 compacting perm gen  total 131072K, used 77442K [0x00000000f0000000, 0x00000000f8000000, 0x0000000100000000)
   the space 131072K,  59% used [0x00000000f0000000, 0x00000000f4ba0858, 0x00000000f4ba0a00, 0x00000000f8000000)
No shared spaces configured.
}
 [Times: user=0.13 sys=0.00, real=0.08 secs] 
{Heap before GC invocations=71 (full 3):
 garbage-first heap   total 829440K, used 737269K [0x00000000bd400000, 0x00000000efe00000, 0x00000000f0000000)
  region size 1024K, 35 young (35840K), 5 survivors (5120K)
 compacting perm gen  total 131072K, used 77442K [0x00000000f0000000, 0x00000000f8000000, 0x0000000100000000)
   the space 131072K,  59% used [0x00000000f0000000, 0x00000000f4ba0858, 0x00000000f4ba0a00, 0x00000000f8000000)
No shared spaces configured.
93.141: [Full GC 720M->216M(721M), 1.1787270 secs]
   [Eden: 30.0M(35.0M)->0.0B(99.0M) Survivors: 5120.0K->0.0B Heap: 720.0M(810.0M)->216.1M(721.0M)], [Perm: 77442K->77394K(131072K)]
Heap after GC invocations=72 (full 4):
 garbage-first heap   total 738304K, used 221271K [0x00000000bd400000, 0x00000000ea500000, 0x00000000f0000000)
  region size 1024K, 0 young (0K), 0 survivors (0K)
 compacting perm gen  total 131072K, used 77394K [0x00000000f0000000, 0x00000000f8000000, 0x0000000100000000)
   the space 131072K,  59% used [0x00000000f0000000, 0x00000000f4b94970, 0x00000000f4b94a00, 0x00000000f8000000)
No shared spaces configured.
}
 [Times: user=1.47 sys=0.00, real=1.18 secs] 
94.320: [GC concurrent-mark-abort]
{Heap before GC invocations=72 (full 4):
 garbage-first heap   total 738304K, used 335159K [0x00000000bd400000, 0x00000000ea500000, 0x00000000f0000000)
  region size 1024K, 99 young (101376K), 0 survivors (0K)
 compacting perm gen  total 131072K, used 77396K [0x00000000f0000000, 0x00000000f8000000, 0x0000000100000000)
   the space 131072K,  59% used [0x00000000f0000000, 0x00000000f4b95140, 0x00000000f4b95200, 0x00000000f8000000)
No shared spaces configured.
107.505: [GC pause (young), 0.0643250 secs]
   [Parallel Time: 63.7 ms, GC Workers: 4]
      [GC Worker Start (ms): Min: 107505.6, Avg: 107507.9, Max: 107513.6, Diff: 8.0]
      [Ext Root Scanning (ms): Min: 17.6, Avg: 24.0, Max: 34.0, Diff: 16.4, Sum: 96.2]
      [Update RS (ms): Min: 0.0, Avg: 3.0, Max: 9.7, Diff: 9.7, Sum: 12.2]
         [Processed Buffers: Min: 0, Avg: 10.2, Max: 26, Diff: 26, Sum: 41]
      [Scan RS (ms): Min: 0.0, Avg: 0.1, Max: 0.2, Diff: 0.2, Sum: 0.2]
      [Code Root Scanning (ms): Min: 0.0, Avg: 0.0, Max: 0.0, Diff: 0.0, Sum: 0.0]
      [Object Copy (ms): Min: 29.4, Avg: 34.0, Max: 35.7, Diff: 6.3, Sum: 136.0]
      [Termination (ms): Min: 0.0, Avg: 0.1, Max: 0.2, Diff: 0.2, Sum: 0.4]
      [GC Worker Other (ms): Min: 0.0, Avg: 0.0, Max: 0.0, Diff: 0.0, Sum: 0.1]
      [GC Worker Total (ms): Min: 55.6, Avg: 61.3, Max: 63.6, Diff: 8.0, Sum: 245.1]
      [GC Worker End (ms): Min: 107569.2, Avg: 107569.2, Max: 107569.2, Diff: 0.0]
   [Code Root Fixup: 0.0 ms]
   [Code Root Migration: 0.0 ms]
   [Clear CT: 0.1 ms]
   [Other: 0.6 ms]
      [Choose CSet: 0.0 ms]
      [Ref Proc: 0.2 ms]
      [Ref Enq: 0.0 ms]
      [Free CSet: 0.1 ms]
   [Eden: 99.0M(99.0M)->0.0B(56.0M) Survivors: 0.0B->13.0M Heap: 327.3M(721.0M)->250.3M(740.0M)]
Heap after GC invocations=73 (full 4):
 garbage-first heap   total 757760K, used 256311K [0x00000000bd400000, 0x00000000eb800000, 0x00000000f0000000)
  region size 1024K, 13 young (13312K), 13 survivors (13312K)
 compacting perm gen  total 131072K, used 77396K [0x00000000f0000000, 0x00000000f8000000, 0x0000000100000000)
   the space 131072K,  59% used [0x00000000f0000000, 0x00000000f4b95140, 0x00000000f4b95200, 0x00000000f8000000)
No shared spaces configured.
}
 [Times: user=0.16 sys=0.00, real=0.07 secs] 
{Heap before GC invocations=73 (full 4):
 garbage-first heap   total 757760K, used 326455K [0x00000000bd400000, 0x00000000eb800000, 0x00000000f0000000)
  region size 1024K, 69 young (70656K), 13 survivors (13312K)
 compacting perm gen  total 131072K, used 77396K [0x00000000f0000000, 0x00000000f8000000, 0x0000000100000000)
   the space 131072K,  59% used [0x00000000f0000000, 0x00000000f4b95140, 0x00000000f4b95200, 0x00000000f8000000)
No shared spaces configured.
107.756: [GC pause (young), 0.0949700 secs]
   [Parallel Time: 93.6 ms, GC Workers: 4]
      [GC Worker Start (ms): Min: 107756.0, Avg: 107763.9, Max: 107770.9, Diff: 14.9]
      [Ext Root Scanning (ms): Min: 14.1, Avg: 28.2, Max: 47.9, Diff: 33.7, Sum: 112.9]
      [Update RS (ms): Min: 0.0, Avg: 7.4, Max: 18.6, Diff: 18.6, Sum: 29.7]
         [Processed Buffers: Min: 0, Avg: 7.8, Max: 19, Diff: 19, Sum: 31]
      [Scan RS (ms): Min: 0.0, Avg: 0.8, Max: 1.7, Diff: 1.7, Sum: 3.0]
      [Code Root Scanning (ms): Min: 0.0, Avg: 0.0, Max: 0.0, Diff: 0.0, Sum: 0.0]
      [Object Copy (ms): Min: 38.2, Avg: 46.2, Max: 54.4, Diff: 16.3, Sum: 185.0]
      [Termination (ms): Min: 0.0, Avg: 2.9, Max: 3.9, Diff: 3.9, Sum: 11.5]
      [GC Worker Other (ms): Min: 0.0, Avg: 0.0, Max: 0.0, Diff: 0.0, Sum: 0.1]
      [GC Worker Total (ms): Min: 78.7, Avg: 85.6, Max: 93.5, Diff: 14.9, Sum: 342.2]
      [GC Worker End (ms): Min: 107849.5, Avg: 107849.5, Max: 107849.5, Diff: 0.0]
   [Code Root Fixup: 0.0 ms]
   [Code Root Migration: 0.0 ms]
   [Clear CT: 0.1 ms]
   [Other: 1.3 ms]
      [Choose CSet: 0.0 ms]
      [Ref Proc: 1.0 ms]
      [Ref Enq: 0.0 ms]
      [Free CSet: 0.1 ms]
   [Eden: 56.0M(56.0M)->0.0B(75.0M) Survivors: 13.0M->9216.0K Heap: 318.8M(740.0M)->281.7M(755.0M)]
Heap after GC invocations=74 (full 4):
 garbage-first heap   total 773120K, used 288413K [0x00000000bd400000, 0x00000000ec700000, 0x00000000f0000000)
  region size 1024K, 9 young (9216K), 9 survivors (9216K)
 compacting perm gen  total 131072K, used 77396K [0x00000000f0000000, 0x00000000f8000000, 0x0000000100000000)
   the space 131072K,  59% used [0x00000000f0000000, 0x00000000f4b95140, 0x00000000f4b95200, 0x00000000f8000000)
No shared spaces configured.
}
 [Times: user=0.18 sys=0.00, real=0.09 secs] 
{Heap before GC invocations=74 (full 4):
 garbage-first heap   total 773120K, used 344733K [0x00000000bd400000, 0x00000000ec700000, 0x00000000f0000000)
  region size 1024K, 63 young (64512K), 9 survivors (9216K)
 compacting perm gen  total 131072K, used 77396K [0x00000000f0000000, 0x00000000f8000000, 0x0000000100000000)
   the space 131072K,  59% used [0x00000000f0000000, 0x00000000f4b95140, 0x00000000f4b95200, 0x00000000f8000000)
No shared spaces configured.
108.034: [GC pause (young), 0.0617950 secs]
   [Parallel Time: 60.8 ms, GC Workers: 4]
      [GC Worker Start (ms): Min: 108034.3, Avg: 108036.2, Max: 108042.0, Diff: 7.7]
      [Ext Root Scanning (ms): Min: 7.2, Avg: 13.7, Max: 18.9, Diff: 11.6, Sum: 54.9]
      [Update RS (ms): Min: 9.9, Avg: 12.7, Max: 15.0, Diff: 5.2, Sum: 50.9]
         [Processed Buffers: Min: 1, Avg: 7.2, Max: 14, Diff: 13, Sum: 29]
      [Scan RS (ms): Min: 0.0, Avg: 1.4, Max: 2.9, Diff: 2.9, Sum: 5.4]
      [Code Root Scanning (ms): Min: 0.0, Avg: 0.0, Max: 0.0, Diff: 0.0, Sum: 0.0]
      [Object Copy (ms): Min: 29.9, Avg: 30.9, Max: 31.8, Diff: 1.9, Sum: 123.7]
      [Termination (ms): Min: 0.0, Avg: 0.0, Max: 0.0, Diff: 0.0, Sum: 0.0]
      [GC Worker Other (ms): Min: 0.1, Avg: 0.1, Max: 0.1, Diff: 0.0, Sum: 0.2]
      [GC Worker Total (ms): Min: 53.0, Avg: 58.8, Max: 60.7, Diff: 7.7, Sum: 235.1]
      [GC Worker End (ms): Min: 108095.0, Avg: 108095.0, Max: 108095.0, Diff: 0.0]
   [Code Root Fixup: 0.0 ms]
   [Code Root Migration: 0.0 ms]
   [Clear CT: 0.1 ms]
   [Other: 0.8 ms]
      [Choose CSet: 0.0 ms]
      [Ref Proc: 0.3 ms]
      [Ref Enq: 0.0 ms]
      [Free CSet: 0.1 ms]
   [Eden: 54.0M(54.0M)->0.0B(99.0M) Survivors: 9216.0K->8192.0K Heap: 336.7M(755.0M)->295.3M(767.0M)]
Heap after GC invocations=75 (full 4):
 garbage-first heap   total 785408K, used 302391K [0x00000000bd400000, 0x00000000ed300000, 0x00000000f0000000)
  region size 1024K, 8 young (8192K), 8 survivors (8192K)
 compacting perm gen  total 131072K, used 77396K [0x00000000f0000000, 0x00000000f8000000, 0x0000000100000000)
   the space 131072K,  59% used [0x00000000f0000000, 0x00000000f4b95140, 0x00000000f4b95200, 0x00000000f8000000)
No shared spaces configured.
}
 [Times: user=0.17 sys=0.00, real=0.07 secs] 
{Heap before GC invocations=75 (full 4):
 garbage-first heap   total 785408K, used 429367K [0x00000000bd400000, 0x00000000ed300000, 0x00000000f0000000)
  region size 1024K, 107 young (109568K), 8 survivors (8192K)
 compacting perm gen  total 131072K, used 77396K [0x00000000f0000000, 0x00000000f8000000, 0x0000000100000000)
   the space 131072K,  59% used [0x00000000f0000000, 0x00000000f4b95140, 0x00000000f4b95200, 0x00000000f8000000)
No shared spaces configured.
108.432: [GC pause (young), 0.0638920 secs]
   [Parallel Time: 63.2 ms, GC Workers: 4]
      [GC Worker Start (ms): Min: 108432.3, Avg: 108432.3, Max: 108432.4, Diff: 0.0]
      [Ext Root Scanning (ms): Min: 14.4, Avg: 19.7, Max: 23.4, Diff: 9.0, Sum: 79.0]
      [Update RS (ms): Min: 0.0, Avg: 4.7, Max: 8.1, Diff: 8.1, Sum: 18.7]
         [Processed Buffers: Min: 0, Avg: 7.5, Max: 26, Diff: 26, Sum: 30]
      [Scan RS (ms): Min: 0.0, Avg: 0.6, Max: 1.5, Diff: 1.5, Sum: 2.5]
      [Code Root Scanning (ms): Min: 0.0, Avg: 0.0, Max: 0.0, Diff: 0.0, Sum: 0.0]
      [Object Copy (ms): Min: 35.3, Avg: 36.9, Max: 38.8, Diff: 3.4, Sum: 147.7]
      [Termination (ms): Min: 0.0, Avg: 1.2, Max: 1.6, Diff: 1.6, Sum: 4.7]
      [GC Worker Other (ms): Min: 0.0, Avg: 0.0, Max: 0.0, Diff: 0.0, Sum: 0.1]
      [GC Worker Total (ms): Min: 63.1, Avg: 63.2, Max: 63.2, Diff: 0.0, Sum: 252.6]
      [GC Worker End (ms): Min: 108495.5, Avg: 108495.5, Max: 108495.5, Diff: 0.0]
   [Code Root Fixup: 0.0 ms]
   [Code Root Migration: 0.0 ms]
   [Clear CT: 0.1 ms]
   [Other: 0.6 ms]
      [Choose CSet: 0.0 ms]
      [Ref Proc: 0.2 ms]
      [Ref Enq: 0.0 ms]
      [Free CSet: 0.1 ms]
   [Eden: 99.0M(99.0M)->0.0B(98.0M) Survivors: 8192.0K->14.0M Heap: 419.3M(767.0M)->342.8M(776.0M)]
Heap after GC invocations=76 (full 4):
 garbage-first heap   total 794624K, used 351031K [0x00000000bd400000, 0x00000000edc00000, 0x00000000f0000000)
  region size 1024K, 14 young (14336K), 14 survivors (14336K)
 compacting perm gen  total 131072K, used 77396K [0x00000000f0000000, 0x00000000f8000000, 0x0000000100000000)
   the space 131072K,  59% used [0x00000000f0000000, 0x00000000f4b95140, 0x00000000f4b95200, 0x00000000f8000000)
No shared spaces configured.
}
 [Times: user=0.20 sys=0.00, real=0.07 secs] 
{Heap before GC invocations=76 (full 4):
 garbage-first heap   total 794624K, used 437047K [0x00000000bd400000, 0x00000000edc00000, 0x00000000f0000000)
  region size 1024K, 96 young (98304K), 14 survivors (14336K)
 compacting perm gen  total 131072K, used 77396K [0x00000000f0000000, 0x00000000f8000000, 0x0000000100000000)
   the space 131072K,  59% used [0x00000000f0000000, 0x00000000f4b95318, 0x00000000f4b95400, 0x00000000f8000000)
No shared spaces configured.
108.801: [GC pause (young), 0.1035590 secs]
   [Parallel Time: 102.4 ms, GC Workers: 4]
      [GC Worker Start (ms): Min: 108801.5, Avg: 108805.4, Max: 108806.6, Diff: 5.1]
      [Ext Root Scanning (ms): Min: 18.1, Avg: 20.8, Max: 22.7, Diff: 4.6, Sum: 83.0]
      [Update RS (ms): Min: 5.3, Avg: 9.6, Max: 16.7, Diff: 11.5, Sum: 38.4]
         [Processed Buffers: Min: 4, Avg: 8.0, Max: 18, Diff: 14, Sum: 32]
      [Scan RS (ms): Min: 0.0, Avg: 4.5, Max: 6.1, Diff: 6.1, Sum: 18.0]
      [Code Root Scanning (ms): Min: 0.0, Avg: 0.0, Max: 0.0, Diff: 0.0, Sum: 0.0]
      [Object Copy (ms): Min: 53.7, Avg: 57.0, Max: 62.7, Diff: 9.0, Sum: 228.1]
      [Termination (ms): Min: 0.0, Avg: 6.4, Max: 8.6, Diff: 8.6, Sum: 25.7]
      [GC Worker Other (ms): Min: 0.0, Avg: 0.0, Max: 0.0, Diff: 0.0, Sum: 0.1]
      [GC Worker Total (ms): Min: 97.1, Avg: 98.3, Max: 102.2, Diff: 5.1, Sum: 393.4]
      [GC Worker End (ms): Min: 108903.7, Avg: 108903.7, Max: 108903.7, Diff: 0.0]
   [Code Root Fixup: 0.0 ms]
   [Code Root Migration: 0.0 ms]
   [Clear CT: 0.1 ms]
   [Other: 1.1 ms]
      [Choose CSet: 0.0 ms]
      [Ref Proc: 0.2 ms]
      [Ref Enq: 0.0 ms]
      [Free CSet: 0.2 ms]
   [Eden: 82.0M(33.0M)->0.0B(124.0M) Survivors: 14.0M->6144.0K Heap: 426.8M(776.0M)->363.8M(784.0M)]
Heap after GC invocations=77 (full 4):
 garbage-first heap   total 802816K, used 372535K [0x00000000bd400000, 0x00000000ee400000, 0x00000000f0000000)
  region size 1024K, 6 young (6144K), 6 survivors (6144K)
 compacting perm gen  total 131072K, used 77396K [0x00000000f0000000, 0x00000000f8000000, 0x0000000100000000)
   the space 131072K,  59% used [0x00000000f0000000, 0x00000000f4b95318, 0x00000000f4b95400, 0x00000000f8000000)
No shared spaces configured.
}
 [Times: user=0.24 sys=0.00, real=0.10 secs] 
{Heap before GC invocations=77 (full 4):
 garbage-first heap   total 802816K, used 412471K [0x00000000bd400000, 0x00000000ee400000, 0x00000000f0000000)
  region size 1024K, 46 young (47104K), 6 survivors (6144K)
 compacting perm gen  total 131072K, used 77396K [0x00000000f0000000, 0x00000000f8000000, 0x0000000100000000)
   the space 131072K,  59% used [0x00000000f0000000, 0x00000000f4b95318, 0x00000000f4b95400, 0x00000000f8000000)
No shared spaces configured.
109.051: [GC pause (young) (initial-mark), 0.0703550 secs]
   [Parallel Time: 69.7 ms, GC Workers: 4]
      [GC Worker Start (ms): Min: 109051.6, Avg: 109057.5, Max: 109059.5, Diff: 7.9]
      [Ext Root Scanning (ms): Min: 10.3, Avg: 19.6, Max: 25.2, Diff: 14.9, Sum: 78.2]
      [Code Root Marking (ms): Min: 0.0, Avg: 5.5, Max: 15.5, Diff: 15.4, Sum: 22.0]
      [Update RS (ms): Min: 0.0, Avg: 8.2, Max: 14.5, Diff: 14.5, Sum: 33.0]
         [Processed Buffers: Min: 0, Avg: 7.8, Max: 17, Diff: 17, Sum: 31]
      [Scan RS (ms): Min: 0.0, Avg: 0.7, Max: 1.4, Diff: 1.4, Sum: 2.8]
      [Code Root Scanning (ms): Min: 0.0, Avg: 0.0, Max: 0.0, Diff: 0.0, Sum: 0.0]
      [Object Copy (ms): Min: 22.0, Avg: 29.6, Max: 41.7, Diff: 19.7, Sum: 118.5]
      [Termination (ms): Min: 0.0, Avg: 0.1, Max: 0.1, Diff: 0.1, Sum: 0.4]
      [GC Worker Other (ms): Min: 0.0, Avg: 0.0, Max: 0.0, Diff: 0.0, Sum: 0.1]
      [GC Worker Total (ms): Min: 61.7, Avg: 63.7, Max: 69.6, Diff: 7.9, Sum: 254.9]
      [GC Worker End (ms): Min: 109121.2, Avg: 109121.2, Max: 109121.3, Diff: 0.0]
   [Code Root Fixup: 0.0 ms]
   [Code Root Migration: 0.0 ms]
   [Clear CT: 0.1 ms]
   [Other: 0.6 ms]
      [Choose CSet: 0.0 ms]
      [Ref Proc: 0.2 ms]
      [Ref Enq: 0.0 ms]
      [Free CSet: 0.1 ms]
   [Eden: 40.0M(124.0M)->0.0B(105.0M) Survivors: 6144.0K->10.0M Heap: 402.9M(784.0M)->374.8M(790.0M)]
Heap after GC invocations=78 (full 4):
 garbage-first heap   total 808960K, used 383799K [0x00000000bd400000, 0x00000000eea00000, 0x00000000f0000000)
  region size 1024K, 10 young (10240K), 10 survivors (10240K)
 compacting perm gen  total 131072K, used 77396K [0x00000000f0000000, 0x00000000f8000000, 0x0000000100000000)
   the space 131072K,  59% used [0x00000000f0000000, 0x00000000f4b95318, 0x00000000f4b95400, 0x00000000f8000000)
No shared spaces configured.
}
 [Times: user=0.17 sys=0.00, real=0.07 secs] 
109.122: [GC concurrent-root-region-scan-start]
109.137: [GC concurrent-root-region-scan-end, 0.0151310 secs]
109.137: [GC concurrent-mark-start]
{Heap before GC invocations=78 (full 4):
 garbage-first heap   total 808960K, used 542519K [0x00000000bd400000, 0x00000000eea00000, 0x00000000f0000000)
  region size 1024K, 115 young (117760K), 10 survivors (10240K)
 compacting perm gen  total 131072K, used 77396K [0x00000000f0000000, 0x00000000f8000000, 0x0000000100000000)
   the space 131072K,  59% used [0x00000000f0000000, 0x00000000f4b95318, 0x00000000f4b95400, 0x00000000f8000000)
No shared spaces configured.
109.622: [GC pause (young), 0.0934110 secs]
   [Parallel Time: 86.6 ms, GC Workers: 4]
      [GC Worker Start (ms): Min: 109621.7, Avg: 109623.9, Max: 109624.6, Diff: 2.9]
      [Ext Root Scanning (ms): Min: 14.7, Avg: 26.1, Max: 35.4, Diff: 20.7, Sum: 104.2]
      [SATB Filtering (ms): Min: 0.0, Avg: 0.0, Max: 0.0, Diff: 0.0, Sum: 0.0]
      [Update RS (ms): Min: 0.0, Avg: 6.1, Max: 15.5, Diff: 15.5, Sum: 24.3]
         [Processed Buffers: Min: 0, Avg: 9.8, Max: 33, Diff: 33, Sum: 39]
      [Scan RS (ms): Min: 0.0, Avg: 0.7, Max: 1.2, Diff: 1.2, Sum: 2.8]
      [Code Root Scanning (ms): Min: 0.0, Avg: 0.0, Max: 0.0, Diff: 0.0, Sum: 0.0]
      [Object Copy (ms): Min: 43.9, Avg: 49.1, Max: 53.1, Diff: 9.3, Sum: 196.5]
      [Termination (ms): Min: 0.0, Avg: 2.2, Max: 4.2, Diff: 4.2, Sum: 9.0]
      [GC Worker Other (ms): Min: 0.0, Avg: 0.1, Max: 0.1, Diff: 0.1, Sum: 0.3]
      [GC Worker Total (ms): Min: 83.6, Avg: 84.3, Max: 86.4, Diff: 2.9, Sum: 337.2]
      [GC Worker End (ms): Min: 109708.1, Avg: 109708.2, Max: 109708.2, Diff: 0.1]
   [Code Root Fixup: 0.0 ms]
   [Code Root Migration: 0.0 ms]
   [Clear CT: 0.1 ms]
   [Other: 6.7 ms]
      [Choose CSet: 0.0 ms]
      [Ref Proc: 6.4 ms]
      [Ref Enq: 0.0 ms]
      [Free CSet: 0.1 ms]
   [Eden: 105.0M(105.0M)->0.0B(82.0M) Survivors: 10.0M->15.0M Heap: 529.8M(790.0M)->447.3M(795.0M)]
Heap after GC invocations=79 (full 4):
 garbage-first heap   total 814080K, used 458039K [0x00000000bd400000, 0x00000000eef00000, 0x00000000f0000000)
  region size 1024K, 15 young (15360K), 15 survivors (15360K)
 compacting perm gen  total 131072K, used 77396K [0x00000000f0000000, 0x00000000f8000000, 0x0000000100000000)
   the space 131072K,  59% used [0x00000000f0000000, 0x00000000f4b95318, 0x00000000f4b95400, 0x00000000f8000000)
No shared spaces configured.
}
 [Times: user=0.21 sys=0.00, real=0.09 secs] 
{Heap before GC invocations=79 (full 4):
 garbage-first heap   total 814080K, used 542007K [0x00000000bd400000, 0x00000000eef00000, 0x00000000f0000000)
  region size 1024K, 97 young (99328K), 15 survivors (15360K)
 compacting perm gen  total 131072K, used 77396K [0x00000000f0000000, 0x00000000f8000000, 0x0000000100000000)
   the space 131072K,  59% used [0x00000000f0000000, 0x00000000f4b95318, 0x00000000f4b95400, 0x00000000f8000000)
No shared spaces configured.
110.183: [GC pause (young), 0.1062840 secs]
   [Parallel Time: 105.2 ms, GC Workers: 4]
      [GC Worker Start (ms): Min: 110183.2, Avg: 110183.2, Max: 110183.2, Diff: 0.0]
      [Ext Root Scanning (ms): Min: 20.5, Avg: 38.8, Max: 56.1, Diff: 35.5, Sum: 155.1]
      [SATB Filtering (ms): Min: 0.0, Avg: 0.0, Max: 0.0, Diff: 0.0, Sum: 0.0]
      [Update RS (ms): Min: 0.0, Avg: 10.7, Max: 24.2, Diff: 24.2, Sum: 42.8]
         [Processed Buffers: Min: 0, Avg: 11.5, Max: 40, Diff: 40, Sum: 46]
      [Scan RS (ms): Min: 0.0, Avg: 1.0, Max: 3.8, Diff: 3.8, Sum: 3.9]
      [Code Root Scanning (ms): Min: 0.0, Avg: 0.0, Max: 0.0, Diff: 0.0, Sum: 0.0]
      [Object Copy (ms): Min: 48.9, Avg: 53.0, Max: 60.0, Diff: 11.0, Sum: 212.1]
      [Termination (ms): Min: 0.0, Avg: 1.5, Max: 2.0, Diff: 2.0, Sum: 6.1]
      [GC Worker Other (ms): Min: 0.0, Avg: 0.1, Max: 0.1, Diff: 0.1, Sum: 0.3]
      [GC Worker Total (ms): Min: 105.0, Avg: 105.1, Max: 105.1, Diff: 0.1, Sum: 420.4]
      [GC Worker End (ms): Min: 110288.3, Avg: 110288.3, Max: 110288.3, Diff: 0.1]
   [Code Root Fixup: 0.1 ms]
   [Code Root Migration: 0.0 ms]
   [Clear CT: 0.2 ms]
   [Other: 0.8 ms]
      [Choose CSet: 0.0 ms]
      [Ref Proc: 0.4 ms]
      [Ref Enq: 0.0 ms]
      [Free CSet: 0.1 ms]
   [Eden: 82.0M(82.0M)->0.0B(83.0M) Survivors: 15.0M->13.0M Heap: 529.3M(795.0M)->466.3M(799.0M)]
Heap after GC invocations=80 (full 4):
 garbage-first heap   total 818176K, used 477495K [0x00000000bd400000, 0x00000000ef300000, 0x00000000f0000000)
  region size 1024K, 13 young (13312K), 13 survivors (13312K)
 compacting perm gen  total 131072K, used 77396K [0x00000000f0000000, 0x00000000f8000000, 0x0000000100000000)
   the space 131072K,  59% used [0x00000000f0000000, 0x00000000f4b95318, 0x00000000f4b95400, 0x00000000f8000000)
No shared spaces configured.
}
 [Times: user=0.23 sys=0.00, real=0.11 secs] 
{Heap before GC invocations=80 (full 4):
 garbage-first heap   total 818176K, used 526647K [0x00000000bd400000, 0x00000000ef300000, 0x00000000f0000000)
  region size 1024K, 57 young (58368K), 13 survivors (13312K)
 compacting perm gen  total 131072K, used 77396K [0x00000000f0000000, 0x00000000f8000000, 0x0000000100000000)
   the space 131072K,  59% used [0x00000000f0000000, 0x00000000f4b95318, 0x00000000f4b95400, 0x00000000f8000000)
No shared spaces configured.
110.624: [GC pause (young), 0.0756740 secs]
   [Parallel Time: 74.6 ms, GC Workers: 4]
      [GC Worker Start (ms): Min: 110624.3, Avg: 110627.5, Max: 110630.7, Diff: 6.4]
      [Ext Root Scanning (ms): Min: 14.6, Avg: 18.6, Max: 22.4, Diff: 7.9, Sum: 74.5]
      [SATB Filtering (ms): Min: 0.0, Avg: 0.0, Max: 0.0, Diff: 0.0, Sum: 0.0]
      [Update RS (ms): Min: 11.1, Avg: 14.8, Max: 17.2, Diff: 6.1, Sum: 59.4]
         [Processed Buffers: Min: 3, Avg: 7.8, Max: 13, Diff: 10, Sum: 31]
      [Scan RS (ms): Min: 1.7, Avg: 4.4, Max: 6.2, Diff: 4.5, Sum: 17.5]
      [Code Root Scanning (ms): Min: 0.0, Avg: 0.0, Max: 0.0, Diff: 0.0, Sum: 0.0]
      [Object Copy (ms): Min: 32.7, Avg: 33.2, Max: 34.0, Diff: 1.3, Sum: 132.8]
      [Termination (ms): Min: 0.0, Avg: 0.3, Max: 0.4, Diff: 0.4, Sum: 1.1]
      [GC Worker Other (ms): Min: 0.0, Avg: 0.0, Max: 0.0, Diff: 0.0, Sum: 0.1]
      [GC Worker Total (ms): Min: 68.2, Avg: 71.3, Max: 74.5, Diff: 6.3, Sum: 285.3]
      [GC Worker End (ms): Min: 110698.8, Avg: 110698.8, Max: 110698.8, Diff: 0.0]
   [Code Root Fixup: 0.0 ms]
   [Code Root Migration: 0.0 ms]
   [Clear CT: 0.1 ms]
   [Other: 0.9 ms]
      [Choose CSet: 0.0 ms]
      [Ref Proc: 0.4 ms]
      [Ref Enq: 0.0 ms]
      [Free CSet: 0.1 ms]
   [Eden: 44.0M(32.0M)->0.0B(117.0M) Survivors: 13.0M->6144.0K Heap: 514.3M(799.0M)->481.3M(802.0M)]
Heap after GC invocations=81 (full 4):
 garbage-first heap   total 821248K, used 492855K [0x00000000bd400000, 0x00000000ef600000, 0x00000000f0000000)
  region size 1024K, 6 young (6144K), 6 survivors (6144K)
 compacting perm gen  total 131072K, used 77396K [0x00000000f0000000, 0x00000000f8000000, 0x0000000100000000)
   the space 131072K,  59% used [0x00000000f0000000, 0x00000000f4b95318, 0x00000000f4b95400, 0x00000000f8000000)
No shared spaces configured.
}
 [Times: user=0.21 sys=0.00, real=0.08 secs] 
110.857: [GC concurrent-mark-end, 1.7198720 secs]
110.857: [GC remark 110.858: [GC ref-proc, 0.0013250 secs], 0.0130190 secs]
 [Times: user=0.03 sys=0.00, real=0.01 secs] 
110.871: [GC cleanup 518M->493M(802M), 0.0079590 secs]
 [Times: user=0.02 sys=0.00, real=0.01 secs] 
110.879: [GC concurrent-cleanup-start]
110.879: [GC concurrent-cleanup-end, 0.0000640 secs]
{Heap before GC invocations=82 (full 4):
 garbage-first heap   total 821248K, used 586327K [0x00000000bd400000, 0x00000000ef600000, 0x00000000f0000000)
  region size 1024K, 123 young (125952K), 6 survivors (6144K)
 compacting perm gen  total 131072K, used 77396K [0x00000000f0000000, 0x00000000f8000000, 0x0000000100000000)
   the space 131072K,  59% used [0x00000000f0000000, 0x00000000f4b95318, 0x00000000f4b95400, 0x00000000f8000000)
No shared spaces configured.
111.139: [GC pause (young), 0.1137390 secs]
   [Parallel Time: 111.2 ms, GC Workers: 4]
      [GC Worker Start (ms): Min: 111138.6, Avg: 111140.6, Max: 111146.5, Diff: 7.9]
      [Ext Root Scanning (ms): Min: 17.4, Avg: 23.1, Max: 35.1, Diff: 17.8, Sum: 92.4]
      [Update RS (ms): Min: 10.9, Avg: 15.6, Max: 20.2, Diff: 9.3, Sum: 62.5]
         [Processed Buffers: Min: 1, Avg: 9.8, Max: 24, Diff: 23, Sum: 39]
      [Scan RS (ms): Min: 0.0, Avg: 3.3, Max: 10.5, Diff: 10.5, Sum: 13.3]
      [Code Root Scanning (ms): Min: 0.0, Avg: 0.0, Max: 0.1, Diff: 0.1, Sum: 0.1]
      [Object Copy (ms): Min: 43.3, Avg: 51.9, Max: 59.2, Diff: 15.9, Sum: 207.5]
      [Termination (ms): Min: 0.0, Avg: 12.6, Max: 16.8, Diff: 16.8, Sum: 50.4]
      [GC Worker Other (ms): Min: 0.0, Avg: 0.0, Max: 0.1, Diff: 0.0, Sum: 0.1]
      [GC Worker Total (ms): Min: 100.7, Avg: 106.6, Max: 108.7, Diff: 8.0, Sum: 426.2]
      [GC Worker End (ms): Min: 111247.2, Avg: 111247.2, Max: 111247.2, Diff: 0.1]
   [Code Root Fixup: 0.1 ms]
   [Code Root Migration: 0.1 ms]
   [Clear CT: 0.4 ms]
   [Other: 2.1 ms]
      [Choose CSet: 0.0 ms]
      [Ref Proc: 0.6 ms]
      [Ref Enq: 0.0 ms]
      [Free CSet: 0.5 ms]
   [Eden: 117.0M(117.0M)->0.0B(38.0M) Survivors: 6144.0K->16.0M Heap: 572.6M(802.0M)->482.1M(804.0M)]
Heap after GC invocations=83 (full 4):
 garbage-first heap   total 823296K, used 493655K [0x00000000bd400000, 0x00000000ef800000, 0x00000000f0000000)
  region size 1024K, 16 young (16384K), 16 survivors (16384K)
 compacting perm gen  total 131072K, used 77396K [0x00000000f0000000, 0x00000000f8000000, 0x0000000100000000)
   the space 131072K,  59% used [0x00000000f0000000, 0x00000000f4b95318, 0x00000000f4b95400, 0x00000000f8000000)
No shared spaces configured.
}
 [Times: user=0.27 sys=0.00, real=0.11 secs] 
{Heap before GC invocations=83 (full 4):
 garbage-first heap   total 823296K, used 532567K [0x00000000bd400000, 0x00000000ef800000, 0x00000000f0000000)
  region size 1024K, 54 young (55296K), 16 survivors (16384K)
 compacting perm gen  total 131072K, used 77396K [0x00000000f0000000, 0x00000000f8000000, 0x0000000100000000)
   the space 131072K,  59% used [0x00000000f0000000, 0x00000000f4b95318, 0x00000000f4b95400, 0x00000000f8000000)
No shared spaces configured.
111.381: [GC pause (young), 0.0929260 secs]
   [Parallel Time: 87.5 ms, GC Workers: 4]
      [GC Worker Start (ms): Min: 111381.1, Avg: 111381.6, Max: 111383.0, Diff: 1.9]
      [Ext Root Scanning (ms): Min: 15.7, Avg: 18.9, Max: 25.2, Diff: 9.5, Sum: 75.7]
      [Update RS (ms): Min: 0.0, Avg: 3.1, Max: 4.9, Diff: 4.9, Sum: 12.4]
         [Processed Buffers: Min: 0, Avg: 6.2, Max: 12, Diff: 12, Sum: 25]
      [Scan RS (ms): Min: 0.0, Avg: 1.3, Max: 1.9, Diff: 1.9, Sum: 5.1]
      [Code Root Scanning (ms): Min: 0.0, Avg: 0.0, Max: 0.0, Diff: 0.0, Sum: 0.0]
      [Object Copy (ms): Min: 37.5, Avg: 53.4, Max: 64.3, Diff: 26.8, Sum: 213.7]
      [Termination (ms): Min: 0.0, Avg: 9.8, Max: 24.7, Diff: 24.7, Sum: 39.2]
      [GC Worker Other (ms): Min: 0.0, Avg: 0.0, Max: 0.0, Diff: 0.0, Sum: 0.1]
      [GC Worker Total (ms): Min: 85.0, Avg: 86.5, Max: 87.4, Diff: 2.4, Sum: 346.2]
      [GC Worker End (ms): Min: 111468.0, Avg: 111468.1, Max: 111468.5, Diff: 0.5]
   [Code Root Fixup: 0.0 ms]
   [Code Root Migration: 0.0 ms]
   [Clear CT: 0.1 ms]
   [Other: 5.4 ms]
      [Choose CSet: 0.0 ms]
      [Ref Proc: 5.1 ms]
      [Ref Enq: 0.0 ms]
      [Free CSet: 0.1 ms]
   [Eden: 38.0M(38.0M)->0.0B(89.0M) Survivors: 16.0M->7168.0K Heap: 520.1M(804.0M)->492.1M(804.0M)]
Heap after GC invocations=84 (full 4):
 garbage-first heap   total 823296K, used 503895K [0x00000000bd400000, 0x00000000ef800000, 0x00000000f0000000)
  region size 1024K, 7 young (7168K), 7 survivors (7168K)
 compacting perm gen  total 131072K, used 77396K [0x00000000f0000000, 0x00000000f8000000, 0x0000000100000000)
   the space 131072K,  59% used [0x00000000f0000000, 0x00000000f4b95318, 0x00000000f4b95400, 0x00000000f8000000)
No shared spaces configured.
}
 [Times: user=0.22 sys=0.00, real=0.09 secs] 
{Heap before GC invocations=84 (full 4):
 garbage-first heap   total 823296K, used 545879K [0x00000000bd400000, 0x00000000ef800000, 0x00000000f0000000)
  region size 1024K, 49 young (50176K), 7 survivors (7168K)
 compacting perm gen  total 131072K, used 77396K [0x00000000f0000000, 0x00000000f8000000, 0x0000000100000000)
   the space 131072K,  59% used [0x00000000f0000000, 0x00000000f4b95318, 0x00000000f4b95400, 0x00000000f8000000)
No shared spaces configured.
111.617: [GC pause (young) (initial-mark), 0.0893420 secs]
   [Parallel Time: 85.1 ms, GC Workers: 4]
      [GC Worker Start (ms): Min: 111616.9, Avg: 111620.2, Max: 111623.5, Diff: 6.6]
      [Ext Root Scanning (ms): Min: 10.5, Avg: 33.1, Max: 55.1, Diff: 44.6, Sum: 132.3]
      [Code Root Marking (ms): Min: 0.0, Avg: 3.1, Max: 9.1, Diff: 9.1, Sum: 12.6]
      [Update RS (ms): Min: 0.0, Avg: 10.2, Max: 17.3, Diff: 17.3, Sum: 40.7]
         [Processed Buffers: Min: 0, Avg: 7.2, Max: 16, Diff: 16, Sum: 29]
      [Scan RS (ms): Min: 0.0, Avg: 0.5, Max: 1.8, Diff: 1.7, Sum: 2.2]
      [Code Root Scanning (ms): Min: 0.0, Avg: 0.0, Max: 0.0, Diff: 0.0, Sum: 0.0]
      [Object Copy (ms): Min: 25.1, Avg: 34.6, Max: 52.4, Diff: 27.4, Sum: 138.5]
      [Termination (ms): Min: 0.0, Avg: 0.1, Max: 0.2, Diff: 0.2, Sum: 0.4]
      [GC Worker Other (ms): Min: 0.0, Avg: 0.0, Max: 0.0, Diff: 0.0, Sum: 0.1]
      [GC Worker Total (ms): Min: 78.4, Avg: 81.7, Max: 85.0, Diff: 6.7, Sum: 326.9]
      [GC Worker End (ms): Min: 111701.9, Avg: 111701.9, Max: 111701.9, Diff: 0.0]
   [Code Root Fixup: 0.0 ms]
   [Code Root Migration: 0.0 ms]
   [Clear CT: 0.1 ms]
   [Other: 4.2 ms]
      [Choose CSet: 0.0 ms]
      [Ref Proc: 3.7 ms]
      [Ref Enq: 0.0 ms]
      [Free CSet: 0.1 ms]
   [Eden: 42.0M(89.0M)->0.0B(64.0M) Survivors: 7168.0K->10.0M Heap: 534.1M(804.0M)->503.1M(806.0M)]
Heap after GC invocations=85 (full 4):
 garbage-first heap   total 825344K, used 515159K [0x00000000bd400000, 0x00000000efa00000, 0x00000000f0000000)
  region size 1024K, 10 young (10240K), 10 survivors (10240K)
 compacting perm gen  total 131072K, used 77396K [0x00000000f0000000, 0x00000000f8000000, 0x0000000100000000)
   the space 131072K,  59% used [0x00000000f0000000, 0x00000000f4b95318, 0x00000000f4b95400, 0x00000000f8000000)
No shared spaces configured.
}
 [Times: user=0.18 sys=0.00, real=0.08 secs] 
111.706: [GC concurrent-root-region-scan-start]
111.712: [GC concurrent-root-region-scan-end, 0.0058530 secs]
111.712: [GC concurrent-mark-start]
{Heap before GC invocations=85 (full 4):
 garbage-first heap   total 825344K, used 683095K [0x00000000bd400000, 0x00000000efa00000, 0x00000000f0000000)
  region size 1024K, 74 young (75776K), 10 survivors (10240K)
 compacting perm gen  total 131072K, used 77396K [0x00000000f0000000, 0x00000000f8000000, 0x0000000100000000)
   the space 131072K,  59% used [0x00000000f0000000, 0x00000000f4b95318, 0x00000000f4b95400, 0x00000000f8000000)
No shared spaces configured.
112.182: [GC pause (young), 0.0892830 secs]
   [Parallel Time: 88.5 ms, GC Workers: 4]
      [GC Worker Start (ms): Min: 112182.9, Avg: 112187.0, Max: 112191.2, Diff: 8.3]
      [Ext Root Scanning (ms): Min: 9.2, Avg: 16.4, Max: 28.0, Diff: 18.7, Sum: 65.6]
      [SATB Filtering (ms): Min: 0.0, Avg: 0.0, Max: 0.0, Diff: 0.0, Sum: 0.0]
      [Update RS (ms): Min: 0.0, Avg: 4.0, Max: 6.1, Diff: 6.1, Sum: 16.2]
         [Processed Buffers: Min: 0, Avg: 8.2, Max: 18, Diff: 18, Sum: 33]
      [Scan RS (ms): Min: 0.0, Avg: 0.7, Max: 1.0, Diff: 1.0, Sum: 3.0]
      [Code Root Scanning (ms): Min: 0.0, Avg: 0.0, Max: 0.0, Diff: 0.0, Sum: 0.0]
      [Object Copy (ms): Min: 38.9, Avg: 46.3, Max: 63.7, Diff: 24.8, Sum: 185.3]
      [Termination (ms): Min: 0.0, Avg: 16.1, Max: 21.5, Diff: 21.5, Sum: 64.6]
      [GC Worker Other (ms): Min: 0.0, Avg: 0.6, Max: 2.1, Diff: 2.1, Sum: 2.2]
      [GC Worker Total (ms): Min: 80.1, Avg: 84.2, Max: 88.4, Diff: 8.3, Sum: 336.9]
      [GC Worker End (ms): Min: 112271.2, Avg: 112271.2, Max: 112271.2, Diff: 0.0]
   [Code Root Fixup: 0.0 ms]
   [Code Root Migration: 0.0 ms]
   [Clear CT: 0.1 ms]
   [Other: 0.7 ms]
      [Choose CSet: 0.0 ms]
      [Ref Proc: 0.2 ms]
      [Ref Enq: 0.0 ms]
      [Free CSet: 0.1 ms]
   [Eden: 64.0M(64.0M)->0.0B(82.0M) Survivors: 10.0M->10.0M Heap: 667.1M(806.0M)->616.6M(808.0M)]
Heap after GC invocations=86 (full 4):
 garbage-first heap   total 827392K, used 631383K [0x00000000bd400000, 0x00000000efc00000, 0x00000000f0000000)
  region size 1024K, 10 young (10240K), 10 survivors (10240K)
 compacting perm gen  total 131072K, used 77396K [0x00000000f0000000, 0x00000000f8000000, 0x0000000100000000)
   the space 131072K,  59% used [0x00000000f0000000, 0x00000000f4b95318, 0x00000000f4b95400, 0x00000000f8000000)
No shared spaces configured.
}
 [Times: user=0.23 sys=0.00, real=0.09 secs] 
{Heap before GC invocations=86 (full 4):
 garbage-first heap   total 827392K, used 715351K [0x00000000bd400000, 0x00000000efc00000, 0x00000000f0000000)
  region size 1024K, 92 young (94208K), 10 survivors (10240K)
 compacting perm gen  total 131072K, used 77396K [0x00000000f0000000, 0x00000000f8000000, 0x0000000100000000)
   the space 131072K,  59% used [0x00000000f0000000, 0x00000000f4b95318, 0x00000000f4b95400, 0x00000000f8000000)
No shared spaces configured.
112.680: [GC pause (young), 0.1301020 secs]
   [Parallel Time: 128.3 ms, GC Workers: 4]
      [GC Worker Start (ms): Min: 112679.6, Avg: 112684.2, Max: 112688.8, Diff: 9.2]
      [Ext Root Scanning (ms): Min: 19.2, Avg: 21.5, Max: 26.6, Diff: 7.4, Sum: 85.8]
      [SATB Filtering (ms): Min: 0.0, Avg: 0.0, Max: 0.0, Diff: 0.0, Sum: 0.0]
      [Update RS (ms): Min: 4.9, Avg: 7.7, Max: 12.7, Diff: 7.8, Sum: 30.7]
         [Processed Buffers: Min: 1, Avg: 7.8, Max: 15, Diff: 14, Sum: 31]
      [Scan RS (ms): Min: 0.4, Avg: 0.8, Max: 1.8, Diff: 1.4, Sum: 3.1]
      [Code Root Scanning (ms): Min: 0.0, Avg: 0.0, Max: 0.0, Diff: 0.0, Sum: 0.0]
      [Object Copy (ms): Min: 93.1, Avg: 93.6, Max: 94.1, Diff: 1.0, Sum: 374.3]
      [Termination (ms): Min: 0.0, Avg: 0.1, Max: 0.2, Diff: 0.2, Sum: 0.4]
      [GC Worker Other (ms): Min: 0.0, Avg: 0.0, Max: 0.0, Diff: 0.0, Sum: 0.1]
      [GC Worker Total (ms): Min: 119.1, Avg: 123.6, Max: 128.2, Diff: 9.2, Sum: 494.6]
      [GC Worker End (ms): Min: 112807.8, Avg: 112807.9, Max: 112807.9, Diff: 0.0]
   [Code Root Fixup: 0.0 ms]
   [Code Root Migration: 0.0 ms]
   [Clear CT: 0.1 ms]
   [Other: 1.6 ms]
      [Choose CSet: 0.0 ms]
      [Ref Proc: 1.1 ms]
      [Ref Enq: 0.0 ms]
      [Free CSet: 0.2 ms]
   [Eden: 82.0M(82.0M)->0.0B(47.0M) Survivors: 10.0M->12.0M Heap: 698.6M(808.0M)->636.1M(809.0M)]
Heap after GC invocations=87 (full 4):
 garbage-first heap   total 828416K, used 651351K [0x00000000bd400000, 0x00000000efd00000, 0x00000000f0000000)
  region size 1024K, 12 young (12288K), 12 survivors (12288K)
 compacting perm gen  total 131072K, used 77396K [0x00000000f0000000, 0x00000000f8000000, 0x0000000100000000)
   the space 131072K,  59% used [0x00000000f0000000, 0x00000000f4b95318, 0x00000000f4b95400, 0x00000000f8000000)
No shared spaces configured.
}
 [Times: user=0.18 sys=0.12, real=0.13 secs] 
{Heap before GC invocations=87 (full 4):
 garbage-first heap   total 828416K, used 699479K [0x00000000bd400000, 0x00000000efd00000, 0x00000000f0000000)
  region size 1024K, 59 young (60416K), 12 survivors (12288K)
 compacting perm gen  total 131072K, used 77396K [0x00000000f0000000, 0x00000000f8000000, 0x0000000100000000)
   the space 131072K,  59% used [0x00000000f0000000, 0x00000000f4b95318, 0x00000000f4b95400, 0x00000000f8000000)
No shared spaces configured.
113.033: [GC pause (young), 0.0706650 secs]
   [Parallel Time: 66.4 ms, GC Workers: 4]
      [GC Worker Start (ms): Min: 113033.2, Avg: 113033.3, Max: 113033.6, Diff: 0.4]
      [Ext Root Scanning (ms): Min: 18.1, Avg: 23.4, Max: 34.5, Diff: 16.3, Sum: 93.7]
      [SATB Filtering (ms): Min: 0.0, Avg: 0.0, Max: 0.1, Diff: 0.1, Sum: 0.1]
      [Update RS (ms): Min: 0.0, Avg: 7.4, Max: 11.2, Diff: 11.2, Sum: 29.5]
         [Processed Buffers: Min: 0, Avg: 8.0, Max: 13, Diff: 13, Sum: 32]
      [Scan RS (ms): Min: 0.0, Avg: 0.9, Max: 1.5, Diff: 1.5, Sum: 3.5]
      [Code Root Scanning (ms): Min: 0.0, Avg: 0.0, Max: 0.0, Diff: 0.0, Sum: 0.0]
      [Object Copy (ms): Min: 30.0, Avg: 30.6, Max: 31.9, Diff: 1.9, Sum: 122.3]
      [Termination (ms): Min: 0.0, Avg: 4.0, Max: 5.3, Diff: 5.3, Sum: 15.8]
      [GC Worker Other (ms): Min: 0.0, Avg: 0.0, Max: 0.0, Diff: 0.0, Sum: 0.1]
      [GC Worker Total (ms): Min: 66.0, Avg: 66.3, Max: 66.4, Diff: 0.4, Sum: 265.1]
      [GC Worker End (ms): Min: 113099.5, Avg: 113099.6, Max: 113099.6, Diff: 0.0]
   [Code Root Fixup: 0.0 ms]
   [Code Root Migration: 0.0 ms]
   [Clear CT: 1.4 ms]
   [Other: 2.8 ms]
      [Choose CSet: 0.0 ms]
      [Ref Proc: 2.5 ms]
      [Ref Enq: 0.0 ms]
      [Free CSet: 0.1 ms]
   [Eden: 47.0M(47.0M)->0.0B(62.0M) Survivors: 12.0M->8192.0K Heap: 683.1M(809.0M)->648.1M(810.0M)]
Heap after GC invocations=88 (full 4):
 garbage-first heap   total 829440K, used 663639K [0x00000000bd400000, 0x00000000efe00000, 0x00000000f0000000)
  region size 1024K, 8 young (8192K), 8 survivors (8192K)
 compacting perm gen  total 131072K, used 77396K [0x00000000f0000000, 0x00000000f8000000, 0x0000000100000000)
   the space 131072K,  59% used [0x00000000f0000000, 0x00000000f4b95318, 0x00000000f4b95400, 0x00000000f8000000)
No shared spaces configured.
}
 [Times: user=0.20 sys=0.00, real=0.07 secs] 
{Heap before GC invocations=88 (full 4):
 garbage-first heap   total 829440K, used 727127K [0x00000000bd400000, 0x00000000efe00000, 0x00000000f0000000)
  region size 1024K, 70 young (71680K), 8 survivors (8192K)
 compacting perm gen  total 131072K, used 77396K [0x00000000f0000000, 0x00000000f8000000, 0x0000000100000000)
   the space 131072K,  59% used [0x00000000f0000000, 0x00000000f4b95318, 0x00000000f4b95400, 0x00000000f8000000)
No shared spaces configured.
113.514: [GC pause (young), 0.0946920 secs]
   [Parallel Time: 85.2 ms, GC Workers: 4]
      [GC Worker Start (ms): Min: 113514.3, Avg: 113517.8, Max: 113521.7, Diff: 7.4]
      [Ext Root Scanning (ms): Min: 18.4, Avg: 31.7, Max: 50.7, Diff: 32.3, Sum: 126.9]
      [SATB Filtering (ms): Min: 0.0, Avg: 0.0, Max: 0.0, Diff: 0.0, Sum: 0.0]
      [Update RS (ms): Min: 0.0, Avg: 8.9, Max: 15.2, Diff: 15.2, Sum: 35.4]
         [Processed Buffers: Min: 0, Avg: 8.0, Max: 18, Diff: 18, Sum: 32]
      [Scan RS (ms): Min: 0.0, Avg: 0.5, Max: 1.1, Diff: 1.1, Sum: 1.9]
      [Code Root Scanning (ms): Min: 0.0, Avg: 0.0, Max: 0.0, Diff: 0.0, Sum: 0.0]
      [Object Copy (ms): Min: 27.0, Avg: 32.6, Max: 37.8, Diff: 10.8, Sum: 130.5]
      [Termination (ms): Min: 0.0, Avg: 8.0, Max: 11.8, Diff: 11.8, Sum: 31.9]
      [GC Worker Other (ms): Min: 0.0, Avg: 0.0, Max: 0.0, Diff: 0.0, Sum: 0.1]
      [GC Worker Total (ms): Min: 77.8, Avg: 81.7, Max: 85.2, Diff: 7.4, Sum: 326.7]
      [GC Worker End (ms): Min: 113599.5, Avg: 113599.5, Max: 113599.5, Diff: 0.0]
   [Code Root Fixup: 0.0 ms]
   [Code Root Migration: 0.0 ms]
   [Clear CT: 0.1 ms]
   [Other: 9.4 ms]
      [Choose CSet: 0.0 ms]
      [Ref Proc: 8.9 ms]
      [Ref Enq: 0.0 ms]
      [Free CSet: 0.1 ms]
   [Eden: 62.0M(62.0M)->0.0B(49.0M) Survivors: 8192.0K->9216.0K Heap: 710.1M(810.0M)->662.6M(811.0M)]
Heap after GC invocations=89 (full 4):
 garbage-first heap   total 830464K, used 678487K [0x00000000bd400000, 0x00000000eff00000, 0x00000000f0000000)
  region size 1024K, 9 young (9216K), 9 survivors (9216K)
 compacting perm gen  total 131072K, used 77396K [0x00000000f0000000, 0x00000000f8000000, 0x0000000100000000)
   the space 131072K,  59% used [0x00000000f0000000, 0x00000000f4b95318, 0x00000000f4b95400, 0x00000000f8000000)
No shared spaces configured.
}
 [Times: user=0.22 sys=0.01, real=0.10 secs] 
113.830: [GC concurrent-mark-end, 2.1180900 secs]
113.831: [GC remark 113.831: [GC ref-proc, 0.0015600 secs], 0.0200900 secs]
 [Times: user=0.04 sys=0.00, real=0.02 secs] 
113.851: [GC cleanup 700M->673M(811M), 0.0059640 secs]
 [Times: user=0.01 sys=0.00, real=0.01 secs] 
113.857: [GC concurrent-cleanup-start]
113.857: [GC concurrent-cleanup-end, 0.0000490 secs]
{Heap before GC invocations=90 (full 4):
 garbage-first heap   total 830464K, used 701015K [0x00000000bd400000, 0x00000000eff00000, 0x00000000f0000000)
  region size 1024K, 58 young (59392K), 9 survivors (9216K)
 compacting perm gen  total 131072K, used 77396K [0x00000000f0000000, 0x00000000f8000000, 0x0000000100000000)
   the space 131072K,  59% used [0x00000000f0000000, 0x00000000f4b95318, 0x00000000f4b95400, 0x00000000f8000000)
No shared spaces configured.
113.909: [GC pause (young), 0.0899910 secs]
   [Parallel Time: 87.0 ms, GC Workers: 4]
      [GC Worker Start (ms): Min: 113908.6, Avg: 113908.6, Max: 113908.6, Diff: 0.0]
      [Ext Root Scanning (ms): Min: 14.9, Avg: 21.0, Max: 26.2, Diff: 11.3, Sum: 83.9]
      [Update RS (ms): Min: 2.0, Avg: 6.0, Max: 11.3, Diff: 9.4, Sum: 24.0]
         [Processed Buffers: Min: 1, Avg: 9.8, Max: 19, Diff: 18, Sum: 39]
      [Scan RS (ms): Min: 0.0, Avg: 0.6, Max: 0.9, Diff: 0.9, Sum: 2.5]
      [Code Root Scanning (ms): Min: 0.0, Avg: 0.0, Max: 0.0, Diff: 0.0, Sum: 0.0]
      [Object Copy (ms): Min: 27.1, Avg: 35.1, Max: 57.0, Diff: 29.9, Sum: 140.5]
      [Termination (ms): Min: 0.0, Avg: 22.5, Max: 30.9, Diff: 30.9, Sum: 90.1]
      [GC Worker Other (ms): Min: 0.0, Avg: 0.2, Max: 0.6, Diff: 0.5, Sum: 0.9]
      [GC Worker Total (ms): Min: 85.1, Avg: 85.5, Max: 86.2, Diff: 1.2, Sum: 342.0]
      [GC Worker End (ms): Min: 113993.7, Avg: 113994.1, Max: 113994.9, Diff: 1.1]
   [Code Root Fixup: 0.1 ms]
   [Code Root Migration: 0.0 ms]
   [Clear CT: 0.1 ms]
   [Other: 2.9 ms]
      [Choose CSet: 0.0 ms]
      [Ref Proc: 2.5 ms]
      [Ref Enq: 0.0 ms]
      [Free CSet: 0.1 ms]
   [Eden: 49.0M(49.0M)->0.0B(64.0M) Survivors: 9216.0K->8192.0K Heap: 684.6M(811.0M)->647.6M(812.0M)]
Heap after GC invocations=91 (full 4):
 garbage-first heap   total 831488K, used 663127K [0x00000000bd400000, 0x00000000f0000000, 0x00000000f0000000)
  region size 1024K, 8 young (8192K), 8 survivors (8192K)
 compacting perm gen  total 131072K, used 77396K [0x00000000f0000000, 0x00000000f8000000, 0x0000000100000000)
   the space 131072K,  59% used [0x00000000f0000000, 0x00000000f4b95318, 0x00000000f4b95400, 0x00000000f8000000)
No shared spaces configured.
}
 [Times: user=0.24 sys=0.01, real=0.09 secs] 
{Heap before GC invocations=91 (full 4):
 garbage-first heap   total 831488K, used 728663K [0x00000000bd400000, 0x00000000f0000000, 0x00000000f0000000)
  region size 1024K, 72 young (73728K), 8 survivors (8192K)
 compacting perm gen  total 131072K, used 77396K [0x00000000f0000000, 0x00000000f8000000, 0x0000000100000000)
   the space 131072K,  59% used [0x00000000f0000000, 0x00000000f4b95318, 0x00000000f4b95400, 0x00000000f8000000)
No shared spaces configured.
114.240: [GC pause (young), 0.0876000 secs]
   [Parallel Time: 86.8 ms, GC Workers: 4]
      [GC Worker Start (ms): Min: 114240.5, Avg: 114243.2, Max: 114246.0, Diff: 5.5]
      [Ext Root Scanning (ms): Min: 16.6, Avg: 18.4, Max: 21.4, Diff: 4.8, Sum: 73.5]
      [Update RS (ms): Min: 2.1, Avg: 13.8, Max: 19.6, Diff: 17.6, Sum: 55.3]
         [Processed Buffers: Min: 1, Avg: 9.0, Max: 13, Diff: 12, Sum: 36]
      [Scan RS (ms): Min: 0.0, Avg: 0.3, Max: 0.7, Diff: 0.7, Sum: 1.2]
      [Code Root Scanning (ms): Min: 0.0, Avg: 0.0, Max: 0.0, Diff: 0.0, Sum: 0.0]
      [Object Copy (ms): Min: 43.3, Avg: 51.3, Max: 62.0, Diff: 18.7, Sum: 205.1]
      [Termination (ms): Min: 0.0, Avg: 0.2, Max: 0.3, Diff: 0.3, Sum: 0.7]
      [GC Worker Other (ms): Min: 0.0, Avg: 0.0, Max: 0.0, Diff: 0.0, Sum: 0.0]
      [GC Worker Total (ms): Min: 81.2, Avg: 83.9, Max: 86.7, Diff: 5.5, Sum: 335.8]
      [GC Worker End (ms): Min: 114327.2, Avg: 114327.2, Max: 114327.2, Diff: 0.0]
   [Code Root Fixup: 0.0 ms]
   [Code Root Migration: 0.0 ms]
   [Clear CT: 0.1 ms]
   [Other: 0.7 ms]
      [Choose CSet: 0.0 ms]
      [Ref Proc: 0.5 ms]
      [Ref Enq: 0.0 ms]
      [Free CSet: 0.1 ms]
   [Eden: 64.0M(64.0M)->0.0B(52.0M) Survivors: 8192.0K->9216.0K Heap: 711.6M(812.0M)->662.6M(812.0M)]
Heap after GC invocations=92 (full 4):
 garbage-first heap   total 831488K, used 678487K [0x00000000bd400000, 0x00000000f0000000, 0x00000000f0000000)
  region size 1024K, 9 young (9216K), 9 survivors (9216K)
 compacting perm gen  total 131072K, used 77396K [0x00000000f0000000, 0x00000000f8000000, 0x0000000100000000)
   the space 131072K,  59% used [0x00000000f0000000, 0x00000000f4b95318, 0x00000000f4b95400, 0x00000000f8000000)
No shared spaces configured.
}
 [Times: user=0.17 sys=0.00, real=0.09 secs] 
{Heap before GC invocations=92 (full 4):
 garbage-first heap   total 831488K, used 686679K [0x00000000bd400000, 0x00000000f0000000, 0x00000000f0000000)
  region size 1024K, 18 young (18432K), 9 survivors (9216K)
 compacting perm gen  total 131072K, used 77396K [0x00000000f0000000, 0x00000000f8000000, 0x0000000100000000)
   the space 131072K,  59% used [0x00000000f0000000, 0x00000000f4b95318, 0x00000000f4b95400, 0x00000000f8000000)
No shared spaces configured.
114.363: [GC pause (young) (initial-mark), 0.0676010 secs]
   [Parallel Time: 67.0 ms, GC Workers: 4]
      [GC Worker Start (ms): Min: 114363.6, Avg: 114368.3, Max: 114374.6, Diff: 11.0]
      [Ext Root Scanning (ms): Min: 22.9, Avg: 27.9, Max: 38.2, Diff: 15.3, Sum: 111.8]
      [Code Root Marking (ms): Min: 0.0, Avg: 2.3, Max: 9.0, Diff: 9.0, Sum: 9.1]
      [Update RS (ms): Min: 2.0, Avg: 7.6, Max: 14.8, Diff: 12.8, Sum: 30.4]
         [Processed Buffers: Min: 3, Avg: 7.2, Max: 16, Diff: 13, Sum: 29]
      [Scan RS (ms): Min: 0.0, Avg: 1.6, Max: 4.9, Diff: 4.9, Sum: 6.3]
      [Code Root Scanning (ms): Min: 0.0, Avg: 0.0, Max: 0.0, Diff: 0.0, Sum: 0.0]
      [Object Copy (ms): Min: 16.8, Avg: 22.1, Max: 29.7, Diff: 12.9, Sum: 88.2]
      [Termination (ms): Min: 0.0, Avg: 0.8, Max: 1.1, Diff: 1.1, Sum: 3.3]
      [GC Worker Other (ms): Min: 0.0, Avg: 0.0, Max: 0.0, Diff: 0.0, Sum: 0.0]
      [GC Worker Total (ms): Min: 55.9, Avg: 62.3, Max: 67.0, Diff: 11.0, Sum: 249.1]
      [GC Worker End (ms): Min: 114430.5, Avg: 114430.6, Max: 114430.6, Diff: 0.0]
   [Code Root Fixup: 0.0 ms]
   [Code Root Migration: 0.0 ms]
   [Clear CT: 0.0 ms]
   [Other: 0.5 ms]
      [Choose CSet: 0.0 ms]
      [Ref Proc: 0.2 ms]
      [Ref Enq: 0.0 ms]
      [Free CSet: 0.0 ms]
   [Eden: 9216.0K(52.0M)->0.0B(48.0M) Survivors: 9216.0K->3072.0K Heap: 671.2M(812.0M)->666.1M(812.0M)]
Heap after GC invocations=93 (full 4):
 garbage-first heap   total 831488K, used 682071K [0x00000000bd400000, 0x00000000f0000000, 0x00000000f0000000)
  region size 1024K, 3 young (3072K), 3 survivors (3072K)
 compacting perm gen  total 131072K, used 77396K [0x00000000f0000000, 0x00000000f8000000, 0x0000000100000000)
   the space 131072K,  59% used [0x00000000f0000000, 0x00000000f4b95318, 0x00000000f4b95400, 0x00000000f8000000)
No shared spaces configured.
}
 [Times: user=0.14 sys=0.00, real=0.07 secs] 
114.431: [GC concurrent-root-region-scan-start]
114.439: [GC concurrent-root-region-scan-end, 0.0082550 secs]
114.439: [GC concurrent-mark-start]
{Heap before GC invocations=93 (full 4):
 garbage-first heap   total 831488K, used 738391K [0x00000000bd400000, 0x00000000f0000000, 0x00000000f0000000)
  region size 1024K, 51 young (52224K), 3 survivors (3072K)
 compacting perm gen  total 131072K, used 77396K [0x00000000f0000000, 0x00000000f8000000, 0x0000000100000000)
   the space 131072K,  59% used [0x00000000f0000000, 0x00000000f4b95318, 0x00000000f4b95400, 0x00000000f8000000)
No shared spaces configured.
114.904: [Full GC 722M->216M(721M), 1.0413590 secs]
   [Eden: 48.0M(48.0M)->0.0B(128.0M) Survivors: 3072.0K->0.0B Heap: 722.1M(812.0M)->216.1M(721.0M)], [Perm: 77396K->77396K(131072K)]
Heap after GC invocations=94 (full 5):
 garbage-first heap   total 738304K, used 221290K [0x00000000bd400000, 0x00000000ea500000, 0x00000000f0000000)
  region size 1024K, 0 young (0K), 0 survivors (0K)
 compacting perm gen  total 131072K, used 77396K [0x00000000f0000000, 0x00000000f8000000, 0x0000000100000000)
   the space 131072K,  59% used [0x00000000f0000000, 0x00000000f4b95318, 0x00000000f4b95400, 0x00000000f8000000)
No shared spaces configured.
}
 [Times: user=1.31 sys=0.00, real=1.04 secs] 
115.946: [GC concurrent-mark-abort]
{Heap before GC invocations=94 (full 5):
 garbage-first heap   total 738304K, used 377674K [0x00000000bd400000, 0x00000000ea500000, 0x00000000f0000000)
  region size 1024K, 128 young (131072K), 0 survivors (0K)
 compacting perm gen  total 131072K, used 77418K [0x00000000f0000000, 0x00000000f8000000, 0x0000000100000000)
   the space 131072K,  59% used [0x00000000f0000000, 0x00000000f4b9a9d0, 0x00000000f4b9aa00, 0x00000000f8000000)
No shared spaces configured.
146.773: [GC pause (young), 0.0868890 secs]
   [Parallel Time: 86.0 ms, GC Workers: 4]
      [GC Worker Start (ms): Min: 146773.5, Avg: 146775.3, Max: 146780.7, Diff: 7.3]
      [Ext Root Scanning (ms): Min: 15.9, Avg: 20.8, Max: 27.3, Diff: 11.4, Sum: 83.4]
      [Update RS (ms): Min: 0.0, Avg: 4.5, Max: 9.7, Diff: 9.7, Sum: 18.1]
         [Processed Buffers: Min: 0, Avg: 15.0, Max: 57, Diff: 57, Sum: 60]
      [Scan RS (ms): Min: 0.0, Avg: 0.8, Max: 2.9, Diff: 2.9, Sum: 3.3]
      [Code Root Scanning (ms): Min: 0.0, Avg: 0.0, Max: 0.0, Diff: 0.0, Sum: 0.0]
      [Object Copy (ms): Min: 46.8, Avg: 53.6, Max: 60.4, Diff: 13.7, Sum: 214.5]
      [Termination (ms): Min: 0.0, Avg: 2.9, Max: 4.8, Diff: 4.8, Sum: 11.5]
      [GC Worker Other (ms): Min: 0.0, Avg: 0.0, Max: 0.0, Diff: 0.0, Sum: 0.1]
      [GC Worker Total (ms): Min: 75.8, Avg: 82.7, Max: 86.0, Diff: 10.2, Sum: 330.9]
      [GC Worker End (ms): Min: 146856.6, Avg: 146858.0, Max: 146859.4, Diff: 2.9]
   [Code Root Fixup: 0.0 ms]
   [Code Root Migration: 0.0 ms]
   [Clear CT: 0.1 ms]
   [Other: 0.7 ms]
      [Choose CSet: 0.0 ms]
      [Ref Proc: 0.3 ms]
      [Ref Enq: 0.0 ms]
      [Free CSet: 0.1 ms]
   [Eden: 128.0M(128.0M)->0.0B(68.0M) Survivors: 0.0B->16.0M Heap: 368.8M(721.0M)->267.8M(740.0M)]
Heap after GC invocations=95 (full 5):
 garbage-first heap   total 757760K, used 274250K [0x00000000bd400000, 0x00000000eb800000, 0x00000000f0000000)
  region size 1024K, 16 young (16384K), 16 survivors (16384K)
 compacting perm gen  total 131072K, used 77418K [0x00000000f0000000, 0x00000000f8000000, 0x0000000100000000)
   the space 131072K,  59% used [0x00000000f0000000, 0x00000000f4b9a9d0, 0x00000000f4b9aa00, 0x00000000f8000000)
No shared spaces configured.
}
 [Times: user=0.18 sys=0.00, real=0.09 secs] 
{Heap before GC invocations=95 (full 5):
 garbage-first heap   total 757760K, used 344906K [0x00000000bd400000, 0x00000000eb800000, 0x00000000f0000000)
  region size 1024K, 84 young (86016K), 16 survivors (16384K)
 compacting perm gen  total 131072K, used 77418K [0x00000000f0000000, 0x00000000f8000000, 0x0000000100000000)
   the space 131072K,  59% used [0x00000000f0000000, 0x00000000f4b9a9d0, 0x00000000f4b9aa00, 0x00000000f8000000)
No shared spaces configured.
147.108: [GC pause (young), 0.0834380 secs]
   [Parallel Time: 82.9 ms, GC Workers: 4]
      [GC Worker Start (ms): Min: 147108.5, Avg: 147110.0, Max: 147111.6, Diff: 3.1]
      [Ext Root Scanning (ms): Min: 15.2, Avg: 20.8, Max: 26.3, Diff: 11.1, Sum: 83.2]
      [Update RS (ms): Min: 4.5, Avg: 8.6, Max: 12.0, Diff: 7.5, Sum: 34.3]
         [Processed Buffers: Min: 2, Avg: 12.8, Max: 36, Diff: 34, Sum: 51]
      [Scan RS (ms): Min: 0.0, Avg: 1.2, Max: 2.5, Diff: 2.5, Sum: 4.6]
      [Code Root Scanning (ms): Min: 0.0, Avg: 0.0, Max: 0.0, Diff: 0.0, Sum: 0.0]
      [Object Copy (ms): Min: 49.3, Avg: 50.6, Max: 52.0, Diff: 2.8, Sum: 202.3]
      [Termination (ms): Min: 0.0, Avg: 0.1, Max: 0.1, Diff: 0.1, Sum: 0.4]
      [GC Worker Other (ms): Min: 0.0, Avg: 0.0, Max: 0.0, Diff: 0.0, Sum: 0.1]
      [GC Worker Total (ms): Min: 79.7, Avg: 81.2, Max: 82.8, Diff: 3.1, Sum: 324.9]
      [GC Worker End (ms): Min: 147191.3, Avg: 147191.3, Max: 147191.3, Diff: 0.0]
   [Code Root Fixup: 0.0 ms]
   [Code Root Migration: 0.0 ms]
   [Clear CT: 0.1 ms]
   [Other: 0.5 ms]
      [Choose CSet: 0.0 ms]
      [Ref Proc: 0.2 ms]
      [Ref Enq: 0.0 ms]
      [Free CSet: 0.1 ms]
   [Eden: 68.0M(68.0M)->0.0B(86.0M) Survivors: 16.0M->11.0M Heap: 336.8M(740.0M)->284.3M(740.0M)]
Heap after GC invocations=96 (full 5):
 garbage-first heap   total 757760K, used 291146K [0x00000000bd400000, 0x00000000eb800000, 0x00000000f0000000)
  region size 1024K, 11 young (11264K), 11 survivors (11264K)
 compacting perm gen  total 131072K, used 77418K [0x00000000f0000000, 0x00000000f8000000, 0x0000000100000000)
   the space 131072K,  59% used [0x00000000f0000000, 0x00000000f4b9a9d0, 0x00000000f4b9aa00, 0x00000000f8000000)
No shared spaces configured.
}
 [Times: user=0.21 sys=0.00, real=0.08 secs] 
{Heap before GC invocations=96 (full 5):
 garbage-first heap   total 757760K, used 404810K [0x00000000bd400000, 0x00000000eb800000, 0x00000000f0000000)
  region size 1024K, 97 young (99328K), 11 survivors (11264K)
 compacting perm gen  total 131072K, used 77418K [0x00000000f0000000, 0x00000000f8000000, 0x0000000100000000)
   the space 131072K,  59% used [0x00000000f0000000, 0x00000000f4b9a9d0, 0x00000000f4b9aa00, 0x00000000f8000000)
No shared spaces configured.
147.489: [GC pause (young), 0.0731380 secs]
   [Parallel Time: 72.5 ms, GC Workers: 4]
      [GC Worker Start (ms): Min: 147488.7, Avg: 147488.7, Max: 147488.8, Diff: 0.0]
      [Ext Root Scanning (ms): Min: 14.1, Avg: 18.9, Max: 25.7, Diff: 11.6, Sum: 75.6]
      [Update RS (ms): Min: 0.0, Avg: 9.9, Max: 30.2, Diff: 30.2, Sum: 39.8]
         [Processed Buffers: Min: 0, Avg: 10.5, Max: 22, Diff: 22, Sum: 42]
      [Scan RS (ms): Min: 0.0, Avg: 2.0, Max: 3.7, Diff: 3.7, Sum: 7.9]
      [Code Root Scanning (ms): Min: 0.0, Avg: 0.0, Max: 0.0, Diff: 0.0, Sum: 0.0]
      [Object Copy (ms): Min: 28.1, Avg: 41.6, Max: 46.3, Diff: 18.2, Sum: 166.4]
      [Termination (ms): Min: 0.0, Avg: 0.0, Max: 0.0, Diff: 0.0, Sum: 0.0]
      [GC Worker Other (ms): Min: 0.0, Avg: 0.0, Max: 0.0, Diff: 0.0, Sum: 0.1]
      [GC Worker Total (ms): Min: 72.4, Avg: 72.4, Max: 72.5, Diff: 0.1, Sum: 289.8]
      [GC Worker End (ms): Min: 147561.2, Avg: 147561.2, Max: 147561.2, Diff: 0.0]
   [Code Root Fixup: 0.0 ms]
   [Code Root Migration: 0.0 ms]
   [Clear CT: 0.1 ms]
   [Other: 0.5 ms]
      [Choose CSet: 0.0 ms]
      [Ref Proc: 0.2 ms]
      [Ref Enq: 0.0 ms]
      [Free CSet: 0.1 ms]
   [Eden: 86.0M(86.0M)->0.0B(82.0M) Survivors: 11.0M->13.0M Heap: 395.3M(740.0M)->328.3M(740.0M)]
Heap after GC invocations=97 (full 5):
 garbage-first heap   total 757760K, used 336202K [0x00000000bd400000, 0x00000000eb800000, 0x00000000f0000000)
  region size 1024K, 13 young (13312K), 13 survivors (13312K)
 compacting perm gen  total 131072K, used 77418K [0x00000000f0000000, 0x00000000f8000000, 0x0000000100000000)
   the space 131072K,  59% used [0x00000000f0000000, 0x00000000f4b9a9d0, 0x00000000f4b9aa00, 0x00000000f8000000)
No shared spaces configured.
}
 [Times: user=0.19 sys=0.00, real=0.07 secs] 
{Heap before GC invocations=97 (full 5):
 garbage-first heap   total 757760K, used 419146K [0x00000000bd400000, 0x00000000eb800000, 0x00000000f0000000)
  region size 1024K, 92 young (94208K), 13 survivors (13312K)
 compacting perm gen  total 131072K, used 77418K [0x00000000f0000000, 0x00000000f8000000, 0x0000000100000000)
   the space 131072K,  59% used [0x00000000f0000000, 0x00000000f4b9a9d0, 0x00000000f4b9aa00, 0x00000000f8000000)
No shared spaces configured.
147.865: [GC pause (young), 0.1140770 secs]
   [Parallel Time: 112.8 ms, GC Workers: 4]
      [GC Worker Start (ms): Min: 147864.8, Avg: 147868.1, Max: 147871.5, Diff: 6.7]
      [Ext Root Scanning (ms): Min: 24.4, Avg: 30.7, Max: 37.0, Diff: 12.6, Sum: 122.8]
      [Update RS (ms): Min: 5.4, Avg: 9.7, Max: 21.3, Diff: 15.9, Sum: 38.9]
         [Processed Buffers: Min: 8, Avg: 10.8, Max: 14, Diff: 6, Sum: 43]
      [Scan RS (ms): Min: 3.3, Avg: 10.5, Max: 20.3, Diff: 17.0, Sum: 42.0]
      [Code Root Scanning (ms): Min: 0.0, Avg: 0.0, Max: 0.0, Diff: 0.0, Sum: 0.0]
      [Object Copy (ms): Min: 34.6, Avg: 47.7, Max: 61.6, Diff: 26.9, Sum: 190.7]
      [Termination (ms): Min: 0.0, Avg: 8.7, Max: 11.7, Diff: 11.7, Sum: 34.8]
      [GC Worker Other (ms): Min: 0.0, Avg: 0.0, Max: 0.0, Diff: 0.0, Sum: 0.1]
      [GC Worker Total (ms): Min: 104.0, Avg: 107.4, Max: 110.7, Diff: 6.7, Sum: 429.4]
      [GC Worker End (ms): Min: 147975.5, Avg: 147975.5, Max: 147975.5, Diff: 0.1]
   [Code Root Fixup: 0.0 ms]
   [Code Root Migration: 0.0 ms]
   [Clear CT: 0.1 ms]
   [Other: 1.2 ms]
      [Choose CSet: 0.0 ms]
      [Ref Proc: 0.4 ms]
      [Ref Enq: 0.0 ms]
      [Free CSet: 0.2 ms]
   [Eden: 79.0M(37.0M)->0.0B(97.0M) Survivors: 13.0M->7168.0K Heap: 409.3M(740.0M)->349.3M(740.0M)]
Heap after GC invocations=98 (full 5):
 garbage-first heap   total 757760K, used 357706K [0x00000000bd400000, 0x00000000eb800000, 0x00000000f0000000)
  region size 1024K, 7 young (7168K), 7 survivors (7168K)
 compacting perm gen  total 131072K, used 77418K [0x00000000f0000000, 0x00000000f8000000, 0x0000000100000000)
   the space 131072K,  59% used [0x00000000f0000000, 0x00000000f4b9a9d0, 0x00000000f4b9aa00, 0x00000000f8000000)
No shared spaces configured.
}
 [Times: user=0.23 sys=0.00, real=0.12 secs] 
{Heap before GC invocations=98 (full 5):
 garbage-first heap   total 757760K, used 432458K [0x00000000bd400000, 0x00000000eb800000, 0x00000000f0000000)
  region size 1024K, 81 young (82944K), 7 survivors (7168K)
 compacting perm gen  total 131072K, used 77418K [0x00000000f0000000, 0x00000000f8000000, 0x0000000100000000)
   the space 131072K,  59% used [0x00000000f0000000, 0x00000000f4b9a9d0, 0x00000000f4b9aa00, 0x00000000f8000000)
No shared spaces configured.
148.252: [GC pause (young) (initial-mark), 0.0919740 secs]
   [Parallel Time: 88.4 ms, GC Workers: 4]
      [GC Worker Start (ms): Min: 148252.0, Avg: 148252.9, Max: 148255.5, Diff: 3.5]
      [Ext Root Scanning (ms): Min: 8.3, Avg: 17.9, Max: 24.6, Diff: 16.3, Sum: 71.7]
      [Code Root Marking (ms): Min: 0.4, Avg: 2.5, Max: 5.1, Diff: 4.7, Sum: 9.9]
      [Update RS (ms): Min: 7.4, Avg: 9.7, Max: 11.6, Diff: 4.3, Sum: 38.9]
         [Processed Buffers: Min: 2, Avg: 11.8, Max: 17, Diff: 15, Sum: 47]
      [Scan RS (ms): Min: 2.8, Avg: 9.4, Max: 27.1, Diff: 24.3, Sum: 37.4]
      [Code Root Scanning (ms): Min: 0.0, Avg: 0.0, Max: 0.0, Diff: 0.0, Sum: 0.0]
      [Object Copy (ms): Min: 30.6, Avg: 47.8, Max: 60.5, Diff: 29.8, Sum: 191.2]
      [Termination (ms): Min: 0.0, Avg: 0.1, Max: 0.1, Diff: 0.1, Sum: 0.4]
      [GC Worker Other (ms): Min: 0.0, Avg: 0.0, Max: 0.0, Diff: 0.0, Sum: 0.1]
      [GC Worker Total (ms): Min: 84.8, Avg: 87.4, Max: 88.3, Diff: 3.4, Sum: 349.6]
      [GC Worker End (ms): Min: 148340.3, Avg: 148340.3, Max: 148340.3, Diff: 0.0]
   [Code Root Fixup: 0.0 ms]
   [Code Root Migration: 0.0 ms]
   [Clear CT: 0.1 ms]
   [Other: 3.5 ms]
      [Choose CSet: 0.0 ms]
      [Ref Proc: 3.1 ms]
      [Ref Enq: 0.0 ms]
      [Free CSet: 0.1 ms]
   [Eden: 74.0M(97.0M)->0.0B(57.0M) Survivors: 7168.0K->13.0M Heap: 423.0M(740.0M)->366.3M(740.0M)]
Heap after GC invocations=99 (full 5):
 garbage-first heap   total 757760K, used 375114K [0x00000000bd400000, 0x00000000eb800000, 0x00000000f0000000)
  region size 1024K, 13 young (13312K), 13 survivors (13312K)
 compacting perm gen  total 131072K, used 77418K [0x00000000f0000000, 0x00000000f8000000, 0x0000000100000000)
   the space 131072K,  59% used [0x00000000f0000000, 0x00000000f4b9a9d0, 0x00000000f4b9aa00, 0x00000000f8000000)
No shared spaces configured.
}
 [Times: user=0.20 sys=0.00, real=0.09 secs] 
148.344: [GC concurrent-root-region-scan-start]
148.382: [GC concurrent-root-region-scan-end, 0.0376660 secs]
148.382: [GC concurrent-mark-start]
{Heap before GC invocations=99 (full 5):
 garbage-first heap   total 757760K, used 484682K [0x00000000bd400000, 0x00000000eb800000, 0x00000000f0000000)
  region size 1024K, 70 young (71680K), 13 survivors (13312K)
 compacting perm gen  total 131072K, used 77418K [0x00000000f0000000, 0x00000000f8000000, 0x0000000100000000)
   the space 131072K,  59% used [0x00000000f0000000, 0x00000000f4b9a9d0, 0x00000000f4b9aa00, 0x00000000f8000000)
No shared spaces configured.
148.597: [GC pause (young), 0.0832810 secs]
   [Parallel Time: 82.7 ms, GC Workers: 4]
      [GC Worker Start (ms): Min: 148596.6, Avg: 148597.7, Max: 148599.9, Diff: 3.4]
      [Ext Root Scanning (ms): Min: 16.9, Avg: 25.7, Max: 35.7, Diff: 18.8, Sum: 102.6]
      [SATB Filtering (ms): Min: 0.0, Avg: 0.0, Max: 0.0, Diff: 0.0, Sum: 0.0]
      [Update RS (ms): Min: 0.3, Avg: 8.8, Max: 15.9, Diff: 15.6, Sum: 35.1]
         [Processed Buffers: Min: 1, Avg: 12.5, Max: 38, Diff: 37, Sum: 50]
      [Scan RS (ms): Min: 0.0, Avg: 1.7, Max: 2.5, Diff: 2.5, Sum: 7.0]
      [Code Root Scanning (ms): Min: 0.0, Avg: 0.0, Max: 0.0, Diff: 0.0, Sum: 0.0]
      [Object Copy (ms): Min: 40.2, Avg: 45.1, Max: 51.4, Diff: 11.2, Sum: 180.6]
      [Termination (ms): Min: 0.0, Avg: 0.1, Max: 0.1, Diff: 0.1, Sum: 0.4]
      [GC Worker Other (ms): Min: 0.0, Avg: 0.0, Max: 0.0, Diff: 0.0, Sum: 0.1]
      [GC Worker Total (ms): Min: 79.3, Avg: 81.5, Max: 82.6, Diff: 3.4, Sum: 325.9]
      [GC Worker End (ms): Min: 148679.2, Avg: 148679.2, Max: 148679.2, Diff: 0.0]
   [Code Root Fixup: 0.0 ms]
   [Code Root Migration: 0.0 ms]
   [Clear CT: 0.1 ms]
   [Other: 0.5 ms]
      [Choose CSet: 0.0 ms]
      [Ref Proc: 0.2 ms]
      [Ref Enq: 0.0 ms]
      [Free CSet: 0.1 ms]
   [Eden: 57.0M(57.0M)->0.0B(88.0M) Survivors: 13.0M->9216.0K Heap: 473.3M(740.0M)->430.3M(740.0M)]
Heap after GC invocations=100 (full 5):
 garbage-first heap   total 757760K, used 440650K [0x00000000bd400000, 0x00000000eb800000, 0x00000000f0000000)
  region size 1024K, 9 young (9216K), 9 survivors (9216K)
 compacting perm gen  total 131072K, used 77418K [0x00000000f0000000, 0x00000000f8000000, 0x0000000100000000)
   the space 131072K,  59% used [0x00000000f0000000, 0x00000000f4b9a9d0, 0x00000000f4b9aa00, 0x00000000f8000000)
No shared spaces configured.
}
 [Times: user=0.19 sys=0.01, real=0.08 secs] 
{Heap before GC invocations=100 (full 5):
 garbage-first heap   total 757760K, used 530762K [0x00000000bd400000, 0x00000000eb800000, 0x00000000f0000000)
  region size 1024K, 97 young (99328K), 9 survivors (9216K)
 compacting perm gen  total 131072K, used 77418K [0x00000000f0000000, 0x00000000f8000000, 0x0000000100000000)
   the space 131072K,  59% used [0x00000000f0000000, 0x00000000f4b9a9d0, 0x00000000f4b9aa00, 0x00000000f8000000)
No shared spaces configured.
149.100: [GC pause (young), 0.0889260 secs]
   [Parallel Time: 86.9 ms, GC Workers: 4]
      [GC Worker Start (ms): Min: 149099.7, Avg: 149100.6, Max: 149103.5, Diff: 3.8]
      [Ext Root Scanning (ms): Min: 7.5, Avg: 17.6, Max: 22.7, Diff: 15.1, Sum: 70.6]
      [SATB Filtering (ms): Min: 0.0, Avg: 0.0, Max: 0.0, Diff: 0.0, Sum: 0.0]
      [Update RS (ms): Min: 15.8, Avg: 32.7, Max: 49.0, Diff: 33.2, Sum: 130.7]
         [Processed Buffers: Min: 8, Avg: 14.0, Max: 29, Diff: 21, Sum: 56]
      [Scan RS (ms): Min: 0.0, Avg: 0.4, Max: 0.8, Diff: 0.8, Sum: 1.6]
      [Code Root Scanning (ms): Min: 0.0, Avg: 0.0, Max: 0.0, Diff: 0.0, Sum: 0.0]
      [Object Copy (ms): Min: 14.8, Avg: 35.0, Max: 47.5, Diff: 32.7, Sum: 140.0]
      [Termination (ms): Min: 0.0, Avg: 0.1, Max: 0.2, Diff: 0.2, Sum: 0.4]
      [GC Worker Other (ms): Min: 0.0, Avg: 0.0, Max: 0.0, Diff: 0.0, Sum: 0.1]
      [GC Worker Total (ms): Min: 83.0, Avg: 85.9, Max: 86.8, Diff: 3.8, Sum: 343.4]
      [GC Worker End (ms): Min: 149186.5, Avg: 149186.5, Max: 149186.5, Diff: 0.0]
   [Code Root Fixup: 0.0 ms]
   [Code Root Migration: 0.0 ms]
   [Clear CT: 0.2 ms]
   [Other: 1.8 ms]
      [Choose CSet: 0.0 ms]
      [Ref Proc: 0.6 ms]
      [Ref Enq: 0.0 ms]
      [Free CSet: 0.5 ms]
   [Eden: 88.0M(88.0M)->0.0B(65.0M) Survivors: 9216.0K->13.0M Heap: 518.3M(740.0M)->451.3M(740.0M)]
Heap after GC invocations=101 (full 5):
 garbage-first heap   total 757760K, used 462154K [0x00000000bd400000, 0x00000000eb800000, 0x00000000f0000000)
  region size 1024K, 13 young (13312K), 13 survivors (13312K)
 compacting perm gen  total 131072K, used 77418K [0x00000000f0000000, 0x00000000f8000000, 0x0000000100000000)
   the space 131072K,  59% used [0x00000000f0000000, 0x00000000f4b9a9d0, 0x00000000f4b9aa00, 0x00000000f8000000)
No shared spaces configured.
}
 [Times: user=0.20 sys=0.00, real=0.09 secs] 
{Heap before GC invocations=101 (full 5):
 garbage-first heap   total 757760K, used 532810K [0x00000000bd400000, 0x00000000eb800000, 0x00000000f0000000)
  region size 1024K, 78 young (79872K), 13 survivors (13312K)
 compacting perm gen  total 131072K, used 77418K [0x00000000f0000000, 0x00000000f8000000, 0x0000000100000000)
   the space 131072K,  59% used [0x00000000f0000000, 0x00000000f4b9a9d0, 0x00000000f4b9aa00, 0x00000000f8000000)
No shared spaces configured.
149.510: [GC pause (young), 0.0916240 secs]
   [Parallel Time: 90.5 ms, GC Workers: 4]
      [GC Worker Start (ms): Min: 149510.2, Avg: 149514.8, Max: 149519.5, Diff: 9.2]
      [Ext Root Scanning (ms): Min: 11.7, Avg: 18.0, Max: 22.8, Diff: 11.1, Sum: 72.1]
      [SATB Filtering (ms): Min: 0.0, Avg: 0.0, Max: 0.0, Diff: 0.0, Sum: 0.0]
      [Update RS (ms): Min: 5.7, Avg: 15.5, Max: 26.4, Diff: 20.7, Sum: 61.9]
         [Processed Buffers: Min: 3, Avg: 11.5, Max: 18, Diff: 15, Sum: 46]
      [Scan RS (ms): Min: 0.0, Avg: 7.7, Max: 11.9, Diff: 11.9, Sum: 30.8]
      [Code Root Scanning (ms): Min: 0.0, Avg: 0.0, Max: 0.0, Diff: 0.0, Sum: 0.0]
      [Object Copy (ms): Min: 40.1, Avg: 42.7, Max: 49.2, Diff: 9.0, Sum: 170.9]
      [Termination (ms): Min: 0.0, Avg: 0.1, Max: 0.2, Diff: 0.2, Sum: 0.4]
      [GC Worker Other (ms): Min: 0.0, Avg: 0.2, Max: 0.6, Diff: 0.5, Sum: 0.7]
      [GC Worker Total (ms): Min: 79.5, Avg: 84.2, Max: 89.2, Diff: 9.7, Sum: 336.9]
      [GC Worker End (ms): Min: 149598.9, Avg: 149599.1, Max: 149599.4, Diff: 0.5]
   [Code Root Fixup: 0.0 ms]
   [Code Root Migration: 0.0 ms]
   [Clear CT: 0.1 ms]
   [Other: 1.0 ms]
      [Choose CSet: 0.0 ms]
      [Ref Proc: 0.3 ms]
      [Ref Enq: 0.0 ms]
      [Free CSet: 0.2 ms]
   [Eden: 65.0M(65.0M)->0.0B(55.0M) Survivors: 13.0M->10.0M Heap: 520.3M(740.0M)->470.3M(740.0M)]
Heap after GC invocations=102 (full 5):
 garbage-first heap   total 757760K, used 481610K [0x00000000bd400000, 0x00000000eb800000, 0x00000000f0000000)
  region size 1024K, 10 young (10240K), 10 survivors (10240K)
 compacting perm gen  total 131072K, used 77418K [0x00000000f0000000, 0x00000000f8000000, 0x0000000100000000)
   the space 131072K,  59% used [0x00000000f0000000, 0x00000000f4b9a9d0, 0x00000000f4b9aa00, 0x00000000f8000000)
No shared spaces configured.
}
 [Times: user=0.23 sys=0.00, real=0.09 secs] 
{Heap before GC invocations=102 (full 5):
 garbage-first heap   total 757760K, used 537930K [0x00000000bd400000, 0x00000000eb800000, 0x00000000f0000000)
  region size 1024K, 65 young (66560K), 10 survivors (10240K)
 compacting perm gen  total 131072K, used 77418K [0x00000000f0000000, 0x00000000f8000000, 0x0000000100000000)
   the space 131072K,  59% used [0x00000000f0000000, 0x00000000f4b9a9d0, 0x00000000f4b9aa00, 0x00000000f8000000)
No shared spaces configured.
149.894: [GC pause (young), 0.1020270 secs]
   [Parallel Time: 100.9 ms, GC Workers: 4]
      [GC Worker Start (ms): Min: 149894.6, Avg: 149901.3, Max: 149907.4, Diff: 12.9]
      [Ext Root Scanning (ms): Min: 25.8, Avg: 34.3, Max: 43.2, Diff: 17.4, Sum: 137.4]
      [SATB Filtering (ms): Min: 0.0, Avg: 0.0, Max: 0.0, Diff: 0.0, Sum: 0.0]
      [Update RS (ms): Min: 6.7, Avg: 12.6, Max: 18.0, Diff: 11.3, Sum: 50.3]
         [Processed Buffers: Min: 5, Avg: 11.5, Max: 16, Diff: 11, Sum: 46]
      [Scan RS (ms): Min: 0.2, Avg: 5.8, Max: 12.8, Diff: 12.7, Sum: 23.4]
      [Code Root Scanning (ms): Min: 0.0, Avg: 0.0, Max: 0.0, Diff: 0.0, Sum: 0.0]
      [Object Copy (ms): Min: 33.7, Avg: 40.6, Max: 51.8, Diff: 18.2, Sum: 162.6]
      [Termination (ms): Min: 0.0, Avg: 0.3, Max: 0.8, Diff: 0.8, Sum: 1.1]
      [GC Worker Other (ms): Min: 0.0, Avg: 0.0, Max: 0.0, Diff: 0.0, Sum: 0.1]
      [GC Worker Total (ms): Min: 87.4, Avg: 93.7, Max: 100.2, Diff: 12.8, Sum: 374.8]
      [GC Worker End (ms): Min: 149994.8, Avg: 149995.0, Max: 149995.5, Diff: 0.7]
   [Code Root Fixup: 0.0 ms]
   [Code Root Migration: 0.0 ms]
   [Clear CT: 0.3 ms]
   [Other: 0.8 ms]
      [Choose CSet: 0.0 ms]
      [Ref Proc: 0.3 ms]
      [Ref Enq: 0.0 ms]
      [Free CSet: 0.1 ms]
   [Eden: 55.0M(55.0M)->0.0B(46.0M) Survivors: 10.0M->9216.0K Heap: 525.3M(740.0M)->482.8M(740.0M)]
Heap after GC invocations=103 (full 5):
 garbage-first heap   total 757760K, used 494410K [0x00000000bd400000, 0x00000000eb800000, 0x00000000f0000000)
  region size 1024K, 9 young (9216K), 9 survivors (9216K)
 compacting perm gen  total 131072K, used 77418K [0x00000000f0000000, 0x00000000f8000000, 0x0000000100000000)
   the space 131072K,  59% used [0x00000000f0000000, 0x00000000f4b9a9d0, 0x00000000f4b9aa00, 0x00000000f8000000)
No shared spaces configured.
}
 [Times: user=0.18 sys=0.00, real=0.11 secs] 
150.001: [GC concurrent-mark-end, 1.6192570 secs]
150.001: [GC remark 150.004: [GC ref-proc, 0.0026080 secs], 0.0359470 secs]
 [Times: user=0.02 sys=0.01, real=0.04 secs] 
150.049: [GC cleanup 483M->457M(740M), 0.0135550 secs]
 [Times: user=0.01 sys=0.00, real=0.01 secs] 
150.067: [GC concurrent-cleanup-start]
150.068: [GC concurrent-cleanup-end, 0.0000920 secs]
{Heap before GC invocations=104 (full 5):
 garbage-first heap   total 757760K, used 515178K [0x00000000bd400000, 0x00000000eb800000, 0x00000000f0000000)
  region size 1024K, 55 young (56320K), 9 survivors (9216K)
 compacting perm gen  total 131072K, used 77418K [0x00000000f0000000, 0x00000000f8000000, 0x0000000100000000)
   the space 131072K,  59% used [0x00000000f0000000, 0x00000000f4b9a9d0, 0x00000000f4b9aa00, 0x00000000f8000000)
No shared spaces configured.
150.227: [GC pause (young), 0.0751200 secs]
   [Parallel Time: 73.2 ms, GC Workers: 4]
      [GC Worker Start (ms): Min: 150227.9, Avg: 150232.6, Max: 150235.5, Diff: 7.6]
      [Ext Root Scanning (ms): Min: 10.5, Avg: 18.5, Max: 24.4, Diff: 13.9, Sum: 73.9]
      [Update RS (ms): Min: 0.0, Avg: 11.9, Max: 19.0, Diff: 19.0, Sum: 47.6]
         [Processed Buffers: Min: 0, Avg: 10.2, Max: 16, Diff: 16, Sum: 41]
      [Scan RS (ms): Min: 0.0, Avg: 0.8, Max: 3.2, Diff: 3.2, Sum: 3.2]
      [Code Root Scanning (ms): Min: 0.0, Avg: 0.0, Max: 0.0, Diff: 0.0, Sum: 0.0]
      [Object Copy (ms): Min: 28.5, Avg: 37.0, Max: 48.2, Diff: 19.7, Sum: 148.0]
      [Termination (ms): Min: 0.0, Avg: 0.1, Max: 0.2, Diff: 0.2, Sum: 0.6]
      [GC Worker Other (ms): Min: 0.0, Avg: 0.0, Max: 0.0, Diff: 0.0, Sum: 0.2]
      [GC Worker Total (ms): Min: 65.4, Avg: 68.4, Max: 73.1, Diff: 7.7, Sum: 273.5]
      [GC Worker End (ms): Min: 150300.9, Avg: 150300.9, Max: 150301.0, Diff: 0.1]
   [Code Root Fixup: 0.1 ms]
   [Code Root Migration: 0.0 ms]
   [Clear CT: 0.3 ms]
   [Other: 1.5 ms]
      [Choose CSet: 0.0 ms]
      [Ref Proc: 0.3 ms]
      [Ref Enq: 0.0 ms]
      [Free CSet: 0.2 ms]
   [Eden: 46.0M(46.0M)->0.0B(69.0M) Survivors: 9216.0K->7168.0K Heap: 503.1M(740.0M)->468.1M(740.0M)]
Heap after GC invocations=105 (full 5):
 garbage-first heap   total 757760K, used 479338K [0x00000000bd400000, 0x00000000eb800000, 0x00000000f0000000)
  region size 1024K, 7 young (7168K), 7 survivors (7168K)
 compacting perm gen  total 131072K, used 77418K [0x00000000f0000000, 0x00000000f8000000, 0x0000000100000000)
   the space 131072K,  59% used [0x00000000f0000000, 0x00000000f4b9a9d0, 0x00000000f4b9aa00, 0x00000000f8000000)
No shared spaces configured.
}
 [Times: user=0.16 sys=0.00, real=0.08 secs] 
{Heap before GC invocations=105 (full 5):
 garbage-first heap   total 757760K, used 549994K [0x00000000bd400000, 0x00000000eb800000, 0x00000000f0000000)
  region size 1024K, 76 young (77824K), 7 survivors (7168K)
 compacting perm gen  total 131072K, used 77418K [0x00000000f0000000, 0x00000000f8000000, 0x0000000100000000)
   the space 131072K,  59% used [0x00000000f0000000, 0x00000000f4b9a9d0, 0x00000000f4b9aa00, 0x00000000f8000000)
No shared spaces configured.
150.529: [GC pause (young), 0.0695020 secs]
   [Parallel Time: 65.0 ms, GC Workers: 4]
      [GC Worker Start (ms): Min: 150528.7, Avg: 150530.7, Max: 150536.3, Diff: 7.7]
      [Ext Root Scanning (ms): Min: 16.8, Avg: 21.6, Max: 30.0, Diff: 13.2, Sum: 86.2]
      [Update RS (ms): Min: 0.0, Avg: 9.0, Max: 15.5, Diff: 15.5, Sum: 36.1]
         [Processed Buffers: Min: 0, Avg: 10.8, Max: 25, Diff: 25, Sum: 43]
      [Scan RS (ms): Min: 0.0, Avg: 0.7, Max: 1.1, Diff: 1.1, Sum: 2.7]
      [Code Root Scanning (ms): Min: 0.0, Avg: 0.0, Max: 0.0, Diff: 0.0, Sum: 0.0]
      [Object Copy (ms): Min: 24.8, Avg: 31.5, Max: 34.2, Diff: 9.4, Sum: 125.8]
      [Termination (ms): Min: 0.0, Avg: 0.1, Max: 0.2, Diff: 0.2, Sum: 0.4]
      [GC Worker Other (ms): Min: 0.0, Avg: 0.0, Max: 0.0, Diff: 0.0, Sum: 0.0]
      [GC Worker Total (ms): Min: 57.2, Avg: 62.8, Max: 64.9, Diff: 7.7, Sum: 251.3]
      [GC Worker End (ms): Min: 150593.6, Avg: 150593.6, Max: 150593.6, Diff: 0.0]
   [Code Root Fixup: 0.0 ms]
   [Code Root Migration: 0.0 ms]
   [Clear CT: 0.1 ms]
   [Other: 4.4 ms]
      [Choose CSet: 0.0 ms]
      [Ref Proc: 4.0 ms]
      [Ref Enq: 0.0 ms]
      [Free CSet: 0.1 ms]
   [Eden: 69.0M(69.0M)->0.0B(77.0M) Survivors: 7168.0K->10.0M Heap: 537.1M(740.0M)->483.6M(740.0M)]
Heap after GC invocations=106 (full 5):
 garbage-first heap   total 757760K, used 495210K [0x00000000bd400000, 0x00000000eb800000, 0x00000000f0000000)
  region size 1024K, 10 young (10240K), 10 survivors (10240K)
 compacting perm gen  total 131072K, used 77418K [0x00000000f0000000, 0x00000000f8000000, 0x0000000100000000)
   the space 131072K,  59% used [0x00000000f0000000, 0x00000000f4b9a9d0, 0x00000000f4b9aa00, 0x00000000f8000000)
No shared spaces configured.
}
 [Times: user=0.17 sys=0.00, real=0.07 secs] 
{Heap before GC invocations=106 (full 5):
 garbage-first heap   total 757760K, used 543338K [0x00000000bd400000, 0x00000000eb800000, 0x00000000f0000000)
  region size 1024K, 58 young (59392K), 10 survivors (10240K)
 compacting perm gen  total 131072K, used 77418K [0x00000000f0000000, 0x00000000f8000000, 0x0000000100000000)
   the space 131072K,  59% used [0x00000000f0000000, 0x00000000f4b9a9d0, 0x00000000f4b9aa00, 0x00000000f8000000)
No shared spaces configured.
150.763: [GC pause (young) (initial-mark), 0.0794640 secs]
   [Parallel Time: 78.5 ms, GC Workers: 4]
      [GC Worker Start (ms): Min: 150763.2, Avg: 150766.1, Max: 150771.5, Diff: 8.3]
      [Ext Root Scanning (ms): Min: 12.7, Avg: 25.6, Max: 39.1, Diff: 26.4, Sum: 102.2]
      [Code Root Marking (ms): Min: 0.0, Avg: 3.2, Max: 12.6, Diff: 12.6, Sum: 12.7]
      [Update RS (ms): Min: 0.0, Avg: 6.7, Max: 11.7, Diff: 11.7, Sum: 27.0]
         [Processed Buffers: Min: 0, Avg: 9.8, Max: 20, Diff: 20, Sum: 39]
      [Scan RS (ms): Min: 0.0, Avg: 0.7, Max: 2.3, Diff: 2.3, Sum: 2.8]
      [Code Root Scanning (ms): Min: 0.0, Avg: 0.0, Max: 0.0, Diff: 0.0, Sum: 0.0]
      [Object Copy (ms): Min: 29.5, Avg: 37.8, Max: 44.0, Diff: 14.5, Sum: 151.3]
      [Termination (ms): Min: 0.0, Avg: 0.4, Max: 1.5, Diff: 1.5, Sum: 1.8]
      [GC Worker Other (ms): Min: 0.0, Avg: 0.0, Max: 0.0, Diff: 0.0, Sum: 0.1]
      [GC Worker Total (ms): Min: 70.1, Avg: 74.5, Max: 77.1, Diff: 7.0, Sum: 298.0]
      [GC Worker End (ms): Min: 150840.2, Avg: 150840.6, Max: 150841.6, Diff: 1.3]
   [Code Root Fixup: 0.0 ms]
   [Code Root Migration: 0.0 ms]
   [Clear CT: 0.1 ms]
   [Other: 0.9 ms]
      [Choose CSet: 0.0 ms]
      [Ref Proc: 0.3 ms]
      [Ref Enq: 0.0 ms]
      [Free CSet: 0.1 ms]
   [Eden: 48.0M(77.0M)->0.0B(79.0M) Survivors: 10.0M->11.0M Heap: 531.4M(740.0M)->494.6M(755.0M)]
Heap after GC invocations=107 (full 5):
 garbage-first heap   total 773120K, used 506474K [0x00000000bd400000, 0x00000000ec700000, 0x00000000f0000000)
  region size 1024K, 11 young (11264K), 11 survivors (11264K)
 compacting perm gen  total 131072K, used 77418K [0x00000000f0000000, 0x00000000f8000000, 0x0000000100000000)
   the space 131072K,  59% used [0x00000000f0000000, 0x00000000f4b9a9d0, 0x00000000f4b9aa00, 0x00000000f8000000)
No shared spaces configured.
}
 [Times: user=0.17 sys=0.00, real=0.08 secs] 
150.843: [GC concurrent-root-region-scan-start]
150.851: [GC concurrent-root-region-scan-end, 0.0083410 secs]
150.851: [GC concurrent-mark-start]
{Heap before GC invocations=107 (full 5):
 garbage-first heap   total 773120K, used 680554K [0x00000000bd400000, 0x00000000ec700000, 0x00000000f0000000)
  region size 1024K, 82 young (83968K), 11 survivors (11264K)
 compacting perm gen  total 131072K, used 77418K [0x00000000f0000000, 0x00000000f8000000, 0x0000000100000000)
   the space 131072K,  59% used [0x00000000f0000000, 0x00000000f4b9a9d0, 0x00000000f4b9aa00, 0x00000000f8000000)
No shared spaces configured.
151.401: [Full GC 665M->216M(722M), 1.0645530 secs]
   [Eden: 71.0M(79.0M)->0.0B(131.0M) Survivors: 11.0M->0.0B Heap: 665.1M(755.0M)->216.5M(722.0M)], [Perm: 77418K->77418K(131072K)]
Heap after GC invocations=108 (full 6):
 garbage-first heap   total 739328K, used 221720K [0x00000000bd400000, 0x00000000ea600000, 0x00000000f0000000)
  region size 1024K, 0 young (0K), 0 survivors (0K)
 compacting perm gen  total 131072K, used 77418K [0x00000000f0000000, 0x00000000f8000000, 0x0000000100000000)
   the space 131072K,  59% used [0x00000000f0000000, 0x00000000f4b9a9d0, 0x00000000f4b9aa00, 0x00000000f8000000)
No shared spaces configured.
}
 [Times: user=1.33 sys=0.00, real=1.06 secs] 
152.467: [GC concurrent-mark-abort]
{Heap before GC invocations=108 (full 6):
 garbage-first heap   total 739328K, used 381176K [0x00000000bd400000, 0x00000000ea600000, 0x00000000f0000000)
  region size 1024K, 131 young (134144K), 0 survivors (0K)
 compacting perm gen  total 131072K, used 77424K [0x00000000f0000000, 0x00000000f8000000, 0x0000000100000000)
   the space 131072K,  59% used [0x00000000f0000000, 0x00000000f4b9c160, 0x00000000f4b9c200, 0x00000000f8000000)
No shared spaces configured.
161.470: [GC pause (young), 0.0838990 secs]
   [Parallel Time: 83.1 ms, GC Workers: 4]
      [GC Worker Start (ms): Min: 161470.2, Avg: 161471.2, Max: 161473.7, Diff: 3.5]
      [Ext Root Scanning (ms): Min: 15.7, Avg: 23.2, Max: 30.5, Diff: 14.8, Sum: 92.7]
      [Update RS (ms): Min: 0.0, Avg: 6.2, Max: 12.4, Diff: 12.4, Sum: 24.6]
         [Processed Buffers: Min: 0, Avg: 14.5, Max: 25, Diff: 25, Sum: 58]
      [Scan RS (ms): Min: 0.0, Avg: 1.0, Max: 2.2, Diff: 2.2, Sum: 3.8]
      [Code Root Scanning (ms): Min: 0.0, Avg: 0.0, Max: 0.0, Diff: 0.0, Sum: 0.0]
      [Object Copy (ms): Min: 44.1, Avg: 48.4, Max: 52.9, Diff: 8.7, Sum: 193.6]
      [Termination (ms): Min: 0.0, Avg: 3.4, Max: 6.2, Diff: 6.2, Sum: 13.5]
      [GC Worker Other (ms): Min: 0.0, Avg: 0.0, Max: 0.0, Diff: 0.0, Sum: 0.1]
      [GC Worker Total (ms): Min: 79.5, Avg: 82.1, Max: 83.0, Diff: 3.5, Sum: 328.4]
      [GC Worker End (ms): Min: 161553.2, Avg: 161553.3, Max: 161553.3, Diff: 0.0]
   [Code Root Fixup: 0.0 ms]
   [Code Root Migration: 0.0 ms]
   [Clear CT: 0.1 ms]
   [Other: 0.7 ms]
      [Choose CSet: 0.0 ms]
      [Ref Proc: 0.2 ms]
      [Ref Enq: 0.0 ms]
      [Free CSet: 0.2 ms]
   [Eden: 131.0M(131.0M)->0.0B(76.0M) Survivors: 0.0B->17.0M Heap: 372.2M(722.0M)->268.7M(740.0M)]
Heap after GC invocations=109 (full 6):
 garbage-first heap   total 757760K, used 275192K [0x00000000bd400000, 0x00000000eb800000, 0x00000000f0000000)
  region size 1024K, 17 young (17408K), 17 survivors (17408K)
 compacting perm gen  total 131072K, used 77424K [0x00000000f0000000, 0x00000000f8000000, 0x0000000100000000)
   the space 131072K,  59% used [0x00000000f0000000, 0x00000000f4b9c160, 0x00000000f4b9c200, 0x00000000f8000000)
No shared spaces configured.
}
 [Times: user=0.20 sys=0.00, real=0.08 secs] 
{Heap before GC invocations=109 (full 6):
 garbage-first heap   total 757760K, used 354040K [0x00000000bd400000, 0x00000000eb800000, 0x00000000f0000000)
  region size 1024K, 93 young (95232K), 17 survivors (17408K)
 compacting perm gen  total 131072K, used 77424K [0x00000000f0000000, 0x00000000f8000000, 0x0000000100000000)
   the space 131072K,  59% used [0x00000000f0000000, 0x00000000f4b9c160, 0x00000000f4b9c200, 0x00000000f8000000)
No shared spaces configured.
161.806: [GC pause (young), 0.1153460 secs]
   [Parallel Time: 112.2 ms, GC Workers: 4]
      [GC Worker Start (ms): Min: 161806.3, Avg: 161808.1, Max: 161811.5, Diff: 5.1]
      [Ext Root Scanning (ms): Min: 26.4, Avg: 32.2, Max: 40.4, Diff: 14.0, Sum: 128.7]
      [Update RS (ms): Min: 6.6, Avg: 10.8, Max: 13.6, Diff: 7.0, Sum: 43.3]
         [Processed Buffers: Min: 1, Avg: 13.2, Max: 29, Diff: 28, Sum: 53]
      [Scan RS (ms): Min: 0.0, Avg: 1.3, Max: 4.2, Diff: 4.2, Sum: 5.3]
      [Code Root Scanning (ms): Min: 0.0, Avg: 0.0, Max: 0.0, Diff: 0.0, Sum: 0.0]
      [Object Copy (ms): Min: 60.4, Avg: 62.5, Max: 63.8, Diff: 3.4, Sum: 250.1]
      [Termination (ms): Min: 0.0, Avg: 2.8, Max: 4.4, Diff: 4.3, Sum: 11.3]
      [GC Worker Other (ms): Min: 0.0, Avg: 0.0, Max: 0.0, Diff: 0.0, Sum: 0.1]
      [GC Worker Total (ms): Min: 106.0, Avg: 109.7, Max: 111.4, Diff: 5.4, Sum: 438.9]
      [GC Worker End (ms): Min: 161917.5, Avg: 161917.8, Max: 161918.4, Diff: 0.9]
   [Code Root Fixup: 0.1 ms]
   [Code Root Migration: 0.1 ms]
   [Clear CT: 0.3 ms]
   [Other: 2.7 ms]
      [Choose CSet: 0.0 ms]
      [Ref Proc: 2.0 ms]
      [Ref Enq: 0.0 ms]
      [Free CSet: 0.1 ms]
   [Eden: 76.0M(76.0M)->0.0B(66.0M) Survivors: 17.0M->12.0M Heap: 345.7M(740.0M)->287.2M(755.0M)]
Heap after GC invocations=110 (full 6):
 garbage-first heap   total 773120K, used 294136K [0x00000000bd400000, 0x00000000ec700000, 0x00000000f0000000)
  region size 1024K, 12 young (12288K), 12 survivors (12288K)
 compacting perm gen  total 131072K, used 77424K [0x00000000f0000000, 0x00000000f8000000, 0x0000000100000000)
   the space 131072K,  59% used [0x00000000f0000000, 0x00000000f4b9c160, 0x00000000f4b9c200, 0x00000000f8000000)
No shared spaces configured.
}
 [Times: user=0.23 sys=0.00, real=0.12 secs] 
{Heap before GC invocations=110 (full 6):
 garbage-first heap   total 773120K, used 357624K [0x00000000bd400000, 0x00000000ec700000, 0x00000000f0000000)
  region size 1024K, 49 young (50176K), 12 survivors (12288K)
 compacting perm gen  total 131072K, used 77424K [0x00000000f0000000, 0x00000000f8000000, 0x0000000100000000)
   the space 131072K,  59% used [0x00000000f0000000, 0x00000000f4b9c160, 0x00000000f4b9c200, 0x00000000f8000000)
No shared spaces configured.
162.116: [GC pause (young), 0.0628890 secs]
   [Parallel Time: 61.7 ms, GC Workers: 4]
      [GC Worker Start (ms): Min: 162115.7, Avg: 162118.0, Max: 162123.6, Diff: 7.9]
      [Ext Root Scanning (ms): Min: 12.9, Avg: 19.2, Max: 25.2, Diff: 12.3, Sum: 76.9]
      [Update RS (ms): Min: 0.0, Avg: 3.4, Max: 6.7, Diff: 6.7, Sum: 13.4]
         [Processed Buffers: Min: 0, Avg: 10.5, Max: 33, Diff: 33, Sum: 42]
      [Scan RS (ms): Min: 0.0, Avg: 2.5, Max: 5.7, Diff: 5.7, Sum: 10.1]
      [Code Root Scanning (ms): Min: 0.0, Avg: 0.0, Max: 0.0, Diff: 0.0, Sum: 0.0]
      [Object Copy (ms): Min: 29.1, Avg: 30.9, Max: 35.0, Diff: 6.0, Sum: 123.8]
      [Termination (ms): Min: 0.0, Avg: 2.8, Max: 5.8, Diff: 5.8, Sum: 11.2]
      [GC Worker Other (ms): Min: 0.0, Avg: 0.0, Max: 0.0, Diff: 0.0, Sum: 0.0]
      [GC Worker Total (ms): Min: 53.1, Avg: 58.9, Max: 61.0, Diff: 7.9, Sum: 235.5]
      [GC Worker End (ms): Min: 162176.7, Avg: 162176.9, Max: 162177.3, Diff: 0.6]
   [Code Root Fixup: 0.0 ms]
   [Code Root Migration: 0.0 ms]
   [Clear CT: 0.1 ms]
   [Other: 1.1 ms]
      [Choose CSet: 0.0 ms]
      [Ref Proc: 0.6 ms]
      [Ref Enq: 0.0 ms]
      [Free CSet: 0.1 ms]
   [Eden: 37.0M(37.0M)->0.0B(109.0M) Survivors: 12.0M->7168.0K Heap: 349.2M(755.0M)->321.7M(767.0M)]
Heap after GC invocations=111 (full 6):
 garbage-first heap   total 785408K, used 329464K [0x00000000bd400000, 0x00000000ed300000, 0x00000000f0000000)
  region size 1024K, 7 young (7168K), 7 survivors (7168K)
 compacting perm gen  total 131072K, used 77424K [0x00000000f0000000, 0x00000000f8000000, 0x0000000100000000)
   the space 131072K,  59% used [0x00000000f0000000, 0x00000000f4b9c160, 0x00000000f4b9c200, 0x00000000f8000000)
No shared spaces configured.
}
 [Times: user=0.17 sys=0.00, real=0.06 secs] 
{Heap before GC invocations=111 (full 6):
 garbage-first heap   total 785408K, used 443128K [0x00000000bd400000, 0x00000000ed300000, 0x00000000f0000000)
  region size 1024K, 116 young (118784K), 7 survivors (7168K)
 compacting perm gen  total 131072K, used 77424K [0x00000000f0000000, 0x00000000f8000000, 0x0000000100000000)
   the space 131072K,  59% used [0x00000000f0000000, 0x00000000f4b9c160, 0x00000000f4b9c200, 0x00000000f8000000)
No shared spaces configured.
162.551: [GC pause (young), 0.1128430 secs]
   [Parallel Time: 110.7 ms, GC Workers: 4]
      [GC Worker Start (ms): Min: 162551.2, Avg: 162552.8, Max: 162557.2, Diff: 5.9]
      [Ext Root Scanning (ms): Min: 12.3, Avg: 20.0, Max: 27.6, Diff: 15.3, Sum: 80.2]
      [Update RS (ms): Min: 6.6, Avg: 12.3, Max: 17.4, Diff: 10.8, Sum: 49.2]
         [Processed Buffers: Min: 5, Avg: 10.2, Max: 15, Diff: 10, Sum: 41]
      [Scan RS (ms): Min: 5.6, Avg: 9.2, Max: 12.9, Diff: 7.3, Sum: 37.0]
      [Code Root Scanning (ms): Min: 0.0, Avg: 0.0, Max: 0.0, Diff: 0.0, Sum: 0.0]
      [Object Copy (ms): Min: 59.8, Avg: 64.8, Max: 66.9, Diff: 7.1, Sum: 259.2]
      [Termination (ms): Min: 0.0, Avg: 2.6, Max: 3.5, Diff: 3.5, Sum: 10.5]
      [GC Worker Other (ms): Min: 0.0, Avg: 0.1, Max: 0.1, Diff: 0.1, Sum: 0.3]
      [GC Worker Total (ms): Min: 104.7, Avg: 109.1, Max: 110.7, Diff: 5.9, Sum: 436.4]
      [GC Worker End (ms): Min: 162661.8, Avg: 162661.9, Max: 162661.9, Diff: 0.1]
   [Code Root Fixup: 0.1 ms]
   [Code Root Migration: 0.1 ms]
   [Clear CT: 0.4 ms]
   [Other: 1.5 ms]
      [Choose CSet: 0.0 ms]
      [Ref Proc: 0.3 ms]
      [Ref Enq: 0.0 ms]
      [Free CSet: 0.3 ms]
   [Eden: 109.0M(109.0M)->0.0B(36.0M) Survivors: 7168.0K->15.0M Heap: 432.7M(767.0M)->348.2M(776.0M)]
Heap after GC invocations=112 (full 6):
 garbage-first heap   total 794624K, used 356600K [0x00000000bd400000, 0x00000000edc00000, 0x00000000f0000000)
  region size 1024K, 15 young (15360K), 15 survivors (15360K)
 compacting perm gen  total 131072K, used 77424K [0x00000000f0000000, 0x00000000f8000000, 0x0000000100000000)
   the space 131072K,  59% used [0x00000000f0000000, 0x00000000f4b9c160, 0x00000000f4b9c200, 0x00000000f8000000)
No shared spaces configured.
}
 [Times: user=0.22 sys=0.01, real=0.11 secs] 
{Heap before GC invocations=112 (full 6):
 garbage-first heap   total 794624K, used 393464K [0x00000000bd400000, 0x00000000edc00000, 0x00000000f0000000)
  region size 1024K, 51 young (52224K), 15 survivors (15360K)
 compacting perm gen  total 131072K, used 77424K [0x00000000f0000000, 0x00000000f8000000, 0x0000000100000000)
   the space 131072K,  59% used [0x00000000f0000000, 0x00000000f4b9c160, 0x00000000f4b9c200, 0x00000000f8000000)
No shared spaces configured.
162.804: [GC pause (young), 0.0841700 secs]
   [Parallel Time: 79.3 ms, GC Workers: 4]
      [GC Worker Start (ms): Min: 162803.8, Avg: 162805.4, Max: 162807.0, Diff: 3.2]
      [Ext Root Scanning (ms): Min: 16.2, Avg: 22.1, Max: 28.2, Diff: 12.0, Sum: 88.6]
      [Update RS (ms): Min: 0.0, Avg: 6.7, Max: 14.3, Diff: 14.3, Sum: 26.9]
         [Processed Buffers: Min: 0, Avg: 9.8, Max: 28, Diff: 28, Sum: 39]
      [Scan RS (ms): Min: 0.0, Avg: 5.4, Max: 9.5, Diff: 9.5, Sum: 21.7]
      [Code Root Scanning (ms): Min: 0.0, Avg: 0.0, Max: 0.0, Diff: 0.0, Sum: 0.0]
      [Object Copy (ms): Min: 41.2, Avg: 43.2, Max: 47.4, Diff: 6.3, Sum: 172.9]
      [Termination (ms): Min: 0.0, Avg: 0.1, Max: 0.2, Diff: 0.2, Sum: 0.5]
      [GC Worker Other (ms): Min: 0.0, Avg: 0.0, Max: 0.0, Diff: 0.0, Sum: 0.1]
      [GC Worker Total (ms): Min: 76.0, Avg: 77.7, Max: 79.3, Diff: 3.2, Sum: 310.6]
      [GC Worker End (ms): Min: 162883.0, Avg: 162883.0, Max: 162883.1, Diff: 0.0]
   [Code Root Fixup: 0.0 ms]
   [Code Root Migration: 0.0 ms]
   [Clear CT: 3.9 ms]
   [Other: 0.9 ms]
      [Choose CSet: 0.0 ms]
      [Ref Proc: 0.3 ms]
      [Ref Enq: 0.0 ms]
      [Free CSet: 0.1 ms]
   [Eden: 36.0M(36.0M)->0.0B(80.0M) Survivors: 15.0M->7168.0K Heap: 384.2M(776.0M)->357.7M(784.0M)]
Heap after GC invocations=113 (full 6):
 garbage-first heap   total 802816K, used 366328K [0x00000000bd400000, 0x00000000ee400000, 0x00000000f0000000)
  region size 1024K, 7 young (7168K), 7 survivors (7168K)
 compacting perm gen  total 131072K, used 77424K [0x00000000f0000000, 0x00000000f8000000, 0x0000000100000000)
   the space 131072K,  59% used [0x00000000f0000000, 0x00000000f4b9c160, 0x00000000f4b9c200, 0x00000000f8000000)
No shared spaces configured.
}
 [Times: user=0.19 sys=0.00, real=0.09 secs] 
{Heap before GC invocations=113 (full 6):
 garbage-first heap   total 802816K, used 407288K [0x00000000bd400000, 0x00000000ee400000, 0x00000000f0000000)
  region size 1024K, 48 young (49152K), 7 survivors (7168K)
 compacting perm gen  total 131072K, used 77424K [0x00000000f0000000, 0x00000000f8000000, 0x0000000100000000)
   the space 131072K,  59% used [0x00000000f0000000, 0x00000000f4b9c160, 0x00000000f4b9c200, 0x00000000f8000000)
No shared spaces configured.
163.031: [GC pause (young) (initial-mark), 0.1017230 secs]
   [Parallel Time: 100.9 ms, GC Workers: 4]
      [GC Worker Start (ms): Min: 163031.2, Avg: 163035.3, Max: 163039.5, Diff: 8.3]
      [Ext Root Scanning (ms): Min: 28.6, Avg: 31.6, Max: 33.1, Diff: 4.5, Sum: 126.5]
      [Code Root Marking (ms): Min: 0.6, Avg: 8.4, Max: 17.2, Diff: 16.6, Sum: 33.5]
      [Update RS (ms): Min: 6.1, Avg: 12.3, Max: 18.1, Diff: 11.9, Sum: 49.3]
         [Processed Buffers: Min: 6, Avg: 10.0, Max: 13, Diff: 7, Sum: 40]
      [Scan RS (ms): Min: 0.0, Avg: 0.3, Max: 1.1, Diff: 1.1, Sum: 1.1]
      [Code Root Scanning (ms): Min: 0.0, Avg: 0.0, Max: 0.0, Diff: 0.0, Sum: 0.0]
      [Object Copy (ms): Min: 36.1, Avg: 43.9, Max: 49.7, Diff: 13.6, Sum: 175.5]
      [Termination (ms): Min: 0.0, Avg: 0.2, Max: 0.3, Diff: 0.3, Sum: 0.7]
      [GC Worker Other (ms): Min: 0.0, Avg: 0.0, Max: 0.0, Diff: 0.0, Sum: 0.0]
      [GC Worker Total (ms): Min: 92.5, Avg: 96.7, Max: 100.8, Diff: 8.3, Sum: 386.7]
      [GC Worker End (ms): Min: 163132.0, Avg: 163132.0, Max: 163132.0, Diff: 0.0]
   [Code Root Fixup: 0.0 ms]
   [Code Root Migration: 0.0 ms]
   [Clear CT: 0.0 ms]
   [Other: 0.7 ms]
      [Choose CSet: 0.0 ms]
      [Ref Proc: 0.3 ms]
      [Ref Enq: 0.0 ms]
      [Free CSet: 0.1 ms]
   [Eden: 41.0M(80.0M)->0.0B(45.0M) Survivors: 7168.0K->10.0M Heap: 398.1M(784.0M)->368.2M(790.0M)]
Heap after GC invocations=114 (full 6):
 garbage-first heap   total 808960K, used 377080K [0x00000000bd400000, 0x00000000eea00000, 0x00000000f0000000)
  region size 1024K, 10 young (10240K), 10 survivors (10240K)
 compacting perm gen  total 131072K, used 77424K [0x00000000f0000000, 0x00000000f8000000, 0x0000000100000000)
   the space 131072K,  59% used [0x00000000f0000000, 0x00000000f4b9c160, 0x00000000f4b9c200, 0x00000000f8000000)
No shared spaces configured.
}
 [Times: user=0.19 sys=0.00, real=0.10 secs] 
163.133: [GC concurrent-root-region-scan-start]
163.140: [GC concurrent-root-region-scan-end, 0.0069820 secs]
163.140: [GC concurrent-mark-start]
{Heap before GC invocations=114 (full 6):
 garbage-first heap   total 808960K, used 474360K [0x00000000bd400000, 0x00000000eea00000, 0x00000000f0000000)
  region size 1024K, 55 young (56320K), 10 survivors (10240K)
 compacting perm gen  total 131072K, used 77424K [0x00000000f0000000, 0x00000000f8000000, 0x0000000100000000)
   the space 131072K,  59% used [0x00000000f0000000, 0x00000000f4b9c160, 0x00000000f4b9c200, 0x00000000f8000000)
No shared spaces configured.
163.397: [GC pause (young), 0.0872680 secs]
   [Parallel Time: 86.0 ms, GC Workers: 4]
      [GC Worker Start (ms): Min: 163397.0, Avg: 163400.3, Max: 163407.5, Diff: 10.4]
      [Ext Root Scanning (ms): Min: 10.0, Avg: 17.6, Max: 26.0, Diff: 16.0, Sum: 70.3]
      [SATB Filtering (ms): Min: 0.0, Avg: 0.0, Max: 0.0, Diff: 0.0, Sum: 0.0]
      [Update RS (ms): Min: 0.6, Avg: 5.9, Max: 9.8, Diff: 9.2, Sum: 23.6]
         [Processed Buffers: Min: 1, Avg: 9.5, Max: 23, Diff: 22, Sum: 38]
      [Scan RS (ms): Min: 0.0, Avg: 1.1, Max: 2.0, Diff: 2.0, Sum: 4.4]
      [Code Root Scanning (ms): Min: 0.0, Avg: 0.0, Max: 0.0, Diff: 0.0, Sum: 0.0]
      [Object Copy (ms): Min: 36.0, Avg: 41.6, Max: 56.1, Diff: 20.1, Sum: 166.5]
      [Termination (ms): Min: 0.0, Avg: 14.9, Max: 20.5, Diff: 20.5, Sum: 59.5]
      [GC Worker Other (ms): Min: 0.0, Avg: 0.0, Max: 0.0, Diff: 0.0, Sum: 0.1]
      [GC Worker Total (ms): Min: 75.0, Avg: 81.1, Max: 84.0, Diff: 9.0, Sum: 324.4]
      [GC Worker End (ms): Min: 163481.0, Avg: 163481.4, Max: 163482.5, Diff: 1.5]
   [Code Root Fixup: 0.0 ms]
   [Code Root Migration: 0.0 ms]
   [Clear CT: 0.1 ms]
   [Other: 1.2 ms]
      [Choose CSet: 0.0 ms]
      [Ref Proc: 0.6 ms]
      [Ref Enq: 0.0 ms]
      [Free CSet: 0.1 ms]
   [Eden: 45.0M(45.0M)->0.0B(71.0M) Survivors: 10.0M->7168.0K Heap: 463.2M(790.0M)->428.7M(795.0M)]
Heap after GC invocations=115 (full 6):
 garbage-first heap   total 814080K, used 439032K [0x00000000bd400000, 0x00000000eef00000, 0x00000000f0000000)
  region size 1024K, 7 young (7168K), 7 survivors (7168K)
 compacting perm gen  total 131072K, used 77424K [0x00000000f0000000, 0x00000000f8000000, 0x0000000100000000)
   the space 131072K,  59% used [0x00000000f0000000, 0x00000000f4b9c160, 0x00000000f4b9c200, 0x00000000f8000000)
No shared spaces configured.
}
 [Times: user=0.20 sys=0.00, real=0.08 secs] 
{Heap before GC invocations=115 (full 6):
 garbage-first heap   total 814080K, used 511736K [0x00000000bd400000, 0x00000000eef00000, 0x00000000f0000000)
  region size 1024K, 78 young (79872K), 7 survivors (7168K)
 compacting perm gen  total 131072K, used 77424K [0x00000000f0000000, 0x00000000f8000000, 0x0000000100000000)
   the space 131072K,  59% used [0x00000000f0000000, 0x00000000f4b9c160, 0x00000000f4b9c200, 0x00000000f8000000)
No shared spaces configured.
163.809: [GC pause (young), 0.0732250 secs]
   [Parallel Time: 69.4 ms, GC Workers: 4]
      [GC Worker Start (ms): Min: 163809.0, Avg: 163809.3, Max: 163810.1, Diff: 1.1]
      [Ext Root Scanning (ms): Min: 12.0, Avg: 29.7, Max: 67.1, Diff: 55.1, Sum: 118.7]
      [SATB Filtering (ms): Min: 0.0, Avg: 0.0, Max: 0.1, Diff: 0.1, Sum: 0.1]
      [Update RS (ms): Min: 0.0, Avg: 7.7, Max: 14.7, Diff: 14.7, Sum: 30.6]
         [Processed Buffers: Min: 0, Avg: 10.8, Max: 22, Diff: 22, Sum: 43]
      [Scan RS (ms): Min: 0.0, Avg: 0.4, Max: 0.8, Diff: 0.8, Sum: 1.7]
      [Code Root Scanning (ms): Min: 0.0, Avg: 0.0, Max: 0.0, Diff: 0.0, Sum: 0.0]
      [Object Copy (ms): Min: 2.1, Avg: 24.2, Max: 31.8, Diff: 29.7, Sum: 96.8]
      [Termination (ms): Min: 0.0, Avg: 7.0, Max: 9.4, Diff: 9.4, Sum: 28.2]
      [GC Worker Other (ms): Min: 0.0, Avg: 0.0, Max: 0.0, Diff: 0.0, Sum: 0.0]
      [GC Worker Total (ms): Min: 68.2, Avg: 69.0, Max: 69.3, Diff: 1.1, Sum: 276.1]
      [GC Worker End (ms): Min: 163878.3, Avg: 163878.3, Max: 163878.3, Diff: 0.0]
   [Code Root Fixup: 0.0 ms]
   [Code Root Migration: 0.0 ms]
   [Clear CT: 1.0 ms]
   [Other: 2.8 ms]
      [Choose CSet: 0.0 ms]
      [Ref Proc: 2.5 ms]
      [Ref Enq: 0.0 ms]
      [Free CSet: 0.1 ms]
   [Eden: 71.0M(71.0M)->0.0B(73.0M) Survivors: 7168.0K->10.0M Heap: 499.7M(795.0M)->444.7M(799.0M)]
Heap after GC invocations=116 (full 6):
 garbage-first heap   total 818176K, used 455416K [0x00000000bd400000, 0x00000000ef300000, 0x00000000f0000000)
  region size 1024K, 10 young (10240K), 10 survivors (10240K)
 compacting perm gen  total 131072K, used 77424K [0x00000000f0000000, 0x00000000f8000000, 0x0000000100000000)
   the space 131072K,  59% used [0x00000000f0000000, 0x00000000f4b9c160, 0x00000000f4b9c200, 0x00000000f8000000)
No shared spaces configured.
}
 [Times: user=0.21 sys=0.00, real=0.07 secs] 
{Heap before GC invocations=116 (full 6):
 garbage-first heap   total 818176K, used 534264K [0x00000000bd400000, 0x00000000ef300000, 0x00000000f0000000)
  region size 1024K, 83 young (84992K), 10 survivors (10240K)
 compacting perm gen  total 131072K, used 77424K [0x00000000f0000000, 0x00000000f8000000, 0x0000000100000000)
   the space 131072K,  59% used [0x00000000f0000000, 0x00000000f4b9c160, 0x00000000f4b9c200, 0x00000000f8000000)
No shared spaces configured.
164.319: [GC pause (young), 0.1233290 secs]
   [Parallel Time: 118.5 ms, GC Workers: 4]
      [GC Worker Start (ms): Min: 164319.5, Avg: 164320.3, Max: 164322.7, Diff: 3.2]
      [Ext Root Scanning (ms): Min: 16.6, Avg: 20.4, Max: 27.4, Diff: 10.9, Sum: 81.7]
      [SATB Filtering (ms): Min: 0.0, Avg: 0.0, Max: 0.0, Diff: 0.0, Sum: 0.0]
      [Update RS (ms): Min: 23.6, Avg: 30.7, Max: 43.2, Diff: 19.6, Sum: 123.0]
         [Processed Buffers: Min: 6, Avg: 13.8, Max: 25, Diff: 19, Sum: 55]
      [Scan RS (ms): Min: 0.0, Avg: 7.5, Max: 15.3, Diff: 15.3, Sum: 30.0]
      [Code Root Scanning (ms): Min: 0.0, Avg: 0.0, Max: 0.0, Diff: 0.0, Sum: 0.0]
      [Object Copy (ms): Min: 57.7, Avg: 58.8, Max: 59.3, Diff: 1.5, Sum: 235.1]
      [Termination (ms): Min: 0.0, Avg: 0.1, Max: 0.1, Diff: 0.1, Sum: 0.4]
      [GC Worker Other (ms): Min: 0.0, Avg: 0.0, Max: 0.0, Diff: 0.0, Sum: 0.1]
      [GC Worker Total (ms): Min: 115.2, Avg: 117.6, Max: 118.4, Diff: 3.2, Sum: 470.3]
      [GC Worker End (ms): Min: 164437.9, Avg: 164437.9, Max: 164437.9, Diff: 0.0]
   [Code Root Fixup: 0.0 ms]
   [Code Root Migration: 0.1 ms]
   [Clear CT: 0.5 ms]
   [Other: 4.3 ms]
      [Choose CSet: 0.0 ms]
      [Ref Proc: 2.0 ms]
      [Ref Enq: 0.0 ms]
      [Free CSet: 1.0 ms]
   [Eden: 73.0M(73.0M)->0.0B(29.0M) Survivors: 10.0M->11.0M Heap: 521.7M(799.0M)->465.7M(802.0M)]
Heap after GC invocations=117 (full 6):
 garbage-first heap   total 821248K, used 476920K [0x00000000bd400000, 0x00000000ef600000, 0x00000000f0000000)
  region size 1024K, 11 young (11264K), 11 survivors (11264K)
 compacting perm gen  total 131072K, used 77424K [0x00000000f0000000, 0x00000000f8000000, 0x0000000100000000)
   the space 131072K,  59% used [0x00000000f0000000, 0x00000000f4b9c160, 0x00000000f4b9c200, 0x00000000f8000000)
No shared spaces configured.
}
 [Times: user=0.27 sys=0.01, real=0.12 secs] 
{Heap before GC invocations=117 (full 6):
 garbage-first heap   total 821248K, used 506616K [0x00000000bd400000, 0x00000000ef600000, 0x00000000f0000000)
  region size 1024K, 40 young (40960K), 11 survivors (11264K)
 compacting perm gen  total 131072K, used 77424K [0x00000000f0000000, 0x00000000f8000000, 0x0000000100000000)
   the space 131072K,  59% used [0x00000000f0000000, 0x00000000f4b9c160, 0x00000000f4b9c200, 0x00000000f8000000)
No shared spaces configured.
164.583: [GC pause (young), 0.0851300 secs]
   [Parallel Time: 84.0 ms, GC Workers: 4]
      [GC Worker Start (ms): Min: 164582.7, Avg: 164584.6, Max: 164590.2, Diff: 7.6]
      [Ext Root Scanning (ms): Min: 19.1, Avg: 22.1, Max: 25.5, Diff: 6.4, Sum: 88.2]
      [SATB Filtering (ms): Min: 0.0, Avg: 0.0, Max: 0.0, Diff: 0.0, Sum: 0.0]
      [Update RS (ms): Min: 3.2, Avg: 9.0, Max: 17.7, Diff: 14.6, Sum: 35.9]
         [Processed Buffers: Min: 3, Avg: 9.8, Max: 14, Diff: 11, Sum: 39]
      [Scan RS (ms): Min: 0.0, Avg: 7.5, Max: 20.9, Diff: 20.9, Sum: 29.9]
      [Code Root Scanning (ms): Min: 0.0, Avg: 0.0, Max: 0.0, Diff: 0.0, Sum: 0.0]
      [Object Copy (ms): Min: 29.7, Avg: 30.8, Max: 31.5, Diff: 1.9, Sum: 123.1]
      [Termination (ms): Min: 0.0, Avg: 9.7, Max: 13.0, Diff: 13.0, Sum: 38.8]
      [GC Worker Other (ms): Min: 0.0, Avg: 0.1, Max: 0.1, Diff: 0.1, Sum: 0.3]
      [GC Worker Total (ms): Min: 73.4, Avg: 79.1, Max: 81.0, Diff: 7.6, Sum: 316.3]
      [GC Worker End (ms): Min: 164663.6, Avg: 164663.6, Max: 164663.7, Diff: 0.1]
   [Code Root Fixup: 0.0 ms]
   [Code Root Migration: 0.0 ms]
   [Clear CT: 0.1 ms]
   [Other: 1.0 ms]
      [Choose CSet: 0.0 ms]
      [Ref Proc: 0.3 ms]
      [Ref Enq: 0.0 ms]
      [Free CSet: 0.2 ms]
   [Eden: 29.0M(29.0M)->0.0B(64.0M) Survivors: 11.0M->5120.0K Heap: 494.7M(802.0M)->473.7M(804.0M)]
Heap after GC invocations=118 (full 6):
 garbage-first heap   total 823296K, used 485112K [0x00000000bd400000, 0x00000000ef800000, 0x00000000f0000000)
  region size 1024K, 5 young (5120K), 5 survivors (5120K)
 compacting perm gen  total 131072K, used 77424K [0x00000000f0000000, 0x00000000f8000000, 0x0000000100000000)
   the space 131072K,  59% used [0x00000000f0000000, 0x00000000f4b9c160, 0x00000000f4b9c200, 0x00000000f8000000)
No shared spaces configured.
}
 [Times: user=0.19 sys=0.00, real=0.09 secs] 
164.874: [GC concurrent-mark-end, 1.7338140 secs]
164.874: [GC remark 164.875: [GC ref-proc, 0.0015140 secs], 0.0178190 secs]
 [Times: user=0.03 sys=0.00, real=0.02 secs] 
164.892: [GC cleanup 509M->483M(804M), 0.0166250 secs]
 [Times: user=0.01 sys=0.00, real=0.02 secs] 
164.909: [GC concurrent-cleanup-start]
164.909: [GC concurrent-cleanup-end, 0.0000670 secs]
{Heap before GC invocations=119 (full 6):
 garbage-first heap   total 823296K, used 524312K [0x00000000bd400000, 0x00000000ef800000, 0x00000000f0000000)
  region size 1024K, 69 young (70656K), 5 survivors (5120K)
 compacting perm gen  total 131072K, used 77424K [0x00000000f0000000, 0x00000000f8000000, 0x0000000100000000)
   the space 131072K,  59% used [0x00000000f0000000, 0x00000000f4b9c160, 0x00000000f4b9c200, 0x00000000f8000000)
No shared spaces configured.
165.041: [GC pause (young), 0.0877370 secs]
   [Parallel Time: 86.9 ms, GC Workers: 4]
      [GC Worker Start (ms): Min: 165041.1, Avg: 165042.8, Max: 165047.4, Diff: 6.3]
      [Ext Root Scanning (ms): Min: 24.2, Avg: 26.1, Max: 27.8, Diff: 3.5, Sum: 104.4]
      [Update RS (ms): Min: 5.7, Avg: 15.6, Max: 23.1, Diff: 17.4, Sum: 62.4]
         [Processed Buffers: Min: 7, Avg: 12.2, Max: 21, Diff: 14, Sum: 49]
      [Scan RS (ms): Min: 0.0, Avg: 0.1, Max: 0.3, Diff: 0.3, Sum: 0.4]
      [Code Root Scanning (ms): Min: 0.0, Avg: 0.0, Max: 0.0, Diff: 0.0, Sum: 0.0]
      [Object Copy (ms): Min: 33.2, Avg: 38.7, Max: 46.7, Diff: 13.5, Sum: 154.9]
      [Termination (ms): Min: 0.0, Avg: 4.7, Max: 6.3, Diff: 6.3, Sum: 18.7]
      [GC Worker Other (ms): Min: 0.0, Avg: 0.0, Max: 0.0, Diff: 0.0, Sum: 0.1]
      [GC Worker Total (ms): Min: 80.5, Avg: 85.2, Max: 86.9, Diff: 6.3, Sum: 340.9]
      [GC Worker End (ms): Min: 165128.0, Avg: 165128.0, Max: 165128.0, Diff: 0.0]
   [Code Root Fixup: 0.0 ms]
   [Code Root Migration: 0.0 ms]
   [Clear CT: 0.1 ms]
   [Other: 0.7 ms]
      [Choose CSet: 0.0 ms]
      [Ref Proc: 0.3 ms]
      [Ref Enq: 0.0 ms]
      [Free CSet: 0.1 ms]
   [Eden: 64.0M(64.0M)->0.0B(49.0M) Survivors: 5120.0K->9216.0K Heap: 512.0M(804.0M)->463.0M(804.0M)]
Heap after GC invocations=120 (full 6):
 garbage-first heap   total 823296K, used 474136K [0x00000000bd400000, 0x00000000ef800000, 0x00000000f0000000)
  region size 1024K, 9 young (9216K), 9 survivors (9216K)
 compacting perm gen  total 131072K, used 77424K [0x00000000f0000000, 0x00000000f8000000, 0x0000000100000000)
   the space 131072K,  59% used [0x00000000f0000000, 0x00000000f4b9c160, 0x00000000f4b9c200, 0x00000000f8000000)
No shared spaces configured.
}
 [Times: user=0.18 sys=0.00, real=0.09 secs] 
{Heap before GC invocations=120 (full 6):
 garbage-first heap   total 823296K, used 524312K [0x00000000bd400000, 0x00000000ef800000, 0x00000000f0000000)
  region size 1024K, 58 young (59392K), 9 survivors (9216K)
 compacting perm gen  total 131072K, used 77424K [0x00000000f0000000, 0x00000000f8000000, 0x0000000100000000)
   the space 131072K,  59% used [0x00000000f0000000, 0x00000000f4b9c160, 0x00000000f4b9c200, 0x00000000f8000000)
No shared spaces configured.
165.287: [GC pause (young), 0.0636120 secs]
   [Parallel Time: 61.7 ms, GC Workers: 4]
      [GC Worker Start (ms): Min: 165287.5, Avg: 165289.5, Max: 165295.5, Diff: 7.9]
      [Ext Root Scanning (ms): Min: 8.1, Avg: 17.4, Max: 21.3, Diff: 13.2, Sum: 69.6]
      [Update RS (ms): Min: 0.2, Avg: 7.8, Max: 14.0, Diff: 13.8, Sum: 31.1]
         [Processed Buffers: Min: 3, Avg: 10.2, Max: 18, Diff: 15, Sum: 41]
      [Scan RS (ms): Min: 0.0, Avg: 0.6, Max: 1.9, Diff: 1.9, Sum: 2.3]
      [Code Root Scanning (ms): Min: 0.0, Avg: 0.0, Max: 0.0, Diff: 0.0, Sum: 0.0]
      [Object Copy (ms): Min: 31.3, Avg: 33.7, Max: 39.5, Diff: 8.2, Sum: 134.8]
      [Termination (ms): Min: 0.0, Avg: 0.1, Max: 0.2, Diff: 0.2, Sum: 0.6]
      [GC Worker Other (ms): Min: 0.0, Avg: 0.0, Max: 0.0, Diff: 0.0, Sum: 0.1]
      [GC Worker Total (ms): Min: 53.8, Avg: 59.6, Max: 61.6, Diff: 7.8, Sum: 238.5]
      [GC Worker End (ms): Min: 165349.1, Avg: 165349.2, Max: 165349.2, Diff: 0.1]
   [Code Root Fixup: 0.1 ms]
   [Code Root Migration: 0.1 ms]
   [Clear CT: 0.2 ms]
   [Other: 1.6 ms]
      [Choose CSet: 0.0 ms]
      [Ref Proc: 0.4 ms]
      [Ref Enq: 0.0 ms]
      [Free CSet: 0.3 ms]
   [Eden: 49.0M(49.0M)->0.0B(78.0M) Survivors: 9216.0K->8192.0K Heap: 512.0M(804.0M)->475.0M(806.0M)]
Heap after GC invocations=121 (full 6):
 garbage-first heap   total 825344K, used 486424K [0x00000000bd400000, 0x00000000efa00000, 0x00000000f0000000)
  region size 1024K, 8 young (8192K), 8 survivors (8192K)
 compacting perm gen  total 131072K, used 77424K [0x00000000f0000000, 0x00000000f8000000, 0x0000000100000000)
   the space 131072K,  59% used [0x00000000f0000000, 0x00000000f4b9c160, 0x00000000f4b9c200, 0x00000000f8000000)
No shared spaces configured.
}
 [Times: user=0.17 sys=0.00, real=0.06 secs] 
{Heap before GC invocations=121 (full 6):
 garbage-first heap   total 825344K, used 566296K [0x00000000bd400000, 0x00000000efa00000, 0x00000000f0000000)
  region size 1024K, 86 young (88064K), 8 survivors (8192K)
 compacting perm gen  total 131072K, used 77424K [0x00000000f0000000, 0x00000000f8000000, 0x0000000100000000)
   the space 131072K,  59% used [0x00000000f0000000, 0x00000000f4b9c160, 0x00000000f4b9c200, 0x00000000f8000000)
No shared spaces configured.
165.716: [GC pause (young) (initial-mark), 0.0785360 secs]
   [Parallel Time: 77.6 ms, GC Workers: 4]
      [GC Worker Start (ms): Min: 165715.8, Avg: 165715.8, Max: 165715.8, Diff: 0.0]
      [Ext Root Scanning (ms): Min: 12.7, Avg: 22.6, Max: 39.1, Diff: 26.4, Sum: 90.4]
      [Code Root Marking (ms): Min: 0.2, Avg: 1.9, Max: 3.7, Diff: 3.5, Sum: 7.8]
      [Update RS (ms): Min: 0.0, Avg: 8.0, Max: 13.5, Diff: 13.5, Sum: 32.1]
         [Processed Buffers: Min: 0, Avg: 11.5, Max: 18, Diff: 18, Sum: 46]
      [Scan RS (ms): Min: 0.0, Avg: 0.7, Max: 1.6, Diff: 1.6, Sum: 2.6]
      [Code Root Scanning (ms): Min: 0.0, Avg: 0.0, Max: 0.0, Diff: 0.0, Sum: 0.0]
      [Object Copy (ms): Min: 33.5, Avg: 40.7, Max: 49.0, Diff: 15.5, Sum: 163.0]
      [Termination (ms): Min: 0.0, Avg: 3.4, Max: 4.6, Diff: 4.6, Sum: 13.6]
      [GC Worker Other (ms): Min: 0.0, Avg: 0.0, Max: 0.0, Diff: 0.0, Sum: 0.1]
      [GC Worker Total (ms): Min: 77.4, Avg: 77.4, Max: 77.5, Diff: 0.1, Sum: 309.7]
      [GC Worker End (ms): Min: 165793.2, Avg: 165793.2, Max: 165793.3, Diff: 0.1]
   [Code Root Fixup: 0.0 ms]
   [Code Root Migration: 0.0 ms]
   [Clear CT: 0.1 ms]
   [Other: 0.9 ms]
      [Choose CSet: 0.0 ms]
      [Ref Proc: 0.5 ms]
      [Ref Enq: 0.0 ms]
      [Free CSet: 0.1 ms]
   [Eden: 78.0M(78.0M)->0.0B(81.0M) Survivors: 8192.0K->11.0M Heap: 553.0M(806.0M)->493.0M(808.0M)]
Heap after GC invocations=122 (full 6):
 garbage-first heap   total 827392K, used 504856K [0x00000000bd400000, 0x00000000efc00000, 0x00000000f0000000)
  region size 1024K, 11 young (11264K), 11 survivors (11264K)
 compacting perm gen  total 131072K, used 77424K [0x00000000f0000000, 0x00000000f8000000, 0x0000000100000000)
   the space 131072K,  59% used [0x00000000f0000000, 0x00000000f4b9c160, 0x00000000f4b9c200, 0x00000000f8000000)
No shared spaces configured.
}
 [Times: user=0.21 sys=0.00, real=0.07 secs] 
165.794: [GC concurrent-root-region-scan-start]
165.813: [GC concurrent-root-region-scan-end, 0.0184170 secs]
165.813: [GC concurrent-mark-start]
{Heap before GC invocations=122 (full 6):
 garbage-first heap   total 827392K, used 690200K [0x00000000bd400000, 0x00000000efc00000, 0x00000000f0000000)
  region size 1024K, 92 young (94208K), 11 survivors (11264K)
 compacting perm gen  total 131072K, used 77424K [0x00000000f0000000, 0x00000000f8000000, 0x0000000100000000)
   the space 131072K,  59% used [0x00000000f0000000, 0x00000000f4b9c160, 0x00000000f4b9c200, 0x00000000f8000000)
No shared spaces configured.
166.393: [GC pause (young), 0.0765660 secs]
   [Parallel Time: 74.0 ms, GC Workers: 4]
      [GC Worker Start (ms): Min: 166393.4, Avg: 166394.5, Max: 166395.5, Diff: 2.1]
      [Ext Root Scanning (ms): Min: 16.0, Avg: 21.6, Max: 31.5, Diff: 15.5, Sum: 86.6]
      [SATB Filtering (ms): Min: 0.0, Avg: 0.0, Max: 0.1, Diff: 0.1, Sum: 0.1]
      [Update RS (ms): Min: 0.0, Avg: 5.5, Max: 9.4, Diff: 9.4, Sum: 21.9]
         [Processed Buffers: Min: 0, Avg: 12.0, Max: 17, Diff: 17, Sum: 48]
      [Scan RS (ms): Min: 0.0, Avg: 1.2, Max: 1.9, Diff: 1.8, Sum: 4.8]
      [Code Root Scanning (ms): Min: 0.0, Avg: 0.0, Max: 0.0, Diff: 0.0, Sum: 0.0]
      [Object Copy (ms): Min: 35.8, Avg: 41.4, Max: 45.4, Diff: 9.6, Sum: 165.6]
      [Termination (ms): Min: 0.0, Avg: 2.6, Max: 3.7, Diff: 3.7, Sum: 10.3]
      [GC Worker Other (ms): Min: 0.0, Avg: 0.0, Max: 0.1, Diff: 0.0, Sum: 0.2]
      [GC Worker Total (ms): Min: 71.1, Avg: 72.4, Max: 73.9, Diff: 2.8, Sum: 289.4]
      [GC Worker End (ms): Min: 166466.6, Avg: 166466.8, Max: 166467.4, Diff: 0.7]
   [Code Root Fixup: 0.0 ms]
   [Code Root Migration: 0.0 ms]
   [Clear CT: 0.1 ms]
   [Other: 2.4 ms]
      [Choose CSet: 0.0 ms]
      [Ref Proc: 1.7 ms]
      [Ref Enq: 0.0 ms]
      [Free CSet: 0.2 ms]
   [Eden: 81.0M(81.0M)->0.0B(91.0M) Survivors: 11.0M->12.0M Heap: 674.0M(808.0M)->612.5M(809.0M)]
Heap after GC invocations=123 (full 6):
 garbage-first heap   total 828416K, used 627224K [0x00000000bd400000, 0x00000000efd00000, 0x00000000f0000000)
  region size 1024K, 12 young (12288K), 12 survivors (12288K)
 compacting perm gen  total 131072K, used 77424K [0x00000000f0000000, 0x00000000f8000000, 0x0000000100000000)
   the space 131072K,  59% used [0x00000000f0000000, 0x00000000f4b9c160, 0x00000000f4b9c200, 0x00000000f8000000)
No shared spaces configured.
}
 [Times: user=0.21 sys=0.01, real=0.08 secs] 
{Heap before GC invocations=123 (full 6):
 garbage-first heap   total 828416K, used 720408K [0x00000000bd400000, 0x00000000efd00000, 0x00000000f0000000)
  region size 1024K, 103 young (105472K), 12 survivors (12288K)
 compacting perm gen  total 131072K, used 77424K [0x00000000f0000000, 0x00000000f8000000, 0x0000000100000000)
   the space 131072K,  59% used [0x00000000f0000000, 0x00000000f4b9c160, 0x00000000f4b9c200, 0x00000000f8000000)
No shared spaces configured.
166.942: [GC pause (young), 0.1878700 secs]
   [Parallel Time: 185.1 ms, GC Workers: 4]
      [GC Worker Start (ms): Min: 166942.2, Avg: 166943.1, Max: 166946.0, Diff: 3.9]
      [Ext Root Scanning (ms): Min: 14.7, Avg: 20.7, Max: 27.0, Diff: 12.3, Sum: 82.7]
      [SATB Filtering (ms): Min: 0.0, Avg: 0.0, Max: 0.1, Diff: 0.1, Sum: 0.1]
      [Update RS (ms): Min: 13.1, Avg: 22.9, Max: 41.4, Diff: 28.3, Sum: 91.5]
         [Processed Buffers: Min: 2, Avg: 13.5, Max: 20, Diff: 18, Sum: 54]
      [Scan RS (ms): Min: 0.0, Avg: 0.6, Max: 2.5, Diff: 2.4, Sum: 2.5]
      [Code Root Scanning (ms): Min: 0.0, Avg: 0.0, Max: 0.0, Diff: 0.0, Sum: 0.0]
      [Object Copy (ms): Min: 116.9, Avg: 119.5, Max: 125.7, Diff: 8.8, Sum: 478.2]
      [Termination (ms): Min: 0.0, Avg: 19.7, Max: 26.5, Diff: 26.5, Sum: 78.8]
      [GC Worker Other (ms): Min: 0.0, Avg: 0.0, Max: 0.0, Diff: 0.0, Sum: 0.1]
      [GC Worker Total (ms): Min: 180.9, Avg: 183.5, Max: 185.0, Diff: 4.1, Sum: 733.9]
      [GC Worker End (ms): Min: 167125.3, Avg: 167126.6, Max: 167127.2, Diff: 1.9]
   [Code Root Fixup: 0.0 ms]
   [Code Root Migration: 0.1 ms]
   [Clear CT: 0.2 ms]
   [Other: 2.5 ms]
      [Choose CSet: 0.0 ms]
      [Ref Proc: 1.2 ms]
      [Ref Enq: 0.0 ms]
      [Free CSet: 0.7 ms]
   [Eden: 91.0M(91.0M)->0.0B(32.0M) Survivors: 12.0M->13.0M Heap: 703.5M(809.0M)->633.5M(810.0M)]
Heap after GC invocations=124 (full 6):
 garbage-first heap   total 829440K, used 648728K [0x00000000bd400000, 0x00000000efe00000, 0x00000000f0000000)
  region size 1024K, 13 young (13312K), 13 survivors (13312K)
 compacting perm gen  total 131072K, used 77424K [0x00000000f0000000, 0x00000000f8000000, 0x0000000100000000)
   the space 131072K,  59% used [0x00000000f0000000, 0x00000000f4b9c160, 0x00000000f4b9c200, 0x00000000f8000000)
No shared spaces configured.
}
 [Times: user=0.26 sys=0.14, real=0.19 secs] 
{Heap before GC invocations=124 (full 6):
 garbage-first heap   total 829440K, used 681496K [0x00000000bd400000, 0x00000000efe00000, 0x00000000f0000000)
  region size 1024K, 45 young (46080K), 13 survivors (13312K)
 compacting perm gen  total 131072K, used 77424K [0x00000000f0000000, 0x00000000f8000000, 0x0000000100000000)
   the space 131072K,  59% used [0x00000000f0000000, 0x00000000f4b9c160, 0x00000000f4b9c200, 0x00000000f8000000)
No shared spaces configured.
167.316: [GC pause (young), 0.0906250 secs]
   [Parallel Time: 88.7 ms, GC Workers: 4]
      [GC Worker Start (ms): Min: 167315.7, Avg: 167317.8, Max: 167322.7, Diff: 7.0]
      [Ext Root Scanning (ms): Min: 19.3, Avg: 25.2, Max: 36.9, Diff: 17.6, Sum: 100.9]
      [SATB Filtering (ms): Min: 0.0, Avg: 0.0, Max: 0.1, Diff: 0.1, Sum: 0.1]
      [Update RS (ms): Min: 0.0, Avg: 10.9, Max: 16.5, Diff: 16.5, Sum: 43.5]
         [Processed Buffers: Min: 0, Avg: 11.5, Max: 28, Diff: 28, Sum: 46]
      [Scan RS (ms): Min: 0.1, Avg: 3.2, Max: 5.5, Diff: 5.4, Sum: 12.7]
      [Code Root Scanning (ms): Min: 0.0, Avg: 0.0, Max: 0.0, Diff: 0.0, Sum: 0.0]
      [Object Copy (ms): Min: 38.9, Avg: 41.7, Max: 44.6, Diff: 5.7, Sum: 166.8]
      [Termination (ms): Min: 0.0, Avg: 5.2, Max: 10.7, Diff: 10.7, Sum: 20.8]
      [GC Worker Other (ms): Min: 0.0, Avg: 0.0, Max: 0.0, Diff: 0.0, Sum: 0.1]
      [GC Worker Total (ms): Min: 81.2, Avg: 86.2, Max: 88.2, Diff: 7.0, Sum: 345.0]
      [GC Worker End (ms): Min: 167403.9, Avg: 167404.0, Max: 167404.3, Diff: 0.4]
   [Code Root Fixup: 0.1 ms]
   [Code Root Migration: 0.0 ms]
   [Clear CT: 0.1 ms]
   [Other: 1.7 ms]
      [Choose CSet: 0.0 ms]
      [Ref Proc: 1.3 ms]
      [Ref Enq: 0.0 ms]
      [Free CSet: 0.1 ms]
   [Eden: 32.0M(32.0M)->0.0B(64.0M) Survivors: 13.0M->6144.0K Heap: 665.5M(810.0M)->642.0M(811.0M)]
Heap after GC invocations=125 (full 6):
 garbage-first heap   total 830464K, used 657432K [0x00000000bd400000, 0x00000000eff00000, 0x00000000f0000000)
  region size 1024K, 6 young (6144K), 6 survivors (6144K)
 compacting perm gen  total 131072K, used 77424K [0x00000000f0000000, 0x00000000f8000000, 0x0000000100000000)
   the space 131072K,  59% used [0x00000000f0000000, 0x00000000f4b9c160, 0x00000000f4b9c200, 0x00000000f8000000)
No shared spaces configured.
}
 [Times: user=0.19 sys=0.00, real=0.08 secs] 
{Heap before GC invocations=125 (full 6):
 garbage-first heap   total 830464K, used 722968K [0x00000000bd400000, 0x00000000eff00000, 0x00000000f0000000)
  region size 1024K, 70 young (71680K), 6 survivors (6144K)
 compacting perm gen  total 131072K, used 77424K [0x00000000f0000000, 0x00000000f8000000, 0x0000000100000000)
   the space 131072K,  59% used [0x00000000f0000000, 0x00000000f4b9c160, 0x00000000f4b9c200, 0x00000000f8000000)
No shared spaces configured.
167.742: [GC pause (young), 0.0793050 secs]
   [Parallel Time: 77.7 ms, GC Workers: 4]
      [GC Worker Start (ms): Min: 167741.9, Avg: 167745.4, Max: 167751.5, Diff: 9.6]
      [Ext Root Scanning (ms): Min: 14.6, Avg: 20.8, Max: 26.2, Diff: 11.6, Sum: 83.0]
      [SATB Filtering (ms): Min: 0.0, Avg: 0.0, Max: 0.1, Diff: 0.1, Sum: 0.1]
      [Update RS (ms): Min: 12.1, Avg: 22.0, Max: 48.4, Diff: 36.3, Sum: 88.1]
         [Processed Buffers: Min: 2, Avg: 10.8, Max: 20, Diff: 18, Sum: 43]
      [Scan RS (ms): Min: 0.0, Avg: 0.3, Max: 1.1, Diff: 1.1, Sum: 1.1]
      [Code Root Scanning (ms): Min: 0.0, Avg: 0.0, Max: 0.0, Diff: 0.0, Sum: 0.0]
      [Object Copy (ms): Min: 1.5, Avg: 21.7, Max: 31.0, Diff: 29.6, Sum: 87.0]
      [Termination (ms): Min: 0.0, Avg: 8.6, Max: 12.3, Diff: 12.3, Sum: 34.2]
      [GC Worker Other (ms): Min: 0.0, Avg: 0.0, Max: 0.0, Diff: 0.0, Sum: 0.1]
      [GC Worker Total (ms): Min: 68.0, Avg: 73.4, Max: 76.6, Diff: 8.6, Sum: 293.5]
      [GC Worker End (ms): Min: 167818.5, Avg: 167818.7, Max: 167819.5, Diff: 1.0]
   [Code Root Fixup: 0.0 ms]
   [Code Root Migration: 0.0 ms]
   [Clear CT: 0.2 ms]
   [Other: 1.4 ms]
      [Choose CSet: 0.0 ms]
      [Ref Proc: 0.3 ms]
      [Ref Enq: 0.0 ms]
      [Free CSet: 0.4 ms]
   [Eden: 64.0M(64.0M)->0.0B(55.0M) Survivors: 6144.0K->9216.0K Heap: 706.0M(811.0M)->657.0M(812.0M)]
Heap after GC invocations=126 (full 6):
 garbage-first heap   total 831488K, used 672792K [0x00000000bd400000, 0x00000000f0000000, 0x00000000f0000000)
  region size 1024K, 9 young (9216K), 9 survivors (9216K)
 compacting perm gen  total 131072K, used 77424K [0x00000000f0000000, 0x00000000f8000000, 0x0000000100000000)
   the space 131072K,  59% used [0x00000000f0000000, 0x00000000f4b9c160, 0x00000000f4b9c200, 0x00000000f8000000)
No shared spaces configured.
}
 [Times: user=0.20 sys=0.00, real=0.08 secs] 
167.862: [GC concurrent-mark-end, 2.0491070 secs]
167.862: [GC remark 167.864: [GC ref-proc, 0.0014760 secs], 0.0129510 secs]
 [Times: user=0.03 sys=0.01, real=0.01 secs] 
167.875: [GC cleanup 663M->636M(812M), 0.0145980 secs]
 [Times: user=0.01 sys=0.00, real=0.02 secs] 
167.890: [GC concurrent-cleanup-start]
167.890: [GC concurrent-cleanup-end, 0.0000590 secs]
{Heap before GC invocations=127 (full 6):
 garbage-first heap   total 831488K, used 701464K [0x00000000bd400000, 0x00000000f0000000, 0x00000000f0000000)
  region size 1024K, 64 young (65536K), 9 survivors (9216K)
 compacting perm gen  total 131072K, used 77424K [0x00000000f0000000, 0x00000000f8000000, 0x0000000100000000)
   the space 131072K,  59% used [0x00000000f0000000, 0x00000000f4b9c160, 0x00000000f4b9c200, 0x00000000f8000000)
No shared spaces configured.
168.053: [GC pause (young), 0.0795470 secs]
   [Parallel Time: 74.6 ms, GC Workers: 4]
      [GC Worker Start (ms): Min: 168053.0, Avg: 168054.0, Max: 168056.9, Diff: 3.9]
      [Ext Root Scanning (ms): Min: 11.5, Avg: 22.8, Max: 32.2, Diff: 20.7, Sum: 91.1]
      [Update RS (ms): Min: 2.7, Avg: 11.7, Max: 25.0, Diff: 22.3, Sum: 46.7]
         [Processed Buffers: Min: 1, Avg: 9.8, Max: 18, Diff: 17, Sum: 39]
      [Scan RS (ms): Min: 0.0, Avg: 0.9, Max: 2.6, Diff: 2.6, Sum: 3.8]
      [Code Root Scanning (ms): Min: 0.0, Avg: 0.0, Max: 0.0, Diff: 0.0, Sum: 0.0]
      [Object Copy (ms): Min: 26.0, Avg: 30.0, Max: 32.7, Diff: 6.7, Sum: 119.9]
      [Termination (ms): Min: 0.0, Avg: 0.0, Max: 0.0, Diff: 0.0, Sum: 0.0]
      [GC Worker Other (ms): Min: 0.0, Avg: 1.1, Max: 4.2, Diff: 4.1, Sum: 4.3]
      [GC Worker Total (ms): Min: 66.4, Avg: 66.5, Max: 66.6, Diff: 0.2, Sum: 265.8]
      [GC Worker End (ms): Min: 168119.4, Avg: 168120.4, Max: 168123.5, Diff: 4.1]
   [Code Root Fixup: 0.0 ms]
   [Code Root Migration: 0.0 ms]
   [Clear CT: 1.4 ms]
   [Other: 3.5 ms]
      [Choose CSet: 0.0 ms]
      [Ref Proc: 3.1 ms]
      [Ref Enq: 0.0 ms]
      [Free CSet: 0.1 ms]
   [Eden: 55.0M(55.0M)->0.0B(68.0M) Survivors: 9216.0K->8192.0K Heap: 685.0M(812.0M)->643.5M(812.0M)]
Heap after GC invocations=128 (full 6):
 garbage-first heap   total 831488K, used 658968K [0x00000000bd400000, 0x00000000f0000000, 0x00000000f0000000)
  region size 1024K, 8 young (8192K), 8 survivors (8192K)
 compacting perm gen  total 131072K, used 77424K [0x00000000f0000000, 0x00000000f8000000, 0x0000000100000000)
   the space 131072K,  59% used [0x00000000f0000000, 0x00000000f4b9c160, 0x00000000f4b9c200, 0x00000000f8000000)
No shared spaces configured.
}
 [Times: user=0.18 sys=0.01, real=0.08 secs] 
{Heap before GC invocations=128 (full 6):
 garbage-first heap   total 831488K, used 728600K [0x00000000bd400000, 0x00000000f0000000, 0x00000000f0000000)
  region size 1024K, 76 young (77824K), 8 survivors (8192K)
 compacting perm gen  total 131072K, used 77424K [0x00000000f0000000, 0x00000000f8000000, 0x0000000100000000)
   the space 131072K,  59% used [0x00000000f0000000, 0x00000000f4b9c160, 0x00000000f4b9c200, 0x00000000f8000000)
No shared spaces configured.
168.368: [GC pause (young), 0.0734950 secs]
   [Parallel Time: 72.8 ms, GC Workers: 4]
      [GC Worker Start (ms): Min: 168367.8, Avg: 168372.1, Max: 168377.3, Diff: 9.4]
      [Ext Root Scanning (ms): Min: 10.3, Avg: 20.2, Max: 34.3, Diff: 24.1, Sum: 80.9]
      [Update RS (ms): Min: 0.0, Avg: 11.3, Max: 16.5, Diff: 16.5, Sum: 45.2]
         [Processed Buffers: Min: 0, Avg: 8.8, Max: 18, Diff: 18, Sum: 35]
      [Scan RS (ms): Min: 0.1, Avg: 1.4, Max: 3.4, Diff: 3.4, Sum: 5.7]
      [Code Root Scanning (ms): Min: 0.0, Avg: 0.0, Max: 0.0, Diff: 0.0, Sum: 0.0]
      [Object Copy (ms): Min: 30.2, Avg: 35.4, Max: 38.9, Diff: 8.7, Sum: 141.4]
      [Termination (ms): Min: 0.0, Avg: 0.1, Max: 0.1, Diff: 0.1, Sum: 0.4]
      [GC Worker Other (ms): Min: 0.0, Avg: 0.0, Max: 0.0, Diff: 0.0, Sum: 0.1]
      [GC Worker Total (ms): Min: 63.3, Avg: 68.4, Max: 72.7, Diff: 9.4, Sum: 273.8]
      [GC Worker End (ms): Min: 168440.5, Avg: 168440.5, Max: 168440.6, Diff: 0.0]
   [Code Root Fixup: 0.0 ms]
   [Code Root Migration: 0.0 ms]
   [Clear CT: 0.1 ms]
   [Other: 0.6 ms]
      [Choose CSet: 0.0 ms]
      [Ref Proc: 0.3 ms]
      [Ref Enq: 0.0 ms]
      [Free CSet: 0.1 ms]
   [Eden: 68.0M(68.0M)->0.0B(55.0M) Survivors: 8192.0K->10.0M Heap: 711.5M(812.0M)->659.0M(812.0M)]
Heap after GC invocations=129 (full 6):
 garbage-first heap   total 831488K, used 674840K [0x00000000bd400000, 0x00000000f0000000, 0x00000000f0000000)
  region size 1024K, 10 young (10240K), 10 survivors (10240K)
 compacting perm gen  total 131072K, used 77424K [0x00000000f0000000, 0x00000000f8000000, 0x0000000100000000)
   the space 131072K,  59% used [0x00000000f0000000, 0x00000000f4b9c160, 0x00000000f4b9c200, 0x00000000f8000000)
No shared spaces configured.
}
 [Times: user=0.18 sys=0.00, real=0.07 secs] 
{Heap before GC invocations=129 (full 6):
 garbage-first heap   total 831488K, used 678936K [0x00000000bd400000, 0x00000000f0000000, 0x00000000f0000000)
  region size 1024K, 15 young (15360K), 10 survivors (10240K)
 compacting perm gen  total 131072K, used 77424K [0x00000000f0000000, 0x00000000f8000000, 0x0000000100000000)
   the space 131072K,  59% used [0x00000000f0000000, 0x00000000f4b9c160, 0x00000000f4b9c200, 0x00000000f8000000)
No shared spaces configured.
168.461: [GC pause (young) (initial-mark), 0.0751790 secs]
   [Parallel Time: 68.8 ms, GC Workers: 4]
      [GC Worker Start (ms): Min: 168461.6, Avg: 168465.8, Max: 168473.6, Diff: 11.9]
      [Ext Root Scanning (ms): Min: 23.1, Avg: 28.2, Max: 42.1, Diff: 19.0, Sum: 112.7]
      [Code Root Marking (ms): Min: 0.0, Avg: 1.8, Max: 6.3, Diff: 6.3, Sum: 7.1]
      [Update RS (ms): Min: 0.0, Avg: 3.4, Max: 7.1, Diff: 7.1, Sum: 13.7]
         [Processed Buffers: Min: 0, Avg: 7.0, Max: 15, Diff: 15, Sum: 28]
      [Scan RS (ms): Min: 0.0, Avg: 3.6, Max: 12.3, Diff: 12.3, Sum: 14.6]
      [Code Root Scanning (ms): Min: 0.0, Avg: 0.0, Max: 0.0, Diff: 0.0, Sum: 0.0]
      [Object Copy (ms): Min: 13.2, Avg: 27.6, Max: 44.5, Diff: 31.3, Sum: 110.2]
      [Termination (ms): Min: 0.0, Avg: 0.1, Max: 0.1, Diff: 0.1, Sum: 0.3]
      [GC Worker Other (ms): Min: 0.0, Avg: 0.0, Max: 0.0, Diff: 0.0, Sum: 0.1]
      [GC Worker Total (ms): Min: 56.9, Avg: 64.7, Max: 68.8, Diff: 11.9, Sum: 258.7]
      [GC Worker End (ms): Min: 168530.4, Avg: 168530.5, Max: 168530.5, Diff: 0.0]
   [Code Root Fixup: 0.0 ms]
   [Code Root Migration: 0.0 ms]
   [Clear CT: 0.4 ms]
   [Other: 5.9 ms]
      [Choose CSet: 0.0 ms]
      [Ref Proc: 5.6 ms]
      [Ref Enq: 0.0 ms]
      [Free CSet: 0.0 ms]
   [Eden: 5120.0K(55.0M)->0.0B(53.0M) Survivors: 10.0M->2048.0K Heap: 663.2M(812.0M)->661.0M(812.0M)]
Heap after GC invocations=130 (full 6):
 garbage-first heap   total 831488K, used 676888K [0x00000000bd400000, 0x00000000f0000000, 0x00000000f0000000)
  region size 1024K, 2 young (2048K), 2 survivors (2048K)
 compacting perm gen  total 131072K, used 77424K [0x00000000f0000000, 0x00000000f8000000, 0x0000000100000000)
   the space 131072K,  59% used [0x00000000f0000000, 0x00000000f4b9c160, 0x00000000f4b9c200, 0x00000000f8000000)
No shared spaces configured.
}
 [Times: user=0.15 sys=0.00, real=0.08 secs] 
168.537: [GC concurrent-root-region-scan-start]
168.543: [GC concurrent-root-region-scan-end, 0.0058740 secs]
168.543: [GC concurrent-mark-start]
{Heap before GC invocations=130 (full 6):
 garbage-first heap   total 831488K, used 738328K [0x00000000bd400000, 0x00000000f0000000, 0x00000000f0000000)
  region size 1024K, 55 young (56320K), 2 survivors (2048K)
 compacting perm gen  total 131072K, used 77424K [0x00000000f0000000, 0x00000000f8000000, 0x0000000100000000)
   the space 131072K,  59% used [0x00000000f0000000, 0x00000000f4b9c160, 0x00000000f4b9c200, 0x00000000f8000000)
No shared spaces configured.
168.979: [Full GC 722M->198M(661M), 1.1174640 secs]
   [Eden: 53.0M(53.0M)->0.0B(105.0M) Survivors: 2048.0K->0.0B Heap: 722.0M(812.0M)->198.3M(661.0M)], [Perm: 77424K->77424K(131072K)]
Heap after GC invocations=131 (full 7):
 garbage-first heap   total 676864K, used 203056K [0x00000000bd400000, 0x00000000e6900000, 0x00000000f0000000)
  region size 1024K, 0 young (0K), 0 survivors (0K)
 compacting perm gen  total 131072K, used 77424K [0x00000000f0000000, 0x00000000f8000000, 0x0000000100000000)
   the space 131072K,  59% used [0x00000000f0000000, 0x00000000f4b9c160, 0x00000000f4b9c200, 0x00000000f8000000)
No shared spaces configured.
}
 [Times: user=1.36 sys=0.02, real=1.12 secs] 
170.097: [GC concurrent-mark-abort]
{Heap before GC invocations=131 (full 7):
 garbage-first heap   total 676864K, used 323088K [0x00000000bd400000, 0x00000000e6900000, 0x00000000f0000000)
  region size 1024K, 105 young (107520K), 0 survivors (0K)
 compacting perm gen  total 131072K, used 77424K [0x00000000f0000000, 0x00000000f8000000, 0x0000000100000000)
   the space 131072K,  59% used [0x00000000f0000000, 0x00000000f4b9c160, 0x00000000f4b9c200, 0x00000000f8000000)
No shared spaces configured.
190.953: [GC pause (young), 0.0627820 secs]
   [Parallel Time: 61.5 ms, GC Workers: 4]
      [GC Worker Start (ms): Min: 190953.6, Avg: 190954.8, Max: 190956.4, Diff: 2.8]
      [Ext Root Scanning (ms): Min: 18.6, Avg: 23.4, Max: 34.5, Diff: 15.9, Sum: 93.5]
      [Update RS (ms): Min: 0.0, Avg: 6.4, Max: 17.5, Diff: 17.5, Sum: 25.8]
         [Processed Buffers: Min: 0, Avg: 14.2, Max: 27, Diff: 27, Sum: 57]
      [Scan RS (ms): Min: 0.0, Avg: 0.1, Max: 0.3, Diff: 0.3, Sum: 0.5]
      [Code Root Scanning (ms): Min: 0.0, Avg: 0.0, Max: 0.0, Diff: 0.0, Sum: 0.0]
      [Object Copy (ms): Min: 23.9, Avg: 30.2, Max: 36.5, Diff: 12.5, Sum: 120.9]
      [Termination (ms): Min: 0.0, Avg: 0.1, Max: 0.1, Diff: 0.1, Sum: 0.3]
      [GC Worker Other (ms): Min: 0.0, Avg: 0.0, Max: 0.0, Diff: 0.0, Sum: 0.1]
      [GC Worker Total (ms): Min: 58.6, Avg: 60.3, Max: 61.5, Diff: 2.8, Sum: 241.1]
      [GC Worker End (ms): Min: 191015.1, Avg: 191015.1, Max: 191015.1, Diff: 0.0]
   [Code Root Fixup: 0.0 ms]
   [Code Root Migration: 0.0 ms]
   [Clear CT: 0.1 ms]
   [Other: 1.2 ms]
      [Choose CSet: 0.0 ms]
      [Ref Proc: 0.8 ms]
      [Ref Enq: 0.0 ms]
      [Free CSet: 0.1 ms]
   [Eden: 105.0M(105.0M)->0.0B(66.0M) Survivors: 0.0B->14.0M Heap: 315.5M(661.0M)->232.5M(692.0M)]
Heap after GC invocations=132 (full 7):
 garbage-first heap   total 708608K, used 238096K [0x00000000bd400000, 0x00000000e8800000, 0x00000000f0000000)
  region size 1024K, 14 young (14336K), 14 survivors (14336K)
 compacting perm gen  total 131072K, used 77424K [0x00000000f0000000, 0x00000000f8000000, 0x0000000100000000)
   the space 131072K,  59% used [0x00000000f0000000, 0x00000000f4b9c160, 0x00000000f4b9c200, 0x00000000f8000000)
No shared spaces configured.
}
 [Times: user=0.16 sys=0.00, real=0.07 secs] 
{Heap before GC invocations=132 (full 7):
 garbage-first heap   total 708608K, used 319504K [0x00000000bd400000, 0x00000000e8800000, 0x00000000f0000000)
  region size 1024K, 80 young (81920K), 14 survivors (14336K)
 compacting perm gen  total 131072K, used 77424K [0x00000000f0000000, 0x00000000f8000000, 0x0000000100000000)
   the space 131072K,  59% used [0x00000000f0000000, 0x00000000f4b9c160, 0x00000000f4b9c200, 0x00000000f8000000)
No shared spaces configured.
191.260: [GC pause (young), 0.0792540 secs]
   [Parallel Time: 78.6 ms, GC Workers: 4]
      [GC Worker Start (ms): Min: 191260.4, Avg: 191261.7, Max: 191265.7, Diff: 5.3]
      [Ext Root Scanning (ms): Min: 13.5, Avg: 21.3, Max: 37.6, Diff: 24.1, Sum: 85.2]
      [Update RS (ms): Min: 0.0, Avg: 11.5, Max: 19.2, Diff: 19.2, Sum: 46.1]
         [Processed Buffers: Min: 0, Avg: 7.5, Max: 16, Diff: 16, Sum: 30]
      [Scan RS (ms): Min: 0.0, Avg: 1.2, Max: 3.2, Diff: 3.2, Sum: 4.9]
      [Code Root Scanning (ms): Min: 0.0, Avg: 0.0, Max: 0.0, Diff: 0.0, Sum: 0.0]
      [Object Copy (ms): Min: 35.0, Avg: 42.7, Max: 49.2, Diff: 14.2, Sum: 170.7]
      [Termination (ms): Min: 0.0, Avg: 0.5, Max: 0.7, Diff: 0.6, Sum: 1.9]
      [GC Worker Other (ms): Min: 0.0, Avg: 0.0, Max: 0.0, Diff: 0.0, Sum: 0.0]
      [GC Worker Total (ms): Min: 73.3, Avg: 77.2, Max: 78.6, Diff: 5.3, Sum: 309.0]
      [GC Worker End (ms): Min: 191338.9, Avg: 191339.0, Max: 191339.0, Diff: 0.0]
   [Code Root Fixup: 0.0 ms]
   [Code Root Migration: 0.0 ms]
   [Clear CT: 0.1 ms]
   [Other: 0.5 ms]
      [Choose CSet: 0.0 ms]
      [Ref Proc: 0.2 ms]
      [Ref Enq: 0.0 ms]
      [Free CSet: 0.1 ms]
   [Eden: 66.0M(66.0M)->0.0B(87.0M) Survivors: 14.0M->10.0M Heap: 312.0M(692.0M)->261.5M(692.0M)]
Heap after GC invocations=133 (full 7):
 garbage-first heap   total 708608K, used 267792K [0x00000000bd400000, 0x00000000e8800000, 0x00000000f0000000)
  region size 1024K, 10 young (10240K), 10 survivors (10240K)
 compacting perm gen  total 131072K, used 77424K [0x00000000f0000000, 0x00000000f8000000, 0x0000000100000000)
   the space 131072K,  59% used [0x00000000f0000000, 0x00000000f4b9c160, 0x00000000f4b9c200, 0x00000000f8000000)
No shared spaces configured.
}
 [Times: user=0.21 sys=0.00, real=0.08 secs] 
{Heap before GC invocations=133 (full 7):
 garbage-first heap   total 708608K, used 292368K [0x00000000bd400000, 0x00000000e8800000, 0x00000000f0000000)
  region size 1024K, 34 young (34816K), 10 survivors (10240K)
 compacting perm gen  total 131072K, used 77424K [0x00000000f0000000, 0x00000000f8000000, 0x0000000100000000)
   the space 131072K,  59% used [0x00000000f0000000, 0x00000000f4b9c160, 0x00000000f4b9c200, 0x00000000f8000000)
No shared spaces configured.
191.422: [GC pause (young), 0.0818060 secs]
   [Parallel Time: 81.1 ms, GC Workers: 4]
      [GC Worker Start (ms): Min: 191422.0, Avg: 191425.9, Max: 191431.9, Diff: 9.9]
      [Ext Root Scanning (ms): Min: 27.0, Avg: 29.2, Max: 33.4, Diff: 6.5, Sum: 116.9]
      [Update RS (ms): Min: 3.4, Avg: 10.3, Max: 22.9, Diff: 19.6, Sum: 41.1]
         [Processed Buffers: Min: 1, Avg: 7.0, Max: 12, Diff: 11, Sum: 28]
      [Scan RS (ms): Min: 0.0, Avg: 7.4, Max: 18.1, Diff: 18.1, Sum: 29.5]
      [Code Root Scanning (ms): Min: 0.0, Avg: 0.0, Max: 0.0, Diff: 0.0, Sum: 0.0]
      [Object Copy (ms): Min: 20.4, Avg: 30.1, Max: 38.9, Diff: 18.5, Sum: 120.5]
      [Termination (ms): Min: 0.0, Avg: 0.2, Max: 0.3, Diff: 0.3, Sum: 0.6]
      [GC Worker Other (ms): Min: 0.0, Avg: 0.0, Max: 0.0, Diff: 0.0, Sum: 0.1]
      [GC Worker Total (ms): Min: 71.1, Avg: 77.2, Max: 81.1, Diff: 9.9, Sum: 308.6]
      [GC Worker End (ms): Min: 191503.0, Avg: 191503.0, Max: 191503.1, Diff: 0.0]
   [Code Root Fixup: 0.0 ms]
   [Code Root Migration: 0.0 ms]
   [Clear CT: 0.0 ms]
   [Other: 0.6 ms]
      [Choose CSet: 0.0 ms]
      [Ref Proc: 0.4 ms]
      [Ref Enq: 0.0 ms]
      [Free CSet: 0.1 ms]
   [Eden: 24.0M(24.0M)->0.0B(94.0M) Survivors: 10.0M->5120.0K Heap: 285.5M(692.0M)->268.0M(692.0M)]
Heap after GC invocations=134 (full 7):
 garbage-first heap   total 708608K, used 274448K [0x00000000bd400000, 0x00000000e8800000, 0x00000000f0000000)
  region size 1024K, 5 young (5120K), 5 survivors (5120K)
 compacting perm gen  total 131072K, used 77424K [0x00000000f0000000, 0x00000000f8000000, 0x0000000100000000)
   the space 131072K,  59% used [0x00000000f0000000, 0x00000000f4b9c160, 0x00000000f4b9c200, 0x00000000f8000000)
No shared spaces configured.
}
 [Times: user=0.14 sys=0.00, real=0.08 secs] 
{Heap before GC invocations=134 (full 7):
 garbage-first heap   total 708608K, used 396304K [0x00000000bd400000, 0x00000000e8800000, 0x00000000f0000000)
  region size 1024K, 99 young (101376K), 5 survivors (5120K)
 compacting perm gen  total 131072K, used 77424K [0x00000000f0000000, 0x00000000f8000000, 0x0000000100000000)
   the space 131072K,  59% used [0x00000000f0000000, 0x00000000f4b9c160, 0x00000000f4b9c200, 0x00000000f8000000)
No shared spaces configured.
191.803: [GC pause (young), 0.0767540 secs]
   [Parallel Time: 76.2 ms, GC Workers: 4]
      [GC Worker Start (ms): Min: 191802.9, Avg: 191804.6, Max: 191808.0, Diff: 5.1]
      [Ext Root Scanning (ms): Min: 18.8, Avg: 23.9, Max: 30.4, Diff: 11.6, Sum: 95.5]
      [Update RS (ms): Min: 2.9, Avg: 8.4, Max: 13.9, Diff: 11.0, Sum: 33.5]
         [Processed Buffers: Min: 1, Avg: 7.5, Max: 25, Diff: 24, Sum: 30]
      [Scan RS (ms): Min: 0.0, Avg: 1.9, Max: 3.7, Diff: 3.7, Sum: 7.6]
      [Code Root Scanning (ms): Min: 0.0, Avg: 0.0, Max: 0.0, Diff: 0.0, Sum: 0.0]
      [Object Copy (ms): Min: 39.4, Avg: 40.2, Max: 41.2, Diff: 1.8, Sum: 160.6]
      [Termination (ms): Min: 0.0, Avg: 0.1, Max: 0.1, Diff: 0.1, Sum: 0.4]
      [GC Worker Other (ms): Min: 0.0, Avg: 0.0, Max: 0.0, Diff: 0.0, Sum: 0.1]
      [GC Worker Total (ms): Min: 71.1, Avg: 74.4, Max: 76.2, Diff: 5.1, Sum: 297.8]
      [GC Worker End (ms): Min: 191879.1, Avg: 191879.1, Max: 191879.1, Diff: 0.0]
   [Code Root Fixup: 0.0 ms]
   [Code Root Migration: 0.0 ms]
   [Clear CT: 0.1 ms]
   [Other: 0.4 ms]
      [Choose CSet: 0.0 ms]
      [Ref Proc: 0.2 ms]
      [Ref Enq: 0.0 ms]
      [Free CSet: 0.1 ms]
   [Eden: 94.0M(94.0M)->0.0B(70.0M) Survivors: 5120.0K->13.0M Heap: 387.0M(692.0M)->312.5M(692.0M)]
Heap after GC invocations=135 (full 7):
 garbage-first heap   total 708608K, used 320016K [0x00000000bd400000, 0x00000000e8800000, 0x00000000f0000000)
  region size 1024K, 13 young (13312K), 13 survivors (13312K)
 compacting perm gen  total 131072K, used 77424K [0x00000000f0000000, 0x00000000f8000000, 0x0000000100000000)
   the space 131072K,  59% used [0x00000000f0000000, 0x00000000f4b9c160, 0x00000000f4b9c200, 0x00000000f8000000)
No shared spaces configured.
}
 [Times: user=0.18 sys=0.00, real=0.08 secs] 
{Heap before GC invocations=135 (full 7):
 garbage-first heap   total 708608K, used 344592K [0x00000000bd400000, 0x00000000e8800000, 0x00000000f0000000)
  region size 1024K, 35 young (35840K), 13 survivors (13312K)
 compacting perm gen  total 131072K, used 77424K [0x00000000f0000000, 0x00000000f8000000, 0x0000000100000000)
   the space 131072K,  59% used [0x00000000f0000000, 0x00000000f4b9c160, 0x00000000f4b9c200, 0x00000000f8000000)
No shared spaces configured.
192.015: [GC pause (young), 0.1445170 secs]
   [Parallel Time: 140.8 ms, GC Workers: 4]
      [GC Worker Start (ms): Min: 192015.1, Avg: 192016.2, Max: 192019.5, Diff: 4.4]
      [Ext Root Scanning (ms): Min: 16.6, Avg: 27.9, Max: 33.5, Diff: 16.9, Sum: 111.7]
      [Update RS (ms): Min: 19.9, Avg: 29.3, Max: 36.8, Diff: 17.0, Sum: 117.3]
         [Processed Buffers: Min: 0, Avg: 12.2, Max: 26, Diff: 26, Sum: 49]
      [Scan RS (ms): Min: 0.2, Avg: 6.7, Max: 17.9, Diff: 17.7, Sum: 26.7]
      [Code Root Scanning (ms): Min: 0.0, Avg: 0.0, Max: 0.0, Diff: 0.0, Sum: 0.0]
      [Object Copy (ms): Min: 42.1, Avg: 51.6, Max: 58.0, Diff: 15.9, Sum: 206.5]
      [Termination (ms): Min: 0.0, Avg: 6.9, Max: 24.1, Diff: 24.1, Sum: 27.5]
      [GC Worker Other (ms): Min: 0.0, Avg: 0.0, Max: 0.0, Diff: 0.0, Sum: 0.1]
      [GC Worker Total (ms): Min: 113.4, Avg: 122.4, Max: 140.7, Diff: 27.3, Sum: 489.8]
      [GC Worker End (ms): Min: 192132.9, Avg: 192138.6, Max: 192155.8, Diff: 22.9]
   [Code Root Fixup: 0.0 ms]
   [Code Root Migration: 0.0 ms]
   [Clear CT: 0.1 ms]
   [Other: 3.6 ms]
      [Choose CSet: 0.0 ms]
      [Ref Proc: 3.1 ms]
      [Ref Enq: 0.0 ms]
      [Free CSet: 0.1 ms]
   [Eden: 22.0M(21.0M)->0.0B(40.0M) Survivors: 13.0M->5120.0K Heap: 336.5M(692.0M)->321.0M(692.0M)]
Heap after GC invocations=136 (full 7):
 garbage-first heap   total 708608K, used 328720K [0x00000000bd400000, 0x00000000e8800000, 0x00000000f0000000)
  region size 1024K, 5 young (5120K), 5 survivors (5120K)
 compacting perm gen  total 131072K, used 77424K [0x00000000f0000000, 0x00000000f8000000, 0x0000000100000000)
   the space 131072K,  59% used [0x00000000f0000000, 0x00000000f4b9c160, 0x00000000f4b9c200, 0x00000000f8000000)
No shared spaces configured.
}
 [Times: user=0.17 sys=0.00, real=0.15 secs] 
{Heap before GC invocations=136 (full 7):
 garbage-first heap   total 708608K, used 369680K [0x00000000bd400000, 0x00000000e8800000, 0x00000000f0000000)
  region size 1024K, 45 young (46080K), 5 survivors (5120K)
 compacting perm gen  total 131072K, used 77424K [0x00000000f0000000, 0x00000000f8000000, 0x0000000100000000)
   the space 131072K,  59% used [0x00000000f0000000, 0x00000000f4b9c160, 0x00000000f4b9c200, 0x00000000f8000000)
No shared spaces configured.
192.412: [GC pause (young) (initial-mark), 0.1250780 secs]
   [Parallel Time: 120.5 ms, GC Workers: 4]
      [GC Worker Start (ms): Min: 192412.5, Avg: 192416.7, Max: 192423.4, Diff: 10.9]
      [Ext Root Scanning (ms): Min: 13.2, Avg: 25.3, Max: 36.2, Diff: 23.0, Sum: 101.3]
      [Code Root Marking (ms): Min: 0.0, Avg: 4.1, Max: 12.9, Diff: 12.8, Sum: 16.4]
      [Update RS (ms): Min: 8.2, Avg: 18.3, Max: 36.3, Diff: 28.1, Sum: 73.3]
         [Processed Buffers: Min: 3, Avg: 6.8, Max: 12, Diff: 9, Sum: 27]
      [Scan RS (ms): Min: 0.0, Avg: 0.8, Max: 1.9, Diff: 1.9, Sum: 3.1]
      [Code Root Scanning (ms): Min: 0.0, Avg: 0.1, Max: 0.4, Diff: 0.4, Sum: 0.4]
      [Object Copy (ms): Min: 45.7, Avg: 60.5, Max: 85.4, Diff: 39.7, Sum: 242.0]
      [Termination (ms): Min: 0.0, Avg: 6.0, Max: 9.5, Diff: 9.5, Sum: 24.0]
      [GC Worker Other (ms): Min: 0.0, Avg: 0.0, Max: 0.0, Diff: 0.0, Sum: 0.1]
      [GC Worker Total (ms): Min: 108.0, Avg: 115.1, Max: 119.0, Diff: 10.9, Sum: 460.5]
      [GC Worker End (ms): Min: 192531.5, Avg: 192531.9, Max: 192533.0, Diff: 1.5]
   [Code Root Fixup: 0.0 ms]
   [Code Root Migration: 0.0 ms]
   [Clear CT: 0.1 ms]
   [Other: 4.4 ms]
      [Choose CSet: 0.0 ms]
      [Ref Proc: 4.0 ms]
      [Ref Enq: 0.0 ms]
      [Free CSet: 0.1 ms]
   [Eden: 40.0M(40.0M)->0.0B(28.0M) Survivors: 5120.0K->6144.0K Heap: 361.0M(692.0M)->331.0M(692.0M)]
Heap after GC invocations=137 (full 7):
 garbage-first heap   total 708608K, used 338960K [0x00000000bd400000, 0x00000000e8800000, 0x00000000f0000000)
  region size 1024K, 6 young (6144K), 6 survivors (6144K)
 compacting perm gen  total 131072K, used 77424K [0x00000000f0000000, 0x00000000f8000000, 0x0000000100000000)
   the space 131072K,  59% used [0x00000000f0000000, 0x00000000f4b9c160, 0x00000000f4b9c200, 0x00000000f8000000)
No shared spaces configured.
}
 [Times: user=0.16 sys=0.00, real=0.13 secs] 
192.538: [GC concurrent-root-region-scan-start]
192.542: [GC concurrent-root-region-scan-end, 0.0046170 secs]
192.542: [GC concurrent-mark-start]
{Heap before GC invocations=137 (full 7):
 garbage-first heap   total 708608K, used 367632K [0x00000000bd400000, 0x00000000e8800000, 0x00000000f0000000)
  region size 1024K, 34 young (34816K), 6 survivors (6144K)
 compacting perm gen  total 131072K, used 77424K [0x00000000f0000000, 0x00000000f8000000, 0x0000000100000000)
   the space 131072K,  59% used [0x00000000f0000000, 0x00000000f4b9c160, 0x00000000f4b9c200, 0x00000000f8000000)
No shared spaces configured.
192.733: [GC pause (young), 0.0593890 secs]
   [Parallel Time: 57.4 ms, GC Workers: 4]
      [GC Worker Start (ms): Min: 192733.1, Avg: 192734.7, Max: 192739.5, Diff: 6.4]
      [Ext Root Scanning (ms): Min: 12.5, Avg: 17.4, Max: 22.5, Diff: 10.0, Sum: 69.6]
      [SATB Filtering (ms): Min: 0.0, Avg: 0.0, Max: 0.1, Diff: 0.1, Sum: 0.1]
      [Update RS (ms): Min: 0.0, Avg: 4.3, Max: 10.5, Diff: 10.5, Sum: 17.3]
         [Processed Buffers: Min: 0, Avg: 7.5, Max: 18, Diff: 18, Sum: 30]
      [Scan RS (ms): Min: 0.0, Avg: 1.5, Max: 5.0, Diff: 5.0, Sum: 6.1]
      [Code Root Scanning (ms): Min: 0.0, Avg: 0.0, Max: 0.0, Diff: 0.0, Sum: 0.0]
      [Object Copy (ms): Min: 17.6, Avg: 21.9, Max: 33.1, Diff: 15.5, Sum: 87.6]
      [Termination (ms): Min: 0.0, Avg: 10.5, Max: 15.5, Diff: 15.5, Sum: 42.0]
      [GC Worker Other (ms): Min: 0.0, Avg: 0.0, Max: 0.0, Diff: 0.0, Sum: 0.0]
      [GC Worker Total (ms): Min: 50.9, Avg: 55.7, Max: 57.3, Diff: 6.4, Sum: 222.6]
      [GC Worker End (ms): Min: 192790.4, Avg: 192790.4, Max: 192790.4, Diff: 0.0]
   [Code Root Fixup: 0.0 ms]
   [Code Root Migration: 0.0 ms]
   [Clear CT: 0.2 ms]
   [Other: 1.7 ms]
      [Choose CSet: 0.0 ms]
      [Ref Proc: 1.5 ms]
      [Ref Enq: 0.0 ms]
      [Free CSet: 0.1 ms]
   [Eden: 28.0M(28.0M)->0.0B(46.0M) Survivors: 6144.0K->5120.0K Heap: 359.0M(692.0M)->338.5M(692.0M)]
Heap after GC invocations=138 (full 7):
 garbage-first heap   total 708608K, used 346640K [0x00000000bd400000, 0x00000000e8800000, 0x00000000f0000000)
  region size 1024K, 5 young (5120K), 5 survivors (5120K)
 compacting perm gen  total 131072K, used 77424K [0x00000000f0000000, 0x00000000f8000000, 0x0000000100000000)
   the space 131072K,  59% used [0x00000000f0000000, 0x00000000f4b9c160, 0x00000000f4b9c200, 0x00000000f8000000)
No shared spaces configured.
}
 [Times: user=0.14 sys=0.01, real=0.06 secs] 
{Heap before GC invocations=138 (full 7):
 garbage-first heap   total 708608K, used 393744K [0x00000000bd400000, 0x00000000e8800000, 0x00000000f0000000)
  region size 1024K, 51 young (52224K), 5 survivors (5120K)
 compacting perm gen  total 131072K, used 77424K [0x00000000f0000000, 0x00000000f8000000, 0x0000000100000000)
   the space 131072K,  59% used [0x00000000f0000000, 0x00000000f4b9c160, 0x00000000f4b9c200, 0x00000000f8000000)
No shared spaces configured.
193.030: [GC pause (young), 0.0812990 secs]
   [Parallel Time: 76.7 ms, GC Workers: 4]
      [GC Worker Start (ms): Min: 193029.7, Avg: 193033.7, Max: 193039.5, Diff: 9.8]
      [Ext Root Scanning (ms): Min: 18.9, Avg: 24.6, Max: 29.3, Diff: 10.4, Sum: 98.2]
      [SATB Filtering (ms): Min: 0.0, Avg: 0.0, Max: 0.0, Diff: 0.0, Sum: 0.0]
      [Update RS (ms): Min: 13.4, Avg: 18.5, Max: 23.9, Diff: 10.5, Sum: 74.1]
         [Processed Buffers: Min: 4, Avg: 6.0, Max: 9, Diff: 5, Sum: 24]
      [Scan RS (ms): Min: 0.0, Avg: 0.1, Max: 0.4, Diff: 0.4, Sum: 0.4]
      [Code Root Scanning (ms): Min: 0.0, Avg: 0.0, Max: 0.0, Diff: 0.0, Sum: 0.0]
      [Object Copy (ms): Min: 22.2, Avg: 25.8, Max: 29.1, Diff: 6.9, Sum: 103.3]
      [Termination (ms): Min: 0.0, Avg: 3.6, Max: 4.8, Diff: 4.8, Sum: 14.3]
      [GC Worker Other (ms): Min: 0.0, Avg: 0.0, Max: 0.0, Diff: 0.0, Sum: 0.1]
      [GC Worker Total (ms): Min: 66.8, Avg: 72.6, Max: 76.6, Diff: 9.8, Sum: 290.4]
      [GC Worker End (ms): Min: 193106.3, Avg: 193106.3, Max: 193106.4, Diff: 0.0]
   [Code Root Fixup: 0.0 ms]
   [Code Root Migration: 0.0 ms]
   [Clear CT: 0.1 ms]
   [Other: 4.5 ms]
      [Choose CSet: 0.0 ms]
      [Ref Proc: 4.3 ms]
      [Ref Enq: 0.0 ms]
      [Free CSet: 0.1 ms]
   [Eden: 46.0M(46.0M)->0.0B(43.0M) Survivors: 5120.0K->7168.0K Heap: 384.5M(692.0M)->349.0M(692.0M)]
Heap after GC invocations=139 (full 7):
 garbage-first heap   total 708608K, used 357392K [0x00000000bd400000, 0x00000000e8800000, 0x00000000f0000000)
  region size 1024K, 7 young (7168K), 7 survivors (7168K)
 compacting perm gen  total 131072K, used 77424K [0x00000000f0000000, 0x00000000f8000000, 0x0000000100000000)
   the space 131072K,  59% used [0x00000000f0000000, 0x00000000f4b9c160, 0x00000000f4b9c200, 0x00000000f8000000)
No shared spaces configured.
}
 [Times: user=0.14 sys=0.01, real=0.08 secs] 
{Heap before GC invocations=139 (full 7):
 garbage-first heap   total 708608K, used 452624K [0x00000000bd400000, 0x00000000e8800000, 0x00000000f0000000)
  region size 1024K, 50 young (51200K), 7 survivors (7168K)
 compacting perm gen  total 131072K, used 77424K [0x00000000f0000000, 0x00000000f8000000, 0x0000000100000000)
   the space 131072K,  59% used [0x00000000f0000000, 0x00000000f4b9c160, 0x00000000f4b9c200, 0x00000000f8000000)
No shared spaces configured.
193.347: [GC pause (young), 0.0632660 secs]
   [Parallel Time: 61.3 ms, GC Workers: 4]
      [GC Worker Start (ms): Min: 193346.8, Avg: 193348.2, Max: 193351.9, Diff: 5.0]
      [Ext Root Scanning (ms): Min: 16.2, Avg: 22.6, Max: 27.2, Diff: 11.0, Sum: 90.4]
      [SATB Filtering (ms): Min: 0.0, Avg: 0.0, Max: 0.1, Diff: 0.1, Sum: 0.1]
      [Update RS (ms): Min: 3.4, Avg: 7.5, Max: 16.0, Diff: 12.6, Sum: 29.8]
         [Processed Buffers: Min: 1, Avg: 7.5, Max: 24, Diff: 23, Sum: 30]
      [Scan RS (ms): Min: 0.0, Avg: 2.7, Max: 6.3, Diff: 6.3, Sum: 11.0]
      [Code Root Scanning (ms): Min: 0.0, Avg: 0.0, Max: 0.0, Diff: 0.0, Sum: 0.0]
      [Object Copy (ms): Min: 18.2, Avg: 25.9, Max: 35.1, Diff: 16.9, Sum: 103.6]
      [Termination (ms): Min: 0.0, Avg: 0.0, Max: 0.0, Diff: 0.0, Sum: 0.0]
      [GC Worker Other (ms): Min: 0.0, Avg: 0.1, Max: 0.2, Diff: 0.1, Sum: 0.3]
      [GC Worker Total (ms): Min: 55.1, Avg: 58.8, Max: 60.2, Diff: 5.2, Sum: 235.2]
      [GC Worker End (ms): Min: 193407.0, Avg: 193407.0, Max: 193407.1, Diff: 0.1]
   [Code Root Fixup: 0.0 ms]
   [Code Root Migration: 0.0 ms]
   [Clear CT: 0.2 ms]
   [Other: 1.7 ms]
      [Choose CSet: 0.0 ms]
      [Ref Proc: 1.4 ms]
      [Ref Enq: 0.0 ms]
      [Free CSet: 0.1 ms]
   [Eden: 43.0M(43.0M)->0.0B(61.0M) Survivors: 7168.0K->7168.0K Heap: 442.0M(692.0M)->410.0M(692.0M)]
Heap after GC invocations=140 (full 7):
 garbage-first heap   total 708608K, used 419856K [0x00000000bd400000, 0x00000000e8800000, 0x00000000f0000000)
  region size 1024K, 7 young (7168K), 7 survivors (7168K)
 compacting perm gen  total 131072K, used 77424K [0x00000000f0000000, 0x00000000f8000000, 0x0000000100000000)
   the space 131072K,  59% used [0x00000000f0000000, 0x00000000f4b9c160, 0x00000000f4b9c200, 0x00000000f8000000)
No shared spaces configured.
}
 [Times: user=0.14 sys=0.00, real=0.07 secs] 
{Heap before GC invocations=140 (full 7):
 garbage-first heap   total 708608K, used 482320K [0x00000000bd400000, 0x00000000e8800000, 0x00000000f0000000)
  region size 1024K, 68 young (69632K), 7 survivors (7168K)
 compacting perm gen  total 131072K, used 77424K [0x00000000f0000000, 0x00000000f8000000, 0x0000000100000000)
   the space 131072K,  59% used [0x00000000f0000000, 0x00000000f4b9c160, 0x00000000f4b9c200, 0x00000000f8000000)
No shared spaces configured.
193.678: [GC pause (young), 0.1014860 secs]
   [Parallel Time: 80.0 ms, GC Workers: 4]
      [GC Worker Start (ms): Min: 193678.0, Avg: 193679.7, Max: 193683.3, Diff: 5.3]
      [Ext Root Scanning (ms): Min: 17.7, Avg: 25.3, Max: 43.9, Diff: 26.2, Sum: 101.3]
      [SATB Filtering (ms): Min: 0.0, Avg: 0.0, Max: 0.0, Diff: 0.0, Sum: 0.0]
      [Update RS (ms): Min: 0.0, Avg: 8.3, Max: 14.4, Diff: 14.4, Sum: 33.1]
         [Processed Buffers: Min: 0, Avg: 7.0, Max: 13, Diff: 13, Sum: 28]
      [Scan RS (ms): Min: 0.0, Avg: 0.9, Max: 2.0, Diff: 2.0, Sum: 3.6]
      [Code Root Scanning (ms): Min: 0.0, Avg: 0.0, Max: 0.0, Diff: 0.0, Sum: 0.0]
      [Object Copy (ms): Min: 35.8, Avg: 37.1, Max: 40.0, Diff: 4.2, Sum: 148.4]
      [Termination (ms): Min: 0.0, Avg: 6.6, Max: 8.8, Diff: 8.8, Sum: 26.4]
      [GC Worker Other (ms): Min: 0.0, Avg: 0.0, Max: 0.1, Diff: 0.0, Sum: 0.2]
      [GC Worker Total (ms): Min: 74.6, Avg: 78.3, Max: 79.9, Diff: 5.3, Sum: 313.0]
      [GC Worker End (ms): Min: 193757.9, Avg: 193758.0, Max: 193758.0, Diff: 0.0]
   [Code Root Fixup: 0.2 ms]
   [Code Root Migration: 0.0 ms]
   [Clear CT: 0.0 ms]
   [Other: 21.2 ms]
      [Choose CSet: 0.0 ms]
      [Ref Proc: 20.9 ms]
      [Ref Enq: 0.0 ms]
      [Free CSet: 0.1 ms]
   [Eden: 61.0M(61.0M)->0.0B(48.0M) Survivors: 7168.0K->9216.0K Heap: 471.0M(692.0M)->424.0M(692.0M)]
Heap after GC invocations=141 (full 7):
 garbage-first heap   total 708608K, used 434192K [0x00000000bd400000, 0x00000000e8800000, 0x00000000f0000000)
  region size 1024K, 9 young (9216K), 9 survivors (9216K)
 compacting perm gen  total 131072K, used 77424K [0x00000000f0000000, 0x00000000f8000000, 0x0000000100000000)
   the space 131072K,  59% used [0x00000000f0000000, 0x00000000f4b9c160, 0x00000000f4b9c200, 0x00000000f8000000)
No shared spaces configured.
}
 [Times: user=0.22 sys=0.00, real=0.10 secs] 
{Heap before GC invocations=141 (full 7):
 garbage-first heap   total 708608K, used 483344K [0x00000000bd400000, 0x00000000e8800000, 0x00000000f0000000)
  region size 1024K, 57 young (58368K), 9 survivors (9216K)
 compacting perm gen  total 131072K, used 77424K [0x00000000f0000000, 0x00000000f8000000, 0x0000000100000000)
   the space 131072K,  59% used [0x00000000f0000000, 0x00000000f4b9c160, 0x00000000f4b9c200, 0x00000000f8000000)
No shared spaces configured.
194.019: [GC pause (young), 0.0681570 secs]
   [Parallel Time: 62.3 ms, GC Workers: 4]
      [GC Worker Start (ms): Min: 194019.0, Avg: 194021.2, Max: 194027.4, Diff: 8.5]
      [Ext Root Scanning (ms): Min: 19.5, Avg: 22.5, Max: 25.7, Diff: 6.3, Sum: 90.1]
      [SATB Filtering (ms): Min: 0.0, Avg: 0.0, Max: 0.0, Diff: 0.0, Sum: 0.0]
      [Update RS (ms): Min: 2.7, Avg: 7.7, Max: 14.0, Diff: 11.3, Sum: 30.8]
         [Processed Buffers: Min: 6, Avg: 7.0, Max: 10, Diff: 4, Sum: 28]
      [Scan RS (ms): Min: 0.0, Avg: 0.8, Max: 1.8, Diff: 1.8, Sum: 3.1]
      [Code Root Scanning (ms): Min: 0.0, Avg: 0.0, Max: 0.0, Diff: 0.0, Sum: 0.0]
      [Object Copy (ms): Min: 23.5, Avg: 28.8, Max: 32.0, Diff: 8.5, Sum: 115.3]
      [Termination (ms): Min: 0.0, Avg: 0.1, Max: 0.1, Diff: 0.1, Sum: 0.4]
      [GC Worker Other (ms): Min: 0.0, Avg: 0.0, Max: 0.0, Diff: 0.0, Sum: 0.1]
      [GC Worker Total (ms): Min: 53.7, Avg: 59.9, Max: 62.2, Diff: 8.5, Sum: 239.8]
      [GC Worker End (ms): Min: 194081.1, Avg: 194081.2, Max: 194081.2, Diff: 0.0]
   [Code Root Fixup: 0.0 ms]
   [Code Root Migration: 0.0 ms]
   [Clear CT: 0.6 ms]
   [Other: 5.3 ms]
      [Choose CSet: 0.0 ms]
      [Ref Proc: 4.9 ms]
      [Ref Enq: 0.0 ms]
      [Free CSet: 0.1 ms]
   [Eden: 48.0M(48.0M)->0.0B(73.0M) Survivors: 9216.0K->8192.0K Heap: 472.0M(692.0M)->435.5M(692.0M)]
Heap after GC invocations=142 (full 7):
 garbage-first heap   total 708608K, used 445968K [0x00000000bd400000, 0x00000000e8800000, 0x00000000f0000000)
  region size 1024K, 8 young (8192K), 8 survivors (8192K)
 compacting perm gen  total 131072K, used 77424K [0x00000000f0000000, 0x00000000f8000000, 0x0000000100000000)
   the space 131072K,  59% used [0x00000000f0000000, 0x00000000f4b9c160, 0x00000000f4b9c200, 0x00000000f8000000)
No shared spaces configured.
}
 [Times: user=0.16 sys=0.00, real=0.06 secs] 
194.179: [GC concurrent-mark-end, 1.6367560 secs]
194.179: [GC remark 194.180: [GC ref-proc, 0.0012830 secs], 0.0102940 secs]
 [Times: user=0.02 sys=0.00, real=0.01 secs] 
194.190: [GC cleanup 453M->428M(692M), 0.0045290 secs]
 [Times: user=0.01 sys=0.00, real=0.00 secs] 
194.195: [GC concurrent-cleanup-start]
194.195: [GC concurrent-cleanup-end, 0.0000470 secs]
{Heap before GC invocations=143 (full 7):
 garbage-first heap   total 708608K, used 498480K [0x00000000bd400000, 0x00000000e8800000, 0x00000000f0000000)
  region size 1024K, 81 young (82944K), 8 survivors (8192K)
 compacting perm gen  total 131072K, used 77424K [0x00000000f0000000, 0x00000000f8000000, 0x0000000100000000)
   the space 131072K,  59% used [0x00000000f0000000, 0x00000000f4b9c160, 0x00000000f4b9c200, 0x00000000f8000000)
No shared spaces configured.
194.401: [GC pause (young), 0.0694090 secs]
   [Parallel Time: 68.3 ms, GC Workers: 4]
      [GC Worker Start (ms): Min: 194401.2, Avg: 194401.8, Max: 194403.5, Diff: 2.2]
      [Ext Root Scanning (ms): Min: 11.9, Avg: 18.3, Max: 22.0, Diff: 10.1, Sum: 73.3]
      [Update RS (ms): Min: 3.8, Avg: 8.0, Max: 16.1, Diff: 12.4, Sum: 31.9]
         [Processed Buffers: Min: 4, Avg: 6.0, Max: 8, Diff: 4, Sum: 24]
      [Scan RS (ms): Min: 4.4, Avg: 5.8, Max: 6.4, Diff: 2.0, Sum: 23.1]
      [Code Root Scanning (ms): Min: 0.0, Avg: 0.0, Max: 0.0, Diff: 0.0, Sum: 0.0]
      [Object Copy (ms): Min: 34.5, Avg: 35.0, Max: 35.6, Diff: 1.1, Sum: 140.2]
      [Termination (ms): Min: 0.0, Avg: 0.0, Max: 0.0, Diff: 0.0, Sum: 0.0]
      [GC Worker Other (ms): Min: 0.0, Avg: 0.0, Max: 0.0, Diff: 0.0, Sum: 0.1]
      [GC Worker Total (ms): Min: 65.5, Avg: 67.2, Max: 67.7, Diff: 2.2, Sum: 268.6]
      [GC Worker End (ms): Min: 194469.0, Avg: 194469.0, Max: 194469.0, Diff: 0.0]
   [Code Root Fixup: 0.0 ms]
   [Code Root Migration: 0.0 ms]
   [Clear CT: 0.1 ms]
   [Other: 1.0 ms]
      [Choose CSet: 0.0 ms]
      [Ref Proc: 0.2 ms]
      [Ref Enq: 0.0 ms]
      [Free CSet: 0.2 ms]
   [Eden: 73.0M(73.0M)->0.0B(33.0M) Survivors: 8192.0K->11.0M Heap: 486.8M(692.0M)->430.8M(716.0M)]
Heap after GC invocations=144 (full 7):
 garbage-first heap   total 733184K, used 441136K [0x00000000bd400000, 0x00000000ea000000, 0x00000000f0000000)
  region size 1024K, 11 young (11264K), 11 survivors (11264K)
 compacting perm gen  total 131072K, used 77424K [0x00000000f0000000, 0x00000000f8000000, 0x0000000100000000)
   the space 131072K,  59% used [0x00000000f0000000, 0x00000000f4b9c160, 0x00000000f4b9c200, 0x00000000f8000000)
No shared spaces configured.
}
 [Times: user=0.20 sys=0.00, real=0.07 secs] 
{Heap before GC invocations=144 (full 7):
 garbage-first heap   total 733184K, used 474928K [0x00000000bd400000, 0x00000000ea000000, 0x00000000f0000000)
  region size 1024K, 44 young (45056K), 11 survivors (11264K)
 compacting perm gen  total 131072K, used 77424K [0x00000000f0000000, 0x00000000f8000000, 0x0000000100000000)
   the space 131072K,  59% used [0x00000000f0000000, 0x00000000f4b9c160, 0x00000000f4b9c200, 0x00000000f8000000)
No shared spaces configured.
194.592: [GC pause (young), 0.0731770 secs]
   [Parallel Time: 71.8 ms, GC Workers: 4]
      [GC Worker Start (ms): Min: 194592.0, Avg: 194594.2, Max: 194599.5, Diff: 7.5]
      [Ext Root Scanning (ms): Min: 17.7, Avg: 26.3, Max: 38.2, Diff: 20.5, Sum: 105.1]
      [Update RS (ms): Min: 0.0, Avg: 9.2, Max: 14.8, Diff: 14.8, Sum: 36.7]
         [Processed Buffers: Min: 0, Avg: 6.5, Max: 10, Diff: 10, Sum: 26]
      [Scan RS (ms): Min: 1.3, Avg: 3.2, Max: 5.0, Diff: 3.6, Sum: 12.6]
      [Code Root Scanning (ms): Min: 0.0, Avg: 0.0, Max: 0.0, Diff: 0.0, Sum: 0.0]
      [Object Copy (ms): Min: 26.6, Avg: 28.0, Max: 28.8, Diff: 2.2, Sum: 112.1]
      [Termination (ms): Min: 0.0, Avg: 2.8, Max: 3.8, Diff: 3.8, Sum: 11.4]
      [GC Worker Other (ms): Min: 0.0, Avg: 0.0, Max: 0.0, Diff: 0.0, Sum: 0.1]
      [GC Worker Total (ms): Min: 64.2, Avg: 69.5, Max: 71.7, Diff: 7.5, Sum: 278.0]
      [GC Worker End (ms): Min: 194663.6, Avg: 194663.7, Max: 194663.7, Diff: 0.0]
   [Code Root Fixup: 0.0 ms]
   [Code Root Migration: 0.0 ms]
   [Clear CT: 0.1 ms]
   [Other: 1.3 ms]
      [Choose CSet: 0.0 ms]
      [Ref Proc: 0.3 ms]
      [Ref Enq: 0.0 ms]
      [Free CSet: 0.6 ms]
   [Eden: 33.0M(33.0M)->0.0B(73.0M) Survivors: 11.0M->6144.0K Heap: 463.8M(716.0M)->439.8M(736.0M)]
Heap after GC invocations=145 (full 7):
 garbage-first heap   total 753664K, used 450352K [0x00000000bd400000, 0x00000000eb400000, 0x00000000f0000000)
  region size 1024K, 6 young (6144K), 6 survivors (6144K)
 compacting perm gen  total 131072K, used 77424K [0x00000000f0000000, 0x00000000f8000000, 0x0000000100000000)
   the space 131072K,  59% used [0x00000000f0000000, 0x00000000f4b9c160, 0x00000000f4b9c200, 0x00000000f8000000)
No shared spaces configured.
}
 [Times: user=0.17 sys=0.00, real=0.07 secs] 
{Heap before GC invocations=145 (full 7):
 garbage-first heap   total 753664K, used 525104K [0x00000000bd400000, 0x00000000eb400000, 0x00000000f0000000)
  region size 1024K, 79 young (80896K), 6 survivors (6144K)
 compacting perm gen  total 131072K, used 77424K [0x00000000f0000000, 0x00000000f8000000, 0x0000000100000000)
   the space 131072K,  59% used [0x00000000f0000000, 0x00000000f4b9c160, 0x00000000f4b9c200, 0x00000000f8000000)
No shared spaces configured.
194.985: [GC pause (young) (initial-mark), 0.1239500 secs]
   [Parallel Time: 122.0 ms, GC Workers: 4]
      [GC Worker Start (ms): Min: 194985.0, Avg: 194986.6, Max: 194988.1, Diff: 3.1]
      [Ext Root Scanning (ms): Min: 20.2, Avg: 25.6, Max: 30.8, Diff: 10.6, Sum: 102.3]
      [Code Root Marking (ms): Min: 0.2, Avg: 6.5, Max: 23.5, Diff: 23.3, Sum: 25.9]
      [Update RS (ms): Min: 6.5, Avg: 19.0, Max: 29.2, Diff: 22.7, Sum: 75.9]
         [Processed Buffers: Min: 2, Avg: 9.2, Max: 27, Diff: 25, Sum: 37]
      [Scan RS (ms): Min: 0.0, Avg: 0.5, Max: 1.8, Diff: 1.8, Sum: 1.9]
      [Code Root Scanning (ms): Min: 0.0, Avg: 0.0, Max: 0.0, Diff: 0.0, Sum: 0.0]
      [Object Copy (ms): Min: 48.8, Avg: 53.8, Max: 59.8, Diff: 11.0, Sum: 215.1]
      [Termination (ms): Min: 0.0, Avg: 3.7, Max: 8.2, Diff: 8.2, Sum: 14.7]
      [GC Worker Other (ms): Min: 0.0, Avg: 0.0, Max: 0.1, Diff: 0.1, Sum: 0.1]
      [GC Worker Total (ms): Min: 106.0, Avg: 109.0, Max: 111.5, Diff: 5.5, Sum: 436.0]
      [GC Worker End (ms): Min: 195093.5, Avg: 195095.6, Max: 195099.6, Diff: 6.1]
   [Code Root Fixup: 0.0 ms]
   [Code Root Migration: 0.0 ms]
   [Clear CT: 0.1 ms]
   [Other: 1.8 ms]
      [Choose CSet: 0.0 ms]
      [Ref Proc: 1.3 ms]
      [Ref Enq: 0.0 ms]
      [Free CSet: 0.1 ms]
   [Eden: 73.0M(73.0M)->0.0B(29.0M) Survivors: 6144.0K->10.0M Heap: 512.8M(736.0M)->456.8M(752.0M)]
Heap after GC invocations=146 (full 7):
 garbage-first heap   total 770048K, used 467760K [0x00000000bd400000, 0x00000000ec400000, 0x00000000f0000000)
  region size 1024K, 10 young (10240K), 10 survivors (10240K)
 compacting perm gen  total 131072K, used 77424K [0x00000000f0000000, 0x00000000f8000000, 0x0000000100000000)
   the space 131072K,  59% used [0x00000000f0000000, 0x00000000f4b9c160, 0x00000000f4b9c200, 0x00000000f8000000)
No shared spaces configured.
}
 [Times: user=0.20 sys=0.00, real=0.13 secs] 
195.109: [GC concurrent-root-region-scan-start]
195.117: [GC concurrent-root-region-scan-end, 0.0075600 secs]
195.117: [GC concurrent-mark-start]
{Heap before GC invocations=146 (full 7):
 garbage-first heap   total 770048K, used 497456K [0x00000000bd400000, 0x00000000ec400000, 0x00000000f0000000)
  region size 1024K, 39 young (39936K), 10 survivors (10240K)
 compacting perm gen  total 131072K, used 77424K [0x00000000f0000000, 0x00000000f8000000, 0x0000000100000000)
   the space 131072K,  59% used [0x00000000f0000000, 0x00000000f4b9c160, 0x00000000f4b9c200, 0x00000000f8000000)
No shared spaces configured.
195.216: [GC pause (young), 0.0583520 secs]
   [Parallel Time: 57.9 ms, GC Workers: 4]
      [GC Worker Start (ms): Min: 195215.8, Avg: 195217.5, Max: 195219.5, Diff: 3.7]
      [Ext Root Scanning (ms): Min: 18.4, Avg: 20.3, Max: 22.3, Diff: 3.8, Sum: 81.0]
      [SATB Filtering (ms): Min: 0.0, Avg: 0.0, Max: 0.2, Diff: 0.2, Sum: 0.2]
      [Update RS (ms): Min: 3.0, Avg: 8.1, Max: 13.0, Diff: 9.9, Sum: 32.2]
         [Processed Buffers: Min: 1, Avg: 6.5, Max: 13, Diff: 12, Sum: 26]
      [Scan RS (ms): Min: 0.0, Avg: 2.8, Max: 7.6, Diff: 7.6, Sum: 11.2]
      [Code Root Scanning (ms): Min: 0.0, Avg: 0.0, Max: 0.0, Diff: 0.0, Sum: 0.0]
      [Object Copy (ms): Min: 23.6, Avg: 24.8, Max: 26.8, Diff: 3.2, Sum: 99.4]
      [Termination (ms): Min: 0.0, Avg: 0.1, Max: 0.1, Diff: 0.1, Sum: 0.4]
      [GC Worker Other (ms): Min: 0.0, Avg: 0.0, Max: 0.0, Diff: 0.0, Sum: 0.1]
      [GC Worker Total (ms): Min: 54.2, Avg: 56.1, Max: 57.9, Diff: 3.7, Sum: 224.4]
      [GC Worker End (ms): Min: 195273.6, Avg: 195273.6, Max: 195273.6, Diff: 0.0]
   [Code Root Fixup: 0.0 ms]
   [Code Root Migration: 0.0 ms]
   [Clear CT: 0.1 ms]
   [Other: 0.4 ms]
      [Choose CSet: 0.0 ms]
      [Ref Proc: 0.1 ms]
      [Ref Enq: 0.0 ms]
      [Free CSet: 0.1 ms]
   [Eden: 29.0M(29.0M)->0.0B(68.0M) Survivors: 10.0M->5120.0K Heap: 485.8M(752.0M)->464.8M(764.0M)]
Heap after GC invocations=147 (full 7):
 garbage-first heap   total 782336K, used 475952K [0x00000000bd400000, 0x00000000ed000000, 0x00000000f0000000)
  region size 1024K, 5 young (5120K), 5 survivors (5120K)
 compacting perm gen  total 131072K, used 77424K [0x00000000f0000000, 0x00000000f8000000, 0x0000000100000000)
   the space 131072K,  59% used [0x00000000f0000000, 0x00000000f4b9c160, 0x00000000f4b9c200, 0x00000000f8000000)
No shared spaces configured.
}
 [Times: user=0.14 sys=0.00, real=0.05 secs] 
{Heap before GC invocations=147 (full 7):
 garbage-first heap   total 782336K, used 545584K [0x00000000bd400000, 0x00000000ed000000, 0x00000000f0000000)
  region size 1024K, 73 young (74752K), 5 survivors (5120K)
 compacting perm gen  total 131072K, used 77424K [0x00000000f0000000, 0x00000000f8000000, 0x0000000100000000)
   the space 131072K,  59% used [0x00000000f0000000, 0x00000000f4b9c160, 0x00000000f4b9c200, 0x00000000f8000000)
No shared spaces configured.
195.617: [GC pause (young), 0.0551890 secs]
   [Parallel Time: 49.7 ms, GC Workers: 4]
      [GC Worker Start (ms): Min: 195616.8, Avg: 195618.5, Max: 195623.4, Diff: 6.7]
      [Ext Root Scanning (ms): Min: 10.4, Avg: 16.6, Max: 20.6, Diff: 10.2, Sum: 66.5]
      [SATB Filtering (ms): Min: 0.0, Avg: 0.0, Max: 0.1, Diff: 0.1, Sum: 0.1]
      [Update RS (ms): Min: 0.0, Avg: 7.7, Max: 16.1, Diff: 16.1, Sum: 30.8]
         [Processed Buffers: Min: 0, Avg: 7.8, Max: 13, Diff: 13, Sum: 31]
      [Scan RS (ms): Min: 0.0, Avg: 0.3, Max: 0.7, Diff: 0.7, Sum: 1.2]
      [Code Root Scanning (ms): Min: 0.0, Avg: 0.0, Max: 0.0, Diff: 0.0, Sum: 0.0]
      [Object Copy (ms): Min: 22.2, Avg: 23.2, Max: 24.3, Diff: 2.1, Sum: 92.7]
      [Termination (ms): Min: 0.0, Avg: 0.1, Max: 0.2, Diff: 0.2, Sum: 0.4]
      [GC Worker Other (ms): Min: 0.0, Avg: 0.0, Max: 0.1, Diff: 0.0, Sum: 0.1]
      [GC Worker Total (ms): Min: 43.0, Avg: 48.0, Max: 49.6, Diff: 6.6, Sum: 191.9]
      [GC Worker End (ms): Min: 195666.4, Avg: 195666.4, Max: 195666.4, Diff: 0.0]
   [Code Root Fixup: 0.0 ms]
   [Code Root Migration: 0.0 ms]
   [Clear CT: 0.4 ms]
   [Other: 5.1 ms]
      [Choose CSet: 0.0 ms]
      [Ref Proc: 4.2 ms]
      [Ref Enq: 0.0 ms]
      [Free CSet: 0.4 ms]
   [Eden: 68.0M(68.0M)->0.0B(78.0M) Survivors: 5120.0K->10.0M Heap: 532.8M(764.0M)->481.3M(774.0M)]
Heap after GC invocations=148 (full 7):
 garbage-first heap   total 792576K, used 492848K [0x00000000bd400000, 0x00000000eda00000, 0x00000000f0000000)
  region size 1024K, 10 young (10240K), 10 survivors (10240K)
 compacting perm gen  total 131072K, used 77424K [0x00000000f0000000, 0x00000000f8000000, 0x0000000100000000)
   the space 131072K,  59% used [0x00000000f0000000, 0x00000000f4b9c160, 0x00000000f4b9c200, 0x00000000f8000000)
No shared spaces configured.
}
 [Times: user=0.15 sys=0.00, real=0.05 secs] 
{Heap before GC invocations=148 (full 7):
 garbage-first heap   total 792576K, used 675120K [0x00000000bd400000, 0x00000000eda00000, 0x00000000f0000000)
  region size 1024K, 88 young (90112K), 10 survivors (10240K)
 compacting perm gen  total 131072K, used 77424K [0x00000000f0000000, 0x00000000f8000000, 0x0000000100000000)
   the space 131072K,  59% used [0x00000000f0000000, 0x00000000f4b9c160, 0x00000000f4b9c200, 0x00000000f8000000)
No shared spaces configured.
196.305: [GC pause (young), 0.1544870 secs]
   [Parallel Time: 153.8 ms, GC Workers: 4]
      [GC Worker Start (ms): Min: 196305.2, Avg: 196306.3, Max: 196309.5, Diff: 4.3]
      [Ext Root Scanning (ms): Min: 20.1, Avg: 30.0, Max: 45.0, Diff: 24.9, Sum: 119.8]
      [SATB Filtering (ms): Min: 0.0, Avg: 0.0, Max: 0.1, Diff: 0.1, Sum: 0.1]
      [Update RS (ms): Min: 0.0, Avg: 8.0, Max: 13.9, Diff: 13.9, Sum: 32.2]
         [Processed Buffers: Min: 0, Avg: 9.5, Max: 29, Diff: 29, Sum: 38]
      [Scan RS (ms): Min: 0.0, Avg: 1.4, Max: 2.7, Diff: 2.7, Sum: 5.6]
      [Code Root Scanning (ms): Min: 0.0, Avg: 0.0, Max: 0.0, Diff: 0.0, Sum: 0.0]
      [Object Copy (ms): Min: 75.0, Avg: 89.2, Max: 108.7, Diff: 33.7, Sum: 356.8]
      [Termination (ms): Min: 0.0, Avg: 24.0, Max: 34.3, Diff: 34.3, Sum: 95.8]
      [GC Worker Other (ms): Min: 0.0, Avg: 0.0, Max: 0.0, Diff: 0.0, Sum: 0.1]
      [GC Worker Total (ms): Min: 149.4, Avg: 152.6, Max: 153.7, Diff: 4.3, Sum: 610.4]
      [GC Worker End (ms): Min: 196458.9, Avg: 196458.9, Max: 196459.0, Diff: 0.0]
   [Code Root Fixup: 0.0 ms]
   [Code Root Migration: 0.0 ms]
   [Clear CT: 0.1 ms]
   [Other: 0.6 ms]
      [Choose CSet: 0.0 ms]
      [Ref Proc: 0.2 ms]
      [Ref Enq: 0.0 ms]
      [Free CSet: 0.1 ms]
   [Eden: 78.0M(78.0M)->0.0B(43.0M) Survivors: 10.0M->11.0M Heap: 659.3M(774.0M)->599.8M(782.0M)]
Heap after GC invocations=149 (full 7):
 garbage-first heap   total 800768K, used 614192K [0x00000000bd400000, 0x00000000ee200000, 0x00000000f0000000)
  region size 1024K, 11 young (11264K), 11 survivors (11264K)
 compacting perm gen  total 131072K, used 77424K [0x00000000f0000000, 0x00000000f8000000, 0x0000000100000000)
   the space 131072K,  59% used [0x00000000f0000000, 0x00000000f4b9c160, 0x00000000f4b9c200, 0x00000000f8000000)
No shared spaces configured.
}
 [Times: user=0.24 sys=0.11, real=0.16 secs] 
{Heap before GC invocations=149 (full 7):
 garbage-first heap   total 800768K, used 658224K [0x00000000bd400000, 0x00000000ee200000, 0x00000000f0000000)
  region size 1024K, 54 young (55296K), 11 survivors (11264K)
 compacting perm gen  total 131072K, used 77424K [0x00000000f0000000, 0x00000000f8000000, 0x0000000100000000)
   the space 131072K,  59% used [0x00000000f0000000, 0x00000000f4b9c160, 0x00000000f4b9c200, 0x00000000f8000000)
No shared spaces configured.
196.702: [GC pause (young), 0.0766440 secs]
   [Parallel Time: 67.7 ms, GC Workers: 4]
      [GC Worker Start (ms): Min: 196701.7, Avg: 196702.6, Max: 196703.5, Diff: 1.8]
      [Ext Root Scanning (ms): Min: 12.8, Avg: 20.0, Max: 28.3, Diff: 15.5, Sum: 80.1]
      [SATB Filtering (ms): Min: 0.0, Avg: 0.0, Max: 0.0, Diff: 0.0, Sum: 0.0]
      [Update RS (ms): Min: 0.0, Avg: 7.2, Max: 15.4, Diff: 15.4, Sum: 28.9]
         [Processed Buffers: Min: 0, Avg: 8.2, Max: 22, Diff: 22, Sum: 33]
      [Scan RS (ms): Min: 0.0, Avg: 0.8, Max: 1.7, Diff: 1.7, Sum: 3.1]
      [Code Root Scanning (ms): Min: 0.0, Avg: 0.0, Max: 0.0, Diff: 0.0, Sum: 0.0]
      [Object Copy (ms): Min: 24.0, Avg: 34.9, Max: 42.5, Diff: 18.5, Sum: 139.8]
      [Termination (ms): Min: 0.0, Avg: 0.0, Max: 0.0, Diff: 0.0, Sum: 0.0]
      [GC Worker Other (ms): Min: 0.0, Avg: 1.0, Max: 3.7, Diff: 3.7, Sum: 3.8]
      [GC Worker Total (ms): Min: 62.1, Avg: 63.9, Max: 65.8, Diff: 3.7, Sum: 255.7]
      [GC Worker End (ms): Min: 196765.6, Avg: 196766.5, Max: 196769.2, Diff: 3.7]
   [Code Root Fixup: 0.0 ms]
   [Code Root Migration: 0.0 ms]
   [Clear CT: 0.1 ms]
   [Other: 8.9 ms]
      [Choose CSet: 0.0 ms]
      [Ref Proc: 8.5 ms]
      [Ref Enq: 0.0 ms]
      [Free CSet: 0.1 ms]
   [Eden: 43.0M(43.0M)->0.0B(74.0M) Survivors: 11.0M->7168.0K Heap: 642.8M(782.0M)->610.8M(788.0M)]
Heap after GC invocations=150 (full 7):
 garbage-first heap   total 806912K, used 625456K [0x00000000bd400000, 0x00000000ee800000, 0x00000000f0000000)
  region size 1024K, 7 young (7168K), 7 survivors (7168K)
 compacting perm gen  total 131072K, used 77424K [0x00000000f0000000, 0x00000000f8000000, 0x0000000100000000)
   the space 131072K,  59% used [0x00000000f0000000, 0x00000000f4b9c160, 0x00000000f4b9c200, 0x00000000f8000000)
No shared spaces configured.
}
 [Times: user=0.17 sys=0.01, real=0.08 secs] 
196.921: [GC concurrent-mark-end, 1.8048720 secs]
196.922: [GC remark 196.922: [GC ref-proc, 0.0013360 secs], 0.0156260 secs]
 [Times: user=0.03 sys=0.00, real=0.02 secs] 
196.940: [GC cleanup 644M->617M(788M), 0.0087690 secs]
 [Times: user=0.02 sys=0.00, real=0.01 secs] 
196.948: [GC concurrent-cleanup-start]
196.949: [GC concurrent-cleanup-end, 0.0000570 secs]
{Heap before GC invocations=151 (full 7):
 garbage-first heap   total 806912K, used 673584K [0x00000000bd400000, 0x00000000ee800000, 0x00000000f0000000)
  region size 1024K, 81 young (82944K), 7 survivors (7168K)
 compacting perm gen  total 131072K, used 77424K [0x00000000f0000000, 0x00000000f8000000, 0x0000000100000000)
   the space 131072K,  59% used [0x00000000f0000000, 0x00000000f4b9c160, 0x00000000f4b9c200, 0x00000000f8000000)
No shared spaces configured.
197.068: [GC pause (young), 0.0744720 secs]
   [Parallel Time: 73.9 ms, GC Workers: 4]
      [GC Worker Start (ms): Min: 197068.2, Avg: 197070.3, Max: 197072.4, Diff: 4.2]
      [Ext Root Scanning (ms): Min: 15.2, Avg: 25.4, Max: 35.9, Diff: 20.7, Sum: 101.5]
      [Update RS (ms): Min: 2.5, Avg: 12.7, Max: 24.5, Diff: 22.0, Sum: 50.6]
         [Processed Buffers: Min: 2, Avg: 9.0, Max: 22, Diff: 20, Sum: 36]
      [Scan RS (ms): Min: 0.0, Avg: 0.1, Max: 0.5, Diff: 0.5, Sum: 0.5]
      [Code Root Scanning (ms): Min: 0.0, Avg: 0.0, Max: 0.0, Diff: 0.0, Sum: 0.0]
      [Object Copy (ms): Min: 29.9, Avg: 33.1, Max: 34.4, Diff: 4.5, Sum: 132.5]
      [Termination (ms): Min: 0.0, Avg: 0.4, Max: 0.6, Diff: 0.6, Sum: 1.6]
      [GC Worker Other (ms): Min: 0.0, Avg: 0.0, Max: 0.0, Diff: 0.0, Sum: 0.1]
      [GC Worker Total (ms): Min: 69.6, Avg: 71.7, Max: 73.8, Diff: 4.2, Sum: 286.8]
      [GC Worker End (ms): Min: 197142.0, Avg: 197142.0, Max: 197142.1, Diff: 0.0]
   [Code Root Fixup: 0.0 ms]
   [Code Root Migration: 0.0 ms]
   [Clear CT: 0.1 ms]
   [Other: 0.5 ms]
      [Choose CSet: 0.0 ms]
      [Ref Proc: 0.2 ms]
      [Ref Enq: 0.0 ms]
      [Free CSet: 0.1 ms]
   [Eden: 74.0M(74.0M)->0.0B(70.0M) Survivors: 7168.0K->11.0M Heap: 657.8M(788.0M)->601.3M(793.0M)]
Heap after GC invocations=152 (full 7):
 garbage-first heap   total 812032K, used 615728K [0x00000000bd400000, 0x00000000eed00000, 0x00000000f0000000)
  region size 1024K, 11 young (11264K), 11 survivors (11264K)
 compacting perm gen  total 131072K, used 77424K [0x00000000f0000000, 0x00000000f8000000, 0x0000000100000000)
   the space 131072K,  59% used [0x00000000f0000000, 0x00000000f4b9c160, 0x00000000f4b9c200, 0x00000000f8000000)
No shared spaces configured.
}
 [Times: user=0.19 sys=0.00, real=0.07 secs] 
{Heap before GC invocations=152 (full 7):
 garbage-first heap   total 812032K, used 687408K [0x00000000bd400000, 0x00000000eed00000, 0x00000000f0000000)
  region size 1024K, 81 young (82944K), 11 survivors (11264K)
 compacting perm gen  total 131072K, used 77424K [0x00000000f0000000, 0x00000000f8000000, 0x0000000100000000)
   the space 131072K,  59% used [0x00000000f0000000, 0x00000000f4b9c160, 0x00000000f4b9c200, 0x00000000f8000000)
No shared spaces configured.
197.386: [GC pause (young), 0.2426930 secs]
   [Parallel Time: 242.1 ms, GC Workers: 4]
      [GC Worker Start (ms): Min: 197385.6, Avg: 197386.5, Max: 197389.0, Diff: 3.5]
      [Ext Root Scanning (ms): Min: 15.8, Avg: 30.1, Max: 64.9, Diff: 49.1, Sum: 120.4]
      [Update RS (ms): Min: 0.0, Avg: 13.5, Max: 32.7, Diff: 32.7, Sum: 53.9]
         [Processed Buffers: Min: 0, Avg: 8.2, Max: 14, Diff: 14, Sum: 33]
      [Scan RS (ms): Min: 0.0, Avg: 0.7, Max: 1.5, Diff: 1.5, Sum: 2.9]
      [Code Root Scanning (ms): Min: 0.0, Avg: 0.0, Max: 0.0, Diff: 0.0, Sum: 0.0]
      [Object Copy (ms): Min: 95.9, Avg: 129.5, Max: 177.0, Diff: 81.1, Sum: 518.0]
      [Termination (ms): Min: 0.0, Avg: 67.3, Max: 89.8, Diff: 89.8, Sum: 269.3]
      [GC Worker Other (ms): Min: 0.0, Avg: 0.0, Max: 0.0, Diff: 0.0, Sum: 0.1]
      [GC Worker Total (ms): Min: 238.6, Avg: 241.1, Max: 242.0, Diff: 3.5, Sum: 964.6]
      [GC Worker End (ms): Min: 197627.6, Avg: 197627.6, Max: 197627.6, Diff: 0.0]
   [Code Root Fixup: 0.0 ms]
   [Code Root Migration: 0.0 ms]
   [Clear CT: 0.1 ms]
   [Other: 0.5 ms]
      [Choose CSet: 0.0 ms]
      [Ref Proc: 0.2 ms]
      [Ref Enq: 0.0 ms]
      [Free CSet: 0.1 ms]
   [Eden: 70.0M(70.0M)->0.0B(28.0M) Survivors: 11.0M->11.0M Heap: 671.3M(793.0M)->617.8M(797.0M)]
Heap after GC invocations=153 (full 7):
 garbage-first heap   total 816128K, used 632624K [0x00000000bd400000, 0x00000000ef100000, 0x00000000f0000000)
  region size 1024K, 11 young (11264K), 11 survivors (11264K)
 compacting perm gen  total 131072K, used 77424K [0x00000000f0000000, 0x00000000f8000000, 0x0000000100000000)
   the space 131072K,  59% used [0x00000000f0000000, 0x00000000f4b9c160, 0x00000000f4b9c200, 0x00000000f8000000)
No shared spaces configured.
}
 [Times: user=0.33 sys=0.22, real=0.25 secs] 
{Heap before GC invocations=153 (full 7):
 garbage-first heap   total 816128K, used 661296K [0x00000000bd400000, 0x00000000ef100000, 0x00000000f0000000)
  region size 1024K, 39 young (39936K), 11 survivors (11264K)
 compacting perm gen  total 131072K, used 77424K [0x00000000f0000000, 0x00000000f8000000, 0x0000000100000000)
   the space 131072K,  59% used [0x00000000f0000000, 0x00000000f4b9c160, 0x00000000f4b9c200, 0x00000000f8000000)
No shared spaces configured.
197.725: [GC pause (young) (initial-mark), 0.0922980 secs]
   [Parallel Time: 80.1 ms, GC Workers: 4]
      [GC Worker Start (ms): Min: 197725.1, Avg: 197726.1, Max: 197728.9, Diff: 3.7]
      [Ext Root Scanning (ms): Min: 14.9, Avg: 25.7, Max: 36.9, Diff: 22.0, Sum: 102.7]
      [Code Root Marking (ms): Min: 0.0, Avg: 3.3, Max: 10.2, Diff: 10.2, Sum: 13.1]
      [Update RS (ms): Min: 1.8, Avg: 10.6, Max: 19.1, Diff: 17.3, Sum: 42.3]
         [Processed Buffers: Min: 0, Avg: 7.0, Max: 12, Diff: 12, Sum: 28]
      [Scan RS (ms): Min: 0.0, Avg: 0.4, Max: 1.6, Diff: 1.6, Sum: 1.6]
      [Code Root Scanning (ms): Min: 0.0, Avg: 0.0, Max: 0.0, Diff: 0.0, Sum: 0.0]
      [Object Copy (ms): Min: 30.9, Avg: 37.6, Max: 51.7, Diff: 20.8, Sum: 150.5]
      [Termination (ms): Min: 0.0, Avg: 1.5, Max: 2.1, Diff: 2.1, Sum: 6.1]
      [GC Worker Other (ms): Min: 0.0, Avg: 0.0, Max: 0.0, Diff: 0.0, Sum: 0.1]
      [GC Worker Total (ms): Min: 76.3, Avg: 79.1, Max: 80.0, Diff: 3.7, Sum: 316.4]
      [GC Worker End (ms): Min: 197805.2, Avg: 197805.2, Max: 197805.2, Diff: 0.0]
   [Code Root Fixup: 0.0 ms]
   [Code Root Migration: 0.0 ms]
   [Clear CT: 0.3 ms]
   [Other: 11.8 ms]
      [Choose CSet: 0.0 ms]
      [Ref Proc: 10.5 ms]
      [Ref Enq: 0.0 ms]
      [Free CSet: 0.3 ms]
   [Eden: 28.0M(28.0M)->0.0B(51.0M) Survivors: 11.0M->5120.0K Heap: 645.8M(797.0M)->624.8M(800.0M)]
Heap after GC invocations=154 (full 7):
 garbage-first heap   total 819200K, used 639792K [0x00000000bd400000, 0x00000000ef400000, 0x00000000f0000000)
  region size 1024K, 5 young (5120K), 5 survivors (5120K)
 compacting perm gen  total 131072K, used 77424K [0x00000000f0000000, 0x00000000f8000000, 0x0000000100000000)
   the space 131072K,  59% used [0x00000000f0000000, 0x00000000f4b9c160, 0x00000000f4b9c200, 0x00000000f8000000)
No shared spaces configured.
}
 [Times: user=0.18 sys=0.00, real=0.10 secs] 
197.818: [GC concurrent-root-region-scan-start]
197.827: [GC concurrent-root-region-scan-end, 0.0093690 secs]
197.827: [GC concurrent-mark-start]
{Heap before GC invocations=154 (full 7):
 garbage-first heap   total 819200K, used 692016K [0x00000000bd400000, 0x00000000ef400000, 0x00000000f0000000)
  region size 1024K, 56 young (57344K), 5 survivors (5120K)
 compacting perm gen  total 131072K, used 77424K [0x00000000f0000000, 0x00000000f8000000, 0x0000000100000000)
   the space 131072K,  59% used [0x00000000f0000000, 0x00000000f4b9c160, 0x00000000f4b9c200, 0x00000000f8000000)
No shared spaces configured.
198.049: [GC pause (young), 0.0959000 secs]
   [Parallel Time: 92.4 ms, GC Workers: 4]
      [GC Worker Start (ms): Min: 198049.3, Avg: 198049.4, Max: 198049.6, Diff: 0.4]
      [Ext Root Scanning (ms): Min: 14.0, Avg: 19.4, Max: 25.5, Diff: 11.5, Sum: 77.5]
      [SATB Filtering (ms): Min: 0.0, Avg: 0.0, Max: 0.0, Diff: 0.0, Sum: 0.0]
      [Update RS (ms): Min: 11.4, Avg: 14.4, Max: 16.1, Diff: 4.7, Sum: 57.8]
         [Processed Buffers: Min: 2, Avg: 7.0, Max: 14, Diff: 12, Sum: 28]
      [Scan RS (ms): Min: 0.0, Avg: 5.7, Max: 21.6, Diff: 21.6, Sum: 23.0]
      [Code Root Scanning (ms): Min: 0.0, Avg: 0.0, Max: 0.0, Diff: 0.0, Sum: 0.0]
      [Object Copy (ms): Min: 20.3, Avg: 38.7, Max: 50.8, Diff: 30.5, Sum: 154.9]
      [Termination (ms): Min: 0.0, Avg: 13.8, Max: 18.5, Diff: 18.5, Sum: 55.3]
      [GC Worker Other (ms): Min: 0.0, Avg: 0.0, Max: 0.0, Diff: 0.0, Sum: 0.1]
      [GC Worker Total (ms): Min: 91.9, Avg: 92.2, Max: 92.3, Diff: 0.4, Sum: 368.6]
      [GC Worker End (ms): Min: 198141.5, Avg: 198141.5, Max: 198141.6, Diff: 0.1]
   [Code Root Fixup: 0.0 ms]
   [Code Root Migration: 0.0 ms]
   [Clear CT: 0.1 ms]
   [Other: 3.4 ms]
      [Choose CSet: 0.0 ms]
      [Ref Proc: 2.4 ms]
      [Ref Enq: 0.0 ms]
      [Free CSet: 0.2 ms]
   [Eden: 51.0M(51.0M)->0.0B(33.0M) Survivors: 5120.0K->7168.0K Heap: 675.8M(800.0M)->636.3M(803.0M)]
Heap after GC invocations=155 (full 7):
 garbage-first heap   total 822272K, used 651568K [0x00000000bd400000, 0x00000000ef700000, 0x00000000f0000000)
  region size 1024K, 7 young (7168K), 7 survivors (7168K)
 compacting perm gen  total 131072K, used 77424K [0x00000000f0000000, 0x00000000f8000000, 0x0000000100000000)
   the space 131072K,  59% used [0x00000000f0000000, 0x00000000f4b9c160, 0x00000000f4b9c200, 0x00000000f8000000)
No shared spaces configured.
}
 [Times: user=0.20 sys=0.00, real=0.09 secs] 
{Heap before GC invocations=155 (full 7):
 garbage-first heap   total 822272K, used 685360K [0x00000000bd400000, 0x00000000ef700000, 0x00000000f0000000)
  region size 1024K, 40 young (40960K), 7 survivors (7168K)
 compacting perm gen  total 131072K, used 77424K [0x00000000f0000000, 0x00000000f8000000, 0x0000000100000000)
   the space 131072K,  59% used [0x00000000f0000000, 0x00000000f4b9c160, 0x00000000f4b9c200, 0x00000000f8000000)
No shared spaces configured.
198.343: [GC pause (young), 0.0524260 secs]
   [Parallel Time: 48.0 ms, GC Workers: 4]
      [GC Worker Start (ms): Min: 198343.4, Avg: 198345.6, Max: 198351.5, Diff: 8.0]
      [Ext Root Scanning (ms): Min: 18.5, Avg: 19.2, Max: 19.9, Diff: 1.4, Sum: 76.8]
      [SATB Filtering (ms): Min: 0.0, Avg: 0.0, Max: 0.0, Diff: 0.0, Sum: 0.0]
      [Update RS (ms): Min: 0.0, Avg: 4.3, Max: 6.2, Diff: 6.2, Sum: 17.1]
         [Processed Buffers: Min: 0, Avg: 5.8, Max: 10, Diff: 10, Sum: 23]
      [Scan RS (ms): Min: 0.0, Avg: 0.5, Max: 0.7, Diff: 0.7, Sum: 1.9]
      [Code Root Scanning (ms): Min: 0.0, Avg: 0.0, Max: 0.0, Diff: 0.0, Sum: 0.0]
      [Object Copy (ms): Min: 20.3, Avg: 21.6, Max: 22.3, Diff: 2.0, Sum: 86.5]
      [Termination (ms): Min: 0.0, Avg: 0.1, Max: 0.1, Diff: 0.1, Sum: 0.4]
      [GC Worker Other (ms): Min: 0.0, Avg: 0.0, Max: 0.0, Diff: 0.0, Sum: 0.1]
      [GC Worker Total (ms): Min: 39.8, Avg: 45.7, Max: 47.9, Diff: 8.0, Sum: 182.9]
      [GC Worker End (ms): Min: 198391.3, Avg: 198391.3, Max: 198391.3, Diff: 0.0]
   [Code Root Fixup: 0.0 ms]
   [Code Root Migration: 0.0 ms]
   [Clear CT: 0.1 ms]
   [Other: 4.4 ms]
      [Choose CSet: 0.0 ms]
      [Ref Proc: 4.1 ms]
      [Ref Enq: 0.0 ms]
      [Free CSet: 0.1 ms]
   [Eden: 33.0M(33.0M)->0.0B(57.0M) Survivors: 7168.0K->5120.0K Heap: 669.3M(803.0M)->644.8M(805.0M)]
Heap after GC invocations=156 (full 7):
 garbage-first heap   total 824320K, used 660272K [0x00000000bd400000, 0x00000000ef900000, 0x00000000f0000000)
  region size 1024K, 5 young (5120K), 5 survivors (5120K)
 compacting perm gen  total 131072K, used 77424K [0x00000000f0000000, 0x00000000f8000000, 0x0000000100000000)
   the space 131072K,  59% used [0x00000000f0000000, 0x00000000f4b9c160, 0x00000000f4b9c200, 0x00000000f8000000)
No shared spaces configured.
}
 [Times: user=0.14 sys=0.01, real=0.06 secs] 
{Heap before GC invocations=156 (full 7):
 garbage-first heap   total 824320K, used 704304K [0x00000000bd400000, 0x00000000ef900000, 0x00000000f0000000)
  region size 1024K, 40 young (40960K), 5 survivors (5120K)
 compacting perm gen  total 131072K, used 77424K [0x00000000f0000000, 0x00000000f8000000, 0x0000000100000000)
   the space 131072K,  59% used [0x00000000f0000000, 0x00000000f4b9c160, 0x00000000f4b9c200, 0x00000000f8000000)
No shared spaces configured.
198.719: [GC pause (young), 0.0647920 secs]
   [Parallel Time: 56.7 ms, GC Workers: 4]
      [GC Worker Start (ms): Min: 198718.8, Avg: 198718.9, Max: 198719.4, Diff: 0.7]
      [Ext Root Scanning (ms): Min: 20.1, Avg: 24.3, Max: 34.8, Diff: 14.7, Sum: 97.0]
      [SATB Filtering (ms): Min: 0.0, Avg: 0.0, Max: 0.0, Diff: 0.0, Sum: 0.0]
      [Update RS (ms): Min: 0.0, Avg: 7.0, Max: 10.2, Diff: 10.2, Sum: 27.9]
         [Processed Buffers: Min: 0, Avg: 6.0, Max: 9, Diff: 9, Sum: 24]
      [Scan RS (ms): Min: 0.1, Avg: 5.5, Max: 11.1, Diff: 11.0, Sum: 22.0]
      [Code Root Scanning (ms): Min: 0.0, Avg: 0.0, Max: 0.0, Diff: 0.0, Sum: 0.0]
      [Object Copy (ms): Min: 14.8, Avg: 19.4, Max: 22.7, Diff: 7.9, Sum: 77.5]
      [Termination (ms): Min: 0.0, Avg: 0.1, Max: 0.2, Diff: 0.2, Sum: 0.4]
      [GC Worker Other (ms): Min: 0.0, Avg: 0.0, Max: 0.1, Diff: 0.1, Sum: 0.2]
      [GC Worker Total (ms): Min: 55.8, Avg: 56.3, Max: 56.5, Diff: 0.7, Sum: 225.0]
      [GC Worker End (ms): Min: 198775.2, Avg: 198775.2, Max: 198775.2, Diff: 0.1]
   [Code Root Fixup: 0.0 ms]
   [Code Root Migration: 0.0 ms]
   [Clear CT: 0.1 ms]
   [Other: 7.9 ms]
      [Choose CSet: 0.0 ms]
      [Ref Proc: 7.4 ms]
      [Ref Enq: 0.0 ms]
      [Free CSet: 0.1 ms]
   [Eden: 35.0M(35.0M)->0.0B(45.0M) Survivors: 5120.0K->5120.0K Heap: 687.8M(805.0M)->661.8M(807.0M)]
Heap after GC invocations=157 (full 7):
 garbage-first heap   total 826368K, used 677680K [0x00000000bd400000, 0x00000000efb00000, 0x00000000f0000000)
  region size 1024K, 5 young (5120K), 5 survivors (5120K)
 compacting perm gen  total 131072K, used 77424K [0x00000000f0000000, 0x00000000f8000000, 0x0000000100000000)
   the space 131072K,  59% used [0x00000000f0000000, 0x00000000f4b9c160, 0x00000000f4b9c200, 0x00000000f8000000)
No shared spaces configured.
}
 [Times: user=0.16 sys=0.00, real=0.06 secs] 
{Heap before GC invocations=157 (full 7):
 garbage-first heap   total 826368K, used 723760K [0x00000000bd400000, 0x00000000efb00000, 0x00000000f0000000)
  region size 1024K, 50 young (51200K), 5 survivors (5120K)
 compacting perm gen  total 131072K, used 77424K [0x00000000f0000000, 0x00000000f8000000, 0x0000000100000000)
   the space 131072K,  59% used [0x00000000f0000000, 0x00000000f4b9c160, 0x00000000f4b9c200, 0x00000000f8000000)
No shared spaces configured.
199.003: [GC pause (young), 0.1749590 secs]
   [Parallel Time: 174.2 ms, GC Workers: 4]
      [GC Worker Start (ms): Min: 199002.9, Avg: 199006.4, Max: 199009.8, Diff: 6.9]
      [Ext Root Scanning (ms): Min: 0.7, Avg: 23.5, Max: 31.8, Diff: 31.1, Sum: 94.2]
      [SATB Filtering (ms): Min: 0.0, Avg: 0.0, Max: 0.1, Diff: 0.1, Sum: 0.1]
      [Update RS (ms): Min: 15.9, Avg: 19.8, Max: 24.8, Diff: 9.0, Sum: 79.0]
         [Processed Buffers: Min: 0, Avg: 8.8, Max: 20, Diff: 20, Sum: 35]
      [Scan RS (ms): Min: 0.0, Avg: 0.6, Max: 1.4, Diff: 1.3, Sum: 2.5]
      [Code Root Scanning (ms): Min: 0.0, Avg: 0.0, Max: 0.0, Diff: 0.0, Sum: 0.0]
      [Object Copy (ms): Min: 78.2, Avg: 109.6, Max: 126.0, Diff: 47.8, Sum: 438.2]
      [Termination (ms): Min: 0.0, Avg: 17.1, Max: 32.5, Diff: 32.5, Sum: 68.5]
      [GC Worker Other (ms): Min: 0.0, Avg: 0.0, Max: 0.1, Diff: 0.0, Sum: 0.1]
      [GC Worker Total (ms): Min: 167.2, Avg: 170.6, Max: 174.1, Diff: 6.8, Sum: 682.6]
      [GC Worker End (ms): Min: 199177.0, Avg: 199177.0, Max: 199177.0, Diff: 0.0]
   [Code Root Fixup: 0.0 ms]
   [Code Root Migration: 0.0 ms]
   [Clear CT: 0.1 ms]
   [Other: 0.6 ms]
      [Choose CSet: 0.0 ms]
      [Ref Proc: 0.4 ms]
      [Ref Enq: 0.0 ms]
      [Free CSet: 0.1 ms]
   [Eden: 45.0M(45.0M)->0.0B(33.0M) Survivors: 5120.0K->7168.0K Heap: 706.8M(807.0M)->674.3M(808.0M)]
Heap after GC invocations=158 (full 7):
 garbage-first heap   total 827392K, used 690480K [0x00000000bd400000, 0x00000000efc00000, 0x00000000f0000000)
  region size 1024K, 7 young (7168K), 7 survivors (7168K)
 compacting perm gen  total 131072K, used 77424K [0x00000000f0000000, 0x00000000f8000000, 0x0000000100000000)
   the space 131072K,  59% used [0x00000000f0000000, 0x00000000f4b9c160, 0x00000000f4b9c200, 0x00000000f8000000)
No shared spaces configured.
}
 [Times: user=0.16 sys=0.24, real=0.18 secs] 
{Heap before GC invocations=158 (full 7):
 garbage-first heap   total 827392K, used 724272K [0x00000000bd400000, 0x00000000efc00000, 0x00000000f0000000)
  region size 1024K, 40 young (40960K), 7 survivors (7168K)
 compacting perm gen  total 131072K, used 77424K [0x00000000f0000000, 0x00000000f8000000, 0x0000000100000000)
   the space 131072K,  59% used [0x00000000f0000000, 0x00000000f4b9c160, 0x00000000f4b9c200, 0x00000000f8000000)
No shared spaces configured.
199.383: [GC pause (young), 0.0555720 secs]
   [Parallel Time: 54.6 ms, GC Workers: 4]
      [GC Worker Start (ms): Min: 199382.8, Avg: 199383.9, Max: 199387.0, Diff: 4.2]
      [Ext Root Scanning (ms): Min: 13.8, Avg: 22.3, Max: 34.8, Diff: 20.9, Sum: 89.4]
      [SATB Filtering (ms): Min: 0.0, Avg: 0.0, Max: 0.1, Diff: 0.1, Sum: 0.1]
      [Update RS (ms): Min: 0.0, Avg: 6.1, Max: 9.3, Diff: 9.3, Sum: 24.6]
         [Processed Buffers: Min: 0, Avg: 5.2, Max: 11, Diff: 11, Sum: 21]
      [Scan RS (ms): Min: 0.0, Avg: 1.0, Max: 2.0, Diff: 2.0, Sum: 3.9]
      [Code Root Scanning (ms): Min: 0.0, Avg: 0.0, Max: 0.0, Diff: 0.0, Sum: 0.0]
      [Object Copy (ms): Min: 7.8, Avg: 16.3, Max: 23.2, Diff: 15.4, Sum: 65.0]
      [Termination (ms): Min: 0.0, Avg: 2.1, Max: 7.8, Diff: 7.8, Sum: 8.3]
      [GC Worker Other (ms): Min: 0.0, Avg: 0.0, Max: 0.0, Diff: 0.0, Sum: 0.1]
      [GC Worker Total (ms): Min: 46.9, Avg: 47.8, Max: 50.4, Diff: 3.5, Sum: 191.2]
      [GC Worker End (ms): Min: 199429.7, Avg: 199431.7, Max: 199437.4, Diff: 7.7]
   [Code Root Fixup: 0.0 ms]
   [Code Root Migration: 0.0 ms]
   [Clear CT: 0.1 ms]
   [Other: 0.8 ms]
      [Choose CSet: 0.0 ms]
      [Ref Proc: 0.6 ms]
      [Ref Enq: 0.0 ms]
      [Free CSet: 0.1 ms]
   [Eden: 33.0M(33.0M)->0.0B(35.0M) Survivors: 7168.0K->5120.0K Heap: 707.3M(808.0M)->682.8M(809.0M)]
Heap after GC invocations=159 (full 7):
 garbage-first heap   total 828416K, used 699184K [0x00000000bd400000, 0x00000000efd00000, 0x00000000f0000000)
  region size 1024K, 5 young (5120K), 5 survivors (5120K)
 compacting perm gen  total 131072K, used 77424K [0x00000000f0000000, 0x00000000f8000000, 0x0000000100000000)
   the space 131072K,  59% used [0x00000000f0000000, 0x00000000f4b9c160, 0x00000000f4b9c200, 0x00000000f8000000)
No shared spaces configured.
}
 [Times: user=0.13 sys=0.00, real=0.06 secs] 
{Heap before GC invocations=159 (full 7):
 garbage-first heap   total 828416K, used 735024K [0x00000000bd400000, 0x00000000efd00000, 0x00000000f0000000)
  region size 1024K, 40 young (40960K), 5 survivors (5120K)
 compacting perm gen  total 131072K, used 77424K [0x00000000f0000000, 0x00000000f8000000, 0x0000000100000000)
   the space 131072K,  59% used [0x00000000f0000000, 0x00000000f4b9c160, 0x00000000f4b9c200, 0x00000000f8000000)
No shared spaces configured.
199.588: [GC pause (young), 0.0880200 secs]
   [Parallel Time: 83.5 ms, GC Workers: 4]
      [GC Worker Start (ms): Min: 199588.7, Avg: 199589.8, Max: 199591.5, Diff: 2.8]
      [Ext Root Scanning (ms): Min: 16.1, Avg: 20.5, Max: 29.2, Diff: 13.1, Sum: 82.2]
      [SATB Filtering (ms): Min: 0.0, Avg: 0.0, Max: 0.1, Diff: 0.1, Sum: 0.1]
      [Update RS (ms): Min: 0.0, Avg: 6.8, Max: 16.0, Diff: 16.0, Sum: 27.1]
         [Processed Buffers: Min: 0, Avg: 6.0, Max: 14, Diff: 14, Sum: 24]
      [Scan RS (ms): Min: 0.0, Avg: 0.5, Max: 1.0, Diff: 1.0, Sum: 1.9]
      [Code Root Scanning (ms): Min: 0.0, Avg: 0.0, Max: 0.0, Diff: 0.0, Sum: 0.0]
      [Object Copy (ms): Min: 41.5, Avg: 47.9, Max: 59.1, Diff: 17.5, Sum: 191.5]
      [Termination (ms): Min: 0.0, Avg: 6.6, Max: 8.9, Diff: 8.9, Sum: 26.6]
      [GC Worker Other (ms): Min: 0.0, Avg: 0.0, Max: 0.0, Diff: 0.0, Sum: 0.1]
      [GC Worker Total (ms): Min: 80.6, Avg: 82.3, Max: 83.4, Diff: 2.8, Sum: 329.4]
      [GC Worker End (ms): Min: 199672.1, Avg: 199672.1, Max: 199672.2, Diff: 0.1]
   [Code Root Fixup: 0.0 ms]
   [Code Root Migration: 0.0 ms]
   [Clear CT: 0.1 ms]
   [Other: 4.3 ms]
      [Choose CSet: 0.0 ms]
      [Ref Proc: 3.7 ms]
      [Ref Enq: 0.0 ms]
      [Free CSet: 0.1 ms]
   [Eden: 35.0M(35.0M)->0.0B(35.0M) Survivors: 5120.0K->5120.0K Heap: 717.8M(809.0M)->691.3M(810.0M)]
Heap after GC invocations=160 (full 7):
 garbage-first heap   total 829440K, used 707888K [0x00000000bd400000, 0x00000000efe00000, 0x00000000f0000000)
  region size 1024K, 5 young (5120K), 5 survivors (5120K)
 compacting perm gen  total 131072K, used 77424K [0x00000000f0000000, 0x00000000f8000000, 0x0000000100000000)
   the space 131072K,  59% used [0x00000000f0000000, 0x00000000f4b9c160, 0x00000000f4b9c200, 0x00000000f8000000)
No shared spaces configured.
}
 [Times: user=0.13 sys=0.06, real=0.09 secs] 
{Heap before GC invocations=160 (full 7):
 garbage-first heap   total 829440K, used 736560K [0x00000000bd400000, 0x00000000efe00000, 0x00000000f0000000)
  region size 1024K, 34 young (34816K), 5 survivors (5120K)
 compacting perm gen  total 131072K, used 77424K [0x00000000f0000000, 0x00000000f8000000, 0x0000000100000000)
   the space 131072K,  59% used [0x00000000f0000000, 0x00000000f4b9c160, 0x00000000f4b9c200, 0x00000000f8000000)
No shared spaces configured.
199.806: [Full GC 720M->178M(594M), 1.1210640 secs]
   [Eden: 29.0M(35.0M)->0.0B(68.0M) Survivors: 5120.0K->0.0B Heap: 720.0M(810.0M)->178.0M(594.0M)], [Perm: 77424K->76994K(131072K)]
Heap after GC invocations=161 (full 8):
 garbage-first heap   total 608256K, used 182291K [0x00000000bd400000, 0x00000000e2600000, 0x00000000f0000000)
  region size 1024K, 0 young (0K), 0 survivors (0K)
 compacting perm gen  total 131072K, used 76994K [0x00000000f0000000, 0x00000000f8000000, 0x0000000100000000)
   the space 131072K,  58% used [0x00000000f0000000, 0x00000000f4b30aa8, 0x00000000f4b30c00, 0x00000000f8000000)
No shared spaces configured.
}
 [Times: user=1.28 sys=0.01, real=1.12 secs] 
200.927: [GC concurrent-mark-abort]
{Heap before GC invocations=161 (full 8):
 garbage-first heap   total 608256K, used 263923K [0x00000000bd400000, 0x00000000e2600000, 0x00000000f0000000)
  region size 1024K, 68 young (69632K), 0 survivors (0K)
 compacting perm gen  total 131072K, used 76995K [0x00000000f0000000, 0x00000000f8000000, 0x0000000100000000)
   the space 131072K,  58% used [0x00000000f0000000, 0x00000000f4b30ef8, 0x00000000f4b31000, 0x00000000f8000000)
No shared spaces configured.
211.224: [GC pause (young), 0.0479430 secs]
   [Parallel Time: 46.5 ms, GC Workers: 4]
      [GC Worker Start (ms): Min: 211224.5, Avg: 211227.0, Max: 211231.5, Diff: 6.9]
      [Ext Root Scanning (ms): Min: 5.9, Avg: 21.0, Max: 27.6, Diff: 21.8, Sum: 83.9]
      [Update RS (ms): Min: 0.0, Avg: 0.8, Max: 1.9, Diff: 1.9, Sum: 3.0]
         [Processed Buffers: Min: 0, Avg: 9.2, Max: 27, Diff: 27, Sum: 37]
      [Scan RS (ms): Min: 0.0, Avg: 0.0, Max: 0.1, Diff: 0.1, Sum: 0.2]
      [Code Root Scanning (ms): Min: 0.0, Avg: 0.0, Max: 0.0, Diff: 0.0, Sum: 0.0]
      [Object Copy (ms): Min: 15.8, Avg: 22.0, Max: 32.2, Diff: 16.3, Sum: 88.1]
      [Termination (ms): Min: 0.0, Avg: 0.1, Max: 0.2, Diff: 0.2, Sum: 0.5]
      [GC Worker Other (ms): Min: 0.0, Avg: 0.0, Max: 0.0, Diff: 0.0, Sum: 0.0]
      [GC Worker Total (ms): Min: 39.5, Avg: 44.0, Max: 46.4, Diff: 6.9, Sum: 175.8]
      [GC Worker End (ms): Min: 211270.9, Avg: 211270.9, Max: 211271.0, Diff: 0.0]
   [Code Root Fixup: 0.0 ms]
   [Code Root Migration: 0.0 ms]
   [Clear CT: 0.1 ms]
   [Other: 1.3 ms]
      [Choose CSet: 0.0 ms]
      [Ref Proc: 0.9 ms]
      [Ref Enq: 0.0 ms]
      [Free CSet: 0.1 ms]
   [Eden: 68.0M(68.0M)->0.0B(50.0M) Survivors: 0.0B->9216.0K Heap: 257.7M(594.0M)->203.7M(638.0M)]
Heap after GC invocations=162 (full 8):
 garbage-first heap   total 653312K, used 208627K [0x00000000bd400000, 0x00000000e5200000, 0x00000000f0000000)
  region size 1024K, 9 young (9216K), 9 survivors (9216K)
 compacting perm gen  total 131072K, used 76995K [0x00000000f0000000, 0x00000000f8000000, 0x0000000100000000)
   the space 131072K,  58% used [0x00000000f0000000, 0x00000000f4b30ef8, 0x00000000f4b31000, 0x00000000f8000000)
No shared spaces configured.
}
 [Times: user=0.11 sys=0.00, real=0.05 secs] 
{Heap before GC invocations=162 (full 8):
 garbage-first heap   total 653312K, used 270067K [0x00000000bd400000, 0x00000000e5200000, 0x00000000f0000000)
  region size 1024K, 56 young (57344K), 9 survivors (9216K)
 compacting perm gen  total 131072K, used 76995K [0x00000000f0000000, 0x00000000f8000000, 0x0000000100000000)
   the space 131072K,  58% used [0x00000000f0000000, 0x00000000f4b30ef8, 0x00000000f4b31000, 0x00000000f8000000)
No shared spaces configured.
211.438: [GC pause (young), 0.0463130 secs]
   [Parallel Time: 45.4 ms, GC Workers: 4]
      [GC Worker Start (ms): Min: 211438.2, Avg: 211438.2, Max: 211438.3, Diff: 0.1]
      [Ext Root Scanning (ms): Min: 11.0, Avg: 15.9, Max: 26.5, Diff: 15.5, Sum: 63.5]
      [Update RS (ms): Min: 0.0, Avg: 0.7, Max: 1.6, Diff: 1.6, Sum: 3.0]
         [Processed Buffers: Min: 0, Avg: 7.2, Max: 18, Diff: 18, Sum: 29]
      [Scan RS (ms): Min: 0.0, Avg: 1.1, Max: 1.5, Diff: 1.4, Sum: 4.3]
      [Code Root Scanning (ms): Min: 0.0, Avg: 0.0, Max: 0.0, Diff: 0.0, Sum: 0.0]
      [Object Copy (ms): Min: 16.2, Avg: 25.1, Max: 29.4, Diff: 13.2, Sum: 100.4]
      [Termination (ms): Min: 0.0, Avg: 0.0, Max: 0.0, Diff: 0.0, Sum: 0.0]
      [GC Worker Other (ms): Min: 0.0, Avg: 0.6, Max: 2.4, Diff: 2.4, Sum: 2.6]
      [GC Worker Total (ms): Min: 42.8, Avg: 43.4, Max: 45.2, Diff: 2.3, Sum: 173.7]
      [GC Worker End (ms): Min: 211481.1, Avg: 211481.7, Max: 211483.5, Diff: 2.4]
   [Code Root Fixup: 0.0 ms]
   [Code Root Migration: 0.0 ms]
   [Clear CT: 0.1 ms]
   [Other: 0.8 ms]
      [Choose CSet: 0.0 ms]
      [Ref Proc: 0.4 ms]
      [Ref Enq: 0.0 ms]
      [Free CSet: 0.1 ms]
   [Eden: 47.0M(37.0M)->0.0B(82.0M) Survivors: 9216.0K->6144.0K Heap: 263.7M(638.0M)->229.1M(673.0M)]
Heap after GC invocations=163 (full 8):
 garbage-first heap   total 689152K, used 234555K [0x00000000bd400000, 0x00000000e7500000, 0x00000000f0000000)
  region size 1024K, 6 young (6144K), 6 survivors (6144K)
 compacting perm gen  total 131072K, used 76995K [0x00000000f0000000, 0x00000000f8000000, 0x0000000100000000)
   the space 131072K,  58% used [0x00000000f0000000, 0x00000000f4b30ef8, 0x00000000f4b31000, 0x00000000f8000000)
No shared spaces configured.
}
 [Times: user=0.13 sys=0.00, real=0.04 secs] 
{Heap before GC invocations=163 (full 8):
 garbage-first heap   total 689152K, used 310331K [0x00000000bd400000, 0x00000000e7500000, 0x00000000f0000000)
  region size 1024K, 79 young (80896K), 6 survivors (6144K)
 compacting perm gen  total 131072K, used 76995K [0x00000000f0000000, 0x00000000f8000000, 0x0000000100000000)
   the space 131072K,  58% used [0x00000000f0000000, 0x00000000f4b30ef8, 0x00000000f4b31000, 0x00000000f8000000)
No shared spaces configured.
211.733: [GC pause (young), 0.0878250 secs]
   [Parallel Time: 87.0 ms, GC Workers: 4]
      [GC Worker Start (ms): Min: 211733.4, Avg: 211735.3, Max: 211738.7, Diff: 5.3]
      [Ext Root Scanning (ms): Min: 18.5, Avg: 25.4, Max: 37.1, Diff: 18.6, Sum: 101.7]
      [Update RS (ms): Min: 0.0, Avg: 8.1, Max: 14.1, Diff: 14.1, Sum: 32.2]
         [Processed Buffers: Min: 0, Avg: 7.5, Max: 16, Diff: 16, Sum: 30]
      [Scan RS (ms): Min: 0.9, Avg: 3.8, Max: 5.5, Diff: 4.6, Sum: 15.1]
      [Code Root Scanning (ms): Min: 0.0, Avg: 0.0, Max: 0.0, Diff: 0.0, Sum: 0.0]
      [Object Copy (ms): Min: 46.8, Avg: 47.7, Max: 48.5, Diff: 1.8, Sum: 190.6]
      [Termination (ms): Min: 0.0, Avg: 0.0, Max: 0.0, Diff: 0.0, Sum: 0.0]
      [GC Worker Other (ms): Min: 0.0, Avg: 0.0, Max: 0.0, Diff: 0.0, Sum: 0.1]
      [GC Worker Total (ms): Min: 81.6, Avg: 84.9, Max: 86.9, Diff: 5.3, Sum: 339.7]
      [GC Worker End (ms): Min: 211820.3, Avg: 211820.3, Max: 211820.3, Diff: 0.0]
   [Code Root Fixup: 0.0 ms]
   [Code Root Migration: 0.0 ms]
   [Clear CT: 0.1 ms]
   [Other: 0.7 ms]
      [Choose CSet: 0.0 ms]
      [Ref Proc: 0.2 ms]
      [Ref Enq: 0.0 ms]
      [Free CSet: 0.1 ms]
   [Eden: 73.0M(61.0M)->0.0B(64.0M) Survivors: 6144.0K->9216.0K Heap: 303.1M(673.0M)->246.7M(701.0M)]
Heap after GC invocations=164 (full 8):
 garbage-first heap   total 717824K, used 252659K [0x00000000bd400000, 0x00000000e9100000, 0x00000000f0000000)
  region size 1024K, 9 young (9216K), 9 survivors (9216K)
 compacting perm gen  total 131072K, used 76995K [0x00000000f0000000, 0x00000000f8000000, 0x0000000100000000)
   the space 131072K,  58% used [0x00000000f0000000, 0x00000000f4b30ef8, 0x00000000f4b31000, 0x00000000f8000000)
No shared spaces configured.
}
 [Times: user=0.19 sys=0.00, real=0.09 secs] 
{Heap before GC invocations=164 (full 8):
 garbage-first heap   total 717824K, used 325363K [0x00000000bd400000, 0x00000000e9100000, 0x00000000f0000000)
  region size 1024K, 55 young (56320K), 9 survivors (9216K)
 compacting perm gen  total 131072K, used 76995K [0x00000000f0000000, 0x00000000f8000000, 0x0000000100000000)
   the space 131072K,  58% used [0x00000000f0000000, 0x00000000f4b30ef8, 0x00000000f4b31000, 0x00000000f8000000)
No shared spaces configured.
212.032: [GC pause (young), 0.0803970 secs]
   [Parallel Time: 73.9 ms, GC Workers: 4]
      [GC Worker Start (ms): Min: 212032.7, Avg: 212033.4, Max: 212035.5, Diff: 2.8]
      [Ext Root Scanning (ms): Min: 17.9, Avg: 21.4, Max: 31.4, Diff: 13.5, Sum: 85.6]
      [Update RS (ms): Min: 0.0, Avg: 2.0, Max: 4.6, Diff: 4.6, Sum: 8.0]
         [Processed Buffers: Min: 0, Avg: 7.2, Max: 15, Diff: 15, Sum: 29]
      [Scan RS (ms): Min: 0.0, Avg: 12.3, Max: 32.9, Diff: 32.9, Sum: 49.2]
      [Code Root Scanning (ms): Min: 0.0, Avg: 0.0, Max: 0.0, Diff: 0.0, Sum: 0.0]
      [Object Copy (ms): Min: 13.0, Avg: 32.3, Max: 42.2, Diff: 29.2, Sum: 129.2]
      [Termination (ms): Min: 0.1, Avg: 5.0, Max: 7.0, Diff: 7.0, Sum: 20.1]
      [GC Worker Other (ms): Min: 0.0, Avg: 0.0, Max: 0.0, Diff: 0.0, Sum: 0.1]
      [GC Worker Total (ms): Min: 71.0, Avg: 73.1, Max: 73.8, Diff: 2.8, Sum: 292.3]
      [GC Worker End (ms): Min: 212106.5, Avg: 212106.5, Max: 212106.5, Diff: 0.0]
   [Code Root Fixup: 0.0 ms]
   [Code Root Migration: 0.0 ms]
   [Clear CT: 0.1 ms]
   [Other: 6.4 ms]
      [Choose CSet: 0.0 ms]
      [Ref Proc: 5.8 ms]
      [Ref Enq: 0.0 ms]
      [Free CSet: 0.1 ms]
   [Eden: 46.0M(28.0M)->0.0B(88.0M) Survivors: 9216.0K->5120.0K Heap: 317.7M(701.0M)->283.7M(724.0M)]
Heap after GC invocations=165 (full 8):
 garbage-first heap   total 741376K, used 290547K [0x00000000bd400000, 0x00000000ea800000, 0x00000000f0000000)
  region size 1024K, 5 young (5120K), 5 survivors (5120K)
 compacting perm gen  total 131072K, used 76995K [0x00000000f0000000, 0x00000000f8000000, 0x0000000100000000)
   the space 131072K,  58% used [0x00000000f0000000, 0x00000000f4b30ef8, 0x00000000f4b31000, 0x00000000f8000000)
No shared spaces configured.
}
 [Times: user=0.18 sys=0.00, real=0.08 secs] 
{Heap before GC invocations=165 (full 8):
 garbage-first heap   total 741376K, used 382707K [0x00000000bd400000, 0x00000000ea800000, 0x00000000f0000000)
  region size 1024K, 93 young (95232K), 5 survivors (5120K)
 compacting perm gen  total 131072K, used 76995K [0x00000000f0000000, 0x00000000f8000000, 0x0000000100000000)
   the space 131072K,  58% used [0x00000000f0000000, 0x00000000f4b30ef8, 0x00000000f4b31000, 0x00000000f8000000)
No shared spaces configured.
212.415: [GC pause (young), 0.1131590 secs]
   [Parallel Time: 108.2 ms, GC Workers: 4]
      [GC Worker Start (ms): Min: 212414.9, Avg: 212419.1, Max: 212422.7, Diff: 7.8]
      [Ext Root Scanning (ms): Min: 18.2, Avg: 23.4, Max: 28.2, Diff: 10.1, Sum: 93.5]
      [Update RS (ms): Min: 4.2, Avg: 9.0, Max: 14.6, Diff: 10.4, Sum: 36.1]
         [Processed Buffers: Min: 4, Avg: 8.0, Max: 18, Diff: 14, Sum: 32]
      [Scan RS (ms): Min: 5.8, Avg: 10.4, Max: 14.7, Diff: 8.8, Sum: 41.8]
      [Code Root Scanning (ms): Min: 0.0, Avg: 0.0, Max: 0.0, Diff: 0.0, Sum: 0.0]
      [Object Copy (ms): Min: 41.4, Avg: 47.8, Max: 58.4, Diff: 17.0, Sum: 191.0]
      [Termination (ms): Min: 0.0, Avg: 13.3, Max: 17.7, Diff: 17.7, Sum: 53.2]
      [GC Worker Other (ms): Min: 0.0, Avg: 0.0, Max: 0.0, Diff: 0.0, Sum: 0.1]
      [GC Worker Total (ms): Min: 100.4, Avg: 103.9, Max: 108.2, Diff: 7.8, Sum: 415.7]
      [GC Worker End (ms): Min: 212523.0, Avg: 212523.1, Max: 212523.1, Diff: 0.0]
   [Code Root Fixup: 0.0 ms]
   [Code Root Migration: 0.0 ms]
   [Clear CT: 0.4 ms]
   [Other: 4.4 ms]
      [Choose CSet: 0.0 ms]
      [Ref Proc: 4.0 ms]
      [Ref Enq: 0.0 ms]
      [Free CSet: 0.2 ms]
   [Eden: 88.0M(88.0M)->0.0B(25.0M) Survivors: 5120.0K->12.0M Heap: 373.7M(724.0M)->306.2M(742.0M)]
Heap after GC invocations=166 (full 8):
 garbage-first heap   total 759808K, used 313587K [0x00000000bd400000, 0x00000000eba00000, 0x00000000f0000000)
  region size 1024K, 12 young (12288K), 12 survivors (12288K)
 compacting perm gen  total 131072K, used 76995K [0x00000000f0000000, 0x00000000f8000000, 0x0000000100000000)
   the space 131072K,  58% used [0x00000000f0000000, 0x00000000f4b30ef8, 0x00000000f4b31000, 0x00000000f8000000)
No shared spaces configured.
}
 [Times: user=0.26 sys=0.01, real=0.12 secs] 
{Heap before GC invocations=166 (full 8):
 garbage-first heap   total 759808K, used 339187K [0x00000000bd400000, 0x00000000eba00000, 0x00000000f0000000)
  region size 1024K, 37 young (37888K), 12 survivors (12288K)
 compacting perm gen  total 131072K, used 76995K [0x00000000f0000000, 0x00000000f8000000, 0x0000000100000000)
   the space 131072K,  58% used [0x00000000f0000000, 0x00000000f4b30ef8, 0x00000000f4b31000, 0x00000000f8000000)
No shared spaces configured.
212.630: [GC pause (young), 0.0764270 secs]
   [Parallel Time: 75.7 ms, GC Workers: 4]
      [GC Worker Start (ms): Min: 212630.2, Avg: 212630.8, Max: 212631.5, Diff: 1.3]
      [Ext Root Scanning (ms): Min: 14.9, Avg: 21.5, Max: 28.4, Diff: 13.5, Sum: 85.8]
      [Update RS (ms): Min: 0.0, Avg: 6.2, Max: 12.9, Diff: 12.9, Sum: 24.7]
         [Processed Buffers: Min: 0, Avg: 8.5, Max: 19, Diff: 19, Sum: 34]
      [Scan RS (ms): Min: 3.3, Avg: 6.1, Max: 12.4, Diff: 9.1, Sum: 24.4]
      [Code Root Scanning (ms): Min: 0.0, Avg: 0.0, Max: 0.0, Diff: 0.0, Sum: 0.0]
      [Object Copy (ms): Min: 27.3, Avg: 35.6, Max: 43.2, Diff: 15.9, Sum: 142.5]
      [Termination (ms): Min: 0.0, Avg: 5.6, Max: 7.6, Diff: 7.5, Sum: 22.5]
      [GC Worker Other (ms): Min: 0.0, Avg: 0.0, Max: 0.0, Diff: 0.0, Sum: 0.1]
      [GC Worker Total (ms): Min: 74.3, Avg: 75.0, Max: 75.7, Diff: 1.3, Sum: 300.0]
      [GC Worker End (ms): Min: 212705.8, Avg: 212705.8, Max: 212705.8, Diff: 0.0]
   [Code Root Fixup: 0.0 ms]
   [Code Root Migration: 0.0 ms]
   [Clear CT: 0.1 ms]
   [Other: 0.6 ms]
      [Choose CSet: 0.0 ms]
      [Ref Proc: 0.3 ms]
      [Ref Enq: 0.0 ms]
      [Free CSet: 0.1 ms]
   [Eden: 25.0M(25.0M)->0.0B(55.0M) Survivors: 12.0M->5120.0K Heap: 331.2M(742.0M)->313.7M(756.0M)]
Heap after GC invocations=167 (full 8):
 garbage-first heap   total 774144K, used 321267K [0x00000000bd400000, 0x00000000ec800000, 0x00000000f0000000)
  region size 1024K, 5 young (5120K), 5 survivors (5120K)
 compacting perm gen  total 131072K, used 76995K [0x00000000f0000000, 0x00000000f8000000, 0x0000000100000000)
   the space 131072K,  58% used [0x00000000f0000000, 0x00000000f4b30ef8, 0x00000000f4b31000, 0x00000000f8000000)
No shared spaces configured.
}
 [Times: user=0.18 sys=0.00, real=0.07 secs] 
{Heap before GC invocations=167 (full 8):
 garbage-first heap   total 774144K, used 377587K [0x00000000bd400000, 0x00000000ec800000, 0x00000000f0000000)
  region size 1024K, 60 young (61440K), 5 survivors (5120K)
 compacting perm gen  total 131072K, used 76995K [0x00000000f0000000, 0x00000000f8000000, 0x0000000100000000)
   the space 131072K,  58% used [0x00000000f0000000, 0x00000000f4b30ef8, 0x00000000f4b31000, 0x00000000f8000000)
No shared spaces configured.
212.923: [GC pause (young), 0.0693590 secs]
   [Parallel Time: 68.8 ms, GC Workers: 4]
      [GC Worker Start (ms): Min: 212922.7, Avg: 212924.8, Max: 212927.0, Diff: 4.4]
      [Ext Root Scanning (ms): Min: 17.5, Avg: 25.6, Max: 37.7, Diff: 20.2, Sum: 102.2]
      [Update RS (ms): Min: 0.0, Avg: 9.5, Max: 23.0, Diff: 23.0, Sum: 38.1]
         [Processed Buffers: Min: 0, Avg: 9.8, Max: 19, Diff: 19, Sum: 39]
      [Scan RS (ms): Min: 0.0, Avg: 0.2, Max: 0.6, Diff: 0.6, Sum: 0.7]
      [Code Root Scanning (ms): Min: 0.0, Avg: 0.0, Max: 0.0, Diff: 0.0, Sum: 0.0]
      [Object Copy (ms): Min: 19.4, Avg: 26.9, Max: 31.6, Diff: 12.2, Sum: 107.6]
      [Termination (ms): Min: 0.0, Avg: 0.1, Max: 0.3, Diff: 0.3, Sum: 0.6]
      [GC Worker Other (ms): Min: 0.0, Avg: 0.1, Max: 0.1, Diff: 0.1, Sum: 0.3]
      [GC Worker Total (ms): Min: 60.2, Avg: 62.4, Max: 64.6, Diff: 4.3, Sum: 249.5]
      [GC Worker End (ms): Min: 212987.2, Avg: 212987.2, Max: 212987.3, Diff: 0.1]
   [Code Root Fixup: 0.0 ms]
   [Code Root Migration: 0.0 ms]
   [Clear CT: 0.1 ms]
   [Other: 0.4 ms]
      [Choose CSet: 0.0 ms]
      [Ref Proc: 0.2 ms]
      [Ref Enq: 0.0 ms]
      [Free CSet: 0.1 ms]
   [Eden: 55.0M(55.0M)->0.0B(58.0M) Survivors: 5120.0K->8192.0K Heap: 368.7M(756.0M)->327.2M(768.0M)]
Heap after GC invocations=168 (full 8):
 garbage-first heap   total 786432K, used 335091K [0x00000000bd400000, 0x00000000ed400000, 0x00000000f0000000)
  region size 1024K, 8 young (8192K), 8 survivors (8192K)
 compacting perm gen  total 131072K, used 76995K [0x00000000f0000000, 0x00000000f8000000, 0x0000000100000000)
   the space 131072K,  58% used [0x00000000f0000000, 0x00000000f4b30ef8, 0x00000000f4b31000, 0x00000000f8000000)
No shared spaces configured.
}
 [Times: user=0.17 sys=0.00, real=0.07 secs] 
{Heap before GC invocations=168 (full 8):
 garbage-first heap   total 786432K, used 365811K [0x00000000bd400000, 0x00000000ed400000, 0x00000000f0000000)
  region size 1024K, 39 young (39936K), 8 survivors (8192K)
 compacting perm gen  total 131072K, used 76995K [0x00000000f0000000, 0x00000000f8000000, 0x0000000100000000)
   the space 131072K,  58% used [0x00000000f0000000, 0x00000000f4b30ef8, 0x00000000f4b31000, 0x00000000f8000000)
No shared spaces configured.
213.112: [GC pause (young) (initial-mark), 0.0661350 secs]
   [Parallel Time: 65.4 ms, GC Workers: 4]
      [GC Worker Start (ms): Min: 213111.9, Avg: 213115.7, Max: 213119.5, Diff: 7.5]
      [Ext Root Scanning (ms): Min: 17.9, Avg: 20.6, Max: 22.9, Diff: 5.0, Sum: 82.4]
      [Code Root Marking (ms): Min: 0.0, Avg: 2.4, Max: 7.9, Diff: 7.9, Sum: 9.5]
      [Update RS (ms): Min: 3.5, Avg: 7.9, Max: 13.0, Diff: 9.5, Sum: 31.7]
         [Processed Buffers: Min: 1, Avg: 10.5, Max: 20, Diff: 19, Sum: 42]
      [Scan RS (ms): Min: 0.0, Avg: 0.5, Max: 1.5, Diff: 1.5, Sum: 2.0]
      [Code Root Scanning (ms): Min: 0.0, Avg: 0.0, Max: 0.0, Diff: 0.0, Sum: 0.0]
      [Object Copy (ms): Min: 22.6, Avg: 30.1, Max: 43.6, Diff: 21.0, Sum: 120.4]
      [Termination (ms): Min: 0.0, Avg: 0.1, Max: 0.1, Diff: 0.1, Sum: 0.4]
      [GC Worker Other (ms): Min: 0.0, Avg: 0.0, Max: 0.0, Diff: 0.0, Sum: 0.0]
      [GC Worker Total (ms): Min: 57.8, Avg: 61.6, Max: 65.3, Diff: 7.5, Sum: 246.3]
      [GC Worker End (ms): Min: 213177.3, Avg: 213177.3, Max: 213177.3, Diff: 0.0]
   [Code Root Fixup: 0.0 ms]
   [Code Root Migration: 0.0 ms]
   [Clear CT: 0.1 ms]
   [Other: 0.6 ms]
      [Choose CSet: 0.0 ms]
      [Ref Proc: 0.2 ms]
      [Ref Enq: 0.0 ms]
      [Free CSet: 0.1 ms]
   [Eden: 31.0M(58.0M)->0.0B(76.0M) Survivors: 8192.0K->8192.0K Heap: 357.5M(768.0M)->335.7M(777.0M)]
Heap after GC invocations=169 (full 8):
 garbage-first heap   total 795648K, used 343795K [0x00000000bd400000, 0x00000000edd00000, 0x00000000f0000000)
  region size 1024K, 8 young (8192K), 8 survivors (8192K)
 compacting perm gen  total 131072K, used 76995K [0x00000000f0000000, 0x00000000f8000000, 0x0000000100000000)
   the space 131072K,  58% used [0x00000000f0000000, 0x00000000f4b30ef8, 0x00000000f4b31000, 0x00000000f8000000)
No shared spaces configured.
}
 [Times: user=0.16 sys=0.00, real=0.07 secs] 
213.178: [GC concurrent-root-region-scan-start]
213.185: [GC concurrent-root-region-scan-end, 0.0066040 secs]
213.185: [GC concurrent-mark-start]
{Heap before GC invocations=169 (full 8):
 garbage-first heap   total 795648K, used 472819K [0x00000000bd400000, 0x00000000edd00000, 0x00000000f0000000)
  region size 1024K, 84 young (86016K), 8 survivors (8192K)
 compacting perm gen  total 131072K, used 76995K [0x00000000f0000000, 0x00000000f8000000, 0x0000000100000000)
   the space 131072K,  58% used [0x00000000f0000000, 0x00000000f4b30ef8, 0x00000000f4b31000, 0x00000000f8000000)
No shared spaces configured.
213.585: [GC pause (young), 0.0951870 secs]
   [Parallel Time: 70.5 ms, GC Workers: 4]
      [GC Worker Start (ms): Min: 213584.7, Avg: 213585.9, Max: 213589.4, Diff: 4.8]
      [Ext Root Scanning (ms): Min: 19.8, Avg: 22.1, Max: 25.2, Diff: 5.4, Sum: 88.3]
      [SATB Filtering (ms): Min: 0.0, Avg: 0.0, Max: 0.0, Diff: 0.0, Sum: 0.0]
      [Update RS (ms): Min: 4.6, Avg: 7.2, Max: 9.9, Diff: 5.3, Sum: 28.8]
         [Processed Buffers: Min: 0, Avg: 13.0, Max: 29, Diff: 29, Sum: 52]
      [Scan RS (ms): Min: 0.0, Avg: 0.6, Max: 1.0, Diff: 1.0, Sum: 2.3]
      [Code Root Scanning (ms): Min: 0.0, Avg: 0.0, Max: 0.0, Diff: 0.0, Sum: 0.0]
      [Object Copy (ms): Min: 33.3, Avg: 36.6, Max: 40.5, Diff: 7.3, Sum: 146.4]
      [Termination (ms): Min: 0.0, Avg: 2.7, Max: 5.3, Diff: 5.3, Sum: 10.7]
      [GC Worker Other (ms): Min: 0.0, Avg: 0.0, Max: 0.0, Diff: 0.0, Sum: 0.1]
      [GC Worker Total (ms): Min: 65.6, Avg: 69.2, Max: 70.4, Diff: 4.8, Sum: 276.8]
      [GC Worker End (ms): Min: 213655.0, Avg: 213655.1, Max: 213655.1, Diff: 0.0]
   [Code Root Fixup: 0.0 ms]
   [Code Root Migration: 0.0 ms]
   [Clear CT: 0.0 ms]
   [Other: 24.6 ms]
      [Choose CSet: 0.0 ms]
      [Ref Proc: 24.3 ms]
      [Ref Enq: 0.0 ms]
      [Free CSet: 0.1 ms]
   [Eden: 76.0M(76.0M)->0.0B(56.0M) Survivors: 8192.0K->11.0M Heap: 461.7M(777.0M)->401.7M(784.0M)]
Heap after GC invocations=170 (full 8):
 garbage-first heap   total 802816K, used 411379K [0x00000000bd400000, 0x00000000ee400000, 0x00000000f0000000)
  region size 1024K, 11 young (11264K), 11 survivors (11264K)
 compacting perm gen  total 131072K, used 76995K [0x00000000f0000000, 0x00000000f8000000, 0x0000000100000000)
   the space 131072K,  58% used [0x00000000f0000000, 0x00000000f4b30ef8, 0x00000000f4b31000, 0x00000000f8000000)
No shared spaces configured.
}
 [Times: user=0.24 sys=0.00, real=0.10 secs] 
{Heap before GC invocations=170 (full 8):
 garbage-first heap   total 802816K, used 468723K [0x00000000bd400000, 0x00000000ee400000, 0x00000000f0000000)
  region size 1024K, 67 young (68608K), 11 survivors (11264K)
 compacting perm gen  total 131072K, used 76995K [0x00000000f0000000, 0x00000000f8000000, 0x0000000100000000)
   the space 131072K,  58% used [0x00000000f0000000, 0x00000000f4b30ef8, 0x00000000f4b31000, 0x00000000f8000000)
No shared spaces configured.
213.993: [GC pause (young), 0.0723690 secs]
   [Parallel Time: 69.0 ms, GC Workers: 4]
      [GC Worker Start (ms): Min: 213992.6, Avg: 213992.9, Max: 213993.1, Diff: 0.5]
      [Ext Root Scanning (ms): Min: 16.0, Avg: 20.1, Max: 23.6, Diff: 7.6, Sum: 80.3]
      [SATB Filtering (ms): Min: 0.0, Avg: 0.0, Max: 0.0, Diff: 0.0, Sum: 0.0]
      [Update RS (ms): Min: 3.5, Avg: 6.4, Max: 10.0, Diff: 6.5, Sum: 25.5]
         [Processed Buffers: Min: 4, Avg: 12.0, Max: 16, Diff: 12, Sum: 48]
      [Scan RS (ms): Min: 0.0, Avg: 0.5, Max: 1.5, Diff: 1.5, Sum: 2.2]
      [Code Root Scanning (ms): Min: 0.0, Avg: 0.0, Max: 0.0, Diff: 0.0, Sum: 0.0]
      [Object Copy (ms): Min: 33.8, Avg: 36.5, Max: 40.4, Diff: 6.6, Sum: 145.9]
      [Termination (ms): Min: 0.0, Avg: 3.3, Max: 5.4, Diff: 5.4, Sum: 13.0]
      [GC Worker Other (ms): Min: 0.0, Avg: 0.0, Max: 0.0, Diff: 0.0, Sum: 0.1]
      [GC Worker Total (ms): Min: 66.4, Avg: 66.8, Max: 66.9, Diff: 0.5, Sum: 267.1]
      [GC Worker End (ms): Min: 214059.5, Avg: 214059.6, Max: 214060.0, Diff: 0.4]
   [Code Root Fixup: 0.1 ms]
   [Code Root Migration: 0.1 ms]
   [Clear CT: 0.4 ms]
   [Other: 2.7 ms]
      [Choose CSet: 0.0 ms]
      [Ref Proc: 0.7 ms]
      [Ref Enq: 0.0 ms]
      [Free CSet: 0.8 ms]
   [Eden: 56.0M(56.0M)->0.0B(84.0M) Survivors: 11.0M->9216.0K Heap: 457.7M(784.0M)->415.2M(790.0M)]
Heap after GC invocations=171 (full 8):
 garbage-first heap   total 808960K, used 425203K [0x00000000bd400000, 0x00000000eea00000, 0x00000000f0000000)
  region size 1024K, 9 young (9216K), 9 survivors (9216K)
 compacting perm gen  total 131072K, used 76995K [0x00000000f0000000, 0x00000000f8000000, 0x0000000100000000)
   the space 131072K,  58% used [0x00000000f0000000, 0x00000000f4b30ef8, 0x00000000f4b31000, 0x00000000f8000000)
No shared spaces configured.
}
 [Times: user=0.19 sys=0.00, real=0.07 secs] 
{Heap before GC invocations=171 (full 8):
 garbage-first heap   total 808960K, used 511219K [0x00000000bd400000, 0x00000000eea00000, 0x00000000f0000000)
  region size 1024K, 89 young (91136K), 9 survivors (9216K)
 compacting perm gen  total 131072K, used 76995K [0x00000000f0000000, 0x00000000f8000000, 0x0000000100000000)
   the space 131072K,  58% used [0x00000000f0000000, 0x00000000f4b30ef8, 0x00000000f4b31000, 0x00000000f8000000)
No shared spaces configured.
214.585: [GC pause (young), 0.0817140 secs]
   [Parallel Time: 80.8 ms, GC Workers: 4]
      [GC Worker Start (ms): Min: 214585.5, Avg: 214586.0, Max: 214587.6, Diff: 2.1]
      [Ext Root Scanning (ms): Min: 16.3, Avg: 19.4, Max: 22.8, Diff: 6.5, Sum: 77.5]
      [SATB Filtering (ms): Min: 0.0, Avg: 0.0, Max: 0.0, Diff: 0.0, Sum: 0.0]
      [Update RS (ms): Min: 14.7, Avg: 24.2, Max: 47.0, Diff: 32.3, Sum: 96.6]
         [Processed Buffers: Min: 4, Avg: 12.2, Max: 20, Diff: 16, Sum: 49]
      [Scan RS (ms): Min: 0.0, Avg: 5.6, Max: 7.8, Diff: 7.8, Sum: 22.4]
      [Code Root Scanning (ms): Min: 0.0, Avg: 0.0, Max: 0.0, Diff: 0.0, Sum: 0.0]
      [Object Copy (ms): Min: 10.8, Avg: 30.9, Max: 38.4, Diff: 27.6, Sum: 123.8]
      [Termination (ms): Min: 0.0, Avg: 0.0, Max: 0.0, Diff: 0.0, Sum: 0.0]
      [GC Worker Other (ms): Min: 0.0, Avg: 0.1, Max: 0.1, Diff: 0.0, Sum: 0.2]
      [GC Worker Total (ms): Min: 78.6, Avg: 80.1, Max: 80.7, Diff: 2.1, Sum: 320.6]
      [GC Worker End (ms): Min: 214666.2, Avg: 214666.2, Max: 214666.2, Diff: 0.0]
   [Code Root Fixup: 0.0 ms]
   [Code Root Migration: 0.0 ms]
   [Clear CT: 0.1 ms]
   [Other: 0.8 ms]
      [Choose CSet: 0.0 ms]
      [Ref Proc: 0.2 ms]
      [Ref Enq: 0.0 ms]
      [Free CSet: 0.2 ms]
   [Eden: 80.0M(30.0M)->0.0B(98.0M) Survivors: 9216.0K->5120.0K Heap: 499.2M(790.0M)->438.2M(790.0M)]
Heap after GC invocations=172 (full 8):
 garbage-first heap   total 808960K, used 448755K [0x00000000bd400000, 0x00000000eea00000, 0x00000000f0000000)
  region size 1024K, 5 young (5120K), 5 survivors (5120K)
 compacting perm gen  total 131072K, used 76995K [0x00000000f0000000, 0x00000000f8000000, 0x0000000100000000)
   the space 131072K,  58% used [0x00000000f0000000, 0x00000000f4b30ef8, 0x00000000f4b31000, 0x00000000f8000000)
No shared spaces configured.
}
 [Times: user=0.24 sys=0.00, real=0.08 secs] 
214.743: [GC concurrent-mark-end, 1.5581050 secs]
214.743: [GC remark 214.743: [GC ref-proc, 0.0013630 secs], 0.0108000 secs]
 [Times: user=0.02 sys=0.00, real=0.01 secs] 
214.754: [GC cleanup 447M->422M(790M), 0.0030960 secs]
 [Times: user=0.01 sys=0.00, real=0.01 secs] 
214.757: [GC concurrent-cleanup-start]
214.757: [GC concurrent-cleanup-end, 0.0000600 secs]
{Heap before GC invocations=173 (full 8):
 garbage-first heap   total 808960K, used 522771K [0x00000000bd400000, 0x00000000eea00000, 0x00000000f0000000)
  region size 1024K, 103 young (105472K), 5 survivors (5120K)
 compacting perm gen  total 131072K, used 76995K [0x00000000f0000000, 0x00000000f8000000, 0x0000000100000000)
   the space 131072K,  58% used [0x00000000f0000000, 0x00000000f4b30ef8, 0x00000000f4b31000, 0x00000000f8000000)
No shared spaces configured.
215.049: [GC pause (young), 0.1112660 secs]
   [Parallel Time: 110.2 ms, GC Workers: 4]
      [GC Worker Start (ms): Min: 215049.3, Avg: 215052.4, Max: 215055.5, Diff: 6.2]
      [Ext Root Scanning (ms): Min: 19.7, Avg: 21.4, Max: 23.0, Diff: 3.3, Sum: 85.6]
      [Update RS (ms): Min: 17.5, Avg: 22.8, Max: 28.8, Diff: 11.3, Sum: 91.0]
         [Processed Buffers: Min: 0, Avg: 13.5, Max: 23, Diff: 23, Sum: 54]
      [Scan RS (ms): Min: 0.0, Avg: 1.2, Max: 2.5, Diff: 2.5, Sum: 5.0]
      [Code Root Scanning (ms): Min: 0.0, Avg: 0.0, Max: 0.0, Diff: 0.0, Sum: 0.0]
      [Object Copy (ms): Min: 48.7, Avg: 58.1, Max: 62.2, Diff: 13.6, Sum: 232.4]
      [Termination (ms): Min: 0.0, Avg: 1.0, Max: 3.6, Diff: 3.6, Sum: 4.0]
      [GC Worker Other (ms): Min: 0.0, Avg: 0.0, Max: 0.0, Diff: 0.0, Sum: 0.1]
      [GC Worker Total (ms): Min: 100.6, Avg: 104.5, Max: 110.2, Diff: 9.6, Sum: 418.1]
      [GC Worker End (ms): Min: 215156.0, Avg: 215156.9, Max: 215159.5, Diff: 3.4]
   [Code Root Fixup: 0.0 ms]
   [Code Root Migration: 0.0 ms]
   [Clear CT: 0.1 ms]
   [Other: 0.8 ms]
      [Choose CSet: 0.0 ms]
      [Ref Proc: 0.3 ms]
      [Ref Enq: 0.0 ms]
      [Free CSet: 0.2 ms]
   [Eden: 98.0M(98.0M)->0.0B(44.0M) Survivors: 5120.0K->13.0M Heap: 510.5M(790.0M)->434.5M(795.0M)]
Heap after GC invocations=174 (full 8):
 garbage-first heap   total 814080K, used 444947K [0x00000000bd400000, 0x00000000eef00000, 0x00000000f0000000)
  region size 1024K, 13 young (13312K), 13 survivors (13312K)
 compacting perm gen  total 131072K, used 76995K [0x00000000f0000000, 0x00000000f8000000, 0x0000000100000000)
   the space 131072K,  58% used [0x00000000f0000000, 0x00000000f4b30ef8, 0x00000000f4b31000, 0x00000000f8000000)
No shared spaces configured.
}
 [Times: user=0.22 sys=0.00, real=0.11 secs] 
{Heap before GC invocations=174 (full 8):
 garbage-first heap   total 814080K, used 490003K [0x00000000bd400000, 0x00000000eef00000, 0x00000000f0000000)
  region size 1024K, 57 young (58368K), 13 survivors (13312K)
 compacting perm gen  total 131072K, used 76995K [0x00000000f0000000, 0x00000000f8000000, 0x0000000100000000)
   the space 131072K,  58% used [0x00000000f0000000, 0x00000000f4b30ef8, 0x00000000f4b31000, 0x00000000f8000000)
No shared spaces configured.
215.315: [GC pause (young), 0.0853850 secs]
   [Parallel Time: 84.8 ms, GC Workers: 4]
      [GC Worker Start (ms): Min: 215314.7, Avg: 215317.5, Max: 215325.9, Diff: 11.3]
      [Ext Root Scanning (ms): Min: 7.5, Avg: 19.0, Max: 27.2, Diff: 19.8, Sum: 76.1]
      [Update RS (ms): Min: 2.2, Avg: 9.1, Max: 17.8, Diff: 15.6, Sum: 36.2]
         [Processed Buffers: Min: 1, Avg: 10.8, Max: 20, Diff: 19, Sum: 43]
      [Scan RS (ms): Min: 0.0, Avg: 1.2, Max: 2.6, Diff: 2.6, Sum: 5.0]
      [Code Root Scanning (ms): Min: 0.0, Avg: 0.0, Max: 0.0, Diff: 0.0, Sum: 0.0]
      [Object Copy (ms): Min: 33.4, Avg: 41.6, Max: 54.0, Diff: 20.6, Sum: 166.5]
      [Termination (ms): Min: 0.0, Avg: 10.9, Max: 14.8, Diff: 14.8, Sum: 43.6]
      [GC Worker Other (ms): Min: 0.0, Avg: 0.0, Max: 0.0, Diff: 0.0, Sum: 0.1]
      [GC Worker Total (ms): Min: 73.4, Avg: 81.8, Max: 84.7, Diff: 11.3, Sum: 327.4]
      [GC Worker End (ms): Min: 215399.3, Avg: 215399.3, Max: 215399.3, Diff: 0.0]
   [Code Root Fixup: 0.0 ms]
   [Code Root Migration: 0.0 ms]
   [Clear CT: 0.0 ms]
   [Other: 0.5 ms]
      [Choose CSet: 0.0 ms]
      [Ref Proc: 0.2 ms]
      [Ref Enq: 0.0 ms]
      [Free CSet: 0.1 ms]
   [Eden: 44.0M(44.0M)->0.0B(84.0M) Survivors: 13.0M->8192.0K Heap: 478.5M(795.0M)->445.5M(799.0M)]
Heap after GC invocations=175 (full 8):
 garbage-first heap   total 818176K, used 456211K [0x00000000bd400000, 0x00000000ef300000, 0x00000000f0000000)
  region size 1024K, 8 young (8192K), 8 survivors (8192K)
 compacting perm gen  total 131072K, used 76995K [0x00000000f0000000, 0x00000000f8000000, 0x0000000100000000)
   the space 131072K,  58% used [0x00000000f0000000, 0x00000000f4b30ef8, 0x00000000f4b31000, 0x00000000f8000000)
No shared spaces configured.
}
 [Times: user=0.23 sys=0.00, real=0.09 secs] 
{Heap before GC invocations=175 (full 8):
 garbage-first heap   total 818176K, used 530963K [0x00000000bd400000, 0x00000000ef300000, 0x00000000f0000000)
  region size 1024K, 82 young (83968K), 8 survivors (8192K)
 compacting perm gen  total 131072K, used 76995K [0x00000000f0000000, 0x00000000f8000000, 0x0000000100000000)
   the space 131072K,  58% used [0x00000000f0000000, 0x00000000f4b30ef8, 0x00000000f4b31000, 0x00000000f8000000)
No shared spaces configured.
215.653: [GC pause (young) (initial-mark), 0.1087050 secs]
   [Parallel Time: 101.2 ms, GC Workers: 4]
      [GC Worker Start (ms): Min: 215652.8, Avg: 215654.3, Max: 215658.8, Diff: 6.0]
      [Ext Root Scanning (ms): Min: 22.6, Avg: 24.3, Max: 26.5, Diff: 3.8, Sum: 97.4]
      [Code Root Marking (ms): Min: 0.0, Avg: 2.3, Max: 5.3, Diff: 5.3, Sum: 9.1]
      [Update RS (ms): Min: 9.4, Avg: 14.2, Max: 17.3, Diff: 7.9, Sum: 56.7]
         [Processed Buffers: Min: 4, Avg: 11.8, Max: 18, Diff: 14, Sum: 47]
      [Scan RS (ms): Min: 0.0, Avg: 0.7, Max: 2.1, Diff: 2.0, Sum: 2.6]
      [Code Root Scanning (ms): Min: 0.0, Avg: 0.0, Max: 0.0, Diff: 0.0, Sum: 0.0]
      [Object Copy (ms): Min: 31.4, Avg: 42.7, Max: 61.6, Diff: 30.2, Sum: 170.7]
      [Termination (ms): Min: 0.0, Avg: 14.4, Max: 19.7, Diff: 19.7, Sum: 57.6]
      [GC Worker Other (ms): Min: 0.0, Avg: 0.0, Max: 0.0, Diff: 0.0, Sum: 0.1]
      [GC Worker Total (ms): Min: 93.6, Avg: 98.5, Max: 101.1, Diff: 7.5, Sum: 394.1]
      [GC Worker End (ms): Min: 215752.4, Avg: 215752.9, Max: 215754.0, Diff: 1.6]
   [Code Root Fixup: 0.0 ms]
   [Code Root Migration: 0.0 ms]
   [Clear CT: 2.3 ms]
   [Other: 5.2 ms]
      [Choose CSet: 0.0 ms]
      [Ref Proc: 4.7 ms]
      [Ref Enq: 0.0 ms]
      [Free CSet: 0.1 ms]
   [Eden: 74.0M(84.0M)->0.0B(57.0M) Survivors: 8192.0K->12.0M Heap: 519.5M(799.0M)->463.0M(802.0M)]
Heap after GC invocations=176 (full 8):
 garbage-first heap   total 821248K, used 474131K [0x00000000bd400000, 0x00000000ef600000, 0x00000000f0000000)
  region size 1024K, 12 young (12288K), 12 survivors (12288K)
 compacting perm gen  total 131072K, used 76995K [0x00000000f0000000, 0x00000000f8000000, 0x0000000100000000)
   the space 131072K,  58% used [0x00000000f0000000, 0x00000000f4b30ef8, 0x00000000f4b31000, 0x00000000f8000000)
No shared spaces configured.
}
 [Times: user=0.24 sys=0.00, real=0.11 secs] 
215.762: [GC concurrent-root-region-scan-start]
215.789: [GC concurrent-root-region-scan-end, 0.0276880 secs]
215.789: [GC concurrent-mark-start]
{Heap before GC invocations=176 (full 8):
 garbage-first heap   total 821248K, used 634899K [0x00000000bd400000, 0x00000000ef600000, 0x00000000f0000000)
  region size 1024K, 69 young (70656K), 12 survivors (12288K)
 compacting perm gen  total 131072K, used 76995K [0x00000000f0000000, 0x00000000f8000000, 0x0000000100000000)
   the space 131072K,  58% used [0x00000000f0000000, 0x00000000f4b30ef8, 0x00000000f4b31000, 0x00000000f8000000)
No shared spaces configured.
216.500: [GC pause (young), 0.0746080 secs]
   [Parallel Time: 73.5 ms, GC Workers: 4]
      [GC Worker Start (ms): Min: 216500.2, Avg: 216501.7, Max: 216505.3, Diff: 5.1]
      [Ext Root Scanning (ms): Min: 16.2, Avg: 22.1, Max: 28.6, Diff: 12.3, Sum: 88.4]
      [SATB Filtering (ms): Min: 0.0, Avg: 0.0, Max: 0.1, Diff: 0.1, Sum: 0.1]
      [Update RS (ms): Min: 0.0, Avg: 6.6, Max: 12.9, Diff: 12.9, Sum: 26.4]
         [Processed Buffers: Min: 0, Avg: 11.2, Max: 42, Diff: 42, Sum: 45]
      [Scan RS (ms): Min: 0.0, Avg: 0.9, Max: 1.3, Diff: 1.3, Sum: 3.8]
      [Code Root Scanning (ms): Min: 0.0, Avg: 0.0, Max: 0.0, Diff: 0.0, Sum: 0.0]
      [Object Copy (ms): Min: 37.3, Avg: 40.0, Max: 42.8, Diff: 5.6, Sum: 159.9]
      [Termination (ms): Min: 0.0, Avg: 1.5, Max: 2.0, Diff: 2.0, Sum: 6.0]
      [GC Worker Other (ms): Min: 0.0, Avg: 0.0, Max: 0.0, Diff: 0.0, Sum: 0.0]
      [GC Worker Total (ms): Min: 67.5, Avg: 71.1, Max: 72.6, Diff: 5.1, Sum: 284.5]
      [GC Worker End (ms): Min: 216572.8, Avg: 216572.8, Max: 216572.8, Diff: 0.1]
   [Code Root Fixup: 0.0 ms]
   [Code Root Migration: 0.0 ms]
   [Clear CT: 0.1 ms]
   [Other: 1.0 ms]
      [Choose CSet: 0.0 ms]
      [Ref Proc: 0.4 ms]
      [Ref Enq: 0.0 ms]
      [Free CSet: 0.1 ms]
   [Eden: 57.0M(57.0M)->0.0B(94.0M) Survivors: 12.0M->9216.0K Heap: 620.0M(802.0M)->577.5M(804.0M)]
Heap after GC invocations=177 (full 8):
 garbage-first heap   total 823296K, used 591379K [0x00000000bd400000, 0x00000000ef800000, 0x00000000f0000000)
  region size 1024K, 9 young (9216K), 9 survivors (9216K)
 compacting perm gen  total 131072K, used 76995K [0x00000000f0000000, 0x00000000f8000000, 0x0000000100000000)
   the space 131072K,  58% used [0x00000000f0000000, 0x00000000f4b30ef8, 0x00000000f4b31000, 0x00000000f8000000)
No shared spaces configured.
}
 [Times: user=0.17 sys=0.00, real=0.07 secs] 
{Heap before GC invocations=177 (full 8):
 garbage-first heap   total 823296K, used 687635K [0x00000000bd400000, 0x00000000ef800000, 0x00000000f0000000)
  region size 1024K, 103 young (105472K), 9 survivors (9216K)
 compacting perm gen  total 131072K, used 76995K [0x00000000f0000000, 0x00000000f8000000, 0x0000000100000000)
   the space 131072K,  58% used [0x00000000f0000000, 0x00000000f4b30ef8, 0x00000000f4b31000, 0x00000000f8000000)
No shared spaces configured.
217.177: [GC pause (young), 0.3355280 secs]
   [Parallel Time: 322.3 ms, GC Workers: 4]
      [GC Worker Start (ms): Min: 217177.2, Avg: 217180.9, Max: 217186.4, Diff: 9.3]
      [Ext Root Scanning (ms): Min: 12.4, Avg: 32.2, Max: 46.9, Diff: 34.5, Sum: 128.8]
      [SATB Filtering (ms): Min: 0.0, Avg: 0.0, Max: 0.1, Diff: 0.1, Sum: 0.1]
      [Update RS (ms): Min: 0.0, Avg: 14.3, Max: 26.5, Diff: 26.5, Sum: 57.1]
         [Processed Buffers: Min: 0, Avg: 12.5, Max: 25, Diff: 25, Sum: 50]
      [Scan RS (ms): Min: 0.0, Avg: 0.4, Max: 1.1, Diff: 1.1, Sum: 1.6]
      [Code Root Scanning (ms): Min: 0.0, Avg: 0.0, Max: 0.0, Diff: 0.0, Sum: 0.0]
      [Object Copy (ms): Min: 239.9, Avg: 255.7, Max: 264.4, Diff: 24.5, Sum: 1022.7]
      [Termination (ms): Min: 0.0, Avg: 14.8, Max: 35.6, Diff: 35.6, Sum: 59.2]
      [GC Worker Other (ms): Min: 0.0, Avg: 0.0, Max: 0.0, Diff: 0.0, Sum: 0.1]
      [GC Worker Total (ms): Min: 311.4, Avg: 317.4, Max: 322.3, Diff: 10.9, Sum: 1269.6]
      [GC Worker End (ms): Min: 217497.9, Avg: 217498.3, Max: 217499.5, Diff: 1.6]
   [Code Root Fixup: 0.0 ms]
   [Code Root Migration: 0.0 ms]
   [Clear CT: 0.1 ms]
   [Other: 13.0 ms]
      [Choose CSet: 0.0 ms]
      [Ref Proc: 12.3 ms]
      [Ref Enq: 0.0 ms]
      [Free CSet: 0.2 ms]
   [Eden: 94.0M(94.0M)->0.0B(27.0M) Survivors: 9216.0K->13.0M Heap: 671.5M(804.0M)->599.5M(806.0M)]
Heap after GC invocations=178 (full 8):
 garbage-first heap   total 825344K, used 613907K [0x00000000bd400000, 0x00000000efa00000, 0x00000000f0000000)
  region size 1024K, 13 young (13312K), 13 survivors (13312K)
 compacting perm gen  total 131072K, used 76995K [0x00000000f0000000, 0x00000000f8000000, 0x0000000100000000)
   the space 131072K,  58% used [0x00000000f0000000, 0x00000000f4b30ef8, 0x00000000f4b31000, 0x00000000f8000000)
No shared spaces configured.
}
 [Times: user=0.23 sys=0.50, real=0.33 secs] 
{Heap before GC invocations=178 (full 8):
 garbage-first heap   total 825344K, used 641555K [0x00000000bd400000, 0x00000000efa00000, 0x00000000f0000000)
  region size 1024K, 40 young (40960K), 13 survivors (13312K)
 compacting perm gen  total 131072K, used 76995K [0x00000000f0000000, 0x00000000f8000000, 0x0000000100000000)
   the space 131072K,  58% used [0x00000000f0000000, 0x00000000f4b30ef8, 0x00000000f4b31000, 0x00000000f8000000)
No shared spaces configured.
217.647: [GC pause (young), 0.0775860 secs]
   [Parallel Time: 77.0 ms, GC Workers: 4]
      [GC Worker Start (ms): Min: 217647.2, Avg: 217648.6, Max: 217652.5, Diff: 5.3]
      [Ext Root Scanning (ms): Min: 21.0, Avg: 24.4, Max: 29.8, Diff: 8.8, Sum: 97.5]
      [SATB Filtering (ms): Min: 0.0, Avg: 0.0, Max: 0.0, Diff: 0.0, Sum: 0.0]
      [Update RS (ms): Min: 0.0, Avg: 6.4, Max: 9.9, Diff: 9.9, Sum: 25.5]
         [Processed Buffers: Min: 0, Avg: 9.8, Max: 17, Diff: 17, Sum: 39]
      [Scan RS (ms): Min: 0.0, Avg: 2.3, Max: 4.8, Diff: 4.7, Sum: 9.1]
      [Code Root Scanning (ms): Min: 0.0, Avg: 0.0, Max: 0.0, Diff: 0.0, Sum: 0.0]
      [Object Copy (ms): Min: 32.6, Avg: 35.7, Max: 41.1, Diff: 8.5, Sum: 142.7]
      [Termination (ms): Min: 0.0, Avg: 6.8, Max: 9.1, Diff: 9.1, Sum: 27.3]
      [GC Worker Other (ms): Min: 0.0, Avg: 0.0, Max: 0.0, Diff: 0.0, Sum: 0.1]
      [GC Worker Total (ms): Min: 71.6, Avg: 75.6, Max: 76.9, Diff: 5.3, Sum: 302.2]
      [GC Worker End (ms): Min: 217724.1, Avg: 217724.1, Max: 217724.1, Diff: 0.0]
   [Code Root Fixup: 0.0 ms]
   [Code Root Migration: 0.0 ms]
   [Clear CT: 0.0 ms]
   [Other: 0.6 ms]
      [Choose CSet: 0.0 ms]
      [Ref Proc: 0.3 ms]
      [Ref Enq: 0.0 ms]
      [Free CSet: 0.1 ms]
   [Eden: 27.0M(27.0M)->0.0B(35.0M) Survivors: 13.0M->5120.0K Heap: 626.5M(806.0M)->606.5M(808.0M)]
Heap after GC invocations=179 (full 8):
 garbage-first heap   total 827392K, used 621075K [0x00000000bd400000, 0x00000000efc00000, 0x00000000f0000000)
  region size 1024K, 5 young (5120K), 5 survivors (5120K)
 compacting perm gen  total 131072K, used 76995K [0x00000000f0000000, 0x00000000f8000000, 0x0000000100000000)
   the space 131072K,  58% used [0x00000000f0000000, 0x00000000f4b30ef8, 0x00000000f4b31000, 0x00000000f8000000)
No shared spaces configured.
}
 [Times: user=0.18 sys=0.00, real=0.08 secs] 
{Heap before GC invocations=179 (full 8):
 garbage-first heap   total 827392K, used 656915K [0x00000000bd400000, 0x00000000efc00000, 0x00000000f0000000)
  region size 1024K, 40 young (40960K), 5 survivors (5120K)
 compacting perm gen  total 131072K, used 76995K [0x00000000f0000000, 0x00000000f8000000, 0x0000000100000000)
   the space 131072K,  58% used [0x00000000f0000000, 0x00000000f4b30ef8, 0x00000000f4b31000, 0x00000000f8000000)
No shared spaces configured.
217.905: [GC pause (young), 0.0632370 secs]
   [Parallel Time: 60.6 ms, GC Workers: 4]
      [GC Worker Start (ms): Min: 217904.7, Avg: 217905.1, Max: 217905.9, Diff: 1.2]
      [Ext Root Scanning (ms): Min: 21.3, Avg: 24.4, Max: 27.5, Diff: 6.2, Sum: 97.6]
      [SATB Filtering (ms): Min: 0.0, Avg: 0.0, Max: 0.0, Diff: 0.0, Sum: 0.0]
      [Update RS (ms): Min: 4.8, Avg: 9.4, Max: 13.8, Diff: 8.9, Sum: 37.5]
         [Processed Buffers: Min: 5, Avg: 10.5, Max: 19, Diff: 14, Sum: 42]
      [Scan RS (ms): Min: 0.1, Avg: 1.7, Max: 5.3, Diff: 5.2, Sum: 6.7]
      [Code Root Scanning (ms): Min: 0.0, Avg: 0.0, Max: 0.0, Diff: 0.0, Sum: 0.0]
      [Object Copy (ms): Min: 18.2, Avg: 21.1, Max: 23.9, Diff: 5.7, Sum: 84.3]
      [Termination (ms): Min: 0.0, Avg: 0.1, Max: 0.2, Diff: 0.2, Sum: 0.5]
      [GC Worker Other (ms): Min: 0.0, Avg: 0.1, Max: 0.1, Diff: 0.1, Sum: 0.4]
      [GC Worker Total (ms): Min: 55.9, Avg: 56.7, Max: 57.1, Diff: 1.2, Sum: 227.0]
      [GC Worker End (ms): Min: 217961.8, Avg: 217961.8, Max: 217961.8, Diff: 0.1]
   [Code Root Fixup: 0.0 ms]
   [Code Root Migration: 0.0 ms]
   [Clear CT: 0.1 ms]
   [Other: 2.6 ms]
      [Choose CSet: 0.0 ms]
      [Ref Proc: 2.3 ms]
      [Ref Enq: 0.0 ms]
      [Free CSet: 0.1 ms]
   [Eden: 35.0M(35.0M)->0.0B(36.0M) Survivors: 5120.0K->5120.0K Heap: 641.5M(808.0M)->615.0M(809.0M)]
Heap after GC invocations=180 (full 8):
 garbage-first heap   total 828416K, used 629779K [0x00000000bd400000, 0x00000000efd00000, 0x00000000f0000000)
  region size 1024K, 5 young (5120K), 5 survivors (5120K)
 compacting perm gen  total 131072K, used 76995K [0x00000000f0000000, 0x00000000f8000000, 0x0000000100000000)
   the space 131072K,  58% used [0x00000000f0000000, 0x00000000f4b30ef8, 0x00000000f4b31000, 0x00000000f8000000)
No shared spaces configured.
}
 [Times: user=0.14 sys=0.00, real=0.07 secs] 
218.047: [GC concurrent-mark-end, 2.2573540 secs]
218.047: [GC remark 218.047: [GC ref-proc, 0.0014750 secs], 0.0211400 secs]
 [Times: user=0.02 sys=0.00, real=0.03 secs] 
218.069: [GC cleanup 631M->604M(809M), 0.0072840 secs]
 [Times: user=0.02 sys=0.00, real=0.01 secs] 
218.076: [GC concurrent-cleanup-start]
218.076: [GC concurrent-cleanup-end, 0.0000880 secs]
{Heap before GC invocations=181 (full 8):
 garbage-first heap   total 828416K, used 638995K [0x00000000bd400000, 0x00000000efd00000, 0x00000000f0000000)
  region size 1024K, 41 young (41984K), 5 survivors (5120K)
 compacting perm gen  total 131072K, used 76995K [0x00000000f0000000, 0x00000000f8000000, 0x0000000100000000)
   the space 131072K,  58% used [0x00000000f0000000, 0x00000000f4b30ef8, 0x00000000f4b31000, 0x00000000f8000000)
No shared spaces configured.
218.165: [GC pause (young), 0.0620140 secs]
   [Parallel Time: 61.1 ms, GC Workers: 4]
      [GC Worker Start (ms): Min: 218164.6, Avg: 218166.8, Max: 218169.9, Diff: 5.3]
      [Ext Root Scanning (ms): Min: 18.7, Avg: 25.9, Max: 37.8, Diff: 19.0, Sum: 103.5]
      [Update RS (ms): Min: 0.0, Avg: 10.8, Max: 14.8, Diff: 14.8, Sum: 43.3]
         [Processed Buffers: Min: 0, Avg: 11.0, Max: 20, Diff: 20, Sum: 44]
      [Scan RS (ms): Min: 0.0, Avg: 0.0, Max: 0.1, Diff: 0.1, Sum: 0.1]
      [Code Root Scanning (ms): Min: 0.0, Avg: 0.0, Max: 0.0, Diff: 0.0, Sum: 0.0]
      [Object Copy (ms): Min: 20.0, Avg: 21.8, Max: 23.0, Diff: 3.0, Sum: 87.3]
      [Termination (ms): Min: 0.0, Avg: 0.1, Max: 0.2, Diff: 0.2, Sum: 0.5]
      [GC Worker Other (ms): Min: 0.0, Avg: 0.1, Max: 0.1, Diff: 0.0, Sum: 0.2]
      [GC Worker Total (ms): Min: 55.6, Avg: 58.7, Max: 61.0, Diff: 5.3, Sum: 235.0]
      [GC Worker End (ms): Min: 218225.6, Avg: 218225.6, Max: 218225.6, Diff: 0.0]
   [Code Root Fixup: 0.1 ms]
   [Code Root Migration: 0.0 ms]
   [Clear CT: 0.1 ms]
   [Other: 0.7 ms]
      [Choose CSet: 0.0 ms]
      [Ref Proc: 0.3 ms]
      [Ref Enq: 0.0 ms]
      [Free CSet: 0.1 ms]
   [Eden: 36.0M(36.0M)->0.0B(45.0M) Survivors: 5120.0K->6144.0K Heap: 624.0M(809.0M)->597.0M(810.0M)]
Heap after GC invocations=182 (full 8):
 garbage-first heap   total 829440K, used 611347K [0x00000000bd400000, 0x00000000efe00000, 0x00000000f0000000)
  region size 1024K, 6 young (6144K), 6 survivors (6144K)
 compacting perm gen  total 131072K, used 76995K [0x00000000f0000000, 0x00000000f8000000, 0x0000000100000000)
   the space 131072K,  58% used [0x00000000f0000000, 0x00000000f4b30ef8, 0x00000000f4b31000, 0x00000000f8000000)
No shared spaces configured.
}
 [Times: user=0.15 sys=0.00, real=0.06 secs] 
{Heap before GC invocations=182 (full 8):
 garbage-first heap   total 829440K, used 657427K [0x00000000bd400000, 0x00000000efe00000, 0x00000000f0000000)
  region size 1024K, 51 young (52224K), 6 survivors (6144K)
 compacting perm gen  total 131072K, used 76995K [0x00000000f0000000, 0x00000000f8000000, 0x0000000100000000)
   the space 131072K,  58% used [0x00000000f0000000, 0x00000000f4b30ef8, 0x00000000f4b31000, 0x00000000f8000000)
No shared spaces configured.
218.393: [GC pause (young), 0.0575020 secs]
   [Parallel Time: 57.0 ms, GC Workers: 4]
      [GC Worker Start (ms): Min: 218392.8, Avg: 218393.8, Max: 218394.5, Diff: 1.6]
      [Ext Root Scanning (ms): Min: 15.9, Avg: 21.2, Max: 27.1, Diff: 11.2, Sum: 84.7]
      [Update RS (ms): Min: 1.6, Avg: 7.1, Max: 12.0, Diff: 10.4, Sum: 28.5]
         [Processed Buffers: Min: 3, Avg: 10.5, Max: 17, Diff: 14, Sum: 42]
      [Scan RS (ms): Min: 0.0, Avg: 0.4, Max: 0.8, Diff: 0.7, Sum: 1.6]
      [Code Root Scanning (ms): Min: 0.0, Avg: 0.0, Max: 0.0, Diff: 0.0, Sum: 0.0]
      [Object Copy (ms): Min: 25.5, Avg: 26.6, Max: 29.0, Diff: 3.5, Sum: 106.3]
      [Termination (ms): Min: 0.0, Avg: 0.7, Max: 0.9, Diff: 0.9, Sum: 2.7]
      [GC Worker Other (ms): Min: 0.0, Avg: 0.0, Max: 0.0, Diff: 0.0, Sum: 0.1]
      [GC Worker Total (ms): Min: 55.2, Avg: 55.9, Max: 56.9, Diff: 1.6, Sum: 223.8]
      [GC Worker End (ms): Min: 218449.7, Avg: 218449.7, Max: 218449.7, Diff: 0.0]
   [Code Root Fixup: 0.0 ms]
   [Code Root Migration: 0.0 ms]
   [Clear CT: 0.1 ms]
   [Other: 0.4 ms]
      [Choose CSet: 0.0 ms]
      [Ref Proc: 0.2 ms]
      [Ref Enq: 0.0 ms]
      [Free CSet: 0.1 ms]
   [Eden: 45.0M(45.0M)->0.0B(58.0M) Survivors: 6144.0K->7168.0K Heap: 642.0M(810.0M)->607.5M(811.0M)]
Heap after GC invocations=183 (full 8):
 garbage-first heap   total 830464K, used 622099K [0x00000000bd400000, 0x00000000eff00000, 0x00000000f0000000)
  region size 1024K, 7 young (7168K), 7 survivors (7168K)
 compacting perm gen  total 131072K, used 76995K [0x00000000f0000000, 0x00000000f8000000, 0x0000000100000000)
   the space 131072K,  58% used [0x00000000f0000000, 0x00000000f4b30ef8, 0x00000000f4b31000, 0x00000000f8000000)
No shared spaces configured.
}
 [Times: user=0.16 sys=0.00, real=0.06 secs] 
{Heap before GC invocations=183 (full 8):
 garbage-first heap   total 830464K, used 681491K [0x00000000bd400000, 0x00000000eff00000, 0x00000000f0000000)
  region size 1024K, 65 young (66560K), 7 survivors (7168K)
 compacting perm gen  total 131072K, used 76995K [0x00000000f0000000, 0x00000000f8000000, 0x0000000100000000)
   the space 131072K,  58% used [0x00000000f0000000, 0x00000000f4b30ef8, 0x00000000f4b31000, 0x00000000f8000000)
No shared spaces configured.
218.647: [GC pause (young) (initial-mark), 0.0890140 secs]
   [Parallel Time: 88.3 ms, GC Workers: 4]
      [GC Worker Start (ms): Min: 218647.2, Avg: 218647.3, Max: 218647.5, Diff: 0.3]
      [Ext Root Scanning (ms): Min: 17.6, Avg: 24.5, Max: 31.4, Diff: 13.8, Sum: 98.1]
      [Code Root Marking (ms): Min: 0.0, Avg: 1.9, Max: 7.4, Diff: 7.3, Sum: 7.6]
      [Update RS (ms): Min: 4.5, Avg: 20.1, Max: 51.9, Diff: 47.3, Sum: 80.6]
         [Processed Buffers: Min: 6, Avg: 11.5, Max: 16, Diff: 10, Sum: 46]
      [Scan RS (ms): Min: 0.0, Avg: 0.1, Max: 0.2, Diff: 0.2, Sum: 0.3]
      [Code Root Scanning (ms): Min: 0.0, Avg: 0.0, Max: 0.0, Diff: 0.0, Sum: 0.0]
      [Object Copy (ms): Min: 7.1, Avg: 40.4, Max: 60.4, Diff: 53.3, Sum: 161.6]
      [Termination (ms): Min: 0.0, Avg: 1.0, Max: 1.3, Diff: 1.3, Sum: 4.0]
      [GC Worker Other (ms): Min: 0.0, Avg: 0.0, Max: 0.0, Diff: 0.0, Sum: 0.1]
      [GC Worker Total (ms): Min: 87.9, Avg: 88.1, Max: 88.2, Diff: 0.3, Sum: 352.2]
      [GC Worker End (ms): Min: 218735.4, Avg: 218735.4, Max: 218735.4, Diff: 0.0]
   [Code Root Fixup: 0.0 ms]
   [Code Root Migration: 0.0 ms]
   [Clear CT: 0.1 ms]
   [Other: 0.6 ms]
      [Choose CSet: 0.0 ms]
      [Ref Proc: 0.2 ms]
      [Ref Enq: 0.0 ms]
      [Free CSet: 0.1 ms]
   [Eden: 58.0M(58.0M)->0.0B(50.0M) Survivors: 7168.0K->9216.0K Heap: 665.5M(811.0M)->622.0M(812.0M)]
Heap after GC invocations=184 (full 8):
 garbage-first heap   total 831488K, used 636947K [0x00000000bd400000, 0x00000000f0000000, 0x00000000f0000000)
  region size 1024K, 9 young (9216K), 9 survivors (9216K)
 compacting perm gen  total 131072K, used 76995K [0x00000000f0000000, 0x00000000f8000000, 0x0000000100000000)
   the space 131072K,  58% used [0x00000000f0000000, 0x00000000f4b30ef8, 0x00000000f4b31000, 0x00000000f8000000)
No shared spaces configured.
}
 [Times: user=0.21 sys=0.01, real=0.10 secs] 
218.736: [GC concurrent-root-region-scan-start]
218.766: [GC concurrent-root-region-scan-end, 0.0294720 secs]
218.766: [GC concurrent-mark-start]
{Heap before GC invocations=184 (full 8):
 garbage-first heap   total 831488K, used 676883K [0x00000000bd400000, 0x00000000f0000000, 0x00000000f0000000)
  region size 1024K, 40 young (40960K), 9 survivors (9216K)
 compacting perm gen  total 131072K, used 76995K [0x00000000f0000000, 0x00000000f8000000, 0x0000000100000000)
   the space 131072K,  58% used [0x00000000f0000000, 0x00000000f4b30ef8, 0x00000000f4b31000, 0x00000000f8000000)
No shared spaces configured.
219.061: [GC pause (young), 0.1235860 secs]
   [Parallel Time: 122.0 ms, GC Workers: 4]
      [GC Worker Start (ms): Min: 219061.5, Avg: 219066.5, Max: 219071.5, Diff: 10.0]
      [Ext Root Scanning (ms): Min: 17.6, Avg: 23.7, Max: 32.8, Diff: 15.2, Sum: 94.6]
      [SATB Filtering (ms): Min: 0.0, Avg: 0.0, Max: 0.0, Diff: 0.0, Sum: 0.0]
      [Update RS (ms): Min: 7.7, Avg: 22.5, Max: 37.7, Diff: 30.1, Sum: 90.0]
         [Processed Buffers: Min: 3, Avg: 10.5, Max: 22, Diff: 19, Sum: 42]
      [Scan RS (ms): Min: 0.1, Avg: 12.6, Max: 24.3, Diff: 24.2, Sum: 50.5]
      [Code Root Scanning (ms): Min: 0.0, Avg: 0.0, Max: 0.0, Diff: 0.0, Sum: 0.0]
      [Object Copy (ms): Min: 19.2, Avg: 32.3, Max: 44.9, Diff: 25.7, Sum: 129.2]
      [Termination (ms): Min: 0.0, Avg: 13.2, Max: 17.6, Diff: 17.6, Sum: 52.8]
      [GC Worker Other (ms): Min: 0.0, Avg: 0.0, Max: 0.0, Diff: 0.0, Sum: 0.1]
      [GC Worker Total (ms): Min: 99.4, Avg: 104.3, Max: 109.4, Diff: 10.0, Sum: 417.4]
      [GC Worker End (ms): Min: 219170.8, Avg: 219170.9, Max: 219171.0, Diff: 0.2]
   [Code Root Fixup: 0.0 ms]
   [Code Root Migration: 0.0 ms]
   [Clear CT: 0.2 ms]
   [Other: 1.4 ms]
      [Choose CSet: 0.0 ms]
      [Ref Proc: 0.5 ms]
      [Ref Enq: 0.0 ms]
      [Free CSet: 0.2 ms]
   [Eden: 31.0M(31.0M)->0.0B(39.0M) Survivors: 9216.0K->5120.0K Heap: 661.0M(812.0M)->638.0M(812.0M)]
Heap after GC invocations=185 (full 8):
 garbage-first heap   total 831488K, used 653331K [0x00000000bd400000, 0x00000000f0000000, 0x00000000f0000000)
  region size 1024K, 5 young (5120K), 5 survivors (5120K)
 compacting perm gen  total 131072K, used 76995K [0x00000000f0000000, 0x00000000f8000000, 0x0000000100000000)
   the space 131072K,  58% used [0x00000000f0000000, 0x00000000f4b30ef8, 0x00000000f4b31000, 0x00000000f8000000)
No shared spaces configured.
}
 [Times: user=0.25 sys=0.00, real=0.12 secs] 
{Heap before GC invocations=185 (full 8):
 garbage-first heap   total 831488K, used 693267K [0x00000000bd400000, 0x00000000f0000000, 0x00000000f0000000)
  region size 1024K, 44 young (45056K), 5 survivors (5120K)
 compacting perm gen  total 131072K, used 76995K [0x00000000f0000000, 0x00000000f8000000, 0x0000000100000000)
   the space 131072K,  58% used [0x00000000f0000000, 0x00000000f4b30ef8, 0x00000000f4b31000, 0x00000000f8000000)
No shared spaces configured.
219.500: [GC pause (young), 0.0835480 secs]
   [Parallel Time: 77.9 ms, GC Workers: 4]
      [GC Worker Start (ms): Min: 219500.4, Avg: 219502.1, Max: 219507.2, Diff: 6.8]
      [Ext Root Scanning (ms): Min: 20.7, Avg: 38.7, Max: 57.1, Diff: 36.4, Sum: 155.0]
      [SATB Filtering (ms): Min: 0.0, Avg: 0.0, Max: 0.0, Diff: 0.0, Sum: 0.0]
      [Update RS (ms): Min: 0.0, Avg: 8.7, Max: 18.0, Diff: 18.0, Sum: 34.6]
         [Processed Buffers: Min: 0, Avg: 9.2, Max: 21, Diff: 21, Sum: 37]
      [Scan RS (ms): Min: 0.0, Avg: 2.2, Max: 4.7, Diff: 4.7, Sum: 8.6]
      [Code Root Scanning (ms): Min: 0.0, Avg: 0.0, Max: 0.0, Diff: 0.0, Sum: 0.0]
      [Object Copy (ms): Min: 15.5, Avg: 24.3, Max: 30.7, Diff: 15.2, Sum: 97.3]
      [Termination (ms): Min: 0.0, Avg: 2.1, Max: 4.4, Diff: 4.4, Sum: 8.2]
      [GC Worker Other (ms): Min: 0.0, Avg: 0.0, Max: 0.0, Diff: 0.0, Sum: 0.1]
      [GC Worker Total (ms): Min: 70.8, Avg: 76.0, Max: 77.8, Diff: 7.0, Sum: 304.0]
      [GC Worker End (ms): Min: 219578.0, Avg: 219578.1, Max: 219578.2, Diff: 0.1]
   [Code Root Fixup: 0.0 ms]
   [Code Root Migration: 0.0 ms]
   [Clear CT: 3.5 ms]
   [Other: 2.1 ms]
      [Choose CSet: 0.0 ms]
      [Ref Proc: 1.7 ms]
      [Ref Enq: 0.0 ms]
      [Free CSet: 0.1 ms]
   [Eden: 39.0M(39.0M)->0.0B(41.0M) Survivors: 5120.0K->6144.0K Heap: 677.0M(812.0M)->649.0M(812.0M)]
Heap after GC invocations=186 (full 8):
 garbage-first heap   total 831488K, used 664595K [0x00000000bd400000, 0x00000000f0000000, 0x00000000f0000000)
  region size 1024K, 6 young (6144K), 6 survivors (6144K)
 compacting perm gen  total 131072K, used 76995K [0x00000000f0000000, 0x00000000f8000000, 0x0000000100000000)
   the space 131072K,  58% used [0x00000000f0000000, 0x00000000f4b30ef8, 0x00000000f4b31000, 0x00000000f8000000)
No shared spaces configured.
}
 [Times: user=0.16 sys=0.00, real=0.08 secs] 
{Heap before GC invocations=186 (full 8):
 garbage-first heap   total 831488K, used 706579K [0x00000000bd400000, 0x00000000f0000000, 0x00000000f0000000)
  region size 1024K, 47 young (48128K), 6 survivors (6144K)
 compacting perm gen  total 131072K, used 76995K [0x00000000f0000000, 0x00000000f8000000, 0x0000000100000000)
   the space 131072K,  58% used [0x00000000f0000000, 0x00000000f4b30ef8, 0x00000000f4b31000, 0x00000000f8000000)
No shared spaces configured.
219.823: [GC pause (young), 0.0685630 secs]
   [Parallel Time: 66.6 ms, GC Workers: 4]
      [GC Worker Start (ms): Min: 219823.3, Avg: 219825.4, Max: 219831.5, Diff: 8.1]
      [Ext Root Scanning (ms): Min: 10.7, Avg: 18.5, Max: 22.3, Diff: 11.6, Sum: 74.2]
      [SATB Filtering (ms): Min: 0.0, Avg: 0.0, Max: 0.1, Diff: 0.1, Sum: 0.1]
      [Update RS (ms): Min: 9.0, Avg: 13.8, Max: 19.9, Diff: 10.9, Sum: 55.2]
         [Processed Buffers: Min: 2, Avg: 10.0, Max: 15, Diff: 13, Sum: 40]
      [Scan RS (ms): Min: 0.0, Avg: 1.2, Max: 4.3, Diff: 4.3, Sum: 4.9]
      [Code Root Scanning (ms): Min: 0.0, Avg: 0.0, Max: 0.0, Diff: 0.0, Sum: 0.0]
      [Object Copy (ms): Min: 17.5, Avg: 20.7, Max: 26.1, Diff: 8.7, Sum: 82.9]
      [Termination (ms): Min: 0.0, Avg: 1.9, Max: 6.6, Diff: 6.6, Sum: 7.5]
      [GC Worker Other (ms): Min: 0.0, Avg: 0.0, Max: 0.0, Diff: 0.0, Sum: 0.1]
      [GC Worker Total (ms): Min: 48.7, Avg: 56.2, Max: 63.0, Diff: 14.3, Sum: 224.9]
      [GC Worker End (ms): Min: 219880.0, Avg: 219881.6, Max: 219886.3, Diff: 6.3]
   [Code Root Fixup: 0.0 ms]
   [Code Root Migration: 0.0 ms]
   [Clear CT: 0.1 ms]
   [Other: 1.9 ms]
      [Choose CSet: 0.0 ms]
      [Ref Proc: 1.6 ms]
      [Ref Enq: 0.0 ms]
      [Free CSet: 0.1 ms]
   [Eden: 41.0M(41.0M)->0.0B(34.0M) Survivors: 6144.0K->6144.0K Heap: 690.0M(812.0M)->658.0M(812.0M)]
Heap after GC invocations=187 (full 8):
 garbage-first heap   total 831488K, used 673811K [0x00000000bd400000, 0x00000000f0000000, 0x00000000f0000000)
  region size 1024K, 6 young (6144K), 6 survivors (6144K)
 compacting perm gen  total 131072K, used 76995K [0x00000000f0000000, 0x00000000f8000000, 0x0000000100000000)
   the space 131072K,  58% used [0x00000000f0000000, 0x00000000f4b30ef8, 0x00000000f4b31000, 0x00000000f8000000)
No shared spaces configured.
}
 [Times: user=0.14 sys=0.00, real=0.07 secs] 
{Heap before GC invocations=187 (full 8):
 garbage-first heap   total 831488K, used 708627K [0x00000000bd400000, 0x00000000f0000000, 0x00000000f0000000)
  region size 1024K, 40 young (40960K), 6 survivors (6144K)
 compacting perm gen  total 131072K, used 76995K [0x00000000f0000000, 0x00000000f8000000, 0x0000000100000000)
   the space 131072K,  58% used [0x00000000f0000000, 0x00000000f4b30ef8, 0x00000000f4b31000, 0x00000000f8000000)
No shared spaces configured.
220.091: [GC pause (young), 0.3289870 secs]
   [Parallel Time: 325.8 ms, GC Workers: 4]
      [GC Worker Start (ms): Min: 220090.9, Avg: 220096.2, Max: 220103.5, Diff: 12.5]
      [Ext Root Scanning (ms): Min: 13.7, Avg: 30.7, Max: 53.8, Diff: 40.1, Sum: 122.8]
      [SATB Filtering (ms): Min: 0.0, Avg: 0.0, Max: 0.0, Diff: 0.0, Sum: 0.0]
      [Update RS (ms): Min: 0.0, Avg: 12.9, Max: 23.8, Diff: 23.8, Sum: 51.6]
         [Processed Buffers: Min: 0, Avg: 8.5, Max: 17, Diff: 17, Sum: 34]
      [Scan RS (ms): Min: 0.0, Avg: 0.9, Max: 3.5, Diff: 3.5, Sum: 3.5]
      [Code Root Scanning (ms): Min: 0.0, Avg: 0.0, Max: 0.0, Diff: 0.0, Sum: 0.0]
      [Object Copy (ms): Min: 46.4, Avg: 151.9, Max: 277.3, Diff: 230.9, Sum: 607.5]
      [Termination (ms): Min: 0.0, Avg: 123.2, Max: 229.2, Diff: 229.2, Sum: 492.7]
      [GC Worker Other (ms): Min: 0.0, Avg: 0.0, Max: 0.0, Diff: 0.0, Sum: 0.1]
      [GC Worker Total (ms): Min: 312.8, Avg: 319.6, Max: 325.3, Diff: 12.6, Sum: 1278.2]
      [GC Worker End (ms): Min: 220415.3, Avg: 220415.8, Max: 220416.3, Diff: 1.1]
   [Code Root Fixup: 0.1 ms]
   [Code Root Migration: 0.1 ms]
   [Clear CT: 0.3 ms]
   [Other: 2.8 ms]
      [Choose CSet: 0.0 ms]
      [Ref Proc: 1.6 ms]
      [Ref Enq: 0.0 ms]
      [Free CSet: 0.5 ms]
   [Eden: 34.0M(34.0M)->0.0B(35.0M) Survivors: 6144.0K->5120.0K Heap: 692.0M(812.0M)->667.0M(812.0M)]
Heap after GC invocations=188 (full 8):
 garbage-first heap   total 831488K, used 683027K [0x00000000bd400000, 0x00000000f0000000, 0x00000000f0000000)
  region size 1024K, 5 young (5120K), 5 survivors (5120K)
 compacting perm gen  total 131072K, used 76995K [0x00000000f0000000, 0x00000000f8000000, 0x0000000100000000)
   the space 131072K,  58% used [0x00000000f0000000, 0x00000000f4b30ef8, 0x00000000f4b31000, 0x00000000f8000000)
No shared spaces configured.
}
 [Times: user=0.39 sys=0.32, real=0.33 secs] 
{Heap before GC invocations=188 (full 8):
 garbage-first heap   total 831488K, used 718867K [0x00000000bd400000, 0x00000000f0000000, 0x00000000f0000000)
  region size 1024K, 40 young (40960K), 5 survivors (5120K)
 compacting perm gen  total 131072K, used 76995K [0x00000000f0000000, 0x00000000f8000000, 0x0000000100000000)
   the space 131072K,  58% used [0x00000000f0000000, 0x00000000f4b30ef8, 0x00000000f4b31000, 0x00000000f8000000)
No shared spaces configured.
220.606: [GC pause (young), 0.4091300 secs]
   [Parallel Time: 407.0 ms, GC Workers: 4]
      [GC Worker Start (ms): Min: 220606.0, Avg: 220609.4, Max: 220612.5, Diff: 6.5]
      [Ext Root Scanning (ms): Min: 16.4, Avg: 31.4, Max: 63.6, Diff: 47.2, Sum: 125.5]
      [SATB Filtering (ms): Min: 0.0, Avg: 0.0, Max: 0.1, Diff: 0.1, Sum: 0.1]
      [Update RS (ms): Min: 0.0, Avg: 5.4, Max: 13.5, Diff: 13.5, Sum: 21.5]
         [Processed Buffers: Min: 0, Avg: 8.2, Max: 24, Diff: 24, Sum: 33]
      [Scan RS (ms): Min: 0.0, Avg: 1.0, Max: 1.4, Diff: 1.4, Sum: 4.0]
      [Code Root Scanning (ms): Min: 0.0, Avg: 0.0, Max: 0.0, Diff: 0.0, Sum: 0.0]
      [Object Copy (ms): Min: 26.4, Avg: 156.8, Max: 374.1, Diff: 347.6, Sum: 627.1]
      [Termination (ms): Min: 0.0, Avg: 208.2, Max: 309.8, Diff: 309.8, Sum: 832.8]
      [GC Worker Other (ms): Min: 0.0, Avg: 0.0, Max: 0.1, Diff: 0.0, Sum: 0.2]
      [GC Worker Total (ms): Min: 399.3, Avg: 402.8, Max: 406.5, Diff: 7.2, Sum: 1611.2]
      [GC Worker End (ms): Min: 221011.8, Avg: 221012.2, Max: 221012.5, Diff: 0.7]
   [Code Root Fixup: 0.1 ms]
   [Code Root Migration: 0.0 ms]
   [Clear CT: 0.4 ms]
   [Other: 1.6 ms]
      [Choose CSet: 0.1 ms]
      [Ref Proc: 1.1 ms]
      [Ref Enq: 0.0 ms]
      [Free CSet: 0.1 ms]
   [Eden: 35.0M(35.0M)->0.0B(35.0M) Survivors: 5120.0K->5120.0K Heap: 702.0M(812.0M)->677.0M(812.0M)]
Heap after GC invocations=189 (full 8):
 garbage-first heap   total 831488K, used 693267K [0x00000000bd400000, 0x00000000f0000000, 0x00000000f0000000)
  region size 1024K, 5 young (5120K), 5 survivors (5120K)
 compacting perm gen  total 131072K, used 76995K [0x00000000f0000000, 0x00000000f8000000, 0x0000000100000000)
   the space 131072K,  58% used [0x00000000f0000000, 0x00000000f4b30ef8, 0x00000000f4b31000, 0x00000000f8000000)
No shared spaces configured.
}
 [Times: user=0.55 sys=0.36, real=0.41 secs] 
{Heap before GC invocations=189 (full 8):
 garbage-first heap   total 831488K, used 729107K [0x00000000bd400000, 0x00000000f0000000, 0x00000000f0000000)
  region size 1024K, 40 young (40960K), 5 survivors (5120K)
 compacting perm gen  total 131072K, used 76995K [0x00000000f0000000, 0x00000000f8000000, 0x0000000100000000)
   the space 131072K,  58% used [0x00000000f0000000, 0x00000000f4b30ef8, 0x00000000f4b31000, 0x00000000f8000000)
No shared spaces configured.
221.217: [GC pause (young), 0.2657090 secs]
   [Parallel Time: 265.1 ms, GC Workers: 4]
      [GC Worker Start (ms): Min: 221217.6, Avg: 221218.5, Max: 221220.1, Diff: 2.5]
      [Ext Root Scanning (ms): Min: 22.8, Avg: 34.8, Max: 56.1, Diff: 33.3, Sum: 139.1]
      [SATB Filtering (ms): Min: 0.0, Avg: 0.0, Max: 0.0, Diff: 0.0, Sum: 0.0]
      [Update RS (ms): Min: 0.0, Avg: 10.2, Max: 20.1, Diff: 20.1, Sum: 41.0]
         [Processed Buffers: Min: 0, Avg: 8.5, Max: 23, Diff: 23, Sum: 34]
      [Scan RS (ms): Min: 0.0, Avg: 2.4, Max: 9.2, Diff: 9.2, Sum: 9.7]
      [Code Root Scanning (ms): Min: 0.0, Avg: 0.0, Max: 0.0, Diff: 0.0, Sum: 0.0]
      [Object Copy (ms): Min: 78.3, Avg: 113.4, Max: 216.2, Diff: 137.9, Sum: 453.6]
      [Termination (ms): Min: 0.0, Avg: 103.4, Max: 141.4, Diff: 141.4, Sum: 413.5]
      [GC Worker Other (ms): Min: 0.0, Avg: 0.0, Max: 0.0, Diff: 0.0, Sum: 0.1]
      [GC Worker Total (ms): Min: 262.6, Avg: 264.2, Max: 265.1, Diff: 2.5, Sum: 1057.0]
      [GC Worker End (ms): Min: 221482.7, Avg: 221482.7, Max: 221482.7, Diff: 0.0]
   [Code Root Fixup: 0.0 ms]
   [Code Root Migration: 0.0 ms]
   [Clear CT: 0.0 ms]
   [Other: 0.5 ms]
      [Choose CSet: 0.0 ms]
      [Ref Proc: 0.2 ms]
      [Ref Enq: 0.0 ms]
      [Free CSet: 0.1 ms]
   [Eden: 35.0M(35.0M)->0.0B(35.0M) Survivors: 5120.0K->5120.0K Heap: 712.0M(812.0M)->686.5M(812.0M)]
Heap after GC invocations=190 (full 8):
 garbage-first heap   total 831488K, used 702995K [0x00000000bd400000, 0x00000000f0000000, 0x00000000f0000000)
  region size 1024K, 5 young (5120K), 5 survivors (5120K)
 compacting perm gen  total 131072K, used 76995K [0x00000000f0000000, 0x00000000f8000000, 0x0000000100000000)
   the space 131072K,  58% used [0x00000000f0000000, 0x00000000f4b30ef8, 0x00000000f4b31000, 0x00000000f8000000)
No shared spaces configured.
}
 [Times: user=0.37 sys=0.25, real=0.26 secs] 
{Heap before GC invocations=190 (full 8):
 garbage-first heap   total 831488K, used 738835K [0x00000000bd400000, 0x00000000f0000000, 0x00000000f0000000)
  region size 1024K, 40 young (40960K), 5 survivors (5120K)
 compacting perm gen  total 131072K, used 76995K [0x00000000f0000000, 0x00000000f8000000, 0x0000000100000000)
   the space 131072K,  58% used [0x00000000f0000000, 0x00000000f4b30ef8, 0x00000000f4b31000, 0x00000000f8000000)
No shared spaces configured.
221.635: [GC pause (young), 0.2781930 secs]
   [Parallel Time: 277.5 ms, GC Workers: 4]
      [GC Worker Start (ms): Min: 221635.3, Avg: 221638.5, Max: 221641.7, Diff: 6.3]
      [Ext Root Scanning (ms): Min: 12.3, Avg: 19.3, Max: 28.1, Diff: 15.7, Sum: 77.1]
      [SATB Filtering (ms): Min: 0.0, Avg: 0.0, Max: 0.0, Diff: 0.0, Sum: 0.0]
      [Update RS (ms): Min: 0.0, Avg: 6.4, Max: 14.2, Diff: 14.2, Sum: 25.5]
         [Processed Buffers: Min: 0, Avg: 8.0, Max: 13, Diff: 13, Sum: 32]
      [Scan RS (ms): Min: 0.0, Avg: 0.4, Max: 0.9, Diff: 0.9, Sum: 1.7]
      [Code Root Scanning (ms): Min: 0.0, Avg: 0.0, Max: 0.0, Diff: 0.0, Sum: 0.0]
      [Object Copy (ms): Min: 44.9, Avg: 99.6, Max: 250.8, Diff: 205.9, Sum: 398.4]
      [Termination (ms): Min: 0.0, Avg: 148.6, Max: 205.4, Diff: 205.4, Sum: 594.3]
      [GC Worker Other (ms): Min: 0.0, Avg: 0.0, Max: 0.0, Diff: 0.0, Sum: 0.1]
      [GC Worker Total (ms): Min: 271.1, Avg: 274.3, Max: 277.4, Diff: 6.3, Sum: 1097.1]
      [GC Worker End (ms): Min: 221912.7, Avg: 221912.7, Max: 221912.8, Diff: 0.0]
   [Code Root Fixup: 0.0 ms]
   [Code Root Migration: 0.0 ms]
   [Clear CT: 0.1 ms]
   [Other: 0.6 ms]
      [Choose CSet: 0.0 ms]
      [Ref Proc: 0.3 ms]
      [Ref Enq: 0.0 ms]
      [Free CSet: 0.1 ms]
   [Eden: 35.0M(35.0M)->0.0B(35.0M) Survivors: 5120.0K->5120.0K Heap: 721.5M(812.0M)->696.0M(812.0M)]
Heap after GC invocations=191 (full 8):
 garbage-first heap   total 831488K, used 712723K [0x00000000bd400000, 0x00000000f0000000, 0x00000000f0000000)
  region size 1024K, 5 young (5120K), 5 survivors (5120K)
 compacting perm gen  total 131072K, used 76995K [0x00000000f0000000, 0x00000000f8000000, 0x0000000100000000)
   the space 131072K,  58% used [0x00000000f0000000, 0x00000000f4b30ef8, 0x00000000f4b31000, 0x00000000f8000000)
No shared spaces configured.
}
 [Times: user=0.45 sys=0.18, real=0.28 secs] 
{Heap before GC invocations=191 (full 8):
 garbage-first heap   total 831488K, used 738323K [0x00000000bd400000, 0x00000000f0000000, 0x00000000f0000000)
  region size 1024K, 31 young (31744K), 5 survivors (5120K)
 compacting perm gen  total 131072K, used 76995K [0x00000000f0000000, 0x00000000f8000000, 0x0000000100000000)
   the space 131072K,  58% used [0x00000000f0000000, 0x00000000f4b30ef8, 0x00000000f4b31000, 0x00000000f8000000)
No shared spaces configured.
222.033: [Full GC 722M->178M(594M), 0.9473620 secs]
   [Eden: 26.0M(35.0M)->0.0B(29.0M) Survivors: 5120.0K->0.0B Heap: 722.0M(812.0M)->178.0M(594.0M)], [Perm: 76995K->76995K(131072K)]
Heap after GC invocations=192 (full 9):
 garbage-first heap   total 608256K, used 182278K [0x00000000bd400000, 0x00000000e2600000, 0x00000000f0000000)
  region size 1024K, 0 young (0K), 0 survivors (0K)
 compacting perm gen  total 131072K, used 76995K [0x00000000f0000000, 0x00000000f8000000, 0x0000000100000000)
   the space 131072K,  58% used [0x00000000f0000000, 0x00000000f4b30ef8, 0x00000000f4b31000, 0x00000000f8000000)
No shared spaces configured.
}
 [Times: user=1.18 sys=0.01, real=0.95 secs] 
