Java HotSpot(TM) 64-Bit Server VM (24.79-b02) for linux-amd64 JRE (1.7.0_79-b15), built on Apr 10 2015 11:34:48 by "java_re" with gcc 4.3.0 20080428 (Red Hat 4.3.0-8)
Memory: 4k page, physical 8079404k(1340028k free), swap 3999740k(3171312k free)
CommandLine flags: -XX:+HeapDumpOnOutOfMemoryError -XX:HeapDumpPath=/sw/jboss/jboss-eap-5.2/domains/prod1/log/gclog/java_pid.hprof -XX:InitialHeapSize=536870912 -XX:MaxHeapSize=851443712 -XX:MaxNewSize=283815936 -XX:MaxPermSize=268435456 -XX:MaxTenuringThreshold=6 -XX:NewSize=283815936 -XX:OldPLABSize=16 -XX:OldSize=567627776 -XX:PermSize=134217728 -XX:+PrintGC -XX:+PrintGCDetails -XX:+PrintGCTimeStamps -XX:ThreadStackSize=256 -XX:+UseCompressedOops -XX:+UseConcMarkSweepGC -XX:+UseParNewGC 
2.991: [GC2.991: [ParNew: 221696K->27712K(249408K), 0.0568470 secs] 221696K->30748K(496576K), 0.0569640 secs] [Times: user=0.09 sys=0.06, real=0.06 secs] 
4.979: [GC4.979: [ParNew: 249408K->27712K(249408K), 0.1928740 secs] 252444K->64852K(496576K), 0.1929370 secs] [Times: user=0.56 sys=0.02, real=0.20 secs] 
5.916: [Full GC5.916: [CMS: 37140K->65563K(247168K), 0.1779110 secs] 144258K->65563K(496576K), [CMS Perm : 24611K->24597K(131072K)], 0.1779720 secs] [Times: user=0.17 sys=0.01, real=0.18 secs] 
7.717: [GC7.717: [ParNew: 221696K->27712K(249408K), 0.0332570 secs] 287259K->95141K(496576K), 0.0333300 secs] [Times: user=0.12 sys=0.00, real=0.04 secs] 
8.811: [GC8.812: [ParNew: 249408K->18904K(249408K), 0.0438100 secs] 316837K->104932K(496576K), 0.0438850 secs] [Times: user=0.15 sys=0.00, real=0.04 secs] 
9.799: [GC9.799: [ParNew: 240600K->27712K(249408K), 0.0703600 secs] 326628K->139597K(496576K), 0.0704450 secs] [Times: user=0.23 sys=0.00, real=0.08 secs] 
12.064: [GC12.064: [ParNew: 249408K->27712K(249408K), 0.0767730 secs] 361293K->170704K(496576K), 0.0768520 secs] [Times: user=0.27 sys=0.00, real=0.08 secs] 
12.141: [GC [1 CMS-initial-mark: 142992K(247168K)] 175096K(496576K), 0.0116350 secs] [Times: user=0.01 sys=0.00, real=0.01 secs] 
12.153: [CMS-concurrent-mark-start]
12.429: [CMS-concurrent-mark: 0.276/0.276 secs] [Times: user=1.09 sys=0.01, real=0.28 secs] 
12.429: [CMS-concurrent-preclean-start]
12.433: [CMS-concurrent-preclean: 0.004/0.004 secs] [Times: user=0.01 sys=0.00, real=0.00 secs] 
12.433: [CMS-concurrent-abortable-preclean-start]
13.006: [CMS-concurrent-abortable-preclean: 0.569/0.573 secs] [Times: user=2.00 sys=0.02, real=0.57 secs] 
13.006: [GC[YG occupancy: 141963 K (249408 K)]13.006: [Rescan (parallel) , 0.0401410 secs]13.046: [weak refs processing, 0.0003990 secs]13.047: [scrub string table, 0.0004890 secs] [1 CMS-remark: 142992K(247168K)] 284955K(496576K), 0.0410990 secs] [Times: user=0.16 sys=0.00, real=0.04 secs] 
13.048: [CMS-concurrent-sweep-start]
13.130: [CMS-concurrent-sweep: 0.082/0.082 secs] [Times: user=0.20 sys=0.00, real=0.08 secs] 
13.130: [CMS-concurrent-reset-start]
13.131: [CMS-concurrent-reset: 0.002/0.002 secs] [Times: user=0.01 sys=0.00, real=0.00 secs] 
13.630: [GC13.630: [ParNew: 249408K->27712K(249408K), 0.0984560 secs] 378006K->171180K(496576K), 0.0985350 secs] [Times: user=0.16 sys=0.00, real=0.10 secs] 
14.442: [GC14.442: [ParNew: 249408K->27712K(249408K), 0.0267100 secs] 392876K->189144K(496576K), 0.0267890 secs] [Times: user=0.08 sys=0.00, real=0.03 secs] 
14.934: [GC14.934: [ParNew: 249408K->27711K(249408K), 0.0223920 secs] 410840K->205598K(496576K), 0.0224620 secs] [Times: user=0.06 sys=0.00, real=0.02 secs] 
15.912: [GC15.912: [ParNew: 249407K->27712K(249408K), 0.0320800 secs] 427294K->224328K(496576K), 0.0321560 secs] [Times: user=0.09 sys=0.01, real=0.03 secs] 
15.944: [GC [1 CMS-initial-mark: 196616K(247168K)] 228625K(496576K), 0.0127140 secs] [Times: user=0.02 sys=0.00, real=0.01 secs] 
15.957: [CMS-concurrent-mark-start]
16.206: [CMS-concurrent-mark: 0.249/0.249 secs] [Times: user=0.75 sys=0.00, real=0.25 secs] 
16.206: [CMS-concurrent-preclean-start]
16.208: [CMS-concurrent-preclean: 0.001/0.001 secs] [Times: user=0.01 sys=0.00, real=0.01 secs] 
16.208: [CMS-concurrent-abortable-preclean-start]
17.350: [GC17.350: [ParNew: 249408K->20325K(249408K), 0.0644390 secs] 446024K->236606K(496576K), 0.0645490 secs] [Times: user=0.24 sys=0.00, real=0.06 secs] 
20.364: [CMS-concurrent-abortable-preclean: 3.092/4.156 secs] [Times: user=7.37 sys=0.11, real=4.15 secs] 
20.364: [GC[YG occupancy: 132514 K (249408 K)]20.364: [Rescan (parallel) , 0.0444060 secs]20.409: [weak refs processing, 0.0027710 secs]20.411: [scrub string table, 0.0006970 secs] [1 CMS-remark: 216281K(247168K)] 348795K(496576K), 0.0481090 secs] [Times: user=0.16 sys=0.00, real=0.05 secs] 
20.413: [CMS-concurrent-sweep-start]
20.531: [CMS-concurrent-sweep: 0.108/0.117 secs] [Times: user=0.42 sys=0.00, real=0.12 secs] 
20.531: [CMS-concurrent-reset-start]
20.533: [CMS-concurrent-reset: 0.002/0.002 secs] [Times: user=0.01 sys=0.00, real=0.00 secs] 
21.471: [GC21.471: [ParNew: 242021K->27712K(249408K), 0.0412080 secs] 444354K->234481K(586632K), 0.0412990 secs] [Times: user=0.15 sys=0.00, real=0.04 secs] 
28.989: [GC28.990: [ParNew: 249408K->27712K(249408K), 0.0917040 secs] 456177K->269807K(586632K), 0.0918200 secs] [Times: user=0.27 sys=0.00, real=0.09 secs] 
31.306: [GC31.306: [ParNew: 249408K->27712K(249408K), 0.0941480 secs] 491503K->298106K(586632K), 0.0942800 secs] [Times: user=0.31 sys=0.00, real=0.10 secs] 
31.403: [GC [1 CMS-initial-mark: 270394K(337224K)] 302349K(586632K), 0.0205640 secs] [Times: user=0.03 sys=0.00, real=0.02 secs] 
31.424: [CMS-concurrent-mark-start]
32.023: [CMS-concurrent-mark: 0.544/0.599 secs] [Times: user=2.03 sys=0.10, real=0.60 secs] 
32.023: [CMS-concurrent-preclean-start]
32.028: [CMS-concurrent-preclean: 0.005/0.005 secs] [Times: user=0.01 sys=0.00, real=0.01 secs] 
32.028: [CMS-concurrent-abortable-preclean-start]
 CMS: abort preclean due to time 37.267: [CMS-concurrent-abortable-preclean: 4.145/5.238 secs] [Times: user=9.07 sys=0.16, real=5.23 secs] 
37.267: [GC[YG occupancy: 228997 K (249408 K)]37.267: [Rescan (parallel) , 0.1813410 secs]37.448: [weak refs processing, 0.0007170 secs]37.449: [scrub string table, 0.0010880 secs] [1 CMS-remark: 270394K(337224K)] 499391K(586632K), 0.1832440 secs] [Times: user=0.64 sys=0.00, real=0.19 secs] 
37.450: [CMS-concurrent-sweep-start]
37.591: [CMS-concurrent-sweep: 0.136/0.141 secs] [Times: user=0.33 sys=0.01, real=0.14 secs] 
37.591: [CMS-concurrent-reset-start]
37.597: [CMS-concurrent-reset: 0.006/0.006 secs] [Times: user=0.01 sys=0.00, real=0.00 secs] 
37.746: [GC37.746: [ParNew: 249408K->27712K(249408K), 0.1062720 secs] 453668K->259861K(589844K), 0.1063930 secs] [Times: user=0.27 sys=0.00, real=0.11 secs] 
38.552: [GC38.553: [ParNew: 249408K->27712K(249408K), 0.1678080 secs] 481557K->309473K(589844K), 0.1680660 secs] [Times: user=0.36 sys=0.06, real=0.17 secs] 
38.721: [GC [1 CMS-initial-mark: 281761K(340436K)] 310097K(589844K), 0.0264390 secs] [Times: user=0.02 sys=0.00, real=0.03 secs] 
38.748: [CMS-concurrent-mark-start]
39.312: [CMS-concurrent-mark: 0.558/0.564 secs] [Times: user=1.00 sys=0.21, real=0.56 secs] 
39.312: [CMS-concurrent-preclean-start]
39.319: [CMS-concurrent-preclean: 0.007/0.007 secs] [Times: user=0.01 sys=0.00, real=0.00 secs] 
39.320: [CMS-concurrent-abortable-preclean-start]
39.379: [Full GC39.379: [CMS39.481: [CMS-concurrent-abortable-preclean: 0.061/0.161 secs] [Times: user=0.11 sys=0.04, real=0.17 secs] 
 (concurrent mode interrupted): 281761K->235194K(340436K), 1.0302690 secs] 499008K->235194K(589844K), [CMS Perm : 77362K->77328K(131072K)], 1.0305190 secs] [Times: user=0.92 sys=0.01, real=1.04 secs] 
41.413: [GC [1 CMS-initial-mark: 235194K(391992K)] 239610K(641400K), 0.0089330 secs] [Times: user=0.00 sys=0.00, real=0.01 secs] 
41.422: [CMS-concurrent-mark-start]
41.814: [CMS-concurrent-mark: 0.392/0.392 secs] [Times: user=0.40 sys=0.00, real=0.39 secs] 
41.814: [CMS-concurrent-preclean-start]
41.817: [CMS-concurrent-preclean: 0.002/0.002 secs] [Times: user=0.00 sys=0.00, real=0.00 secs] 
41.817: [CMS-concurrent-abortable-preclean-start]
43.908: [CMS-concurrent-abortable-preclean: 0.030/2.091 secs] [Times: user=0.41 sys=0.23, real=2.10 secs] 
43.908: [GC[YG occupancy: 162049 K (249408 K)]43.908: [Rescan (parallel) , 0.0420800 secs]43.951: [weak refs processing, 0.0001100 secs]43.951: [scrub string table, 0.0016350 secs] [1 CMS-remark: 235194K(391992K)] 397243K(641400K), 0.0439360 secs] [Times: user=0.14 sys=0.00, real=0.04 secs] 
43.953: [CMS-concurrent-sweep-start]
44.114: [CMS-concurrent-sweep: 0.161/0.161 secs] [Times: user=0.28 sys=0.05, real=0.16 secs] 
44.114: [CMS-concurrent-reset-start]
44.116: [CMS-concurrent-reset: 0.002/0.002 secs] [Times: user=0.00 sys=0.00, real=0.00 secs] 
44.183: [GC44.183: [ParNew: 221696K->27712K(249408K), 0.0576900 secs] 444283K->276857K(641400K), 0.0579230 secs] [Times: user=0.16 sys=0.00, real=0.06 secs] 
44.779: [GC44.779: [ParNew: 249408K->27712K(249408K), 0.3523830 secs] 498553K->345872K(641400K), 0.3525040 secs] [Times: user=0.31 sys=0.20, real=0.36 secs] 
45.132: [GC [1 CMS-initial-mark: 318160K(391992K)] 349120K(641400K), 0.0271640 secs] [Times: user=0.02 sys=0.00, real=0.02 secs] 
45.159: [CMS-concurrent-mark-start]
45.713: [CMS-concurrent-mark: 0.554/0.554 secs] [Times: user=0.94 sys=0.23, real=0.56 secs] 
45.713: [CMS-concurrent-preclean-start]
45.715: [CMS-concurrent-preclean: 0.002/0.002 secs] [Times: user=0.01 sys=0.00, real=0.00 secs] 
45.715: [CMS-concurrent-abortable-preclean-start]
45.783: [Full GC45.783: [CMS45.885: [CMS-concurrent-abortable-preclean: 0.069/0.169 secs] [Times: user=0.10 sys=0.03, real=0.17 secs] 
 (concurrent mode interrupted): 318160K->221868K(391992K), 1.0220260 secs] 549939K->221868K(641400K), [CMS Perm : 77395K->77395K(131072K)], 1.0221380 secs] [Times: user=0.92 sys=0.01, real=1.02 secs] 
48.806: [GC [1 CMS-initial-mark: 221868K(391992K)] 226774K(641400K), 0.0060220 secs] [Times: user=0.01 sys=0.00, real=0.01 secs] 
48.812: [CMS-concurrent-mark-start]
49.146: [CMS-concurrent-mark: 0.334/0.334 secs] [Times: user=0.33 sys=0.00, real=0.33 secs] 
49.146: [CMS-concurrent-preclean-start]
49.147: [CMS-concurrent-preclean: 0.001/0.001 secs] [Times: user=0.00 sys=0.00, real=0.00 secs] 
49.148: [CMS-concurrent-abortable-preclean-start]
51.501: [CMS-concurrent-abortable-preclean: 0.048/2.353 secs] [Times: user=0.49 sys=0.24, real=2.36 secs] 
51.501: [GC[YG occupancy: 182752 K (249408 K)]51.501: [Rescan (parallel) , 0.0583730 secs]51.560: [weak refs processing, 0.0000140 secs]51.560: [scrub string table, 0.0010480 secs] [1 CMS-remark: 221868K(391992K)] 404621K(641400K), 0.0595090 secs] [Times: user=0.19 sys=0.00, real=0.06 secs] 
51.561: [CMS-concurrent-sweep-start]
51.730: [GC51.730: [ParNew: 221696K->27712K(249408K), 0.0681800 secs] 443525K->276538K(641400K), 0.0682990 secs] [Times: user=0.18 sys=0.01, real=0.06 secs] 
51.810: [CMS-concurrent-sweep: 0.181/0.249 secs] [Times: user=0.50 sys=0.06, real=0.25 secs] 
51.810: [CMS-concurrent-reset-start]
51.812: [CMS-concurrent-reset: 0.001/0.001 secs] [Times: user=0.00 sys=0.00, real=0.00 secs] 
52.322: [GC52.322: [ParNew: 249408K->27712K(249408K), 0.1252040 secs] 498200K->345226K(664064K), 0.1253090 secs] [Times: user=0.31 sys=0.00, real=0.12 secs] 
52.448: [GC [1 CMS-initial-mark: 317514K(414656K)] 348866K(664064K), 0.0260040 secs] [Times: user=0.02 sys=0.00, real=0.02 secs] 
52.474: [CMS-concurrent-mark-start]
53.007: [CMS-concurrent-mark: 0.533/0.533 secs] [Times: user=0.94 sys=0.18, real=0.53 secs] 
53.007: [CMS-concurrent-preclean-start]
53.010: [CMS-concurrent-preclean: 0.003/0.003 secs] [Times: user=0.01 sys=0.01, real=0.01 secs] 
53.010: [CMS-concurrent-abortable-preclean-start]
53.845: [GC[YG occupancy: 31276 K (249408 K)]53.845: [Rescan (parallel) , 0.0463850 secs]53.891: [weak refs processing, 0.0000220 secs]53.891: [scrub string table, 0.0013180 secs] [1 CMS-remark: 404400K(414656K)] 435677K(664064K), 0.0478280 secs] [Times: user=0.09 sys=0.00, real=0.05 secs] 
53.893: [CMS-concurrent-sweep-start]
54.148: [CMS-concurrent-sweep: 0.255/0.255 secs] [Times: user=0.42 sys=0.11, real=0.26 secs] 
54.222: [CMS-concurrent-reset-start]
54.225: [CMS-concurrent-reset: 0.003/0.003 secs] [Times: user=0.00 sys=0.00, real=0.00 secs] 
54.652: [GC54.652: [ParNew: 249408K->27712K(249408K), 0.1913030 secs] 615407K->443659K(803776K), 0.1914260 secs] [Times: user=0.38 sys=0.06, real=0.19 secs] 
54.844: [GC [1 CMS-initial-mark: 415947K(554368K)] 445345K(803776K), 0.0356080 secs] [Times: user=0.03 sys=0.00, real=0.03 secs] 
54.880: [CMS-concurrent-mark-start]
55.383: [GC55.383: [ParNew: 249408K->27712K(249408K), 0.8822560 secs] 665355K->574248K(803776K), 0.8823990 secs] [Times: user=1.24 sys=0.81, real=0.88 secs] 
56.557: [CMS-concurrent-mark: 0.794/1.677 secs] [Times: user=2.58 sys=1.14, real=1.67 secs] 
56.557: [CMS-concurrent-preclean-start]
56.566: [CMS-concurrent-preclean: 0.009/0.009 secs] [Times: user=0.02 sys=0.01, real=0.01 secs] 
56.566: [CMS-concurrent-abortable-preclean-start]
56.566: [CMS-concurrent-abortable-preclean: 0.000/0.000 secs] [Times: user=0.00 sys=0.00, real=0.00 secs] 
56.567: [GC[YG occupancy: 115169 K (249408 K)]56.567: [Rescan (parallel) , 0.0662280 secs]56.633: [weak refs processing, 0.0000130 secs]56.633: [scrub string table, 0.0010930 secs] [1 CMS-remark: 546536K(554368K)] 661706K(803776K), 0.0674010 secs] [Times: user=0.21 sys=0.00, real=0.07 secs] 
56.635: [CMS-concurrent-sweep-start]
56.809: [Full GC56.809: [CMS56.853: [CMS-concurrent-sweep: 0.217/0.218 secs] [Times: user=0.37 sys=0.08, real=0.22 secs] 
 (concurrent mode interrupted): 546536K->221813K(554368K), 1.0205320 secs] 711763K->221813K(803776K), [CMS Perm : 77395K->77395K(131072K)], 1.0206560 secs] [Times: user=1.02 sys=0.00, real=1.02 secs] 
59.831: [GC [1 CMS-initial-mark: 221813K(554368K)] 225573K(803776K), 0.0060620 secs] [Times: user=0.01 sys=0.00, real=0.00 secs] 
59.837: [CMS-concurrent-mark-start]
60.245: [CMS-concurrent-mark: 0.408/0.408 secs] [Times: user=0.41 sys=0.00, real=0.41 secs] 
60.245: [CMS-concurrent-preclean-start]
60.247: [CMS-concurrent-preclean: 0.001/0.001 secs] [Times: user=0.00 sys=0.00, real=0.00 secs] 
60.247: [CMS-concurrent-abortable-preclean-start]
 CMS: abort preclean due to time 65.333: [CMS-concurrent-abortable-preclean: 0.080/5.086 secs] [Times: user=0.11 sys=0.00, real=5.09 secs] 
65.333: [GC[YG occupancy: 4603 K (249408 K)]65.333: [Rescan (parallel) , 0.0057640 secs]65.339: [weak refs processing, 0.0000110 secs]65.339: [scrub string table, 0.0009800 secs] [1 CMS-remark: 221813K(554368K)] 226416K(803776K), 0.0068370 secs] [Times: user=0.01 sys=0.00, real=0.01 secs] 
65.340: [CMS-concurrent-sweep-start]
65.413: [CMS-concurrent-sweep: 0.073/0.073 secs] [Times: user=0.08 sys=0.00, real=0.07 secs] 
65.413: [CMS-concurrent-reset-start]
65.414: [CMS-concurrent-reset: 0.001/0.001 secs] [Times: user=0.00 sys=0.00, real=0.00 secs] 
66.283: [GC66.283: [ParNew: 221696K->27712K(249408K), 0.0634800 secs] 443493K->276132K(803776K), 0.0635890 secs] [Times: user=0.16 sys=0.00, real=0.06 secs] 
66.902: [GC66.902: [ParNew: 249408K->27712K(249408K), 0.1189910 secs] 497828K->346412K(803776K), 0.1191150 secs] [Times: user=0.33 sys=0.00, real=0.12 secs] 
67.021: [GC [1 CMS-initial-mark: 318700K(554368K)] 348084K(803776K), 0.0255220 secs] [Times: user=0.03 sys=0.00, real=0.02 secs] 
67.047: [CMS-concurrent-mark-start]
67.643: [CMS-concurrent-mark: 0.596/0.596 secs] [Times: user=1.10 sys=0.24, real=0.60 secs] 
67.643: [CMS-concurrent-preclean-start]
67.645: [CMS-concurrent-preclean: 0.002/0.002 secs] [Times: user=0.01 sys=0.00, real=0.00 secs] 
67.645: [CMS-concurrent-abortable-preclean-start]
67.677: [GC67.677: [ParNew: 249408K->27712K(249408K), 0.1138180 secs] 568108K->432317K(803776K), 0.1139400 secs] [Times: user=0.32 sys=0.00, real=0.12 secs] 
68.477: [CMS-concurrent-abortable-preclean: 0.617/0.831 secs] [Times: user=1.48 sys=0.36, real=0.83 secs] 
68.477: [GC[YG occupancy: 218969 K (249408 K)]68.477: [Rescan (parallel) , 0.0903390 secs]68.568: [weak refs processing, 0.0000570 secs]68.568: [scrub string table, 0.0024760 secs] [1 CMS-remark: 404605K(554368K)] 623574K(803776K), 0.0930800 secs] [Times: user=0.24 sys=0.01, real=0.10 secs] 
68.571: [CMS-concurrent-sweep-start]
68.697: [GC68.697: [ParNew: 249408K->27712K(249408K), 0.1596330 secs] 654012K->481702K(803776K), 0.1597460 secs] [Times: user=0.38 sys=0.00, real=0.16 secs] 
68.976: [CMS-concurrent-sweep: 0.245/0.405 secs] [Times: user=0.78 sys=0.09, real=0.40 secs] 
68.976: [CMS-concurrent-reset-start]
68.977: [CMS-concurrent-reset: 0.001/0.001 secs] [Times: user=0.01 sys=0.00, real=0.00 secs] 
69.299: [GC69.299: [ParNew (promotion failed): 249408K->249408K(249408K), 0.1346960 secs]69.434: [CMS: 445419K->513095K(554368K), 1.4507150 secs] 664995K->513095K(803776K), [CMS Perm : 77409K->77409K(131072K)], 1.5855540 secs] [Times: user=1.72 sys=0.00, real=1.59 secs] 
70.885: [GC [1 CMS-initial-mark: 513095K(554368K)] 515002K(803776K), 0.0096710 secs] [Times: user=0.01 sys=0.00, real=0.01 secs] 
70.895: [CMS-concurrent-mark-start]
71.666: [CMS-concurrent-mark: 0.771/0.771 secs] [Times: user=1.35 sys=0.27, real=0.77 secs] 
71.666: [CMS-concurrent-preclean-start]
71.672: [CMS-concurrent-preclean: 0.006/0.007 secs] [Times: user=0.02 sys=0.01, real=0.01 secs] 
71.672: [CMS-concurrent-abortable-preclean-start]
71.672: [CMS-concurrent-abortable-preclean: 0.000/0.000 secs] [Times: user=0.00 sys=0.00, real=0.00 secs] 
71.673: [GC[YG occupancy: 186696 K (249408 K)]71.673: [Rescan (parallel) , 0.1735940 secs]71.847: [weak refs processing, 0.0000170 secs]71.847: [scrub string table, 0.0026420 secs] [1 CMS-remark: 513095K(554368K)] 699791K(803776K), 0.1765100 secs] [Times: user=0.43 sys=0.00, real=0.18 secs] 
71.850: [CMS-concurrent-sweep-start]
71.888: [Full GC71.888: [CMS72.048: [CMS-concurrent-sweep: 0.198/0.198 secs] [Times: user=0.23 sys=0.02, real=0.20 secs] 
 (concurrent mode interrupted): 513095K->221804K(554368K), 1.1780900 secs] 712094K->221804K(803776K), [CMS Perm : 77410K->77410K(131072K)], 1.1782420 secs] [Times: user=1.18 sys=0.00, real=1.17 secs] 
79.801: [GC79.801: [ParNew: 221696K->27712K(249408K), 0.0696540 secs] 443500K->276156K(803776K), 0.0697770 secs] [Times: user=0.18 sys=0.00, real=0.07 secs] 
80.442: [GC80.442: [ParNew: 249408K->27712K(249408K), 0.1242590 secs] 497852K->345069K(803776K), 0.1243630 secs] [Times: user=0.32 sys=0.00, real=0.12 secs] 
81.073: [GC81.073: [ParNew: 249408K->27712K(249408K), 0.1156490 secs] 566765K->434167K(803776K), 0.1157760 secs] [Times: user=0.30 sys=0.00, real=0.12 secs] 
81.189: [GC [1 CMS-initial-mark: 406455K(554368K)] 435770K(803776K), 0.0244930 secs] [Times: user=0.03 sys=0.00, real=0.02 secs] 
81.213: [CMS-concurrent-mark-start]
81.803: [CMS-concurrent-mark: 0.590/0.590 secs] [Times: user=0.93 sys=0.15, real=0.59 secs] 
81.803: [CMS-concurrent-preclean-start]
81.819: [CMS-concurrent-preclean: 0.015/0.015 secs] [Times: user=0.01 sys=0.00, real=0.01 secs] 
81.819: [CMS-concurrent-abortable-preclean-start]
82.285: [GC82.285: [ParNew: 249408K->27712K(249408K), 0.1587450 secs] 655863K->481085K(803776K), 0.1588690 secs] [Times: user=0.39 sys=0.00, real=0.16 secs] 
82.781: [CMS-concurrent-abortable-preclean: 0.603/0.963 secs] [Times: user=1.62 sys=0.34, real=0.97 secs] 
82.782: [GC[YG occupancy: 228033 K (249408 K)]82.782: [Rescan (parallel) , 0.0553260 secs]82.838: [weak refs processing, 0.0000180 secs]82.838: [scrub string table, 0.0010920 secs] [1 CMS-remark: 453373K(554368K)] 681406K(803776K), 0.0565750 secs] [Times: user=0.15 sys=0.00, real=0.05 secs] 
82.839: [CMS-concurrent-sweep-start]
82.946: [GC82.946: [ParNew: 249408K->249408K(249408K), 0.0000160 secs]82.946: [CMS83.070: [CMS-concurrent-sweep: 0.230/0.231 secs] [Times: user=0.30 sys=0.03, real=0.24 secs] 
 (concurrent mode failure): 453360K->512783K(554368K), 1.3916490 secs] 702768K->512783K(803776K), [CMS Perm : 77417K->77417K(131072K)], 1.3917910 secs] [Times: user=1.39 sys=0.00, real=1.39 secs] 
84.919: [Full GC84.919: [CMS: 512783K->221930K(554368K), 0.8621470 secs] 711956K->221930K(803776K), [CMS Perm : 77417K->77417K(131072K)], 0.8622590 secs] [Times: user=0.87 sys=0.00, real=0.87 secs] 
287.874: [GC287.874: [ParNew: 221696K->27712K(249408K), 0.0521880 secs] 443626K->273238K(803776K), 0.0523390 secs] [Times: user=0.15 sys=0.00, real=0.05 secs] 
288.379: [GC288.379: [ParNew: 249408K->27712K(249408K), 0.1059850 secs] 494934K->340376K(803776K), 0.1061370 secs] [Times: user=0.28 sys=0.01, real=0.11 secs] 
288.918: [GC288.918: [ParNew: 249408K->27712K(249408K), 0.1205700 secs] 562072K->427052K(803776K), 0.1206920 secs] [Times: user=0.30 sys=0.00, real=0.12 secs] 
289.039: [GC [1 CMS-initial-mark: 399340K(554368K)] 428644K(803776K), 0.0317890 secs] [Times: user=0.02 sys=0.00, real=0.04 secs] 
289.071: [CMS-concurrent-mark-start]
289.608: [CMS-concurrent-mark: 0.537/0.537 secs] [Times: user=0.92 sys=0.19, real=0.54 secs] 
289.608: [CMS-concurrent-preclean-start]
289.622: [CMS-concurrent-preclean: 0.014/0.014 secs] [Times: user=0.03 sys=0.00, real=0.01 secs] 
289.622: [CMS-concurrent-abortable-preclean-start]
290.008: [GC[YG occupancy: 29415 K (249408 K)]290.008: [Rescan (parallel) , 0.1290120 secs]290.137: [weak refs processing, 0.0000250 secs]290.138: [scrub string table, 0.0010210 secs] [1 CMS-remark: 449686K(554368K)] 479102K(803776K), 0.1301140 secs] [Times: user=0.37 sys=0.00, real=0.12 secs] 
290.139: [CMS-concurrent-sweep-start]
290.345: [CMS-concurrent-sweep: 0.206/0.206 secs] [Times: user=0.40 sys=0.12, real=0.21 secs] 
290.346: [CMS-concurrent-reset-start]
290.348: [CMS-concurrent-reset: 0.002/0.002 secs] [Times: user=0.00 sys=0.00, real=0.01 secs] 
290.464: [GC290.464: [ParNew: 151582K->27712K(249408K), 0.0739450 secs] 560424K->465733K(803776K), 0.0740470 secs] [Times: user=0.19 sys=0.00, real=0.07 secs] 
290.566: [GC [1 CMS-initial-mark: 438021K(554368K)] 569923K(803776K), 0.0168790 secs] [Times: user=0.01 sys=0.00, real=0.02 secs] 
290.583: [CMS-concurrent-mark-start]
290.975: [GC290.975: [ParNew (promotion failed): 249408K->249408K(249408K), 0.1171100 secs]291.093: [CMS291.322: [CMS-concurrent-mark: 0.619/0.739 secs] [Times: user=1.20 sys=0.14, real=0.74 secs] 
 (concurrent mode failure): 462929K->533513K(554368K), 1.4890380 secs] 687429K->533513K(803776K), [CMS Perm : 77791K->77790K(131072K)], 1.6063630 secs] [Times: user=1.72 sys=0.00, real=1.61 secs] 
293.045: [Full GC293.045: [CMS: 533513K->222117K(554368K), 0.9486120 secs] 711664K->222117K(803776K), [CMS Perm : 77792K->77789K(131072K)], 0.9487440 secs] [Times: user=0.94 sys=0.00, real=0.95 secs] 
299.674: [GC299.674: [ParNew: 221696K->27712K(249408K), 0.0826050 secs] 443813K->277015K(803776K), 0.0827280 secs] [Times: user=0.18 sys=0.00, real=0.08 secs] 
300.288: [GC300.288: [ParNew: 249408K->27712K(249408K), 0.1172180 secs] 498711K->345870K(803776K), 0.1173390 secs] [Times: user=0.30 sys=0.00, real=0.11 secs] 
300.848: [GC300.848: [ParNew: 249408K->27712K(249408K), 0.1036470 secs] 567566K->432737K(803776K), 0.1037520 secs] [Times: user=0.29 sys=0.00, real=0.10 secs] 
300.952: [GC [1 CMS-initial-mark: 405025K(554368K)] 434360K(803776K), 0.0154630 secs] [Times: user=0.01 sys=0.00, real=0.01 secs] 
300.967: [CMS-concurrent-mark-start]
301.512: [CMS-concurrent-mark: 0.545/0.545 secs] [Times: user=0.95 sys=0.21, real=0.55 secs] 
301.512: [CMS-concurrent-preclean-start]
301.524: [CMS-concurrent-preclean: 0.011/0.012 secs] [Times: user=0.02 sys=0.00, real=0.01 secs] 
301.524: [CMS-concurrent-abortable-preclean-start]
301.943: [GC[YG occupancy: 31651 K (249408 K)]301.943: [Rescan (parallel) , 0.1875540 secs]302.131: [weak refs processing, 0.0000750 secs]302.131: [scrub string table, 0.0027020 secs] [1 CMS-remark: 454613K(554368K)] 486265K(803776K), 0.1904960 secs] [Times: user=0.51 sys=0.00, real=0.19 secs] 
302.135: [CMS-concurrent-sweep-start]
302.371: [CMS-concurrent-sweep: 0.235/0.235 secs] [Times: user=0.46 sys=0.09, real=0.24 secs] 
302.371: [CMS-concurrent-reset-start]
302.372: [CMS-concurrent-reset: 0.002/0.002 secs] [Times: user=0.00 sys=0.00, real=0.00 secs] 
302.522: [GC302.522: [ParNew (promotion failed): 249408K->249408K(249408K), 0.1365800 secs]302.658: [CMS: 443951K->513990K(554368K), 1.2220520 secs] 663473K->513990K(803776K), [CMS Perm : 77809K->77809K(131072K)], 1.3589020 secs] [Times: user=1.49 sys=0.01, real=1.36 secs] 
303.882: [GC [1 CMS-initial-mark: 513990K(554368K)] 516011K(803776K), 0.0137120 secs] [Times: user=0.01 sys=0.00, real=0.01 secs] 
303.896: [CMS-concurrent-mark-start]
304.641: [CMS-concurrent-mark: 0.746/0.746 secs] [Times: user=1.32 sys=0.28, real=0.75 secs] 
304.641: [CMS-concurrent-preclean-start]
304.647: [Full GC304.647: [CMS304.649: [CMS-concurrent-preclean: 0.007/0.008 secs] [Times: user=0.02 sys=0.00, real=0.01 secs] 
 (concurrent mode interrupted): 513990K->222556K(554368K), 0.9089030 secs] 713199K->222556K(803776K), [CMS Perm : 77809K->77809K(131072K)], 0.9090450 secs] [Times: user=0.91 sys=0.00, real=0.91 secs] 
310.868: [GC310.868: [ParNew: 221696K->27712K(249408K), 0.0788740 secs] 444252K->277987K(803776K), 0.0789870 secs] [Times: user=0.18 sys=0.00, real=0.07 secs] 
311.497: [GC311.497: [ParNew: 249408K->27712K(249408K), 0.1292120 secs] 499683K->346273K(803776K), 0.1294420 secs] [Times: user=0.31 sys=0.00, real=0.13 secs] 
312.118: [GC312.118: [ParNew: 249408K->27712K(249408K), 0.1004180 secs] 567969K->434223K(803776K), 0.1005180 secs] [Times: user=0.29 sys=0.00, real=0.10 secs] 
312.219: [GC [1 CMS-initial-mark: 406511K(554368K)] 435846K(803776K), 0.0241540 secs] [Times: user=0.02 sys=0.00, real=0.03 secs] 
312.243: [CMS-concurrent-mark-start]
312.920: [CMS-concurrent-mark: 0.677/0.677 secs] [Times: user=0.96 sys=0.24, real=0.68 secs] 
312.920: [CMS-concurrent-preclean-start]
312.936: [CMS-concurrent-preclean: 0.015/0.016 secs] [Times: user=0.03 sys=0.01, real=0.01 secs] 
312.936: [CMS-concurrent-abortable-preclean-start]
313.457: [GC[YG occupancy: 31650 K (249408 K)]313.457: [Rescan (parallel) , 0.1141320 secs]313.572: [weak refs processing, 0.0000160 secs]313.572: [scrub string table, 0.0010490 secs] [1 CMS-remark: 455414K(554368K)] 487064K(803776K), 0.1152570 secs] [Times: user=0.32 sys=0.00, real=0.12 secs] 
313.573: [CMS-concurrent-sweep-start]
313.828: [CMS-concurrent-sweep: 0.255/0.255 secs] [Times: user=0.47 sys=0.11, real=0.26 secs] 
313.828: [CMS-concurrent-reset-start]
313.830: [CMS-concurrent-reset: 0.002/0.002 secs] [Times: user=0.01 sys=0.00, real=0.00 secs] 
313.980: [GC313.980: [ParNew (promotion failed): 249408K->249408K(249408K), 0.1279300 secs]314.108: [CMS: 443673K->506912K(554368K), 1.2623940 secs] 664312K->506912K(803776K), [CMS Perm : 77809K->77785K(131072K)], 1.3905230 secs] [Times: user=1.52 sys=0.00, real=1.39 secs] 
315.372: [GC [1 CMS-initial-mark: 506912K(554368K)] 510321K(803776K), 0.0107400 secs] [Times: user=0.00 sys=0.00, real=0.01 secs] 
315.383: [CMS-concurrent-mark-start]
316.143: [Full GC316.144: [CMS316.197: [CMS-concurrent-mark: 0.813/0.814 secs] [Times: user=1.47 sys=0.24, real=0.81 secs] 
 (concurrent mode interrupted): 506912K->214990K(554368K), 1.2210570 secs] 712758K->214990K(803776K), [CMS Perm : 77785K->77785K(131072K)], 1.2211750 secs] [Times: user=1.05 sys=0.00, real=1.22 secs] 
326.036: [GC326.036: [ParNew: 221696K->27712K(249408K), 0.0765960 secs] 436686K->269231K(803776K), 0.0767110 secs] [Times: user=0.19 sys=0.00, real=0.08 secs] 
326.709: [GC326.709: [ParNew: 249408K->27712K(249408K), 0.1298540 secs] 490927K->337988K(803776K), 0.1299650 secs] [Times: user=0.29 sys=0.00, real=0.12 secs] 
327.356: [GC327.356: [ParNew: 249408K->27712K(249408K), 0.1059430 secs] 559684K->425756K(803776K), 0.1060800 secs] [Times: user=0.29 sys=0.00, real=0.11 secs] 
327.463: [GC [1 CMS-initial-mark: 398044K(554368K)] 429446K(803776K), 0.0285480 secs] [Times: user=0.03 sys=0.00, real=0.03 secs] 
327.492: [CMS-concurrent-mark-start]
328.066: [CMS-concurrent-mark: 0.574/0.574 secs] [Times: user=0.92 sys=0.17, real=0.57 secs] 
328.066: [CMS-concurrent-preclean-start]
328.082: [CMS-concurrent-preclean: 0.016/0.016 secs] [Times: user=0.02 sys=0.01, real=0.02 secs] 
328.082: [CMS-concurrent-abortable-preclean-start]
328.483: [GC328.483: [ParNew: 249408K->27712K(249408K), 0.1528700 secs] 647452K->475015K(803776K), 0.1529900 secs] [Times: user=0.40 sys=0.00, real=0.15 secs] 
331.160: [Full GC331.160: [CMS: 505776K->208382K(554368K), 0.9898910 secs] 712583K->208382K(803776K), [CMS Perm : 77786K->77748K(131072K)], 0.9900160 secs] [Times: user=0.98 sys=0.00, real=0.99 secs] 
548.164: [GC548.164: [ParNew: 221696K->27712K(249408K), 0.0525150 secs] 430078K->261359K(803776K), 0.0526440 secs] [Times: user=0.16 sys=0.00, real=0.05 secs] 
548.581: [GC548.581: [ParNew: 249408K->27712K(249408K), 0.1133650 secs] 483055K->329519K(803776K), 0.1134790 secs] [Times: user=0.30 sys=0.01, real=0.11 secs] 
549.036: [GC549.036: [ParNew: 249408K->27712K(249408K), 0.0981230 secs] 551215K->416629K(803776K), 0.0982310 secs] [Times: user=0.30 sys=0.00, real=0.10 secs] 
549.134: [GC [1 CMS-initial-mark: 388917K(554368K)] 418227K(803776K), 0.0147410 secs] [Times: user=0.01 sys=0.00, real=0.02 secs] 
549.149: [CMS-concurrent-mark-start]
549.599: [CMS-concurrent-mark: 0.450/0.450 secs] [Times: user=0.86 sys=0.24, real=0.44 secs] 
549.599: [CMS-concurrent-preclean-start]
549.606: [CMS-concurrent-preclean: 0.006/0.006 secs] [Times: user=0.02 sys=0.00, real=0.01 secs] 
549.606: [CMS-concurrent-abortable-preclean-start]
549.675: [GC549.676: [ParNew: 249408K->27712K(249408K), 0.1082090 secs] 638325K->465550K(803776K), 0.1083240 secs] [Times: user=0.35 sys=0.00, real=0.11 secs] 
551.428: [Full GC551.428: [CMS: 497218K->184261K(554368K), 0.6869600 secs] 711959K->184261K(803776K), [CMS Perm : 77758K->77294K(131072K)], 0.6872230 secs] [Times: user=0.69 sys=0.00, real=0.68 secs] 
590.277: [GC590.277: [ParNew: 221696K->27712K(249408K), 0.0445980 secs] 405957K->238387K(803776K), 0.0447300 secs] [Times: user=0.16 sys=0.00, real=0.05 secs] 
590.618: [GC590.618: [ParNew: 249408K->27712K(249408K), 0.0871660 secs] 460083K->307521K(803776K), 0.0872690 secs] [Times: user=0.28 sys=0.00, real=0.09 secs] 
590.995: [GC590.995: [ParNew: 249408K->27712K(249408K), 0.0830510 secs] 529217K->394008K(803776K), 0.0831570 secs] [Times: user=0.26 sys=0.00, real=0.08 secs] 
591.078: [GC [1 CMS-initial-mark: 366296K(554368K)] 395622K(803776K), 0.0144840 secs] [Times: user=0.02 sys=0.00, real=0.02 secs] 
591.093: [CMS-concurrent-mark-start]
591.510: [CMS-concurrent-mark: 0.417/0.417 secs] [Times: user=0.88 sys=0.20, real=0.42 secs] 
591.510: [CMS-concurrent-preclean-start]
591.523: [CMS-concurrent-preclean: 0.013/0.013 secs] [Times: user=0.03 sys=0.00, real=0.01 secs] 
591.523: [CMS-concurrent-abortable-preclean-start]
591.564: [GC591.564: [ParNew: 249408K->27712K(249408K), 0.1017200 secs] 615704K->443534K(803776K), 0.1018250 secs] [Times: user=0.34 sys=0.01, real=0.10 secs] 
591.950: [GC591.950: [ParNew: 249408K->27712K(249408K), 0.1022810 secs] 665230K->576779K(803776K), 0.1023850 secs] [Times: user=0.27 sys=0.02, real=0.10 secs] 
592.082: [CMS-concurrent-abortable-preclean: 0.353/0.558 secs] [Times: user=1.35 sys=0.19, real=0.56 secs] 
592.082: [GC[YG occupancy: 42781 K (249408 K)]592.082: [Rescan (parallel) , 0.0125570 secs]592.095: [weak refs processing, 0.0000170 secs]592.095: [scrub string table, 0.0030700 secs] [1 CMS-remark: 549067K(554368K)] 591849K(803776K), 0.0158150 secs] [Times: user=0.04 sys=0.00, real=0.01 secs] 
592.098: [CMS-concurrent-sweep-start]
592.215: [CMS-concurrent-sweep: 0.116/0.116 secs] [Times: user=0.26 sys=0.07, real=0.12 secs] 
592.215: [CMS-concurrent-reset-start]
592.216: [CMS-concurrent-reset: 0.001/0.001 secs] [Times: user=0.00 sys=0.00, real=0.00 secs] 
592.377: [Full GC592.377: [CMS: 508537K->183983K(554368K), 0.6531050 secs] 712758K->183983K(803776K), [CMS Perm : 77299K->77290K(131072K)], 0.6531980 secs] [Times: user=0.65 sys=0.00, real=0.66 secs] 
594.790: [GC594.790: [ParNew: 221696K->27712K(249408K), 0.0485140 secs] 405679K->239060K(803776K), 0.0486570 secs] [Times: user=0.17 sys=0.00, real=0.04 secs] 
595.143: [GC595.143: [ParNew: 249408K->27712K(249408K), 0.0874060 secs] 460756K->308053K(803776K), 0.0875060 secs] [Times: user=0.28 sys=0.00, real=0.09 secs] 
595.491: [GC595.491: [ParNew: 249408K->27712K(249408K), 0.0847050 secs] 529749K->394831K(803776K), 0.0848150 secs] [Times: user=0.29 sys=0.00, real=0.08 secs] 
595.576: [GC [1 CMS-initial-mark: 367119K(554368K)] 396452K(803776K), 0.0183700 secs] [Times: user=0.02 sys=0.00, real=0.02 secs] 
595.594: [CMS-concurrent-mark-start]
595.891: [CMS-concurrent-mark: 0.297/0.297 secs] [Times: user=0.62 sys=0.20, real=0.30 secs] 
595.891: [CMS-concurrent-preclean-start]
595.901: [CMS-concurrent-preclean: 0.010/0.010 secs] [Times: user=0.01 sys=0.01, real=0.01 secs] 
595.901: [CMS-concurrent-abortable-preclean-start]
596.049: [GC596.049: [ParNew: 249408K->27712K(249408K), 0.1088630 secs] 616527K->444395K(803776K), 0.1089680 secs] [Times: user=0.36 sys=0.00, real=0.10 secs] 
596.429: [GC596.429: [ParNew: 249408K->27712K(249408K), 0.0881040 secs] 666091K->574780K(803776K), 0.0882000 secs] [Times: user=0.30 sys=0.00, real=0.08 secs] 
596.549: [CMS-concurrent-abortable-preclean: 0.449/0.647 secs] [Times: user=1.69 sys=0.21, real=0.65 secs] 
596.549: [GC[YG occupancy: 44680 K (249408 K)]596.549: [Rescan (parallel) , 0.0129630 secs]596.562: [weak refs processing, 0.0000100 secs]596.562: [scrub string table, 0.0008880 secs] [1 CMS-remark: 547068K(554368K)] 591749K(803776K), 0.0139190 secs] [Times: user=0.05 sys=0.00, real=0.01 secs] 
596.563: [CMS-concurrent-sweep-start]
596.686: [CMS-concurrent-sweep: 0.123/0.123 secs] [Times: user=0.28 sys=0.05, real=0.12 secs] 
596.686: [CMS-concurrent-reset-start]
596.687: [CMS-concurrent-reset: 0.001/0.001 secs] [Times: user=0.00 sys=0.00, real=0.00 secs] 
596.876: [Full GC596.876: [CMS: 506572K->183986K(554368K), 0.5611710 secs] 712653K->183986K(803776K), [CMS Perm : 77290K->77290K(131072K)], 0.5613130 secs] [Times: user=0.57 sys=0.00, real=0.56 secs] 
597.439: [GC [1 CMS-initial-mark: 183986K(554368K)] 187744K(803776K), 0.0083340 secs] [Times: user=0.01 sys=0.00, real=0.01 secs] 
597.448: [CMS-concurrent-mark-start]
597.729: [CMS-concurrent-mark: 0.281/0.281 secs] [Times: user=0.26 sys=0.00, real=0.28 secs] 
597.729: [CMS-concurrent-preclean-start]
597.730: [CMS-concurrent-preclean: 0.001/0.001 secs] [Times: user=0.00 sys=0.00, real=0.00 secs] 
597.730: [CMS-concurrent-abortable-preclean-start]
598.950: [CMS-concurrent-abortable-preclean: 0.019/1.220 secs] [Times: user=0.38 sys=0.14, real=1.22 secs] 
598.951: [GC[YG occupancy: 201198 K (249408 K)]598.951: [Rescan (parallel) , 0.0447550 secs]598.996: [weak refs processing, 0.0000240 secs]598.996: [scrub string table, 0.0010510 secs] [1 CMS-remark: 183986K(554368K)] 385184K(803776K), 0.0459120 secs] [Times: user=0.16 sys=0.00, real=0.04 secs] 
598.997: [CMS-concurrent-sweep-start]
599.041: [GC599.041: [ParNew: 221696K->27712K(249408K), 0.0461150 secs] 405682K->238829K(803776K), 0.0462350 secs] [Times: user=0.17 sys=0.00, real=0.05 secs] 
599.167: [CMS-concurrent-sweep: 0.123/0.170 secs] [Times: user=0.40 sys=0.08, real=0.17 secs] 
599.167: [CMS-concurrent-reset-start]
599.168: [CMS-concurrent-reset: 0.001/0.001 secs] [Times: user=0.01 sys=0.00, real=0.01 secs] 
599.408: [GC599.408: [ParNew: 249408K->27712K(249408K), 0.0826900 secs] 460492K->307802K(803776K), 0.0827970 secs] [Times: user=0.28 sys=0.00, real=0.08 secs] 
599.491: [GC [1 CMS-initial-mark: 280090K(554368K)] 309977K(803776K), 0.0384630 secs] [Times: user=0.02 sys=0.00, real=0.04 secs] 
599.530: [CMS-concurrent-mark-start]
599.863: [CMS-concurrent-mark: 0.334/0.334 secs] [Times: user=0.72 sys=0.19, real=0.33 secs] 
599.863: [CMS-concurrent-preclean-start]
599.865: [CMS-concurrent-preclean: 0.001/0.001 secs] [Times: user=0.00 sys=0.00, real=0.00 secs] 
599.865: [CMS-concurrent-abortable-preclean-start]
599.915: [GC599.915: [ParNew: 249408K->27712K(249408K), 0.0918370 secs] 529498K->394465K(803776K), 0.0919730 secs] [Times: user=0.31 sys=0.00, real=0.09 secs] 
600.655: [GC[YG occupancy: 29926 K (249408 K)]600.656: [Rescan (parallel) , 0.0445250 secs]600.700: [weak refs processing, 0.0000120 secs]600.700: [scrub string table, 0.0009230 secs] [1 CMS-remark: 416517K(554368K)] 446443K(803776K), 0.0455280 secs] [Times: user=0.14 sys=0.00, real=0.05 secs] 
600.701: [CMS-concurrent-sweep-start]
600.875: [CMS-concurrent-sweep: 0.174/0.174 secs] [Times: user=0.37 sys=0.10, real=0.17 secs] 
600.876: [CMS-concurrent-reset-start]
600.878: [CMS-concurrent-reset: 0.002/0.002 secs] [Times: user=0.00 sys=0.00, real=0.00 secs] 
600.993: [GC600.993: [ParNew: 249408K->27712K(249408K), 0.0915780 secs] 627505K->536534K(803776K), 0.0917020 secs] [Times: user=0.29 sys=0.00, real=0.09 secs] 
601.085: [GC [1 CMS-initial-mark: 508822K(554368K)] 539955K(803776K), 0.0174860 secs] [Times: user=0.02 sys=0.00, real=0.02 secs] 
601.103: [CMS-concurrent-mark-start]
601.539: [Full GC601.539: [CMS601.584: [CMS-concurrent-mark: 0.481/0.482 secs] [Times: user=0.95 sys=0.22, real=0.48 secs] 
 (concurrent mode interrupted): 508822K->183997K(554368K), 0.6438800 secs] 712603K->183997K(803776K), [CMS Perm : 77290K->77290K(131072K)], 0.6440080 secs] [Times: user=0.65 sys=0.00, real=0.65 secs] 
604.184: [GC [1 CMS-initial-mark: 183997K(554368K)] 187910K(803776K), 0.0096730 secs] [Times: user=0.01 sys=0.00, real=0.01 secs] 
604.194: [CMS-concurrent-mark-start]
604.420: [CMS-concurrent-mark: 0.226/0.226 secs] [Times: user=0.23 sys=0.00, real=0.23 secs] 
604.420: [CMS-concurrent-preclean-start]
604.421: [CMS-concurrent-preclean: 0.001/0.001 secs] [Times: user=0.00 sys=0.00, real=0.00 secs] 
604.421: [CMS-concurrent-abortable-preclean-start]
 CMS: abort preclean due to time 609.423: [CMS-concurrent-abortable-preclean: 0.094/5.001 secs] [Times: user=0.10 sys=0.02, real=5.00 secs] 
609.424: [GC[YG occupancy: 4195 K (249408 K)]609.424: [Rescan (parallel) , 0.0108210 secs]609.435: [weak refs processing, 0.0000170 secs]609.435: [scrub string table, 0.0012070 secs] [1 CMS-remark: 183997K(554368K)] 188193K(803776K), 0.0121680 secs] [Times: user=0.05 sys=0.00, real=0.01 secs] 
609.436: [CMS-concurrent-sweep-start]
609.494: [CMS-concurrent-sweep: 0.058/0.058 secs] [Times: user=0.05 sys=0.00, real=0.06 secs] 
609.494: [CMS-concurrent-reset-start]
609.495: [CMS-concurrent-reset: 0.001/0.001 secs] [Times: user=0.00 sys=0.00, real=0.00 secs] 
611.495: [GC [1 CMS-initial-mark: 183963K(554368K)] 188158K(803776K), 0.0070130 secs] [Times: user=0.00 sys=0.00, real=0.01 secs] 
611.502: [CMS-concurrent-mark-start]
611.757: [CMS-concurrent-mark: 0.254/0.254 secs] [Times: user=0.26 sys=0.00, real=0.25 secs] 
611.757: [CMS-concurrent-preclean-start]
611.758: [CMS-concurrent-preclean: 0.001/0.001 secs] [Times: user=0.00 sys=0.00, real=0.00 secs] 
611.758: [CMS-concurrent-abortable-preclean-start]
 CMS: abort preclean due to time 616.849: [CMS-concurrent-abortable-preclean: 0.084/5.091 secs] [Times: user=0.10 sys=0.00, real=5.10 secs] 
616.849: [GC[YG occupancy: 4210 K (249408 K)]616.849: [Rescan (parallel) , 0.0099300 secs]616.859: [weak refs processing, 0.0000290 secs]616.859: [scrub string table, 0.0024330 secs] [1 CMS-remark: 183963K(554368K)] 188173K(803776K), 0.0125380 secs] [Times: user=0.04 sys=0.00, real=0.01 secs] 
616.862: [CMS-concurrent-sweep-start]
616.974: [CMS-concurrent-sweep: 0.112/0.112 secs] [Times: user=0.11 sys=0.00, real=0.11 secs] 
616.974: [CMS-concurrent-reset-start]
616.975: [CMS-concurrent-reset: 0.001/0.001 secs] [Times: user=0.00 sys=0.00, real=0.00 secs] 
618.976: [GC [1 CMS-initial-mark: 183961K(554368K)] 188231K(803776K), 0.0063380 secs] [Times: user=0.00 sys=0.00, real=0.01 secs] 
618.982: [CMS-concurrent-mark-start]
619.217: [CMS-concurrent-mark: 0.235/0.235 secs] [Times: user=0.24 sys=0.00, real=0.23 secs] 
619.217: [CMS-concurrent-preclean-start]
619.218: [CMS-concurrent-preclean: 0.001/0.001 secs] [Times: user=0.00 sys=0.01, real=0.00 secs] 
619.218: [CMS-concurrent-abortable-preclean-start]
 CMS: abort preclean due to time 624.320: [CMS-concurrent-abortable-preclean: 0.095/5.102 secs] [Times: user=0.12 sys=0.00, real=5.11 secs] 
624.321: [GC[YG occupancy: 7177 K (249408 K)]624.321: [Rescan (parallel) , 0.0068360 secs]624.328: [weak refs processing, 0.0000160 secs]624.328: [scrub string table, 0.0009150 secs] [1 CMS-remark: 183961K(554368K)] 191139K(803776K), 0.0078490 secs] [Times: user=0.02 sys=0.00, real=0.01 secs] 
624.329: [CMS-concurrent-sweep-start]
624.388: [CMS-concurrent-sweep: 0.059/0.059 secs] [Times: user=0.06 sys=0.00, real=0.06 secs] 
624.388: [CMS-concurrent-reset-start]
624.389: [CMS-concurrent-reset: 0.001/0.001 secs] [Times: user=0.00 sys=0.00, real=0.00 secs] 
626.390: [GC [1 CMS-initial-mark: 183961K(554368K)] 191184K(803776K), 0.0067810 secs] [Times: user=0.00 sys=0.00, real=0.00 secs] 
626.396: [CMS-concurrent-mark-start]
626.623: [CMS-concurrent-mark: 0.227/0.227 secs] [Times: user=0.23 sys=0.00, real=0.23 secs] 
626.623: [CMS-concurrent-preclean-start]
626.624: [CMS-concurrent-preclean: 0.001/0.001 secs] [Times: user=0.00 sys=0.00, real=0.00 secs] 
626.624: [CMS-concurrent-abortable-preclean-start]
 CMS: abort preclean due to time 631.726: [CMS-concurrent-abortable-preclean: 0.095/5.102 secs] [Times: user=0.12 sys=0.01, real=5.10 secs] 
631.727: [GC[YG occupancy: 7244 K (249408 K)]631.727: [Rescan (parallel) , 0.0064880 secs]631.733: [weak refs processing, 0.0000170 secs]631.733: [scrub string table, 0.0009230 secs] [1 CMS-remark: 183961K(554368K)] 191206K(803776K), 0.0075010 secs] [Times: user=0.03 sys=0.00, real=0.01 secs] 
631.735: [CMS-concurrent-sweep-start]
631.793: [CMS-concurrent-sweep: 0.059/0.059 secs] [Times: user=0.06 sys=0.00, real=0.06 secs] 
631.793: [CMS-concurrent-reset-start]
631.795: [CMS-concurrent-reset: 0.001/0.001 secs] [Times: user=0.00 sys=0.00, real=0.00 secs] 
633.795: [GC [1 CMS-initial-mark: 183938K(554368K)] 191226K(803776K), 0.0137420 secs] [Times: user=0.02 sys=0.00, real=0.02 secs] 
633.809: [CMS-concurrent-mark-start]
634.040: [CMS-concurrent-mark: 0.231/0.231 secs] [Times: user=0.23 sys=0.00, real=0.23 secs] 
634.040: [CMS-concurrent-preclean-start]
634.041: [CMS-concurrent-preclean: 0.001/0.001 secs] [Times: user=0.00 sys=0.00, real=0.00 secs] 
634.041: [CMS-concurrent-abortable-preclean-start]
 CMS: abort preclean due to time 639.121: [CMS-concurrent-abortable-preclean: 0.074/5.080 secs] [Times: user=0.08 sys=0.02, real=5.08 secs] 
639.121: [GC[YG occupancy: 7300 K (249408 K)]639.121: [Rescan (parallel) , 0.0061660 secs]639.128: [weak refs processing, 0.0000130 secs]639.128: [scrub string table, 0.0010360 secs] [1 CMS-remark: 183938K(554368K)] 191238K(803776K), 0.0073060 secs] [Times: user=0.02 sys=0.00, real=0.01 secs] 
639.129: [CMS-concurrent-sweep-start]
639.187: [CMS-concurrent-sweep: 0.058/0.058 secs] [Times: user=0.06 sys=0.00, real=0.05 secs] 
639.187: [CMS-concurrent-reset-start]
639.188: [CMS-concurrent-reset: 0.001/0.001 secs] [Times: user=0.00 sys=0.00, real=0.01 secs] 
641.189: [GC [1 CMS-initial-mark: 183937K(554368K)] 191238K(803776K), 0.0074260 secs] [Times: user=0.01 sys=0.00, real=0.00 secs] 
641.196: [CMS-concurrent-mark-start]
641.482: [CMS-concurrent-mark: 0.286/0.286 secs] [Times: user=0.28 sys=0.00, real=0.29 secs] 
641.482: [CMS-concurrent-preclean-start]
641.483: [CMS-concurrent-preclean: 0.001/0.001 secs] [Times: user=0.00 sys=0.00, real=0.00 secs] 
641.483: [CMS-concurrent-abortable-preclean-start]
 CMS: abort preclean due to time 646.561: [CMS-concurrent-abortable-preclean: 0.071/5.077 secs] [Times: user=0.09 sys=0.01, real=5.08 secs] 
646.561: [GC[YG occupancy: 7336 K (249408 K)]646.561: [Rescan (parallel) , 0.0064170 secs]646.568: [weak refs processing, 0.0000200 secs]646.568: [scrub string table, 0.0008840 secs] [1 CMS-remark: 183937K(554368K)] 191274K(803776K), 0.0074040 secs] [Times: user=0.02 sys=0.00, real=0.01 secs] 
646.569: [CMS-concurrent-sweep-start]
646.627: [CMS-concurrent-sweep: 0.058/0.058 secs] [Times: user=0.06 sys=0.00, real=0.05 secs] 
646.627: [CMS-concurrent-reset-start]
646.628: [CMS-concurrent-reset: 0.001/0.001 secs] [Times: user=0.00 sys=0.00, real=0.01 secs] 
648.341: [GC [1 CMS-initial-mark: 183937K(554368K)] 192473K(803776K), 0.0143620 secs] [Times: user=0.02 sys=0.00, real=0.01 secs] 
648.356: [CMS-concurrent-mark-start]
648.584: [CMS-concurrent-mark: 0.228/0.228 secs] [Times: user=0.23 sys=0.00, real=0.23 secs] 
648.584: [CMS-concurrent-preclean-start]
648.585: [CMS-concurrent-preclean: 0.001/0.001 secs] [Times: user=0.00 sys=0.00, real=0.00 secs] 
648.585: [CMS-concurrent-abortable-preclean-start]
 CMS: abort preclean due to time 653.682: [CMS-concurrent-abortable-preclean: 0.090/5.097 secs] [Times: user=0.11 sys=0.00, real=5.10 secs] 
653.683: [GC[YG occupancy: 8542 K (249408 K)]653.683: [Rescan (parallel) , 0.0073710 secs]653.690: [weak refs processing, 0.0000100 secs]653.690: [scrub string table, 0.0008480 secs] [1 CMS-remark: 183937K(554368K)] 192480K(803776K), 0.0082960 secs] [Times: user=0.03 sys=0.00, real=0.01 secs] 
653.691: [CMS-concurrent-sweep-start]
653.749: [CMS-concurrent-sweep: 0.058/0.058 secs] [Times: user=0.05 sys=0.00, real=0.06 secs] 
653.749: [CMS-concurrent-reset-start]
653.750: [CMS-concurrent-reset: 0.001/0.001 secs] [Times: user=0.01 sys=0.00, real=0.00 secs] 
655.750: [GC [1 CMS-initial-mark: 183934K(554368K)] 192521K(803776K), 0.0070290 secs] [Times: user=0.00 sys=0.00, real=0.00 secs] 
655.758: [CMS-concurrent-mark-start]
655.992: [CMS-concurrent-mark: 0.234/0.234 secs] [Times: user=0.24 sys=0.00, real=0.24 secs] 
655.992: [CMS-concurrent-preclean-start]
655.993: [CMS-concurrent-preclean: 0.001/0.001 secs] [Times: user=0.00 sys=0.00, real=0.00 secs] 
655.993: [CMS-concurrent-abortable-preclean-start]
 CMS: abort preclean due to time 661.089: [CMS-concurrent-abortable-preclean: 0.089/5.096 secs] [Times: user=0.11 sys=0.00, real=5.10 secs] 
661.090: [GC[YG occupancy: 8587 K (249408 K)]661.090: [Rescan (parallel) , 0.0111560 secs]661.101: [weak refs processing, 0.0000120 secs]661.101: [scrub string table, 0.0008950 secs] [1 CMS-remark: 183934K(554368K)] 192522K(803776K), 0.0121560 secs] [Times: user=0.04 sys=0.00, real=0.01 secs] 
661.102: [CMS-concurrent-sweep-start]
661.161: [CMS-concurrent-sweep: 0.059/0.059 secs] [Times: user=0.05 sys=0.00, real=0.06 secs] 
661.161: [CMS-concurrent-reset-start]
661.162: [CMS-concurrent-reset: 0.001/0.001 secs] [Times: user=0.01 sys=0.00, real=0.00 secs] 
663.162: [GC [1 CMS-initial-mark: 183934K(554368K)] 192614K(803776K), 0.0069650 secs] [Times: user=0.01 sys=0.00, real=0.01 secs] 
663.169: [CMS-concurrent-mark-start]
663.398: [CMS-concurrent-mark: 0.229/0.229 secs] [Times: user=0.23 sys=0.00, real=0.22 secs] 
663.398: [CMS-concurrent-preclean-start]
663.399: [CMS-concurrent-preclean: 0.001/0.001 secs] [Times: user=0.00 sys=0.00, real=0.00 secs] 
663.399: [CMS-concurrent-abortable-preclean-start]
 CMS: abort preclean due to time 668.496: [CMS-concurrent-abortable-preclean: 0.090/5.097 secs] [Times: user=0.10 sys=0.02, real=5.10 secs] 
668.497: [GC[YG occupancy: 8712 K (249408 K)]668.497: [Rescan (parallel) , 0.0125040 secs]668.510: [weak refs processing, 0.0000160 secs]668.510: [scrub string table, 0.0012700 secs] [1 CMS-remark: 183934K(554368K)] 192646K(803776K), 0.0139210 secs] [Times: user=0.05 sys=0.00, real=0.02 secs] 
668.511: [CMS-concurrent-sweep-start]
668.584: [CMS-concurrent-sweep: 0.073/0.073 secs] [Times: user=0.08 sys=0.00, real=0.07 secs] 
668.584: [CMS-concurrent-reset-start]
668.585: [CMS-concurrent-reset: 0.001/0.001 secs] [Times: user=0.00 sys=0.00, real=0.00 secs] 
670.586: [GC [1 CMS-initial-mark: 183932K(554368K)] 192655K(803776K), 0.0071390 secs] [Times: user=0.01 sys=0.00, real=0.01 secs] 
670.593: [CMS-concurrent-mark-start]
670.824: [CMS-concurrent-mark: 0.231/0.231 secs] [Times: user=0.23 sys=0.00, real=0.23 secs] 
670.824: [CMS-concurrent-preclean-start]
670.825: [CMS-concurrent-preclean: 0.001/0.001 secs] [Times: user=0.00 sys=0.00, real=0.00 secs] 
670.825: [CMS-concurrent-abortable-preclean-start]
 CMS: abort preclean due to time 675.927: [CMS-concurrent-abortable-preclean: 0.095/5.103 secs] [Times: user=0.11 sys=0.02, real=5.10 secs] 
675.928: [GC[YG occupancy: 8759 K (249408 K)]675.928: [Rescan (parallel) , 0.0094480 secs]675.938: [weak refs processing, 0.0000160 secs]675.938: [scrub string table, 0.0012780 secs] [1 CMS-remark: 183932K(554368K)] 192691K(803776K), 0.0108790 secs] [Times: user=0.04 sys=0.00, real=0.00 secs] 
675.939: [CMS-concurrent-sweep-start]
675.998: [CMS-concurrent-sweep: 0.059/0.059 secs] [Times: user=0.06 sys=0.00, real=0.06 secs] 
675.998: [CMS-concurrent-reset-start]
676.000: [CMS-concurrent-reset: 0.001/0.001 secs] [Times: user=0.00 sys=0.00, real=0.01 secs] 
678.000: [GC [1 CMS-initial-mark: 183932K(554368K)] 192691K(803776K), 0.0091450 secs] [Times: user=0.00 sys=0.00, real=0.01 secs] 
678.009: [CMS-concurrent-mark-start]
678.265: [CMS-concurrent-mark: 0.255/0.255 secs] [Times: user=0.26 sys=0.00, real=0.25 secs] 
678.265: [CMS-concurrent-preclean-start]
678.266: [CMS-concurrent-preclean: 0.001/0.001 secs] [Times: user=0.00 sys=0.00, real=0.00 secs] 
678.266: [CMS-concurrent-abortable-preclean-start]
 CMS: abort preclean due to time 683.363: [CMS-concurrent-abortable-preclean: 0.089/5.097 secs] [Times: user=0.13 sys=0.00, real=5.10 secs] 
683.363: [GC[YG occupancy: 11716 K (249408 K)]683.363: [Rescan (parallel) , 0.0137860 secs]683.377: [weak refs processing, 0.0000160 secs]683.377: [scrub string table, 0.0013030 secs] [1 CMS-remark: 183932K(554368K)] 195648K(803776K), 0.0151960 secs] [Times: user=0.05 sys=0.00, real=0.01 secs] 
683.378: [CMS-concurrent-sweep-start]
683.456: [CMS-concurrent-sweep: 0.077/0.077 secs] [Times: user=0.08 sys=0.00, real=0.08 secs] 
683.456: [CMS-concurrent-reset-start]
683.457: [CMS-concurrent-reset: 0.001/0.001 secs] [Times: user=0.00 sys=0.00, real=0.00 secs] 
685.457: [GC [1 CMS-initial-mark: 183931K(554368K)] 195674K(803776K), 0.0081210 secs] [Times: user=0.01 sys=0.00, real=0.01 secs] 
685.466: [CMS-concurrent-mark-start]
685.691: [CMS-concurrent-mark: 0.226/0.226 secs] [Times: user=0.23 sys=0.00, real=0.23 secs] 
685.691: [CMS-concurrent-preclean-start]
685.693: [CMS-concurrent-preclean: 0.001/0.001 secs] [Times: user=0.00 sys=0.00, real=0.00 secs] 
685.693: [CMS-concurrent-abortable-preclean-start]
 CMS: abort preclean due to time 690.787: [CMS-concurrent-abortable-preclean: 0.088/5.095 secs] [Times: user=0.11 sys=0.01, real=5.09 secs] 
690.788: [GC[YG occupancy: 11755 K (249408 K)]690.788: [Rescan (parallel) , 0.0071520 secs]690.795: [weak refs processing, 0.0000150 secs]690.795: [scrub string table, 0.0009640 secs] [1 CMS-remark: 183931K(554368K)] 195687K(803776K), 0.0082150 secs] [Times: user=0.03 sys=0.00, real=0.00 secs] 
690.796: [CMS-concurrent-sweep-start]
690.854: [CMS-concurrent-sweep: 0.058/0.058 secs] [Times: user=0.05 sys=0.00, real=0.06 secs] 
690.854: [CMS-concurrent-reset-start]
690.855: [CMS-concurrent-reset: 0.001/0.001 secs] [Times: user=0.00 sys=0.00, real=0.00 secs] 
692.856: [GC [1 CMS-initial-mark: 183930K(554368K)] 195687K(803776K), 0.0166300 secs] [Times: user=0.02 sys=0.00, real=0.02 secs] 
692.873: [CMS-concurrent-mark-start]
693.110: [CMS-concurrent-mark: 0.237/0.237 secs] [Times: user=0.23 sys=0.00, real=0.24 secs] 
693.110: [CMS-concurrent-preclean-start]
693.111: [CMS-concurrent-preclean: 0.001/0.001 secs] [Times: user=0.01 sys=0.00, real=0.00 secs] 
693.111: [CMS-concurrent-abortable-preclean-start]
 CMS: abort preclean due to time 698.119: [CMS-concurrent-abortable-preclean: 0.100/5.008 secs] [Times: user=0.12 sys=0.01, real=5.00 secs] 
698.120: [GC[YG occupancy: 11784 K (249408 K)]698.120: [Rescan (parallel) , 0.0074550 secs]698.127: [weak refs processing, 0.0000210 secs]698.127: [scrub string table, 0.0018710 secs] [1 CMS-remark: 183930K(554368K)] 195715K(803776K), 0.0094460 secs] [Times: user=0.03 sys=0.00, real=0.01 secs] 
698.129: [CMS-concurrent-sweep-start]
698.191: [CMS-concurrent-sweep: 0.061/0.061 secs] [Times: user=0.06 sys=0.00, real=0.06 secs] 
698.191: [CMS-concurrent-reset-start]
698.192: [CMS-concurrent-reset: 0.001/0.001 secs] [Times: user=0.00 sys=0.00, real=0.00 secs] 
700.192: [GC [1 CMS-initial-mark: 183929K(554368K)] 195737K(803776K), 0.0109550 secs] [Times: user=0.01 sys=0.00, real=0.01 secs] 
700.204: [CMS-concurrent-mark-start]
700.463: [CMS-concurrent-mark: 0.260/0.260 secs] [Times: user=0.25 sys=0.01, real=0.26 secs] 
700.463: [CMS-concurrent-preclean-start]
700.464: [CMS-concurrent-preclean: 0.001/0.001 secs] [Times: user=0.01 sys=0.00, real=0.00 secs] 
700.464: [CMS-concurrent-abortable-preclean-start]
 CMS: abort preclean due to time 705.558: [CMS-concurrent-abortable-preclean: 0.086/5.094 secs] [Times: user=0.11 sys=0.00, real=5.09 secs] 
705.559: [GC[YG occupancy: 12157 K (249408 K)]705.559: [Rescan (parallel) , 0.0138030 secs]705.573: [weak refs processing, 0.0000160 secs]705.573: [scrub string table, 0.0012770 secs] [1 CMS-remark: 183929K(554368K)] 196086K(803776K), 0.0151870 secs] [Times: user=0.05 sys=0.00, real=0.02 secs] 
705.574: [CMS-concurrent-sweep-start]
705.652: [CMS-concurrent-sweep: 0.078/0.078 secs] [Times: user=0.08 sys=0.00, real=0.08 secs] 
705.652: [CMS-concurrent-reset-start]
705.653: [CMS-concurrent-reset: 0.001/0.001 secs] [Times: user=0.00 sys=0.00, real=0.00 secs] 
707.654: [GC [1 CMS-initial-mark: 183928K(554368K)] 196091K(803776K), 0.0134400 secs] [Times: user=0.01 sys=0.00, real=0.01 secs] 
707.668: [CMS-concurrent-mark-start]
707.899: [CMS-concurrent-mark: 0.232/0.232 secs] [Times: user=0.22 sys=0.01, real=0.22 secs] 
707.899: [CMS-concurrent-preclean-start]
707.900: [CMS-concurrent-preclean: 0.001/0.001 secs] [Times: user=0.00 sys=0.00, real=0.01 secs] 
707.900: [CMS-concurrent-abortable-preclean-start]
 CMS: abort preclean due to time 712.995: [CMS-concurrent-abortable-preclean: 0.092/5.095 secs] [Times: user=0.12 sys=0.01, real=5.09 secs] 
712.996: [GC[YG occupancy: 12824 K (249408 K)]712.996: [Rescan (parallel) , 0.0129150 secs]713.009: [weak refs processing, 0.0000150 secs]713.009: [scrub string table, 0.0011450 secs] [1 CMS-remark: 183928K(554368K)] 196753K(803776K), 0.0141920 secs] [Times: user=0.05 sys=0.00, real=0.02 secs] 
713.010: [CMS-concurrent-sweep-start]
713.069: [CMS-concurrent-sweep: 0.058/0.058 secs] [Times: user=0.06 sys=0.00, real=0.06 secs] 
713.069: [CMS-concurrent-reset-start]
713.070: [CMS-concurrent-reset: 0.001/0.001 secs] [Times: user=0.00 sys=0.00, real=0.00 secs] 
715.070: [GC [1 CMS-initial-mark: 183928K(554368K)] 196753K(803776K), 0.0093850 secs] [Times: user=0.01 sys=0.00, real=0.01 secs] 
715.080: [CMS-concurrent-mark-start]
715.327: [CMS-concurrent-mark: 0.247/0.247 secs] [Times: user=0.24 sys=0.00, real=0.24 secs] 
715.327: [CMS-concurrent-preclean-start]
715.328: [CMS-concurrent-preclean: 0.001/0.001 secs] [Times: user=0.00 sys=0.00, real=0.01 secs] 
715.328: [CMS-concurrent-abortable-preclean-start]
 CMS: abort preclean due to time 720.416: [CMS-concurrent-abortable-preclean: 0.081/5.088 secs] [Times: user=0.10 sys=0.01, real=5.08 secs] 
720.417: [GC[YG occupancy: 12833 K (249408 K)]720.417: [Rescan (parallel) , 0.0066260 secs]720.423: [weak refs processing, 0.0000200 secs]720.423: [scrub string table, 0.0018390 secs] [1 CMS-remark: 183928K(554368K)] 196761K(803776K), 0.0085880 secs] [Times: user=0.02 sys=0.01, real=0.01 secs] 
720.425: [CMS-concurrent-sweep-start]
720.489: [CMS-concurrent-sweep: 0.063/0.063 secs] [Times: user=0.06 sys=0.00, real=0.07 secs] 
720.489: [CMS-concurrent-reset-start]
720.490: [CMS-concurrent-reset: 0.001/0.001 secs] [Times: user=0.00 sys=0.00, real=0.00 secs] 
722.491: [GC [1 CMS-initial-mark: 183927K(554368K)] 196769K(803776K), 0.0135390 secs] [Times: user=0.01 sys=0.00, real=0.01 secs] 
722.504: [CMS-concurrent-mark-start]
722.751: [CMS-concurrent-mark: 0.247/0.247 secs] [Times: user=0.25 sys=0.00, real=0.25 secs] 
722.751: [CMS-concurrent-preclean-start]
722.752: [CMS-concurrent-preclean: 0.001/0.001 secs] [Times: user=0.00 sys=0.00, real=0.00 secs] 
722.752: [CMS-concurrent-abortable-preclean-start]
 CMS: abort preclean due to time 727.756: [CMS-concurrent-abortable-preclean: 0.097/5.004 secs] [Times: user=0.12 sys=0.02, real=5.00 secs] 
727.757: [GC[YG occupancy: 12941 K (249408 K)]727.757: [Rescan (parallel) , 0.0116620 secs]727.769: [weak refs processing, 0.0000160 secs]727.769: [scrub string table, 0.0009240 secs] [1 CMS-remark: 183927K(554368K)] 196869K(803776K), 0.0126730 secs] [Times: user=0.05 sys=0.00, real=0.02 secs] 
727.770: [CMS-concurrent-sweep-start]
727.828: [CMS-concurrent-sweep: 0.058/0.058 secs] [Times: user=0.05 sys=0.00, real=0.06 secs] 
727.828: [CMS-concurrent-reset-start]
727.829: [CMS-concurrent-reset: 0.001/0.001 secs] [Times: user=0.01 sys=0.00, real=0.00 secs] 
729.829: [GC [1 CMS-initial-mark: 183927K(554368K)] 196868K(803776K), 0.0084460 secs] [Times: user=0.02 sys=0.00, real=0.00 secs] 
729.838: [CMS-concurrent-mark-start]
730.065: [CMS-concurrent-mark: 0.227/0.227 secs] [Times: user=0.22 sys=0.00, real=0.23 secs] 
730.065: [CMS-concurrent-preclean-start]
730.066: [CMS-concurrent-preclean: 0.001/0.001 secs] [Times: user=0.00 sys=0.00, real=0.00 secs] 
730.066: [CMS-concurrent-abortable-preclean-start]
 CMS: abort preclean due to time 735.150: [CMS-concurrent-abortable-preclean: 0.078/5.084 secs] [Times: user=0.09 sys=0.01, real=5.09 secs] 
735.150: [GC[YG occupancy: 12941 K (249408 K)]735.150: [Rescan (parallel) , 0.0088860 secs]735.159: [weak refs processing, 0.0000180 secs]735.159: [scrub string table, 0.0015190 secs] [1 CMS-remark: 183927K(554368K)] 196868K(803776K), 0.0105140 secs] [Times: user=0.04 sys=0.00, real=0.01 secs] 
735.161: [CMS-concurrent-sweep-start]
735.245: [CMS-concurrent-sweep: 0.084/0.084 secs] [Times: user=0.09 sys=0.00, real=0.08 secs] 
735.245: [CMS-concurrent-reset-start]
735.247: [CMS-concurrent-reset: 0.001/0.001 secs] [Times: user=0.00 sys=0.00, real=0.00 secs] 
737.247: [GC [1 CMS-initial-mark: 183926K(554368K)] 196882K(803776K), 0.0150170 secs] [Times: user=0.01 sys=0.00, real=0.02 secs] 
737.262: [CMS-concurrent-mark-start]
737.522: [CMS-concurrent-mark: 0.260/0.260 secs] [Times: user=0.27 sys=0.00, real=0.26 secs] 
737.523: [CMS-concurrent-preclean-start]
737.524: [CMS-concurrent-preclean: 0.001/0.001 secs] [Times: user=0.00 sys=0.00, real=0.00 secs] 
737.524: [CMS-concurrent-abortable-preclean-start]
 CMS: abort preclean due to time 742.606: [CMS-concurrent-abortable-preclean: 0.075/5.082 secs] [Times: user=0.11 sys=0.01, real=5.08 secs] 
742.606: [GC[YG occupancy: 15739 K (249408 K)]742.606: [Rescan (parallel) , 0.0082810 secs]742.615: [weak refs processing, 0.0000210 secs]742.615: [scrub string table, 0.0009490 secs] [1 CMS-remark: 183926K(554368K)] 199665K(803776K), 0.0093470 secs] [Times: user=0.03 sys=0.00, real=0.01 secs] 
742.616: [CMS-concurrent-sweep-start]
742.677: [CMS-concurrent-sweep: 0.062/0.062 secs] [Times: user=0.05 sys=0.01, real=0.06 secs] 
742.677: [CMS-concurrent-reset-start]
742.678: [CMS-concurrent-reset: 0.001/0.001 secs] [Times: user=0.01 sys=0.00, real=0.00 secs] 
744.679: [GC [1 CMS-initial-mark: 183926K(554368K)] 199683K(803776K), 0.0155440 secs] [Times: user=0.01 sys=0.00, real=0.02 secs] 
744.695: [CMS-concurrent-mark-start]
744.927: [CMS-concurrent-mark: 0.232/0.232 secs] [Times: user=0.23 sys=0.01, real=0.23 secs] 
744.927: [CMS-concurrent-preclean-start]
744.928: [CMS-concurrent-preclean: 0.001/0.001 secs] [Times: user=0.00 sys=0.00, real=0.01 secs] 
744.928: [CMS-concurrent-abortable-preclean-start]
 CMS: abort preclean due to time 750.006: [CMS-concurrent-abortable-preclean: 0.072/5.078 secs] [Times: user=0.08 sys=0.01, real=5.07 secs] 
750.007: [GC[YG occupancy: 15765 K (249408 K)]750.007: [Rescan (parallel) , 0.0087480 secs]750.015: [weak refs processing, 0.0000230 secs]750.016: [scrub string table, 0.0017460 secs] [1 CMS-remark: 183926K(554368K)] 199692K(803776K), 0.0106250 secs] [Times: user=0.04 sys=0.00, real=0.01 secs] 
750.018: [CMS-concurrent-sweep-start]
750.092: [CMS-concurrent-sweep: 0.074/0.074 secs] [Times: user=0.07 sys=0.00, real=0.08 secs] 
750.092: [CMS-concurrent-reset-start]
750.093: [CMS-concurrent-reset: 0.001/0.001 secs] [Times: user=0.00 sys=0.00, real=0.00 secs] 
752.094: [GC [1 CMS-initial-mark: 183925K(554368K)] 199698K(803776K), 0.0151700 secs] [Times: user=0.01 sys=0.00, real=0.02 secs] 
752.109: [CMS-concurrent-mark-start]
752.337: [CMS-concurrent-mark: 0.228/0.228 secs] [Times: user=0.23 sys=0.00, real=0.22 secs] 
752.337: [CMS-concurrent-preclean-start]
752.338: [CMS-concurrent-preclean: 0.001/0.001 secs] [Times: user=0.00 sys=0.00, real=0.00 secs] 
752.338: [CMS-concurrent-abortable-preclean-start]
 CMS: abort preclean due to time 757.343: [CMS-concurrent-abortable-preclean: 0.097/5.004 secs] [Times: user=0.13 sys=0.00, real=5.01 secs] 
757.343: [GC[YG occupancy: 15786 K (249408 K)]757.343: [Rescan (parallel) , 0.0089490 secs]757.352: [weak refs processing, 0.0000100 secs]757.352: [scrub string table, 0.0008490 secs] [1 CMS-remark: 183925K(554368K)] 199712K(803776K), 0.0098890 secs] [Times: user=0.03 sys=0.00, real=0.01 secs] 
757.353: [CMS-concurrent-sweep-start]
757.413: [CMS-concurrent-sweep: 0.060/0.060 secs] [Times: user=0.06 sys=0.00, real=0.06 secs] 
757.413: [CMS-concurrent-reset-start]
757.414: [CMS-concurrent-reset: 0.001/0.001 secs] [Times: user=0.00 sys=0.00, real=0.00 secs] 
759.415: [GC [1 CMS-initial-mark: 183925K(554368K)] 199748K(803776K), 0.0092980 secs] [Times: user=0.02 sys=0.00, real=0.01 secs] 
759.424: [CMS-concurrent-mark-start]
759.653: [CMS-concurrent-mark: 0.229/0.229 secs] [Times: user=0.22 sys=0.00, real=0.23 secs] 
759.653: [CMS-concurrent-preclean-start]
759.654: [CMS-concurrent-preclean: 0.001/0.001 secs] [Times: user=0.01 sys=0.00, real=0.00 secs] 
759.654: [CMS-concurrent-abortable-preclean-start]
 CMS: abort preclean due to time 764.736: [CMS-concurrent-abortable-preclean: 0.075/5.082 secs] [Times: user=0.09 sys=0.00, real=5.08 secs] 
764.737: [GC[YG occupancy: 15847 K (249408 K)]764.737: [Rescan (parallel) , 0.0158760 secs]764.753: [weak refs processing, 0.0000150 secs]764.753: [scrub string table, 0.0008660 secs] [1 CMS-remark: 183925K(554368K)] 199773K(803776K), 0.0168740 secs] [Times: user=0.07 sys=0.00, real=0.02 secs] 
764.754: [CMS-concurrent-sweep-start]
764.812: [CMS-concurrent-sweep: 0.058/0.058 secs] [Times: user=0.06 sys=0.00, real=0.06 secs] 
764.812: [CMS-concurrent-reset-start]
764.813: [CMS-concurrent-reset: 0.001/0.001 secs] [Times: user=0.00 sys=0.00, real=0.00 secs] 
766.814: [GC [1 CMS-initial-mark: 183925K(554368K)] 199788K(803776K), 0.0102400 secs] [Times: user=0.01 sys=0.00, real=0.01 secs] 
766.824: [CMS-concurrent-mark-start]
767.106: [CMS-concurrent-mark: 0.282/0.282 secs] [Times: user=0.28 sys=0.00, real=0.28 secs] 
767.106: [CMS-concurrent-preclean-start]
767.108: [CMS-concurrent-preclean: 0.001/0.001 secs] [Times: user=0.00 sys=0.00, real=0.01 secs] 
767.108: [CMS-concurrent-abortable-preclean-start]
 CMS: abort preclean due to time 772.205: [CMS-concurrent-abortable-preclean: 0.091/5.098 secs] [Times: user=0.11 sys=0.01, real=5.09 secs] 
772.206: [GC[YG occupancy: 15862 K (249408 K)]772.206: [Rescan (parallel) , 0.0168360 secs]772.223: [weak refs processing, 0.0000150 secs]772.223: [scrub string table, 0.0013180 secs] [1 CMS-remark: 183925K(554368K)] 199788K(803776K), 0.0182490 secs] [Times: user=0.07 sys=0.00, real=0.02 secs] 
772.224: [CMS-concurrent-sweep-start]
772.285: [CMS-concurrent-sweep: 0.060/0.060 secs] [Times: user=0.06 sys=0.00, real=0.06 secs] 
772.285: [CMS-concurrent-reset-start]
772.286: [CMS-concurrent-reset: 0.001/0.001 secs] [Times: user=0.00 sys=0.00, real=0.00 secs] 
774.286: [GC [1 CMS-initial-mark: 183925K(554368K)] 199803K(803776K), 0.0181100 secs] [Times: user=0.02 sys=0.00, real=0.02 secs] 
774.304: [CMS-concurrent-mark-start]
774.545: [CMS-concurrent-mark: 0.240/0.240 secs] [Times: user=0.24 sys=0.01, real=0.24 secs] 
774.545: [CMS-concurrent-preclean-start]
774.546: [CMS-concurrent-preclean: 0.001/0.001 secs] [Times: user=0.00 sys=0.00, real=0.00 secs] 
774.546: [CMS-concurrent-abortable-preclean-start]
 CMS: abort preclean due to time 779.617: [CMS-concurrent-abortable-preclean: 0.065/5.071 secs] [Times: user=0.08 sys=0.01, real=5.07 secs] 
779.617: [GC[YG occupancy: 15884 K (249408 K)]779.617: [Rescan (parallel) , 0.0073270 secs]779.624: [weak refs processing, 0.0000220 secs]779.624: [scrub string table, 0.0008470 secs] [1 CMS-remark: 183925K(554368K)] 199809K(803776K), 0.0082610 secs] [Times: user=0.03 sys=0.00, real=0.01 secs] 
779.625: [CMS-concurrent-sweep-start]
779.686: [CMS-concurrent-sweep: 0.060/0.060 secs] [Times: user=0.06 sys=0.00, real=0.06 secs] 
779.686: [CMS-concurrent-reset-start]
779.687: [CMS-concurrent-reset: 0.001/0.001 secs] [Times: user=0.00 sys=0.00, real=0.00 secs] 
781.687: [GC [1 CMS-initial-mark: 183924K(554368K)] 199809K(803776K), 0.0090300 secs] [Times: user=0.00 sys=0.00, real=0.01 secs] 
781.696: [CMS-concurrent-mark-start]
781.929: [CMS-concurrent-mark: 0.233/0.233 secs] [Times: user=0.24 sys=0.01, real=0.24 secs] 
781.930: [CMS-concurrent-preclean-start]
781.931: [CMS-concurrent-preclean: 0.001/0.001 secs] [Times: user=0.00 sys=0.00, real=0.00 secs] 
781.931: [CMS-concurrent-abortable-preclean-start]
 CMS: abort preclean due to time 787.023: [CMS-concurrent-abortable-preclean: 0.086/5.092 secs] [Times: user=0.11 sys=0.00, real=5.09 secs] 
787.023: [GC[YG occupancy: 15917 K (249408 K)]787.023: [Rescan (parallel) , 0.0070990 secs]787.031: [weak refs processing, 0.0000110 secs]787.031: [scrub string table, 0.0008980 secs] [1 CMS-remark: 183924K(554368K)] 199841K(803776K), 0.0081040 secs] [Times: user=0.02 sys=0.00, real=0.01 secs] 
787.032: [CMS-concurrent-sweep-start]
787.098: [CMS-concurrent-sweep: 0.066/0.066 secs] [Times: user=0.07 sys=0.00, real=0.06 secs] 
787.098: [CMS-concurrent-reset-start]
787.099: [CMS-concurrent-reset: 0.001/0.001 secs] [Times: user=0.00 sys=0.00, real=0.00 secs] 
789.099: [GC [1 CMS-initial-mark: 183924K(554368K)] 199850K(803776K), 0.0100190 secs] [Times: user=0.01 sys=0.00, real=0.02 secs] 
789.110: [CMS-concurrent-mark-start]
789.339: [CMS-concurrent-mark: 0.229/0.229 secs] [Times: user=0.23 sys=0.00, real=0.22 secs] 
789.339: [CMS-concurrent-preclean-start]
789.340: [CMS-concurrent-preclean: 0.001/0.001 secs] [Times: user=0.00 sys=0.00, real=0.01 secs] 
789.340: [CMS-concurrent-abortable-preclean-start]
 CMS: abort preclean due to time 794.436: [CMS-concurrent-abortable-preclean: 0.088/5.096 secs] [Times: user=0.11 sys=0.01, real=5.09 secs] 
794.436: [GC[YG occupancy: 15938 K (249408 K)]794.436: [Rescan (parallel) , 0.0074010 secs]794.444: [weak refs processing, 0.0000200 secs]794.444: [scrub string table, 0.0008830 secs] [1 CMS-remark: 183924K(554368K)] 199862K(803776K), 0.0083790 secs] [Times: user=0.02 sys=0.00, real=0.01 secs] 
794.445: [CMS-concurrent-sweep-start]
794.502: [CMS-concurrent-sweep: 0.057/0.057 secs] [Times: user=0.06 sys=0.00, real=0.06 secs] 
794.502: [CMS-concurrent-reset-start]
794.504: [CMS-concurrent-reset: 0.001/0.001 secs] [Times: user=0.00 sys=0.00, real=0.00 secs] 
796.504: [GC [1 CMS-initial-mark: 183924K(554368K)] 199874K(803776K), 0.0122300 secs] [Times: user=0.01 sys=0.00, real=0.01 secs] 
796.516: [CMS-concurrent-mark-start]
796.748: [CMS-concurrent-mark: 0.232/0.232 secs] [Times: user=0.24 sys=0.00, real=0.24 secs] 
796.748: [CMS-concurrent-preclean-start]
796.750: [CMS-concurrent-preclean: 0.001/0.001 secs] [Times: user=0.00 sys=0.00, real=0.00 secs] 
796.750: [CMS-concurrent-abortable-preclean-start]
 CMS: abort preclean due to time 801.757: [CMS-concurrent-abortable-preclean: 0.091/5.008 secs] [Times: user=0.12 sys=0.01, real=5.00 secs] 
801.758: [GC[YG occupancy: 19480 K (249408 K)]801.758: [Rescan (parallel) , 0.0154490 secs]801.773: [weak refs processing, 0.0000110 secs]801.773: [scrub string table, 0.0009390 secs] [1 CMS-remark: 183924K(554368K)] 203404K(803776K), 0.0164660 secs] [Times: user=0.06 sys=0.00, real=0.02 secs] 
801.774: [CMS-concurrent-sweep-start]
801.831: [CMS-concurrent-sweep: 0.057/0.057 secs] [Times: user=0.06 sys=0.00, real=0.06 secs] 
801.832: [CMS-concurrent-reset-start]
801.833: [CMS-concurrent-reset: 0.001/0.001 secs] [Times: user=0.00 sys=0.00, real=0.00 secs] 
803.833: [GC [1 CMS-initial-mark: 183923K(554368K)] 203438K(803776K), 0.0099650 secs] [Times: user=0.01 sys=0.00, real=0.01 secs] 
803.843: [CMS-concurrent-mark-start]
804.079: [CMS-concurrent-mark: 0.236/0.236 secs] [Times: user=0.23 sys=0.00, real=0.23 secs] 
804.079: [CMS-concurrent-preclean-start]
804.080: [CMS-concurrent-preclean: 0.001/0.001 secs] [Times: user=0.00 sys=0.00, real=0.01 secs] 
804.080: [CMS-concurrent-abortable-preclean-start]
 CMS: abort preclean due to time 809.163: [CMS-concurrent-abortable-preclean: 0.076/5.083 secs] [Times: user=0.10 sys=0.00, real=5.08 secs] 
809.164: [GC[YG occupancy: 19554 K (249408 K)]809.164: [Rescan (parallel) , 0.0147890 secs]809.178: [weak refs processing, 0.0000100 secs]809.178: [scrub string table, 0.0008730 secs] [1 CMS-remark: 183923K(554368K)] 203477K(803776K), 0.0157530 secs] [Times: user=0.05 sys=0.01, real=0.01 secs] 
809.179: [CMS-concurrent-sweep-start]
809.237: [CMS-concurrent-sweep: 0.058/0.058 secs] [Times: user=0.07 sys=0.00, real=0.06 secs] 
809.237: [CMS-concurrent-reset-start]
809.238: [CMS-concurrent-reset: 0.001/0.001 secs] [Times: user=0.00 sys=0.00, real=0.00 secs] 
811.239: [GC [1 CMS-initial-mark: 183923K(554368K)] 203480K(803776K), 0.0146100 secs] [Times: user=0.01 sys=0.00, real=0.02 secs] 
811.253: [CMS-concurrent-mark-start]
811.521: [CMS-concurrent-mark: 0.267/0.267 secs] [Times: user=0.27 sys=0.00, real=0.27 secs] 
811.521: [CMS-concurrent-preclean-start]
811.522: [CMS-concurrent-preclean: 0.001/0.001 secs] [Times: user=0.00 sys=0.00, real=0.00 secs] 
811.522: [CMS-concurrent-abortable-preclean-start]
 CMS: abort preclean due to time 816.600: [CMS-concurrent-abortable-preclean: 0.072/5.078 secs] [Times: user=0.10 sys=0.00, real=5.08 secs] 
816.601: [GC[YG occupancy: 19644 K (249408 K)]816.601: [Rescan (parallel) , 0.0099590 secs]816.611: [weak refs processing, 0.0000130 secs]816.611: [scrub string table, 0.0008510 secs] [1 CMS-remark: 183923K(554368K)] 203568K(803776K), 0.0108970 secs] [Times: user=0.04 sys=0.00, real=0.01 secs] 
816.612: [CMS-concurrent-sweep-start]
816.670: [CMS-concurrent-sweep: 0.058/0.058 secs] [Times: user=0.05 sys=0.00, real=0.06 secs] 
816.670: [CMS-concurrent-reset-start]
816.671: [CMS-concurrent-reset: 0.001/0.001 secs] [Times: user=0.01 sys=0.00, real=0.00 secs] 
818.672: [GC [1 CMS-initial-mark: 183923K(554368K)] 203586K(803776K), 0.0162760 secs] [Times: user=0.02 sys=0.00, real=0.02 secs] 
818.688: [CMS-concurrent-mark-start]
818.929: [CMS-concurrent-mark: 0.240/0.240 secs] [Times: user=0.24 sys=0.00, real=0.24 secs] 
818.929: [CMS-concurrent-preclean-start]
818.930: [CMS-concurrent-preclean: 0.002/0.002 secs] [Times: user=0.00 sys=0.00, real=0.00 secs] 
818.930: [CMS-concurrent-abortable-preclean-start]
 CMS: abort preclean due to time 824.006: [CMS-concurrent-abortable-preclean: 0.069/5.076 secs] [Times: user=0.09 sys=0.00, real=5.07 secs] 
824.006: [GC[YG occupancy: 19680 K (249408 K)]824.006: [Rescan (parallel) , 0.0095030 secs]824.016: [weak refs processing, 0.0000200 secs]824.016: [scrub string table, 0.0008510 secs] [1 CMS-remark: 183923K(554368K)] 203604K(803776K), 0.0104610 secs] [Times: user=0.04 sys=0.00, real=0.01 secs] 
824.017: [CMS-concurrent-sweep-start]
824.076: [CMS-concurrent-sweep: 0.059/0.059 secs] [Times: user=0.05 sys=0.00, real=0.06 secs] 
824.076: [CMS-concurrent-reset-start]
824.077: [CMS-concurrent-reset: 0.001/0.001 secs] [Times: user=0.01 sys=0.00, real=0.00 secs] 
826.077: [GC [1 CMS-initial-mark: 183922K(554368K)] 203617K(803776K), 0.0154410 secs] [Times: user=0.01 sys=0.00, real=0.02 secs] 
826.093: [CMS-concurrent-mark-start]
826.343: [CMS-concurrent-mark: 0.250/0.250 secs] [Times: user=0.26 sys=0.00, real=0.25 secs] 
826.343: [CMS-concurrent-preclean-start]
826.344: [CMS-concurrent-preclean: 0.001/0.001 secs] [Times: user=0.00 sys=0.00, real=0.00 secs] 
826.344: [CMS-concurrent-abortable-preclean-start]
 CMS: abort preclean due to time 831.415: [CMS-concurrent-abortable-preclean: 0.065/5.071 secs] [Times: user=0.08 sys=0.01, real=5.07 secs] 
831.416: [GC[YG occupancy: 19704 K (249408 K)]831.416: [Rescan (parallel) , 0.0139210 secs]831.430: [weak refs processing, 0.0000110 secs]831.430: [scrub string table, 0.0010350 secs] [1 CMS-remark: 183922K(554368K)] 203626K(803776K), 0.0150440 secs] [Times: user=0.06 sys=0.00, real=0.02 secs] 
831.431: [CMS-concurrent-sweep-start]
831.490: [CMS-concurrent-sweep: 0.059/0.059 secs] [Times: user=0.05 sys=0.00, real=0.06 secs] 
831.490: [CMS-concurrent-reset-start]
831.491: [CMS-concurrent-reset: 0.001/0.001 secs] [Times: user=0.01 sys=0.00, real=0.00 secs] 
833.492: [GC [1 CMS-initial-mark: 183922K(554368K)] 203626K(803776K), 0.0106110 secs] [Times: user=0.02 sys=0.00, real=0.01 secs] 
833.502: [CMS-concurrent-mark-start]
833.729: [CMS-concurrent-mark: 0.227/0.227 secs] [Times: user=0.22 sys=0.00, real=0.23 secs] 
833.729: [CMS-concurrent-preclean-start]
833.730: [CMS-concurrent-preclean: 0.001/0.001 secs] [Times: user=0.00 sys=0.00, real=0.00 secs] 
833.730: [CMS-concurrent-abortable-preclean-start]
 CMS: abort preclean due to time 838.812: [CMS-concurrent-abortable-preclean: 0.075/5.082 secs] [Times: user=0.10 sys=0.00, real=5.08 secs] 
838.813: [GC[YG occupancy: 19712 K (249408 K)]838.813: [Rescan (parallel) , 0.0095130 secs]838.822: [weak refs processing, 0.0000180 secs]838.822: [scrub string table, 0.0013820 secs] [1 CMS-remark: 183922K(554368K)] 203634K(803776K), 0.0110060 secs] [Times: user=0.04 sys=0.00, real=0.01 secs] 
838.824: [CMS-concurrent-sweep-start]
838.902: [CMS-concurrent-sweep: 0.078/0.078 secs] [Times: user=0.08 sys=0.00, real=0.08 secs] 
838.902: [CMS-concurrent-reset-start]
838.903: [CMS-concurrent-reset: 0.001/0.001 secs] [Times: user=0.00 sys=0.00, real=0.00 secs] 
840.904: [GC [1 CMS-initial-mark: 183921K(554368K)] 203634K(803776K), 0.0115370 secs] [Times: user=0.01 sys=0.00, real=0.01 secs] 
840.915: [CMS-concurrent-mark-start]
841.146: [CMS-concurrent-mark: 0.230/0.230 secs] [Times: user=0.23 sys=0.00, real=0.23 secs] 
841.146: [CMS-concurrent-preclean-start]
841.147: [CMS-concurrent-preclean: 0.001/0.001 secs] [Times: user=0.00 sys=0.00, real=0.00 secs] 
841.147: [CMS-concurrent-abortable-preclean-start]
 CMS: abort preclean due to time 846.240: [CMS-concurrent-abortable-preclean: 0.086/5.093 secs] [Times: user=0.11 sys=0.01, real=5.10 secs] 
846.241: [GC[YG occupancy: 19755 K (249408 K)]846.241: [Rescan (parallel) , 0.0116260 secs]846.252: [weak refs processing, 0.0000130 secs]846.252: [scrub string table, 0.0008600 secs] [1 CMS-remark: 183921K(554368K)] 203677K(803776K), 0.0125890 secs] [Times: user=0.04 sys=0.00, real=0.01 secs] 
846.253: [CMS-concurrent-sweep-start]
846.313: [CMS-concurrent-sweep: 0.060/0.060 secs] [Times: user=0.06 sys=0.00, real=0.06 secs] 
846.313: [CMS-concurrent-reset-start]
846.314: [CMS-concurrent-reset: 0.001/0.001 secs] [Times: user=0.00 sys=0.00, real=0.00 secs] 
848.315: [GC [1 CMS-initial-mark: 183921K(554368K)] 203677K(803776K), 0.0105750 secs] [Times: user=0.01 sys=0.00, real=0.01 secs] 
848.326: [CMS-concurrent-mark-start]
848.585: [CMS-concurrent-mark: 0.259/0.259 secs] [Times: user=0.26 sys=0.00, real=0.26 secs] 
848.585: [CMS-concurrent-preclean-start]
848.586: [CMS-concurrent-preclean: 0.001/0.001 secs] [Times: user=0.00 sys=0.00, real=0.00 secs] 
848.586: [CMS-concurrent-abortable-preclean-start]
 CMS: abort preclean due to time 853.672: [CMS-concurrent-abortable-preclean: 0.079/5.086 secs] [Times: user=0.10 sys=0.02, real=5.09 secs] 
853.673: [GC[YG occupancy: 19755 K (249408 K)]853.673: [Rescan (parallel) , 0.0084250 secs]853.681: [weak refs processing, 0.0000090 secs]853.681: [scrub string table, 0.0008670 secs] [1 CMS-remark: 183921K(554368K)] 203677K(803776K), 0.0094030 secs] [Times: user=0.02 sys=0.00, real=0.01 secs] 
853.682: [CMS-concurrent-sweep-start]
853.740: [CMS-concurrent-sweep: 0.058/0.058 secs] [Times: user=0.06 sys=0.00, real=0.06 secs] 
853.740: [CMS-concurrent-reset-start]
853.741: [CMS-concurrent-reset: 0.001/0.001 secs] [Times: user=0.00 sys=0.00, real=0.00 secs] 
855.742: [GC [1 CMS-initial-mark: 183921K(554368K)] 203683K(803776K), 0.0161580 secs] [Times: user=0.02 sys=0.00, real=0.01 secs] 
855.758: [CMS-concurrent-mark-start]
855.986: [CMS-concurrent-mark: 0.228/0.228 secs] [Times: user=0.23 sys=0.00, real=0.23 secs] 
855.986: [CMS-concurrent-preclean-start]
855.987: [CMS-concurrent-preclean: 0.001/0.001 secs] [Times: user=0.00 sys=0.00, real=0.00 secs] 
855.987: [CMS-concurrent-abortable-preclean-start]
 CMS: abort preclean due to time 861.061: [CMS-concurrent-abortable-preclean: 0.068/5.074 secs] [Times: user=0.09 sys=0.02, real=5.08 secs] 
861.061: [GC[YG occupancy: 22671 K (249408 K)]861.061: [Rescan (parallel) , 0.0172720 secs]861.079: [weak refs processing, 0.0000110 secs]861.079: [scrub string table, 0.0008810 secs] [1 CMS-remark: 183921K(554368K)] 206592K(803776K), 0.0182420 secs] [Times: user=0.07 sys=0.00, real=0.02 secs] 
861.080: [CMS-concurrent-sweep-start]
861.139: [CMS-concurrent-sweep: 0.059/0.059 secs] [Times: user=0.06 sys=0.00, real=0.05 secs] 
861.139: [CMS-concurrent-reset-start]
861.140: [CMS-concurrent-reset: 0.001/0.001 secs] [Times: user=0.00 sys=0.00, real=0.01 secs] 
863.140: [GC [1 CMS-initial-mark: 183921K(554368K)] 206592K(803776K), 0.0163370 secs] [Times: user=0.02 sys=0.00, real=0.01 secs] 
863.157: [CMS-concurrent-mark-start]
863.387: [CMS-concurrent-mark: 0.230/0.230 secs] [Times: user=0.23 sys=0.00, real=0.23 secs] 
863.387: [CMS-concurrent-preclean-start]
863.389: [CMS-concurrent-preclean: 0.001/0.001 secs] [Times: user=0.00 sys=0.00, real=0.01 secs] 
863.389: [CMS-concurrent-abortable-preclean-start]
 CMS: abort preclean due to time 868.486: [CMS-concurrent-abortable-preclean: 0.090/5.097 secs] [Times: user=0.10 sys=0.01, real=5.09 secs] 
868.486: [GC[YG occupancy: 22697 K (249408 K)]868.486: [Rescan (parallel) , 0.0111050 secs]868.497: [weak refs processing, 0.0000230 secs]868.498: [scrub string table, 0.0010010 secs] [1 CMS-remark: 183921K(554368K)] 206619K(803776K), 0.0122340 secs] [Times: user=0.05 sys=0.00, real=0.01 secs] 
868.499: [CMS-concurrent-sweep-start]
868.559: [CMS-concurrent-sweep: 0.060/0.060 secs] [Times: user=0.06 sys=0.00, real=0.06 secs] 
868.559: [CMS-concurrent-reset-start]
868.560: [CMS-concurrent-reset: 0.001/0.001 secs] [Times: user=0.00 sys=0.00, real=0.01 secs] 
870.561: [GC [1 CMS-initial-mark: 183920K(554368K)] 206626K(803776K), 0.0236130 secs] [Times: user=0.02 sys=0.00, real=0.02 secs] 
870.584: [CMS-concurrent-mark-start]
870.815: [CMS-concurrent-mark: 0.231/0.231 secs] [Times: user=0.23 sys=0.00, real=0.23 secs] 
870.816: [CMS-concurrent-preclean-start]
870.817: [CMS-concurrent-preclean: 0.001/0.001 secs] [Times: user=0.01 sys=0.00, real=0.00 secs] 
870.817: [CMS-concurrent-abortable-preclean-start]
 CMS: abort preclean due to time 875.866: [CMS-concurrent-abortable-preclean: 0.089/5.049 secs] [Times: user=0.11 sys=0.00, real=5.05 secs] 
875.866: [GC[YG occupancy: 23392 K (249408 K)]875.866: [Rescan (parallel) , 0.0167920 secs]875.883: [weak refs processing, 0.0000110 secs]875.883: [scrub string table, 0.0008950 secs] [1 CMS-remark: 183920K(554368K)] 207313K(803776K), 0.0177810 secs] [Times: user=0.05 sys=0.00, real=0.02 secs] 
875.884: [CMS-concurrent-sweep-start]
875.942: [CMS-concurrent-sweep: 0.058/0.058 secs] [Times: user=0.06 sys=0.00, real=0.06 secs] 
875.942: [CMS-concurrent-reset-start]
875.943: [CMS-concurrent-reset: 0.001/0.001 secs] [Times: user=0.00 sys=0.00, real=0.00 secs] 
877.944: [GC [1 CMS-initial-mark: 183920K(554368K)] 207317K(803776K), 0.0121430 secs] [Times: user=0.01 sys=0.00, real=0.01 secs] 
877.956: [CMS-concurrent-mark-start]
878.184: [CMS-concurrent-mark: 0.228/0.228 secs] [Times: user=0.23 sys=0.00, real=0.23 secs] 
878.184: [CMS-concurrent-preclean-start]
878.185: [CMS-concurrent-preclean: 0.001/0.001 secs] [Times: user=0.00 sys=0.00, real=0.00 secs] 
878.185: [CMS-concurrent-abortable-preclean-start]
 CMS: abort preclean due to time 883.276: [CMS-concurrent-abortable-preclean: 0.085/5.091 secs] [Times: user=0.10 sys=0.01, real=5.09 secs] 
883.277: [GC[YG occupancy: 23401 K (249408 K)]883.277: [Rescan (parallel) , 0.0160320 secs]883.293: [weak refs processing, 0.0000150 secs]883.293: [scrub string table, 0.0010660 secs] [1 CMS-remark: 183920K(554368K)] 207321K(803776K), 0.0172070 secs] [Times: user=0.06 sys=0.00, real=0.02 secs] 
883.294: [CMS-concurrent-sweep-start]
883.359: [CMS-concurrent-sweep: 0.065/0.065 secs] [Times: user=0.07 sys=0.00, real=0.06 secs] 
883.359: [CMS-concurrent-reset-start]
883.360: [CMS-concurrent-reset: 0.001/0.001 secs] [Times: user=0.00 sys=0.00, real=0.01 secs] 
884.276: [GC [1 CMS-initial-mark: 183919K(554368K)] 207988K(803776K), 0.0127160 secs] [Times: user=0.01 sys=0.00, real=0.02 secs] 
884.288: [CMS-concurrent-mark-start]
884.534: [CMS-concurrent-mark: 0.246/0.246 secs] [Times: user=0.25 sys=0.00, real=0.24 secs] 
884.534: [CMS-concurrent-preclean-start]
884.535: [CMS-concurrent-preclean: 0.001/0.001 secs] [Times: user=0.00 sys=0.00, real=0.00 secs] 
884.535: [CMS-concurrent-abortable-preclean-start]
 CMS: abort preclean due to time 889.624: [CMS-concurrent-abortable-preclean: 0.083/5.089 secs] [Times: user=0.11 sys=0.01, real=5.09 secs] 
889.625: [GC[YG occupancy: 24111 K (249408 K)]889.625: [Rescan (parallel) , 0.0162900 secs]889.641: [weak refs processing, 0.0000140 secs]889.641: [scrub string table, 0.0009400 secs] [1 CMS-remark: 183919K(554368K)] 208031K(803776K), 0.0173080 secs] [Times: user=0.05 sys=0.00, real=0.02 secs] 
889.642: [CMS-concurrent-sweep-start]
889.711: [CMS-concurrent-sweep: 0.068/0.068 secs] [Times: user=0.07 sys=0.00, real=0.07 secs] 
889.711: [CMS-concurrent-reset-start]
889.712: [CMS-concurrent-reset: 0.001/0.001 secs] [Times: user=0.00 sys=0.00, real=0.00 secs] 
891.712: [GC [1 CMS-initial-mark: 183919K(554368K)] 208037K(803776K), 0.0137960 secs] [Times: user=0.01 sys=0.00, real=0.01 secs] 
891.726: [CMS-concurrent-mark-start]
891.959: [CMS-concurrent-mark: 0.233/0.233 secs] [Times: user=0.24 sys=0.00, real=0.23 secs] 
891.960: [CMS-concurrent-preclean-start]
891.961: [CMS-concurrent-preclean: 0.001/0.001 secs] [Times: user=0.00 sys=0.00, real=0.01 secs] 
891.961: [CMS-concurrent-abortable-preclean-start]
 CMS: abort preclean due to time 897.057: [CMS-concurrent-abortable-preclean: 0.089/5.097 secs] [Times: user=0.11 sys=0.00, real=5.09 secs] 
897.058: [GC[YG occupancy: 24127 K (249408 K)]897.058: [Rescan (parallel) , 0.0239250 secs]897.082: [weak refs processing, 0.0000140 secs]897.082: [scrub string table, 0.0012740 secs] [1 CMS-remark: 183919K(554368K)] 208046K(803776K), 0.0252970 secs] [Times: user=0.10 sys=0.00, real=0.03 secs] 
897.083: [CMS-concurrent-sweep-start]
897.158: [CMS-concurrent-sweep: 0.075/0.075 secs] [Times: user=0.07 sys=0.00, real=0.07 secs] 
897.158: [CMS-concurrent-reset-start]
897.160: [CMS-concurrent-reset: 0.002/0.002 secs] [Times: user=0.00 sys=0.00, real=0.01 secs] 
899.160: [GC [1 CMS-initial-mark: 183919K(554368K)] 208046K(803776K), 0.0189540 secs] [Times: user=0.02 sys=0.01, real=0.01 secs] 
899.179: [CMS-concurrent-mark-start]
899.413: [CMS-concurrent-mark: 0.234/0.234 secs] [Times: user=0.23 sys=0.00, real=0.24 secs] 
899.413: [CMS-concurrent-preclean-start]
899.414: [CMS-concurrent-preclean: 0.001/0.001 secs] [Times: user=0.00 sys=0.00, real=0.00 secs] 
899.414: [CMS-concurrent-abortable-preclean-start]
 CMS: abort preclean due to time 904.504: [CMS-concurrent-abortable-preclean: 0.083/5.090 secs] [Times: user=0.11 sys=0.00, real=5.09 secs] 
904.504: [GC[YG occupancy: 24155 K (249408 K)]904.504: [Rescan (parallel) , 0.0162580 secs]904.521: [weak refs processing, 0.0000100 secs]904.521: [scrub string table, 0.0008620 secs] [1 CMS-remark: 183919K(554368K)] 208074K(803776K), 0.0172040 secs] [Times: user=0.07 sys=0.00, real=0.02 secs] 
904.522: [CMS-concurrent-sweep-start]
904.580: [CMS-concurrent-sweep: 0.058/0.058 secs] [Times: user=0.05 sys=0.00, real=0.06 secs] 
904.580: [CMS-concurrent-reset-start]
904.581: [CMS-concurrent-reset: 0.001/0.001 secs] [Times: user=0.01 sys=0.00, real=0.00 secs] 
906.581: [GC [1 CMS-initial-mark: 183919K(554368K)] 208083K(803776K), 0.0123030 secs] [Times: user=0.01 sys=0.00, real=0.01 secs] 
906.594: [CMS-concurrent-mark-start]
906.831: [CMS-concurrent-mark: 0.237/0.237 secs] [Times: user=0.24 sys=0.00, real=0.24 secs] 
906.831: [CMS-concurrent-preclean-start]
906.832: [CMS-concurrent-preclean: 0.001/0.001 secs] [Times: user=0.00 sys=0.00, real=0.00 secs] 
906.832: [CMS-concurrent-abortable-preclean-start]
 CMS: abort preclean due to time 911.913: [CMS-concurrent-abortable-preclean: 0.075/5.081 secs] [Times: user=0.09 sys=0.00, real=5.08 secs] 
911.913: [GC[YG occupancy: 24164 K (249408 K)]911.913: [Rescan (parallel) , 0.0155120 secs]911.929: [weak refs processing, 0.0000110 secs]911.929: [scrub string table, 0.0008730 secs] [1 CMS-remark: 183919K(554368K)] 208083K(803776K), 0.0164690 secs] [Times: user=0.07 sys=0.00, real=0.02 secs] 
911.930: [CMS-concurrent-sweep-start]
911.990: [CMS-concurrent-sweep: 0.060/0.060 secs] [Times: user=0.06 sys=0.00, real=0.06 secs] 
911.990: [CMS-concurrent-reset-start]
911.991: [CMS-concurrent-reset: 0.001/0.001 secs] [Times: user=0.00 sys=0.00, real=0.00 secs] 
913.991: [GC [1 CMS-initial-mark: 183918K(554368K)] 208096K(803776K), 0.0168160 secs] [Times: user=0.01 sys=0.00, real=0.02 secs] 
914.008: [CMS-concurrent-mark-start]
914.258: [CMS-concurrent-mark: 0.250/0.250 secs] [Times: user=0.25 sys=0.00, real=0.24 secs] 
914.258: [CMS-concurrent-preclean-start]
914.260: [CMS-concurrent-preclean: 0.001/0.001 secs] [Times: user=0.01 sys=0.00, real=0.01 secs] 
914.260: [CMS-concurrent-abortable-preclean-start]
 CMS: abort preclean due to time 919.340: [CMS-concurrent-abortable-preclean: 0.074/5.080 secs] [Times: user=0.09 sys=0.02, real=5.08 secs] 
919.340: [GC[YG occupancy: 24200 K (249408 K)]919.340: [Rescan (parallel) , 0.0140860 secs]919.354: [weak refs processing, 0.0000140 secs]919.354: [scrub string table, 0.0009320 secs] [1 CMS-remark: 183918K(554368K)] 208119K(803776K), 0.0150970 secs] [Times: user=0.05 sys=0.00, real=0.01 secs] 
919.356: [CMS-concurrent-sweep-start]
919.414: [CMS-concurrent-sweep: 0.059/0.059 secs] [Times: user=0.06 sys=0.00, real=0.06 secs] 
919.414: [CMS-concurrent-reset-start]
919.415: [CMS-concurrent-reset: 0.001/0.001 secs] [Times: user=0.00 sys=0.00, real=0.00 secs] 
921.416: [GC [1 CMS-initial-mark: 183918K(554368K)] 210949K(803776K), 0.0147250 secs] [Times: user=0.02 sys=0.00, real=0.02 secs] 
921.431: [CMS-concurrent-mark-start]
921.710: [CMS-concurrent-mark: 0.280/0.280 secs] [Times: user=0.28 sys=0.00, real=0.28 secs] 
921.711: [CMS-concurrent-preclean-start]
921.712: [CMS-concurrent-preclean: 0.001/0.001 secs] [Times: user=0.00 sys=0.00, real=0.00 secs] 
921.712: [CMS-concurrent-abortable-preclean-start]
 CMS: abort preclean due to time 926.810: [CMS-concurrent-abortable-preclean: 0.090/5.098 secs] [Times: user=0.11 sys=0.01, real=5.10 secs] 
926.810: [GC[YG occupancy: 27061 K (249408 K)]926.810: [Rescan (parallel) , 0.0215970 secs]926.832: [weak refs processing, 0.0000240 secs]926.832: [scrub string table, 0.0008770 secs] [1 CMS-remark: 183918K(554368K)] 210979K(803776K), 0.0225730 secs] [Times: user=0.08 sys=0.01, real=0.02 secs] 
926.833: [CMS-concurrent-sweep-start]
926.895: [CMS-concurrent-sweep: 0.063/0.063 secs] [Times: user=0.06 sys=0.00, real=0.06 secs] 
926.895: [CMS-concurrent-reset-start]
926.896: [CMS-concurrent-reset: 0.001/0.001 secs] [Times: user=0.01 sys=0.00, real=0.00 secs] 
928.897: [GC [1 CMS-initial-mark: 183918K(554368K)] 210985K(803776K), 0.0141470 secs] [Times: user=0.01 sys=0.00, real=0.02 secs] 
928.911: [CMS-concurrent-mark-start]
929.146: [CMS-concurrent-mark: 0.235/0.235 secs] [Times: user=0.23 sys=0.00, real=0.23 secs] 
929.146: [CMS-concurrent-preclean-start]
929.147: [CMS-concurrent-preclean: 0.001/0.001 secs] [Times: user=0.00 sys=0.00, real=0.00 secs] 
929.147: [CMS-concurrent-abortable-preclean-start]
 CMS: abort preclean due to time 934.233: [CMS-concurrent-abortable-preclean: 0.078/5.085 secs] [Times: user=0.11 sys=0.01, real=5.09 secs] 
934.233: [GC[YG occupancy: 27155 K (249408 K)]934.233: [Rescan (parallel) , 0.0194640 secs]934.253: [weak refs processing, 0.0000220 secs]934.253: [scrub string table, 0.0008790 secs] [1 CMS-remark: 183918K(554368K)] 211073K(803776K), 0.0204560 secs] [Times: user=0.07 sys=0.00, real=0.02 secs] 
934.254: [CMS-concurrent-sweep-start]
934.311: [CMS-concurrent-sweep: 0.058/0.058 secs] [Times: user=0.06 sys=0.00, real=0.06 secs] 
934.312: [CMS-concurrent-reset-start]
934.313: [CMS-concurrent-reset: 0.001/0.001 secs] [Times: user=0.00 sys=0.00, real=0.00 secs] 
936.313: [GC [1 CMS-initial-mark: 183917K(554368K)] 211080K(803776K), 0.0129530 secs] [Times: user=0.01 sys=0.00, real=0.01 secs] 
936.326: [CMS-concurrent-mark-start]
936.559: [CMS-concurrent-mark: 0.233/0.233 secs] [Times: user=0.24 sys=0.00, real=0.23 secs] 
936.559: [CMS-concurrent-preclean-start]
936.560: [CMS-concurrent-preclean: 0.001/0.001 secs] [Times: user=0.00 sys=0.00, real=0.01 secs] 
936.560: [CMS-concurrent-abortable-preclean-start]
 CMS: abort preclean due to time 941.653: [CMS-concurrent-abortable-preclean: 0.085/5.093 secs] [Times: user=0.10 sys=0.01, real=5.09 secs] 
941.653: [GC[YG occupancy: 27163 K (249408 K)]941.653: [Rescan (parallel) , 0.0130440 secs]941.666: [weak refs processing, 0.0000110 secs]941.666: [scrub string table, 0.0008560 secs] [1 CMS-remark: 183917K(554368K)] 211080K(803776K), 0.0139890 secs] [Times: user=0.05 sys=0.00, real=0.01 secs] 
941.667: [CMS-concurrent-sweep-start]
941.731: [CMS-concurrent-sweep: 0.064/0.064 secs] [Times: user=0.07 sys=0.00, real=0.07 secs] 
941.731: [CMS-concurrent-reset-start]
941.732: [CMS-concurrent-reset: 0.001/0.001 secs] [Times: user=0.00 sys=0.00, real=0.00 secs] 
943.733: [GC [1 CMS-initial-mark: 183916K(554368K)] 211149K(803776K), 0.0192530 secs] [Times: user=0.02 sys=0.00, real=0.02 secs] 
943.752: [CMS-concurrent-mark-start]
943.986: [CMS-concurrent-mark: 0.234/0.234 secs] [Times: user=0.24 sys=0.00, real=0.23 secs] 
943.986: [CMS-concurrent-preclean-start]
943.987: [CMS-concurrent-preclean: 0.001/0.001 secs] [Times: user=0.00 sys=0.00, real=0.00 secs] 
943.987: [CMS-concurrent-abortable-preclean-start]
 CMS: abort preclean due to time 948.999: [CMS-concurrent-abortable-preclean: 0.104/5.011 secs] [Times: user=0.13 sys=0.00, real=5.01 secs] 
948.999: [GC[YG occupancy: 27286 K (249408 K)]948.999: [Rescan (parallel) , 0.0285740 secs]949.028: [weak refs processing, 0.0000170 secs]949.028: [scrub string table, 0.0014300 secs] [1 CMS-remark: 183916K(554368K)] 211202K(803776K), 0.0301130 secs] [Times: user=0.11 sys=0.00, real=0.04 secs] 
949.029: [CMS-concurrent-sweep-start]
949.115: [CMS-concurrent-sweep: 0.086/0.086 secs] [Times: user=0.09 sys=0.01, real=0.08 secs] 
949.115: [CMS-concurrent-reset-start]
949.116: [CMS-concurrent-reset: 0.001/0.001 secs] [Times: user=0.00 sys=0.00, real=0.00 secs] 
951.117: [GC [1 CMS-initial-mark: 183916K(554368K)] 211214K(803776K), 0.0138880 secs] [Times: user=0.02 sys=0.00, real=0.02 secs] 
951.131: [CMS-concurrent-mark-start]
951.361: [CMS-concurrent-mark: 0.230/0.230 secs] [Times: user=0.23 sys=0.00, real=0.23 secs] 
951.361: [CMS-concurrent-preclean-start]
951.362: [CMS-concurrent-preclean: 0.001/0.001 secs] [Times: user=0.00 sys=0.00, real=0.00 secs] 
951.362: [CMS-concurrent-abortable-preclean-start]
 CMS: abort preclean due to time 956.454: [CMS-concurrent-abortable-preclean: 0.085/5.092 secs] [Times: user=0.11 sys=0.00, real=5.09 secs] 
956.454: [GC[YG occupancy: 27337 K (249408 K)]956.454: [Rescan (parallel) , 0.0143710 secs]956.468: [weak refs processing, 0.0000140 secs]956.468: [scrub string table, 0.0009530 secs] [1 CMS-remark: 183916K(554368K)] 211253K(803776K), 0.0154120 secs] [Times: user=0.06 sys=0.00, real=0.02 secs] 
956.470: [CMS-concurrent-sweep-start]
956.528: [CMS-concurrent-sweep: 0.058/0.058 secs] [Times: user=0.06 sys=0.00, real=0.06 secs] 
956.528: [CMS-concurrent-reset-start]
956.529: [CMS-concurrent-reset: 0.001/0.001 secs] [Times: user=0.00 sys=0.00, real=0.00 secs] 
958.530: [GC [1 CMS-initial-mark: 183915K(554368K)] 211252K(803776K), 0.0254260 secs] [Times: user=0.02 sys=0.00, real=0.02 secs] 
958.555: [CMS-concurrent-mark-start]
958.785: [CMS-concurrent-mark: 0.229/0.229 secs] [Times: user=0.24 sys=0.00, real=0.23 secs] 
958.785: [CMS-concurrent-preclean-start]
958.786: [CMS-concurrent-preclean: 0.001/0.001 secs] [Times: user=0.00 sys=0.00, real=0.00 secs] 
958.786: [CMS-concurrent-abortable-preclean-start]
 CMS: abort preclean due to time 963.884: [CMS-concurrent-abortable-preclean: 0.091/5.098 secs] [Times: user=0.10 sys=0.01, real=5.10 secs] 
963.884: [GC[YG occupancy: 27347 K (249408 K)]963.884: [Rescan (parallel) , 0.0155240 secs]963.900: [weak refs processing, 0.0000140 secs]963.900: [scrub string table, 0.0008550 secs] [1 CMS-remark: 183915K(554368K)] 211263K(803776K), 0.0164800 secs] [Times: user=0.06 sys=0.00, real=0.02 secs] 
963.901: [CMS-concurrent-sweep-start]
963.969: [CMS-concurrent-sweep: 0.068/0.068 secs] [Times: user=0.06 sys=0.00, real=0.07 secs] 
963.969: [CMS-concurrent-reset-start]
963.970: [CMS-concurrent-reset: 0.001/0.001 secs] [Times: user=0.00 sys=0.00, real=0.00 secs] 
965.971: [GC [1 CMS-initial-mark: 183915K(554368K)] 211295K(803776K), 0.0189520 secs] [Times: user=0.02 sys=0.00, real=0.02 secs] 
965.990: [CMS-concurrent-mark-start]
966.218: [CMS-concurrent-mark: 0.228/0.228 secs] [Times: user=0.22 sys=0.00, real=0.22 secs] 
966.218: [CMS-concurrent-preclean-start]
966.219: [CMS-concurrent-preclean: 0.001/0.001 secs] [Times: user=0.01 sys=0.00, real=0.00 secs] 
966.219: [CMS-concurrent-abortable-preclean-start]
 CMS: abort preclean due to time 971.317: [CMS-concurrent-abortable-preclean: 0.081/5.098 secs] [Times: user=0.09 sys=0.02, real=5.10 secs] 
971.317: [GC[YG occupancy: 28080 K (249408 K)]971.317: [Rescan (parallel) , 0.0144500 secs]971.332: [weak refs processing, 0.0000120 secs]971.332: [scrub string table, 0.0008730 secs] [1 CMS-remark: 183915K(554368K)] 211995K(803776K), 0.0154280 secs] [Times: user=0.04 sys=0.00, real=0.02 secs] 
971.333: [CMS-concurrent-sweep-start]
971.390: [CMS-concurrent-sweep: 0.058/0.058 secs] [Times: user=0.06 sys=0.00, real=0.06 secs] 
971.390: [CMS-concurrent-reset-start]
971.392: [CMS-concurrent-reset: 0.001/0.001 secs] [Times: user=0.00 sys=0.00, real=0.00 secs] 
973.392: [GC [1 CMS-initial-mark: 183914K(554368K)] 212028K(803776K), 0.0127860 secs] [Times: user=0.01 sys=0.00, real=0.01 secs] 
973.405: [CMS-concurrent-mark-start]
973.635: [CMS-concurrent-mark: 0.230/0.230 secs] [Times: user=0.23 sys=0.00, real=0.23 secs] 
973.635: [CMS-concurrent-preclean-start]
973.636: [CMS-concurrent-preclean: 0.001/0.001 secs] [Times: user=0.00 sys=0.00, real=0.00 secs] 
973.636: [CMS-concurrent-abortable-preclean-start]
 CMS: abort preclean due to time 978.648: [CMS-concurrent-abortable-preclean: 0.104/5.012 secs] [Times: user=0.12 sys=0.02, real=5.02 secs] 
978.648: [GC[YG occupancy: 28125 K (249408 K)]978.649: [Rescan (parallel) , 0.0230550 secs]978.672: [weak refs processing, 0.0000110 secs]978.672: [scrub string table, 0.0009580 secs] [1 CMS-remark: 183914K(554368K)] 212040K(803776K), 0.0241240 secs] [Times: user=0.09 sys=0.00, real=0.02 secs] 
978.673: [CMS-concurrent-sweep-start]
978.730: [CMS-concurrent-sweep: 0.057/0.057 secs] [Times: user=0.06 sys=0.00, real=0.06 secs] 
978.730: [CMS-concurrent-reset-start]
978.731: [CMS-concurrent-reset: 0.001/0.001 secs] [Times: user=0.00 sys=0.00, real=0.00 secs] 
980.732: [GC [1 CMS-initial-mark: 183912K(554368K)] 212038K(803776K), 0.0126830 secs] [Times: user=0.01 sys=0.00, real=0.01 secs] 
980.745: [CMS-concurrent-mark-start]
980.973: [CMS-concurrent-mark: 0.228/0.228 secs] [Times: user=0.24 sys=0.00, real=0.23 secs] 
980.973: [CMS-concurrent-preclean-start]
980.974: [CMS-concurrent-preclean: 0.001/0.001 secs] [Times: user=0.00 sys=0.00, real=0.00 secs] 
980.974: [CMS-concurrent-abortable-preclean-start]
 CMS: abort preclean due to time 985.988: [CMS-concurrent-abortable-preclean: 0.108/5.015 secs] [Times: user=0.13 sys=0.01, real=5.02 secs] 
985.989: [GC[YG occupancy: 31040 K (249408 K)]985.989: [Rescan (parallel) , 0.0239250 secs]986.013: [weak refs processing, 0.0000200 secs]986.013: [scrub string table, 0.0008850 secs] [1 CMS-remark: 183912K(554368K)] 214953K(803776K), 0.0249330 secs] [Times: user=0.09 sys=0.00, real=0.02 secs] 
986.014: [CMS-concurrent-sweep-start]
986.073: [CMS-concurrent-sweep: 0.058/0.058 secs] [Times: user=0.06 sys=0.00, real=0.06 secs] 
986.073: [CMS-concurrent-reset-start]
986.074: [CMS-concurrent-reset: 0.001/0.001 secs] [Times: user=0.00 sys=0.00, real=0.00 secs] 
988.074: [GC [1 CMS-initial-mark: 183912K(554368K)] 214953K(803776K), 0.0136040 secs] [Times: user=0.01 sys=0.00, real=0.02 secs] 
988.088: [CMS-concurrent-mark-start]
988.314: [CMS-concurrent-mark: 0.226/0.226 secs] [Times: user=0.22 sys=0.00, real=0.22 secs] 
988.314: [CMS-concurrent-preclean-start]
988.315: [CMS-concurrent-preclean: 0.001/0.001 secs] [Times: user=0.00 sys=0.00, real=0.00 secs] 
988.315: [CMS-concurrent-abortable-preclean-start]
 CMS: abort preclean due to time 993.411: [CMS-concurrent-abortable-preclean: 0.089/5.096 secs] [Times: user=0.10 sys=0.02, real=5.10 secs] 
993.412: [GC[YG occupancy: 31041 K (249408 K)]993.412: [Rescan (parallel) , 0.0219260 secs]993.434: [weak refs processing, 0.0000100 secs]993.434: [scrub string table, 0.0008620 secs] [1 CMS-remark: 183912K(554368K)] 214953K(803776K), 0.0228680 secs] [Times: user=0.09 sys=0.00, real=0.02 secs] 
993.435: [CMS-concurrent-sweep-start]
993.494: [CMS-concurrent-sweep: 0.059/0.059 secs] [Times: user=0.06 sys=0.00, real=0.06 secs] 
993.494: [CMS-concurrent-reset-start]
993.495: [CMS-concurrent-reset: 0.001/0.001 secs] [Times: user=0.00 sys=0.00, real=0.00 secs] 
995.496: [GC [1 CMS-initial-mark: 183912K(554368K)] 214968K(803776K), 0.0173030 secs] [Times: user=0.02 sys=0.00, real=0.02 secs] 
995.513: [CMS-concurrent-mark-start]
995.777: [CMS-concurrent-mark: 0.264/0.264 secs] [Times: user=0.27 sys=0.00, real=0.26 secs] 
995.777: [CMS-concurrent-preclean-start]
995.778: [CMS-concurrent-preclean: 0.001/0.001 secs] [Times: user=0.00 sys=0.00, real=0.00 secs] 
995.778: [CMS-concurrent-abortable-preclean-start]
 CMS: abort preclean due to time 1000.794: [CMS-concurrent-abortable-preclean: 0.108/5.016 secs] [Times: user=0.12 sys=0.02, real=5.02 secs] 
1000.795: [GC[YG occupancy: 31093 K (249408 K)]1000.795: [Rescan (parallel) , 0.0194440 secs]1000.815: [weak refs processing, 0.0000110 secs]1000.815: [scrub string table, 0.0008600 secs] [1 CMS-remark: 183912K(554368K)] 215006K(803776K), 0.0204390 secs] [Times: user=0.08 sys=0.00, real=0.02 secs] 
1000.816: [CMS-concurrent-sweep-start]
1000.873: [CMS-concurrent-sweep: 0.058/0.058 secs] [Times: user=0.05 sys=0.01, real=0.06 secs] 
1000.874: [CMS-concurrent-reset-start]
1000.875: [CMS-concurrent-reset: 0.001/0.001 secs] [Times: user=0.00 sys=0.00, real=0.00 secs] 
1002.875: [GC [1 CMS-initial-mark: 183912K(554368K)] 215008K(803776K), 0.0265600 secs] [Times: user=0.02 sys=0.00, real=0.03 secs] 
1002.902: [CMS-concurrent-mark-start]
1003.130: [CMS-concurrent-mark: 0.228/0.228 secs] [Times: user=0.23 sys=0.00, real=0.23 secs] 
1003.130: [CMS-concurrent-preclean-start]
1003.131: [CMS-concurrent-preclean: 0.001/0.001 secs] [Times: user=0.01 sys=0.00, real=0.00 secs] 
1003.131: [CMS-concurrent-abortable-preclean-start]
 CMS: abort preclean due to time 1008.225: [CMS-concurrent-abortable-preclean: 0.087/5.094 secs] [Times: user=0.10 sys=0.01, real=5.09 secs] 
1008.226: [GC[YG occupancy: 31126 K (249408 K)]1008.226: [Rescan (parallel) , 0.0239970 secs]1008.250: [weak refs processing, 0.0000120 secs]1008.250: [scrub string table, 0.0008620 secs] [1 CMS-remark: 183912K(554368K)] 215039K(803776K), 0.0249470 secs] [Times: user=0.09 sys=0.00, real=0.03 secs] 
1008.251: [CMS-concurrent-sweep-start]
1008.309: [CMS-concurrent-sweep: 0.059/0.059 secs] [Times: user=0.06 sys=0.00, real=0.06 secs] 
1008.309: [CMS-concurrent-reset-start]
1008.311: [CMS-concurrent-reset: 0.001/0.001 secs] [Times: user=0.00 sys=0.00, real=0.00 secs] 
1010.311: [GC [1 CMS-initial-mark: 183909K(554368K)] 215041K(803776K), 0.0140890 secs] [Times: user=0.02 sys=0.00, real=0.01 secs] 
1010.325: [CMS-concurrent-mark-start]
1010.566: [CMS-concurrent-mark: 0.241/0.241 secs] [Times: user=0.24 sys=0.00, real=0.24 secs] 
1010.566: [CMS-concurrent-preclean-start]
1010.568: [CMS-concurrent-preclean: 0.001/0.001 secs] [Times: user=0.00 sys=0.00, real=0.01 secs] 
1010.568: [CMS-concurrent-abortable-preclean-start]
 CMS: abort preclean due to time 1015.665: [CMS-concurrent-abortable-preclean: 0.091/5.097 secs] [Times: user=0.11 sys=0.01, real=5.09 secs] 
1015.665: [GC[YG occupancy: 31144 K (249408 K)]1015.665: [Rescan (parallel) , 0.0163310 secs]1015.682: [weak refs processing, 0.0000110 secs]1015.682: [scrub string table, 0.0008640 secs] [1 CMS-remark: 183909K(554368K)] 215054K(803776K), 0.0172720 secs] [Times: user=0.07 sys=0.00, real=0.02 secs] 
1015.683: [CMS-concurrent-sweep-start]
1015.741: [CMS-concurrent-sweep: 0.059/0.059 secs] [Times: user=0.06 sys=0.00, real=0.06 secs] 
1015.742: [CMS-concurrent-reset-start]
1015.743: [CMS-concurrent-reset: 0.001/0.001 secs] [Times: user=0.00 sys=0.00, real=0.00 secs] 
1017.743: [GC [1 CMS-initial-mark: 183909K(554368K)] 215054K(803776K), 0.0141470 secs] [Times: user=0.02 sys=0.00, real=0.01 secs] 
1017.757: [CMS-concurrent-mark-start]
1017.985: [CMS-concurrent-mark: 0.227/0.227 secs] [Times: user=0.23 sys=0.00, real=0.23 secs] 
1017.985: [CMS-concurrent-preclean-start]
1017.986: [CMS-concurrent-preclean: 0.001/0.001 secs] [Times: user=0.00 sys=0.00, real=0.00 secs] 
1017.986: [CMS-concurrent-abortable-preclean-start]
 CMS: abort preclean due to time 1023.078: [CMS-concurrent-abortable-preclean: 0.085/5.092 secs] [Times: user=0.10 sys=0.00, real=5.09 secs] 
1023.078: [GC[YG occupancy: 31153 K (249408 K)]1023.078: [Rescan (parallel) , 0.0201940 secs]1023.098: [weak refs processing, 0.0000120 secs]1023.098: [scrub string table, 0.0009120 secs] [1 CMS-remark: 183909K(554368K)] 215062K(803776K), 0.0212090 secs] [Times: user=0.08 sys=0.00, real=0.02 secs] 
1023.099: [CMS-concurrent-sweep-start]
1023.158: [CMS-concurrent-sweep: 0.059/0.059 secs] [Times: user=0.06 sys=0.00, real=0.06 secs] 
1023.158: [CMS-concurrent-reset-start]
1023.159: [CMS-concurrent-reset: 0.001/0.001 secs] [Times: user=0.00 sys=0.00, real=0.00 secs] 
1025.057: [GC [1 CMS-initial-mark: 183909K(554368K)] 215724K(803776K), 0.0185880 secs] [Times: user=0.01 sys=0.00, real=0.02 secs] 
1025.076: [CMS-concurrent-mark-start]
1025.304: [CMS-concurrent-mark: 0.228/0.228 secs] [Times: user=0.24 sys=0.00, real=0.23 secs] 
1025.304: [CMS-concurrent-preclean-start]
1025.305: [CMS-concurrent-preclean: 0.001/0.001 secs] [Times: user=0.00 sys=0.00, real=0.00 secs] 
1025.305: [CMS-concurrent-abortable-preclean-start]
 CMS: abort preclean due to time 1030.384: [CMS-concurrent-abortable-preclean: 0.073/5.079 secs] [Times: user=0.09 sys=0.00, real=5.08 secs] 
1030.384: [GC[YG occupancy: 31841 K (249408 K)]1030.384: [Rescan (parallel) , 0.0171790 secs]1030.402: [weak refs processing, 0.0000160 secs]1030.402: [scrub string table, 0.0023220 secs] [1 CMS-remark: 183909K(554368K)] 215751K(803776K), 0.0197130 secs] [Times: user=0.06 sys=0.01, real=0.02 secs] 
1030.405: [CMS-concurrent-sweep-start]
1030.468: [CMS-concurrent-sweep: 0.063/0.063 secs] [Times: user=0.07 sys=0.00, real=0.07 secs] 
1030.468: [CMS-concurrent-reset-start]
1030.469: [CMS-concurrent-reset: 0.001/0.001 secs] [Times: user=0.00 sys=0.00, real=0.00 secs] 
1031.581: [GC [1 CMS-initial-mark: 183908K(554368K)] 216391K(803776K), 0.0219560 secs] [Times: user=0.02 sys=0.00, real=0.02 secs] 
1031.603: [CMS-concurrent-mark-start]
1031.889: [CMS-concurrent-mark: 0.286/0.286 secs] [Times: user=0.29 sys=0.00, real=0.29 secs] 
1031.889: [CMS-concurrent-preclean-start]
1031.891: [CMS-concurrent-preclean: 0.001/0.001 secs] [Times: user=0.00 sys=0.00, real=0.00 secs] 
1031.891: [CMS-concurrent-abortable-preclean-start]
 CMS: abort preclean due to time 1036.992: [CMS-concurrent-abortable-preclean: 0.094/5.102 secs] [Times: user=0.13 sys=0.00, real=5.10 secs] 
1036.993: [GC[YG occupancy: 32538 K (249408 K)]1036.993: [Rescan (parallel) , 0.0240440 secs]1037.017: [weak refs processing, 0.0000140 secs]1037.017: [scrub string table, 0.0008550 secs] [1 CMS-remark: 183908K(554368K)] 216447K(803776K), 0.0250080 secs] [Times: user=0.09 sys=0.00, real=0.02 secs] 
1037.018: [CMS-concurrent-sweep-start]
1037.076: [CMS-concurrent-sweep: 0.058/0.058 secs] [Times: user=0.06 sys=0.00, real=0.06 secs] 
1037.076: [CMS-concurrent-reset-start]
1037.077: [CMS-concurrent-reset: 0.001/0.001 secs] [Times: user=0.00 sys=0.00, real=0.00 secs] 
1039.078: [GC [1 CMS-initial-mark: 183908K(554368K)] 216446K(803776K), 0.0180770 secs] [Times: user=0.02 sys=0.00, real=0.02 secs] 
1039.096: [CMS-concurrent-mark-start]
1039.322: [CMS-concurrent-mark: 0.226/0.226 secs] [Times: user=0.23 sys=0.00, real=0.23 secs] 
1039.322: [CMS-concurrent-preclean-start]
1039.323: [CMS-concurrent-preclean: 0.001/0.001 secs] [Times: user=0.00 sys=0.00, real=0.00 secs] 
1039.323: [CMS-concurrent-abortable-preclean-start]
 CMS: abort preclean due to time 1044.415: [CMS-concurrent-abortable-preclean: 0.084/5.091 secs] [Times: user=0.11 sys=0.01, real=5.09 secs] 
1044.415: [GC[YG occupancy: 35454 K (249408 K)]1044.415: [Rescan (parallel) , 0.0252520 secs]1044.441: [weak refs processing, 0.0000100 secs]1044.441: [scrub string table, 0.0008540 secs] [1 CMS-remark: 183908K(554368K)] 219363K(803776K), 0.0261790 secs] [Times: user=0.10 sys=0.00, real=0.03 secs] 
1044.442: [CMS-concurrent-sweep-start]
1044.499: [CMS-concurrent-sweep: 0.058/0.058 secs] [Times: user=0.06 sys=0.00, real=0.05 secs] 
1044.499: [CMS-concurrent-reset-start]
1044.500: [CMS-concurrent-reset: 0.001/0.001 secs] [Times: user=0.00 sys=0.00, real=0.01 secs] 
1046.501: [GC [1 CMS-initial-mark: 183907K(554368K)] 219379K(803776K), 0.0151320 secs] [Times: user=0.01 sys=0.00, real=0.01 secs] 
1046.516: [CMS-concurrent-mark-start]
1046.752: [CMS-concurrent-mark: 0.236/0.236 secs] [Times: user=0.24 sys=0.00, real=0.24 secs] 
1046.752: [CMS-concurrent-preclean-start]
1046.753: [CMS-concurrent-preclean: 0.001/0.001 secs] [Times: user=0.00 sys=0.00, real=0.00 secs] 
1046.753: [CMS-concurrent-abortable-preclean-start]
 CMS: abort preclean due to time 1051.827: [CMS-concurrent-abortable-preclean: 0.067/5.074 secs] [Times: user=0.08 sys=0.01, real=5.07 secs] 
1051.828: [GC[YG occupancy: 35491 K (249408 K)]1051.828: [Rescan (parallel) , 0.0268430 secs]1051.855: [weak refs processing, 0.0000110 secs]1051.855: [scrub string table, 0.0008990 secs] [1 CMS-remark: 183907K(554368K)] 219399K(803776K), 0.0278570 secs] [Times: user=0.11 sys=0.00, real=0.02 secs] 
1051.856: [CMS-concurrent-sweep-start]
1051.915: [CMS-concurrent-sweep: 0.059/0.059 secs] [Times: user=0.06 sys=0.00, real=0.06 secs] 
1051.915: [CMS-concurrent-reset-start]
1051.916: [CMS-concurrent-reset: 0.001/0.001 secs] [Times: user=0.00 sys=0.00, real=0.00 secs] 
1053.917: [GC [1 CMS-initial-mark: 183907K(554368K)] 219398K(803776K), 0.0204230 secs] [Times: user=0.02 sys=0.00, real=0.02 secs] 
1053.937: [CMS-concurrent-mark-start]
1054.168: [CMS-concurrent-mark: 0.230/0.230 secs] [Times: user=0.23 sys=0.00, real=0.24 secs] 
1054.168: [CMS-concurrent-preclean-start]
1054.169: [CMS-concurrent-preclean: 0.001/0.001 secs] [Times: user=0.00 sys=0.00, real=0.00 secs] 
1054.169: [CMS-concurrent-abortable-preclean-start]
 CMS: abort preclean due to time 1059.249: [CMS-concurrent-abortable-preclean: 0.074/5.080 secs] [Times: user=0.09 sys=0.01, real=5.08 secs] 
1059.249: [GC[YG occupancy: 35513 K (249408 K)]1059.249: [Rescan (parallel) , 0.0199550 secs]1059.269: [weak refs processing, 0.0000100 secs]1059.269: [scrub string table, 0.0009400 secs] [1 CMS-remark: 183907K(554368K)] 219420K(803776K), 0.0209750 secs] [Times: user=0.08 sys=0.00, real=0.02 secs] 
1059.270: [CMS-concurrent-sweep-start]
1059.329: [CMS-concurrent-sweep: 0.058/0.058 secs] [Times: user=0.06 sys=0.00, real=0.06 secs] 
1059.329: [CMS-concurrent-reset-start]
1059.330: [CMS-concurrent-reset: 0.001/0.001 secs] [Times: user=0.00 sys=0.00, real=0.00 secs] 
1061.331: [GC [1 CMS-initial-mark: 183907K(554368K)] 219420K(803776K), 0.0284450 secs] [Times: user=0.03 sys=0.00, real=0.03 secs] 
1061.360: [CMS-concurrent-mark-start]
1061.646: [CMS-concurrent-mark: 0.286/0.286 secs] [Times: user=0.28 sys=0.00, real=0.28 secs] 
1061.646: [CMS-concurrent-preclean-start]
1061.648: [CMS-concurrent-preclean: 0.002/0.002 secs] [Times: user=0.00 sys=0.00, real=0.01 secs] 
1061.648: [CMS-concurrent-abortable-preclean-start]
 CMS: abort preclean due to time 1066.730: [CMS-concurrent-abortable-preclean: 0.076/5.082 secs] [Times: user=0.10 sys=0.01, real=5.08 secs] 
1066.730: [GC[YG occupancy: 35570 K (249408 K)]1066.730: [Rescan (parallel) , 0.0184440 secs]1066.749: [weak refs processing, 0.0000130 secs]1066.749: [scrub string table, 0.0008630 secs] [1 CMS-remark: 183907K(554368K)] 219477K(803776K), 0.0193890 secs] [Times: user=0.07 sys=0.00, real=0.02 secs] 
1066.750: [CMS-concurrent-sweep-start]
1066.808: [CMS-concurrent-sweep: 0.058/0.058 secs] [Times: user=0.06 sys=0.00, real=0.06 secs] 
1066.808: [CMS-concurrent-reset-start]
1066.809: [CMS-concurrent-reset: 0.001/0.001 secs] [Times: user=0.00 sys=0.00, real=0.00 secs] 
1068.811: [GC [1 CMS-initial-mark: 183907K(554368K)] 219477K(803776K), 0.0222060 secs] [Times: user=0.02 sys=0.00, real=0.02 secs] 
1068.833: [CMS-concurrent-mark-start]
1069.085: [CMS-concurrent-mark: 0.251/0.251 secs] [Times: user=0.24 sys=0.01, real=0.25 secs] 
1069.085: [CMS-concurrent-preclean-start]
1069.086: [CMS-concurrent-preclean: 0.001/0.001 secs] [Times: user=0.00 sys=0.00, real=0.00 secs] 
1069.086: [CMS-concurrent-abortable-preclean-start]
 CMS: abort preclean due to time 1074.167: [CMS-concurrent-abortable-preclean: 0.074/5.081 secs] [Times: user=0.10 sys=0.00, real=5.08 secs] 
1074.167: [GC[YG occupancy: 35638 K (249408 K)]1074.167: [Rescan (parallel) , 0.0281610 secs]1074.196: [weak refs processing, 0.0000170 secs]1074.196: [scrub string table, 0.0013530 secs] [1 CMS-remark: 183907K(554368K)] 219545K(803776K), 0.0296440 secs] [Times: user=0.04 sys=0.00, real=0.03 secs] 
1074.197: [CMS-concurrent-sweep-start]
1074.283: [CMS-concurrent-sweep: 0.086/0.086 secs] [Times: user=0.07 sys=0.00, real=0.09 secs] 
1074.283: [CMS-concurrent-reset-start]
1074.284: [CMS-concurrent-reset: 0.001/0.001 secs] [Times: user=0.01 sys=0.00, real=0.00 secs] 
1076.285: [GC [1 CMS-initial-mark: 183907K(554368K)] 219554K(803776K), 0.0281030 secs] [Times: user=0.03 sys=0.00, real=0.03 secs] 
1076.313: [CMS-concurrent-mark-start]
1076.544: [CMS-concurrent-mark: 0.231/0.231 secs] [Times: user=0.23 sys=0.00, real=0.23 secs] 
1076.544: [CMS-concurrent-preclean-start]
1076.546: [CMS-concurrent-preclean: 0.001/0.001 secs] [Times: user=0.01 sys=0.00, real=0.00 secs] 
1076.546: [CMS-concurrent-abortable-preclean-start]
 CMS: abort preclean due to time 1081.639: [CMS-concurrent-abortable-preclean: 0.086/5.093 secs] [Times: user=0.11 sys=0.01, real=5.09 secs] 
1081.639: [GC[YG occupancy: 35675 K (249408 K)]1081.639: [Rescan (parallel) , 0.0184240 secs]1081.658: [weak refs processing, 0.0000110 secs]1081.658: [scrub string table, 0.0008620 secs] [1 CMS-remark: 183907K(554368K)] 219582K(803776K), 0.0193730 secs] [Times: user=0.07 sys=0.00, real=0.02 secs] 
1081.659: [CMS-concurrent-sweep-start]
1081.719: [CMS-concurrent-sweep: 0.060/0.060 secs] [Times: user=0.06 sys=0.00, real=0.06 secs] 
1081.719: [CMS-concurrent-reset-start]
1081.720: [CMS-concurrent-reset: 0.001/0.001 secs] [Times: user=0.00 sys=0.00, real=0.01 secs] 
1083.721: [GC [1 CMS-initial-mark: 183907K(554368K)] 219591K(803776K), 0.0154390 secs] [Times: user=0.02 sys=0.00, real=0.01 secs] 
1083.736: [CMS-concurrent-mark-start]
1083.968: [CMS-concurrent-mark: 0.232/0.232 secs] [Times: user=0.23 sys=0.00, real=0.24 secs] 
1083.968: [CMS-concurrent-preclean-start]
1083.969: [CMS-concurrent-preclean: 0.001/0.001 secs] [Times: user=0.00 sys=0.00, real=0.00 secs] 
1083.969: [CMS-concurrent-abortable-preclean-start]
 CMS: abort preclean due to time 1089.055: [CMS-concurrent-abortable-preclean: 0.079/5.086 secs] [Times: user=0.10 sys=0.00, real=5.08 secs] 
1089.056: [GC[YG occupancy: 35723 K (249408 K)]1089.056: [Rescan (parallel) , 0.0181240 secs]1089.074: [weak refs processing, 0.0000130 secs]1089.074: [scrub string table, 0.0008410 secs] [1 CMS-remark: 183907K(554368K)] 219630K(803776K), 0.0190570 secs] [Times: user=0.08 sys=0.00, real=0.02 secs] 
1089.075: [CMS-concurrent-sweep-start]
1089.133: [CMS-concurrent-sweep: 0.058/0.058 secs] [Times: user=0.05 sys=0.00, real=0.06 secs] 
1089.133: [CMS-concurrent-reset-start]
1089.134: [CMS-concurrent-reset: 0.001/0.001 secs] [Times: user=0.01 sys=0.00, real=0.00 secs] 
1091.134: [GC [1 CMS-initial-mark: 183907K(554368K)] 219630K(803776K), 0.0150620 secs] [Times: user=0.01 sys=0.00, real=0.02 secs] 
1091.149: [CMS-concurrent-mark-start]
1091.381: [CMS-concurrent-mark: 0.232/0.232 secs] [Times: user=0.23 sys=0.00, real=0.23 secs] 
1091.381: [CMS-concurrent-preclean-start]
1091.382: [CMS-concurrent-preclean: 0.001/0.001 secs] [Times: user=0.00 sys=0.00, real=0.00 secs] 
1091.383: [CMS-concurrent-abortable-preclean-start]
 CMS: abort preclean due to time 1096.467: [CMS-concurrent-abortable-preclean: 0.078/5.085 secs] [Times: user=0.10 sys=0.01, real=5.08 secs] 
1096.468: [GC[YG occupancy: 35735 K (249408 K)]1096.468: [Rescan (parallel) , 0.0119980 secs]1096.480: [weak refs processing, 0.0000110 secs]1096.480: [scrub string table, 0.0008680 secs] [1 CMS-remark: 183907K(554368K)] 219642K(803776K), 0.0129480 secs] [Times: user=0.04 sys=0.00, real=0.01 secs] 
1096.481: [CMS-concurrent-sweep-start]
1096.538: [CMS-concurrent-sweep: 0.057/0.057 secs] [Times: user=0.06 sys=0.00, real=0.05 secs] 
1096.538: [CMS-concurrent-reset-start]
1096.539: [CMS-concurrent-reset: 0.001/0.001 secs] [Times: user=0.00 sys=0.00, real=0.00 secs] 
1098.540: [GC [1 CMS-initial-mark: 183907K(554368K)] 219642K(803776K), 0.0260960 secs] [Times: user=0.02 sys=0.00, real=0.02 secs] 
1098.566: [CMS-concurrent-mark-start]
1098.800: [CMS-concurrent-mark: 0.234/0.234 secs] [Times: user=0.24 sys=0.00, real=0.24 secs] 
1098.800: [CMS-concurrent-preclean-start]
1098.802: [CMS-concurrent-preclean: 0.001/0.001 secs] [Times: user=0.00 sys=0.00, real=0.00 secs] 
1098.802: [CMS-concurrent-abortable-preclean-start]
 CMS: abort preclean due to time 1103.900: [CMS-concurrent-abortable-preclean: 0.091/5.098 secs] [Times: user=0.19 sys=0.01, real=5.10 secs] 
1103.900: [GC[YG occupancy: 38499 K (249408 K)]1103.900: [Rescan (parallel) , 0.0208510 secs]1103.921: [weak refs processing, 0.0000110 secs]1103.921: [scrub string table, 0.0008730 secs] [1 CMS-remark: 183907K(554368K)] 222406K(803776K), 0.0218240 secs] [Times: user=0.07 sys=0.00, real=0.02 secs] 
1103.922: [CMS-concurrent-sweep-start]
1103.982: [CMS-concurrent-sweep: 0.060/0.060 secs] [Times: user=0.06 sys=0.00, real=0.06 secs] 
1103.982: [CMS-concurrent-reset-start]
1103.984: [CMS-concurrent-reset: 0.002/0.002 secs] [Times: user=0.00 sys=0.00, real=0.00 secs] 
1105.984: [GC [1 CMS-initial-mark: 183907K(554368K)] 222434K(803776K), 0.0210360 secs] [Times: user=0.02 sys=0.00, real=0.02 secs] 
1106.006: [CMS-concurrent-mark-start]
1106.234: [CMS-concurrent-mark: 0.228/0.228 secs] [Times: user=0.23 sys=0.00, real=0.23 secs] 
1106.234: [CMS-concurrent-preclean-start]
1106.235: [CMS-concurrent-preclean: 0.001/0.001 secs] [Times: user=0.01 sys=0.00, real=0.00 secs] 
1106.235: [CMS-concurrent-abortable-preclean-start]
 CMS: abort preclean due to time 1111.329: [CMS-concurrent-abortable-preclean: 0.078/5.094 secs] [Times: user=0.09 sys=0.01, real=5.10 secs] 
1111.330: [GC[YG occupancy: 39229 K (249408 K)]1111.330: [Rescan (parallel) , 0.0228880 secs]1111.353: [weak refs processing, 0.0000100 secs]1111.353: [scrub string table, 0.0008680 secs] [1 CMS-remark: 183907K(554368K)] 223136K(803776K), 0.0238280 secs] [Times: user=0.07 sys=0.00, real=0.02 secs] 
1111.354: [CMS-concurrent-sweep-start]
1111.425: [CMS-concurrent-sweep: 0.071/0.071 secs] [Times: user=0.07 sys=0.00, real=0.07 secs] 
1111.425: [CMS-concurrent-reset-start]
1111.426: [CMS-concurrent-reset: 0.001/0.001 secs] [Times: user=0.00 sys=0.00, real=0.00 secs] 
1113.426: [GC [1 CMS-initial-mark: 183906K(554368K)] 223136K(803776K), 0.0161220 secs] [Times: user=0.02 sys=0.00, real=0.02 secs] 
1113.443: [CMS-concurrent-mark-start]
1113.671: [CMS-concurrent-mark: 0.229/0.229 secs] [Times: user=0.23 sys=0.00, real=0.23 secs] 
1113.672: [CMS-concurrent-preclean-start]
1113.673: [CMS-concurrent-preclean: 0.001/0.001 secs] [Times: user=0.00 sys=0.00, real=0.00 secs] 
1113.673: [CMS-concurrent-abortable-preclean-start]
 CMS: abort preclean due to time 1118.752: [CMS-concurrent-abortable-preclean: 0.097/5.079 secs] [Times: user=0.12 sys=0.01, real=5.08 secs] 
1118.752: [GC[YG occupancy: 39919 K (249408 K)]1118.753: [Rescan (parallel) , 0.0297000 secs]1118.782: [weak refs processing, 0.0000130 secs]1118.782: [scrub string table, 0.0008520 secs] [1 CMS-remark: 183906K(554368K)] 223825K(803776K), 0.0306740 secs] [Times: user=0.11 sys=0.00, real=0.03 secs] 
1118.783: [CMS-concurrent-sweep-start]
1118.841: [CMS-concurrent-sweep: 0.057/0.057 secs] [Times: user=0.06 sys=0.00, real=0.06 secs] 
1118.841: [CMS-concurrent-reset-start]
1118.842: [CMS-concurrent-reset: 0.001/0.001 secs] [Times: user=0.00 sys=0.00, real=0.00 secs] 
1120.842: [GC [1 CMS-initial-mark: 183906K(554368K)] 223831K(803776K), 0.0164030 secs] [Times: user=0.02 sys=0.00, real=0.01 secs] 
1120.859: [CMS-concurrent-mark-start]
1121.088: [CMS-concurrent-mark: 0.229/0.229 secs] [Times: user=0.23 sys=0.00, real=0.24 secs] 
1121.088: [CMS-concurrent-preclean-start]
1121.089: [CMS-concurrent-preclean: 0.001/0.001 secs] [Times: user=0.00 sys=0.00, real=0.00 secs] 
1121.089: [CMS-concurrent-abortable-preclean-start]
 CMS: abort preclean due to time 1126.185: [CMS-concurrent-abortable-preclean: 0.089/5.096 secs] [Times: user=0.11 sys=0.00, real=5.09 secs] 
1126.185: [GC[YG occupancy: 39967 K (249408 K)]1126.185: [Rescan (parallel) , 0.0281470 secs]1126.213: [weak refs processing, 0.0000270 secs]1126.213: [scrub string table, 0.0009720 secs] [1 CMS-remark: 183906K(554368K)] 223873K(803776K), 0.0292410 secs] [Times: user=0.10 sys=0.01, real=0.03 secs] 
1126.215: [CMS-concurrent-sweep-start]
1126.285: [CMS-concurrent-sweep: 0.071/0.071 secs] [Times: user=0.07 sys=0.00, real=0.07 secs] 
1126.285: [CMS-concurrent-reset-start]
1126.286: [CMS-concurrent-reset: 0.001/0.001 secs] [Times: user=0.00 sys=0.00, real=0.00 secs] 
1128.287: [GC [1 CMS-initial-mark: 183906K(554368K)] 223879K(803776K), 0.0214870 secs] [Times: user=0.03 sys=0.00, real=0.03 secs] 
1128.308: [CMS-concurrent-mark-start]
1128.595: [CMS-concurrent-mark: 0.286/0.286 secs] [Times: user=0.28 sys=0.00, real=0.28 secs] 
1128.595: [CMS-concurrent-preclean-start]
1128.596: [CMS-concurrent-preclean: 0.001/0.001 secs] [Times: user=0.00 sys=0.00, real=0.00 secs] 
1128.596: [CMS-concurrent-abortable-preclean-start]
 CMS: abort preclean due to time 1133.696: [CMS-concurrent-abortable-preclean: 0.076/5.101 secs] [Times: user=0.12 sys=0.01, real=5.10 secs] 
1133.697: [GC[YG occupancy: 43512 K (249408 K)]1133.698: [Rescan (parallel) , 0.0340700 secs]1133.732: [weak refs processing, 0.0000460 secs]1133.732: [scrub string table, 0.0055660 secs] [1 CMS-remark: 183906K(554368K)] 227418K(803776K), 0.0399850 secs] [Times: user=0.08 sys=0.00, real=0.04 secs] 
1133.738: [CMS-concurrent-sweep-start]
1133.802: [CMS-concurrent-sweep: 0.064/0.064 secs] [Times: user=0.07 sys=0.00, real=0.07 secs] 
1133.802: [CMS-concurrent-reset-start]
1133.804: [CMS-concurrent-reset: 0.002/0.002 secs] [Times: user=0.00 sys=0.00, real=0.00 secs] 
1135.805: [GC [1 CMS-initial-mark: 183906K(554368K)] 227751K(803776K), 0.0377480 secs] [Times: user=0.04 sys=0.00, real=0.04 secs] 
1135.843: [CMS-concurrent-mark-start]
1136.183: [CMS-concurrent-mark: 0.341/0.341 secs] [Times: user=0.34 sys=0.00, real=0.34 secs] 
1136.183: [CMS-concurrent-preclean-start]
1136.186: [CMS-concurrent-preclean: 0.002/0.002 secs] [Times: user=0.00 sys=0.00, real=0.00 secs] 
1136.186: [CMS-concurrent-abortable-preclean-start]
 CMS: abort preclean due to time 1141.256: [CMS-concurrent-abortable-preclean: 0.083/5.070 secs] [Times: user=0.14 sys=0.01, real=5.07 secs] 
1141.256: [GC[YG occupancy: 46409 K (249408 K)]1141.256: [Rescan (parallel) , 0.0437700 secs]1141.300: [weak refs processing, 0.0000220 secs]1141.300: [scrub string table, 0.0016230 secs] [1 CMS-remark: 183906K(554368K)] 230315K(803776K), 0.0455220 secs] [Times: user=0.05 sys=0.00, real=0.05 secs] 
1141.302: [CMS-concurrent-sweep-start]
1141.381: [CMS-concurrent-sweep: 0.079/0.079 secs] [Times: user=0.08 sys=0.00, real=0.08 secs] 
1141.381: [CMS-concurrent-reset-start]
1141.383: [CMS-concurrent-reset: 0.002/0.002 secs] [Times: user=0.00 sys=0.00, real=0.00 secs] 
1142.228: [GC [1 CMS-initial-mark: 183895K(554368K)] 230959K(803776K), 0.0245690 secs] [Times: user=0.02 sys=0.00, real=0.02 secs] 
1142.252: [CMS-concurrent-mark-start]
1142.645: [CMS-concurrent-mark: 0.392/0.393 secs] [Times: user=0.40 sys=0.00, real=0.39 secs] 
1142.645: [CMS-concurrent-preclean-start]
1142.647: [CMS-concurrent-preclean: 0.001/0.001 secs] [Times: user=0.00 sys=0.00, real=0.00 secs] 
1142.647: [CMS-concurrent-abortable-preclean-start]
 CMS: abort preclean due to time 1147.675: [CMS-concurrent-abortable-preclean: 0.078/5.028 secs] [Times: user=0.14 sys=0.01, real=5.03 secs] 
1147.675: [GC[YG occupancy: 47124 K (249408 K)]1147.675: [Rescan (parallel) , 0.0260210 secs]1147.701: [weak refs processing, 0.0000140 secs]1147.701: [scrub string table, 0.0010000 secs] [1 CMS-remark: 183895K(554368K)] 231019K(803776K), 0.0271740 secs] [Times: user=0.06 sys=0.00, real=0.03 secs] 
1147.704: [CMS-concurrent-sweep-start]
1147.828: [CMS-concurrent-sweep: 0.124/0.124 secs] [Times: user=0.11 sys=0.00, real=0.13 secs] 
1147.829: [CMS-concurrent-reset-start]
1147.831: [CMS-concurrent-reset: 0.002/0.002 secs] [Times: user=0.01 sys=0.00, real=0.00 secs] 
1149.831: [GC [1 CMS-initial-mark: 183885K(554368K)] 231643K(803776K), 0.0214650 secs] [Times: user=0.02 sys=0.00, real=0.02 secs] 
1149.853: [CMS-concurrent-mark-start]
1150.209: [CMS-concurrent-mark: 0.357/0.357 secs] [Times: user=0.35 sys=0.00, real=0.36 secs] 
1150.210: [CMS-concurrent-preclean-start]
1150.211: [CMS-concurrent-preclean: 0.001/0.001 secs] [Times: user=0.00 sys=0.00, real=0.00 secs] 
1150.211: [CMS-concurrent-abortable-preclean-start]
 CMS: abort preclean due to time 1155.309: [CMS-concurrent-abortable-preclean: 0.082/5.098 secs] [Times: user=0.10 sys=0.01, real=5.10 secs] 
1155.310: [GC[YG occupancy: 47759 K (249408 K)]1155.310: [Rescan (parallel) , 0.0341350 secs]1155.344: [weak refs processing, 0.0000130 secs]1155.344: [scrub string table, 0.0011060 secs] [1 CMS-remark: 183885K(554368K)] 231645K(803776K), 0.0353420 secs] [Times: user=0.14 sys=0.00, real=0.03 secs] 
1155.345: [CMS-concurrent-sweep-start]
1155.410: [CMS-concurrent-sweep: 0.065/0.065 secs] [Times: user=0.06 sys=0.00, real=0.07 secs] 
1155.410: [CMS-concurrent-reset-start]
1155.411: [CMS-concurrent-reset: 0.001/0.001 secs] [Times: user=0.00 sys=0.00, real=0.00 secs] 
1157.411: [GC [1 CMS-initial-mark: 183885K(554368K)] 231657K(803776K), 0.0431210 secs] [Times: user=0.04 sys=0.00, real=0.04 secs] 
1157.455: [CMS-concurrent-mark-start]
1157.684: [CMS-concurrent-mark: 0.229/0.229 secs] [Times: user=0.23 sys=0.00, real=0.23 secs] 
1157.684: [CMS-concurrent-preclean-start]
1157.685: [CMS-concurrent-preclean: 0.001/0.001 secs] [Times: user=0.00 sys=0.00, real=0.00 secs] 
1157.685: [CMS-concurrent-abortable-preclean-start]
 CMS: abort preclean due to time 1162.778: [CMS-concurrent-abortable-preclean: 0.085/5.092 secs] [Times: user=0.11 sys=0.01, real=5.09 secs] 
1162.778: [GC[YG occupancy: 50660 K (249408 K)]1162.778: [Rescan (parallel) , 0.0311940 secs]1162.809: [weak refs processing, 0.0000110 secs]1162.809: [scrub string table, 0.0008780 secs] [1 CMS-remark: 183885K(554368K)] 234546K(803776K), 0.0321660 secs] [Times: user=0.12 sys=0.00, real=0.04 secs] 
1162.810: [CMS-concurrent-sweep-start]
1162.873: [CMS-concurrent-sweep: 0.063/0.063 secs] [Times: user=0.07 sys=0.00, real=0.06 secs] 
1162.873: [CMS-concurrent-reset-start]
1162.875: [CMS-concurrent-reset: 0.001/0.001 secs] [Times: user=0.00 sys=0.00, real=0.00 secs] 
1163.949: [GC [1 CMS-initial-mark: 183885K(554368K)] 235198K(803776K), 0.0192670 secs] [Times: user=0.02 sys=0.00, real=0.02 secs] 
1163.969: [CMS-concurrent-mark-start]
1164.197: [CMS-concurrent-mark: 0.228/0.228 secs] [Times: user=0.23 sys=0.00, real=0.22 secs] 
1164.197: [CMS-concurrent-preclean-start]
1164.198: [CMS-concurrent-preclean: 0.001/0.001 secs] [Times: user=0.00 sys=0.00, real=0.00 secs] 
1164.198: [CMS-concurrent-abortable-preclean-start]
 CMS: abort preclean due to time 1169.298: [CMS-concurrent-abortable-preclean: 0.092/5.100 secs] [Times: user=0.11 sys=0.01, real=5.10 secs] 
1169.298: [GC[YG occupancy: 51320 K (249408 K)]1169.298: [Rescan (parallel) , 0.0395680 secs]1169.338: [weak refs processing, 0.0000140 secs]1169.338: [scrub string table, 0.0009610 secs] [1 CMS-remark: 183885K(554368K)] 235206K(803776K), 0.0406170 secs] [Times: user=0.16 sys=0.00, real=0.04 secs] 
1169.339: [CMS-concurrent-sweep-start]
1169.396: [CMS-concurrent-sweep: 0.058/0.058 secs] [Times: user=0.06 sys=0.00, real=0.06 secs] 
1169.397: [CMS-concurrent-reset-start]
1169.398: [CMS-concurrent-reset: 0.001/0.001 secs] [Times: user=0.00 sys=0.00, real=0.00 secs] 
1171.398: [GC [1 CMS-initial-mark: 183885K(554368K)] 235207K(803776K), 0.0346570 secs] [Times: user=0.04 sys=0.00, real=0.04 secs] 
1171.433: [CMS-concurrent-mark-start]
1171.695: [CMS-concurrent-mark: 0.262/0.262 secs] [Times: user=0.26 sys=0.00, real=0.26 secs] 
1171.695: [CMS-concurrent-preclean-start]
1171.696: [CMS-concurrent-preclean: 0.001/0.001 secs] [Times: user=0.00 sys=0.00, real=0.00 secs] 
1171.696: [CMS-concurrent-abortable-preclean-start]
 CMS: abort preclean due to time 1176.788: [CMS-concurrent-abortable-preclean: 0.085/5.092 secs] [Times: user=0.09 sys=0.02, real=5.10 secs] 
1176.789: [GC[YG occupancy: 51347 K (249408 K)]1176.789: [Rescan (parallel) , 0.0267040 secs]1176.815: [weak refs processing, 0.0000110 secs]1176.815: [scrub string table, 0.0009810 secs] [1 CMS-remark: 183885K(554368K)] 235233K(803776K), 0.0277820 secs] [Times: user=0.11 sys=0.00, real=0.02 secs] 
1176.817: [CMS-concurrent-sweep-start]
1176.875: [CMS-concurrent-sweep: 0.058/0.058 secs] [Times: user=0.06 sys=0.01, real=0.06 secs] 
1176.875: [CMS-concurrent-reset-start]
1176.877: [CMS-concurrent-reset: 0.002/0.002 secs] [Times: user=0.00 sys=0.00, real=0.00 secs] 
1178.878: [GC [1 CMS-initial-mark: 183885K(554368K)] 235233K(803776K), 0.0232390 secs] [Times: user=0.02 sys=0.00, real=0.03 secs] 
1178.901: [CMS-concurrent-mark-start]
1179.131: [CMS-concurrent-mark: 0.230/0.230 secs] [Times: user=0.23 sys=0.00, real=0.23 secs] 
1179.131: [CMS-concurrent-preclean-start]
1179.132: [CMS-concurrent-preclean: 0.001/0.001 secs] [Times: user=0.00 sys=0.00, real=0.00 secs] 
1179.132: [CMS-concurrent-abortable-preclean-start]
 CMS: abort preclean due to time 1184.185: [CMS-concurrent-abortable-preclean: 0.069/5.053 secs] [Times: user=0.10 sys=0.00, real=5.05 secs] 
1184.185: [GC[YG occupancy: 52061 K (249408 K)]1184.185: [Rescan (parallel) , 0.0231340 secs]1184.208: [weak refs processing, 0.0000160 secs]1184.208: [scrub string table, 0.0008740 secs] [1 CMS-remark: 183885K(554368K)] 235946K(803776K), 0.0240900 secs] [Times: user=0.08 sys=0.00, real=0.03 secs] 
1184.210: [CMS-concurrent-sweep-start]
1184.268: [CMS-concurrent-sweep: 0.058/0.058 secs] [Times: user=0.05 sys=0.01, real=0.06 secs] 
1184.268: [CMS-concurrent-reset-start]
1184.269: [CMS-concurrent-reset: 0.001/0.001 secs] [Times: user=0.01 sys=0.00, real=0.00 secs] 
1186.269: [GC [1 CMS-initial-mark: 183885K(554368K)] 235952K(803776K), 0.0204060 secs] [Times: user=0.02 sys=0.00, real=0.02 secs] 
1186.290: [CMS-concurrent-mark-start]
1186.518: [CMS-concurrent-mark: 0.228/0.228 secs] [Times: user=0.23 sys=0.00, real=0.22 secs] 
1186.518: [CMS-concurrent-preclean-start]
1186.519: [CMS-concurrent-preclean: 0.001/0.001 secs] [Times: user=0.00 sys=0.00, real=0.00 secs] 
1186.519: [CMS-concurrent-abortable-preclean-start]
 CMS: abort preclean due to time 1191.592: [CMS-concurrent-abortable-preclean: 0.066/5.073 secs] [Times: user=0.09 sys=0.01, real=5.08 secs] 
1191.593: [GC[YG occupancy: 52092 K (249408 K)]1191.593: [Rescan (parallel) , 0.0325650 secs]1191.626: [weak refs processing, 0.0000110 secs]1191.626: [scrub string table, 0.0008730 secs] [1 CMS-remark: 183885K(554368K)] 235977K(803776K), 0.0335200 secs] [Times: user=0.13 sys=0.00, real=0.03 secs] 
1191.627: [CMS-concurrent-sweep-start]
1191.684: [CMS-concurrent-sweep: 0.057/0.057 secs] [Times: user=0.06 sys=0.00, real=0.06 secs] 
1191.684: [CMS-concurrent-reset-start]
1191.685: [CMS-concurrent-reset: 0.001/0.001 secs] [Times: user=0.00 sys=0.00, real=0.00 secs] 
1193.686: [GC [1 CMS-initial-mark: 183884K(554368K)] 236001K(803776K), 0.0198630 secs] [Times: user=0.02 sys=0.00, real=0.02 secs] 
1193.706: [CMS-concurrent-mark-start]
1193.935: [CMS-concurrent-mark: 0.230/0.230 secs] [Times: user=0.23 sys=0.00, real=0.23 secs] 
1193.935: [CMS-concurrent-preclean-start]
1193.936: [CMS-concurrent-preclean: 0.001/0.001 secs] [Times: user=0.00 sys=0.00, real=0.00 secs] 
1193.936: [CMS-concurrent-abortable-preclean-start]
 CMS: abort preclean due to time 1199.013: [CMS-concurrent-abortable-preclean: 0.070/5.077 secs] [Times: user=0.09 sys=0.01, real=5.08 secs] 
1199.014: [GC[YG occupancy: 52127 K (249408 K)]1199.014: [Rescan (parallel) , 0.0513970 secs]1199.065: [weak refs processing, 0.0000150 secs]1199.065: [scrub string table, 0.0019260 secs] [1 CMS-remark: 183884K(554368K)] 236011K(803776K), 0.0534490 secs] [Times: user=0.07 sys=0.00, real=0.05 secs] 
1199.067: [CMS-concurrent-sweep-start]
1199.128: [CMS-concurrent-sweep: 0.061/0.061 secs] [Times: user=0.07 sys=0.00, real=0.07 secs] 
1199.128: [CMS-concurrent-reset-start]
1199.130: [CMS-concurrent-reset: 0.001/0.001 secs] [Times: user=0.00 sys=0.00, real=0.00 secs] 
1201.130: [GC [1 CMS-initial-mark: 183884K(554368K)] 236011K(803776K), 0.0233410 secs] [Times: user=0.03 sys=0.00, real=0.02 secs] 
1201.154: [CMS-concurrent-mark-start]
1201.627: [CMS-concurrent-mark: 0.474/0.474 secs] [Times: user=0.40 sys=0.00, real=0.47 secs] 
1201.628: [CMS-concurrent-preclean-start]
1201.629: [CMS-concurrent-preclean: 0.002/0.002 secs] [Times: user=0.00 sys=0.00, real=0.01 secs] 
1201.629: [CMS-concurrent-abortable-preclean-start]
 CMS: abort preclean due to time 1206.631: [CMS-concurrent-abortable-preclean: 0.076/5.002 secs] [Times: user=0.14 sys=0.01, real=5.00 secs] 
1206.631: [GC[YG occupancy: 56263 K (249408 K)]1206.631: [Rescan (parallel) , 0.0326740 secs]1206.664: [weak refs processing, 0.0000150 secs]1206.664: [scrub string table, 0.0009940 secs] [1 CMS-remark: 183884K(554368K)] 240148K(803776K), 0.0337670 secs] [Times: user=0.10 sys=0.00, real=0.03 secs] 
1206.665: [CMS-concurrent-sweep-start]
1206.764: [CMS-concurrent-sweep: 0.099/0.099 secs] [Times: user=0.10 sys=0.00, real=0.10 secs] 
1206.764: [CMS-concurrent-reset-start]
1206.766: [CMS-concurrent-reset: 0.002/0.002 secs] [Times: user=0.00 sys=0.00, real=0.00 secs] 
1208.767: [GC [1 CMS-initial-mark: 183884K(554368K)] 240789K(803776K), 0.0362790 secs] [Times: user=0.03 sys=0.00, real=0.04 secs] 
1208.804: [CMS-concurrent-mark-start]
1209.159: [CMS-concurrent-mark: 0.355/0.355 secs] [Times: user=0.35 sys=0.01, real=0.35 secs] 
1209.159: [CMS-concurrent-preclean-start]
1209.160: [CMS-concurrent-preclean: 0.001/0.001 secs] [Times: user=0.00 sys=0.00, real=0.01 secs] 
1209.160: [CMS-concurrent-abortable-preclean-start]
 CMS: abort preclean due to time 1214.227: [CMS-concurrent-abortable-preclean: 0.076/5.066 secs] [Times: user=0.11 sys=0.00, real=5.06 secs] 
1214.227: [GC[YG occupancy: 58172 K (249408 K)]1214.227: [Rescan (parallel) , 0.0920290 secs]1214.319: [weak refs processing, 0.0000270 secs]1214.319: [scrub string table, 0.0036490 secs] [1 CMS-remark: 183884K(554368K)] 242057K(803776K), 0.0958680 secs] [Times: user=0.10 sys=0.00, real=0.10 secs] 
1214.323: [CMS-concurrent-sweep-start]
1214.427: [CMS-concurrent-sweep: 0.104/0.104 secs] [Times: user=0.09 sys=0.00, real=0.10 secs] 
1214.428: [CMS-concurrent-reset-start]
1214.430: [CMS-concurrent-reset: 0.002/0.002 secs] [Times: user=0.00 sys=0.01, real=0.00 secs] 
1216.339: [GC [1 CMS-initial-mark: 183791K(554368K)] 242009K(803776K), 0.0264950 secs] [Times: user=0.03 sys=0.00, real=0.03 secs] 
1216.366: [CMS-concurrent-mark-start]
1216.738: [CMS-concurrent-mark: 0.371/0.372 secs] [Times: user=0.36 sys=0.01, real=0.37 secs] 
1216.738: [CMS-concurrent-preclean-start]
1216.740: [CMS-concurrent-preclean: 0.002/0.002 secs] [Times: user=0.00 sys=0.00, real=0.01 secs] 
1216.740: [CMS-concurrent-abortable-preclean-start]
 CMS: abort preclean due to time 1221.753: [CMS-concurrent-abortable-preclean: 0.102/5.013 secs] [Times: user=0.11 sys=0.01, real=5.01 secs] 
1221.754: [GC[YG occupancy: 62409 K (249408 K)]1221.754: [Rescan (parallel) , 0.0376090 secs]1221.791: [weak refs processing, 0.0000110 secs]1221.791: [scrub string table, 0.0009630 secs] [1 CMS-remark: 183791K(554368K)] 246201K(803776K), 0.0386610 secs] [Times: user=0.15 sys=0.00, real=0.04 secs] 
1221.793: [CMS-concurrent-sweep-start]
1221.856: [CMS-concurrent-sweep: 0.063/0.063 secs] [Times: user=0.06 sys=0.00, real=0.06 secs] 
1221.856: [CMS-concurrent-reset-start]
1221.857: [CMS-concurrent-reset: 0.001/0.001 secs] [Times: user=0.00 sys=0.00, real=0.00 secs] 
1223.857: [GC [1 CMS-initial-mark: 183791K(554368K)] 246201K(803776K), 0.0285800 secs] [Times: user=0.03 sys=0.00, real=0.03 secs] 
1223.886: [CMS-concurrent-mark-start]
1224.114: [CMS-concurrent-mark: 0.228/0.228 secs] [Times: user=0.23 sys=0.00, real=0.23 secs] 
1224.114: [CMS-concurrent-preclean-start]
1224.115: [CMS-concurrent-preclean: 0.001/0.001 secs] [Times: user=0.00 sys=0.00, real=0.00 secs] 
1224.115: [CMS-concurrent-abortable-preclean-start]
 CMS: abort preclean due to time 1229.134: [CMS-concurrent-abortable-preclean: 0.111/5.019 secs] [Times: user=0.13 sys=0.02, real=5.02 secs] 
1229.135: [GC[YG occupancy: 62450 K (249408 K)]1229.135: [Rescan (parallel) , 0.0428130 secs]1229.178: [weak refs processing, 0.0000130 secs]1229.178: [scrub string table, 0.0008750 secs] [1 CMS-remark: 183791K(554368K)] 246242K(803776K), 0.0437810 secs] [Times: user=0.17 sys=0.00, real=0.04 secs] 
1229.179: [CMS-concurrent-sweep-start]
1229.236: [CMS-concurrent-sweep: 0.058/0.058 secs] [Times: user=0.06 sys=0.00, real=0.06 secs] 
1229.236: [CMS-concurrent-reset-start]
1229.237: [CMS-concurrent-reset: 0.001/0.001 secs] [Times: user=0.00 sys=0.00, real=0.00 secs] 
1231.238: [GC [1 CMS-initial-mark: 183791K(554368K)] 246242K(803776K), 0.0270510 secs] [Times: user=0.03 sys=0.00, real=0.03 secs] 
1231.265: [CMS-concurrent-mark-start]
1231.494: [CMS-concurrent-mark: 0.228/0.228 secs] [Times: user=0.23 sys=0.00, real=0.23 secs] 
1231.494: [CMS-concurrent-preclean-start]
1231.495: [CMS-concurrent-preclean: 0.001/0.001 secs] [Times: user=0.00 sys=0.00, real=0.00 secs] 
1231.495: [CMS-concurrent-abortable-preclean-start]
 CMS: abort preclean due to time 1236.588: [CMS-concurrent-abortable-preclean: 0.087/5.094 secs] [Times: user=0.10 sys=0.02, real=5.10 secs] 
1236.589: [GC[YG occupancy: 62485 K (249408 K)]1236.589: [Rescan (parallel) , 0.0490080 secs]1236.638: [weak refs processing, 0.0000130 secs]1236.638: [scrub string table, 0.0011250 secs] [1 CMS-remark: 183791K(554368K)] 246276K(803776K), 0.0502360 secs] [Times: user=0.17 sys=0.00, real=0.04 secs] 
1236.639: [CMS-concurrent-sweep-start]
1236.717: [CMS-concurrent-sweep: 0.077/0.077 secs] [Times: user=0.08 sys=0.00, real=0.08 secs] 
1236.717: [CMS-concurrent-reset-start]
1236.718: [CMS-concurrent-reset: 0.001/0.001 secs] [Times: user=0.00 sys=0.00, real=0.00 secs] 
1238.720: [GC [1 CMS-initial-mark: 183791K(554368K)] 246276K(803776K), 0.0259430 secs] [Times: user=0.02 sys=0.00, real=0.02 secs] 
1238.746: [CMS-concurrent-mark-start]
1239.001: [CMS-concurrent-mark: 0.255/0.255 secs] [Times: user=0.26 sys=0.00, real=0.26 secs] 
1239.001: [CMS-concurrent-preclean-start]
1239.002: [CMS-concurrent-preclean: 0.001/0.001 secs] [Times: user=0.00 sys=0.00, real=0.00 secs] 
1239.002: [CMS-concurrent-abortable-preclean-start]
 CMS: abort preclean due to time 1244.095: [CMS-concurrent-abortable-preclean: 0.078/5.093 secs] [Times: user=0.10 sys=0.01, real=5.09 secs] 
1244.095: [GC[YG occupancy: 63181 K (249408 K)]1244.095: [Rescan (parallel) , 0.0332360 secs]1244.128: [weak refs processing, 0.0000100 secs]1244.128: [scrub string table, 0.0008660 secs] [1 CMS-remark: 183791K(554368K)] 246972K(803776K), 0.0341860 secs] [Times: user=0.14 sys=0.00, real=0.04 secs] 
1244.130: [CMS-concurrent-sweep-start]
1244.188: [CMS-concurrent-sweep: 0.058/0.058 secs] [Times: user=0.06 sys=0.00, real=0.06 secs] 
1244.188: [CMS-concurrent-reset-start]
1244.189: [CMS-concurrent-reset: 0.001/0.001 secs] [Times: user=0.00 sys=0.00, real=0.00 secs] 
1246.190: [GC [1 CMS-initial-mark: 183791K(554368K)] 246980K(803776K), 0.0229870 secs] [Times: user=0.02 sys=0.00, real=0.02 secs] 
1246.213: [CMS-concurrent-mark-start]
1246.541: [CMS-concurrent-mark: 0.329/0.329 secs] [Times: user=0.33 sys=0.00, real=0.33 secs] 
1246.541: [CMS-concurrent-preclean-start]
1246.543: [CMS-concurrent-preclean: 0.001/0.001 secs] [Times: user=0.00 sys=0.00, real=0.00 secs] 
1246.543: [CMS-concurrent-abortable-preclean-start]
 CMS: abort preclean due to time 1251.630: [CMS-concurrent-abortable-preclean: 0.081/5.088 secs] [Times: user=0.11 sys=0.00, real=5.09 secs] 
1251.631: [GC[YG occupancy: 63244 K (249408 K)]1251.631: [Rescan (parallel) , 0.0408060 secs]1251.672: [weak refs processing, 0.0000120 secs]1251.672: [scrub string table, 0.0008670 secs] [1 CMS-remark: 183791K(554368K)] 247036K(803776K), 0.0418010 secs] [Times: user=0.16 sys=0.01, real=0.04 secs] 
1251.673: [CMS-concurrent-sweep-start]
1251.731: [CMS-concurrent-sweep: 0.058/0.058 secs] [Times: user=0.06 sys=0.00, real=0.06 secs] 
1251.731: [CMS-concurrent-reset-start]
1251.732: [CMS-concurrent-reset: 0.001/0.001 secs] [Times: user=0.00 sys=0.00, real=0.00 secs] 
1253.732: [GC [1 CMS-initial-mark: 183791K(554368K)] 247036K(803776K), 0.0420860 secs] [Times: user=0.05 sys=0.00, real=0.04 secs] 
1253.775: [CMS-concurrent-mark-start]
1254.026: [CMS-concurrent-mark: 0.251/0.251 secs] [Times: user=0.25 sys=0.00, real=0.25 secs] 
1254.026: [CMS-concurrent-preclean-start]
1254.027: [CMS-concurrent-preclean: 0.001/0.001 secs] [Times: user=0.00 sys=0.00, real=0.00 secs] 
1254.027: [CMS-concurrent-abortable-preclean-start]
 CMS: abort preclean due to time 1259.117: [CMS-concurrent-abortable-preclean: 0.083/5.090 secs] [Times: user=0.09 sys=0.02, real=5.09 secs] 
1259.117: [GC[YG occupancy: 63252 K (249408 K)]1259.117: [Rescan (parallel) , 0.0397100 secs]1259.157: [weak refs processing, 0.0000100 secs]1259.157: [scrub string table, 0.0008770 secs] [1 CMS-remark: 183791K(554368K)] 247044K(803776K), 0.0406710 secs] [Times: user=0.16 sys=0.00, real=0.04 secs] 
1259.158: [CMS-concurrent-sweep-start]
1259.219: [CMS-concurrent-sweep: 0.061/0.061 secs] [Times: user=0.06 sys=0.00, real=0.06 secs] 
1259.219: [CMS-concurrent-reset-start]
1259.220: [CMS-concurrent-reset: 0.001/0.001 secs] [Times: user=0.00 sys=0.00, real=0.01 secs] 
1261.221: [GC [1 CMS-initial-mark: 183791K(554368K)] 247044K(803776K), 0.0398510 secs] [Times: user=0.04 sys=0.00, real=0.04 secs] 
1261.261: [CMS-concurrent-mark-start]
1261.495: [CMS-concurrent-mark: 0.234/0.234 secs] [Times: user=0.23 sys=0.00, real=0.23 secs] 
1261.495: [CMS-concurrent-preclean-start]
1261.496: [CMS-concurrent-preclean: 0.001/0.001 secs] [Times: user=0.00 sys=0.00, real=0.00 secs] 
1261.496: [CMS-concurrent-abortable-preclean-start]
 CMS: abort preclean due to time 1266.500: [CMS-concurrent-abortable-preclean: 0.097/5.004 secs] [Times: user=0.12 sys=0.01, real=5.01 secs] 
1266.500: [GC[YG occupancy: 63283 K (249408 K)]1266.500: [Rescan (parallel) , 0.0444760 secs]1266.545: [weak refs processing, 0.0000200 secs]1266.545: [scrub string table, 0.0008810 secs] [1 CMS-remark: 183791K(554368K)] 247075K(803776K), 0.0454500 secs] [Times: user=0.16 sys=0.00, real=0.04 secs] 
1266.546: [CMS-concurrent-sweep-start]
1266.604: [CMS-concurrent-sweep: 0.058/0.058 secs] [Times: user=0.06 sys=0.00, real=0.06 secs] 
1266.605: [CMS-concurrent-reset-start]
1266.606: [CMS-concurrent-reset: 0.001/0.001 secs] [Times: user=0.00 sys=0.00, real=0.00 secs] 
1268.606: [GC [1 CMS-initial-mark: 183791K(554368K)] 247075K(803776K), 0.0234820 secs] [Times: user=0.02 sys=0.00, real=0.03 secs] 
1268.630: [CMS-concurrent-mark-start]
1268.887: [CMS-concurrent-mark: 0.257/0.257 secs] [Times: user=0.26 sys=0.00, real=0.25 secs] 
1268.887: [CMS-concurrent-preclean-start]
1268.889: [CMS-concurrent-preclean: 0.002/0.002 secs] [Times: user=0.00 sys=0.00, real=0.01 secs] 
1268.889: [CMS-concurrent-abortable-preclean-start]
 CMS: abort preclean due to time 1273.977: [CMS-concurrent-abortable-preclean: 0.082/5.089 secs] [Times: user=0.11 sys=0.01, real=5.08 secs] 
1273.978: [GC[YG occupancy: 63283 K (249408 K)]1273.978: [Rescan (parallel) , 0.0338140 secs]1274.012: [weak refs processing, 0.0000110 secs]1274.012: [scrub string table, 0.0009630 secs] [1 CMS-remark: 183791K(554368K)] 247075K(803776K), 0.0348560 secs] [Times: user=0.14 sys=0.00, real=0.04 secs] 
1274.013: [CMS-concurrent-sweep-start]
1274.071: [CMS-concurrent-sweep: 0.058/0.058 secs] [Times: user=0.05 sys=0.00, real=0.06 secs] 
1274.071: [CMS-concurrent-reset-start]
1274.072: [CMS-concurrent-reset: 0.001/0.001 secs] [Times: user=0.01 sys=0.00, real=0.00 secs] 
1276.073: [GC [1 CMS-initial-mark: 183791K(554368K)] 247083K(803776K), 0.0368610 secs] [Times: user=0.04 sys=0.00, real=0.04 secs] 
1276.110: [CMS-concurrent-mark-start]
1276.342: [CMS-concurrent-mark: 0.233/0.233 secs] [Times: user=0.24 sys=0.00, real=0.23 secs] 
1276.342: [CMS-concurrent-preclean-start]
1276.344: [CMS-concurrent-preclean: 0.001/0.001 secs] [Times: user=0.00 sys=0.00, real=0.00 secs] 
1276.344: [CMS-concurrent-abortable-preclean-start]
 CMS: abort preclean due to time 1281.404: [CMS-concurrent-abortable-preclean: 0.074/5.061 secs] [Times: user=0.09 sys=0.01, real=5.06 secs] 
1281.405: [GC[YG occupancy: 66135 K (249408 K)]1281.405: [Rescan (parallel) , 0.0409000 secs]1281.446: [weak refs processing, 0.0000120 secs]1281.446: [scrub string table, 0.0009500 secs] [1 CMS-remark: 183791K(554368K)] 249927K(803776K), 0.0419450 secs] [Times: user=0.14 sys=0.00, real=0.04 secs] 
1281.447: [CMS-concurrent-sweep-start]
1281.523: [CMS-concurrent-sweep: 0.076/0.076 secs] [Times: user=0.08 sys=0.00, real=0.08 secs] 
1281.523: [CMS-concurrent-reset-start]
1281.525: [CMS-concurrent-reset: 0.002/0.002 secs] [Times: user=0.00 sys=0.00, real=0.00 secs] 
1283.525: [GC [1 CMS-initial-mark: 183791K(554368K)] 249929K(803776K), 0.0319600 secs] [Times: user=0.03 sys=0.00, real=0.03 secs] 
1283.557: [CMS-concurrent-mark-start]
1283.786: [CMS-concurrent-mark: 0.229/0.229 secs] [Times: user=0.23 sys=0.00, real=0.23 secs] 
1283.786: [CMS-concurrent-preclean-start]
1283.787: [CMS-concurrent-preclean: 0.001/0.001 secs] [Times: user=0.00 sys=0.00, real=0.00 secs] 
1283.787: [CMS-concurrent-abortable-preclean-start]
 CMS: abort preclean due to time 1288.861: [CMS-concurrent-abortable-preclean: 0.115/5.073 secs] [Times: user=0.15 sys=0.00, real=5.08 secs] 
1288.861: [GC[YG occupancy: 66814 K (249408 K)]1288.861: [Rescan (parallel) , 0.0406190 secs]1288.902: [weak refs processing, 0.0000130 secs]1288.902: [scrub string table, 0.0009470 secs] [1 CMS-remark: 183791K(554368K)] 250605K(803776K), 0.0416650 secs] [Times: user=0.14 sys=0.00, real=0.04 secs] 
1288.903: [CMS-concurrent-sweep-start]
1288.961: [CMS-concurrent-sweep: 0.058/0.058 secs] [Times: user=0.05 sys=0.00, real=0.06 secs] 
1288.961: [CMS-concurrent-reset-start]
1288.962: [CMS-concurrent-reset: 0.001/0.001 secs] [Times: user=0.00 sys=0.00, real=0.00 secs] 
1290.963: [GC [1 CMS-initial-mark: 183791K(554368K)] 250605K(803776K), 0.0241170 secs] [Times: user=0.02 sys=0.00, real=0.02 secs] 
1290.987: [CMS-concurrent-mark-start]
1291.213: [CMS-concurrent-mark: 0.227/0.227 secs] [Times: user=0.23 sys=0.00, real=0.23 secs] 
1291.213: [CMS-concurrent-preclean-start]
1291.215: [CMS-concurrent-preclean: 0.001/0.001 secs] [Times: user=0.00 sys=0.00, real=0.00 secs] 
1291.215: [CMS-concurrent-abortable-preclean-start]
 CMS: abort preclean due to time 1296.301: [CMS-concurrent-abortable-preclean: 0.079/5.087 secs] [Times: user=0.10 sys=0.01, real=5.09 secs] 
1296.302: [GC[YG occupancy: 66827 K (249408 K)]1296.302: [Rescan (parallel) , 0.0352470 secs]1296.337: [weak refs processing, 0.0000110 secs]1296.337: [scrub string table, 0.0008640 secs] [1 CMS-remark: 183791K(554368K)] 250618K(803776K), 0.0361990 secs] [Times: user=0.14 sys=0.00, real=0.03 secs] 
1296.338: [CMS-concurrent-sweep-start]
1296.396: [CMS-concurrent-sweep: 0.058/0.058 secs] [Times: user=0.05 sys=0.00, real=0.06 secs] 
1296.397: [CMS-concurrent-reset-start]
1296.398: [CMS-concurrent-reset: 0.001/0.001 secs] [Times: user=0.01 sys=0.00, real=0.00 secs] 
1298.398: [GC [1 CMS-initial-mark: 183791K(554368K)] 250618K(803776K), 0.0303020 secs] [Times: user=0.03 sys=0.00, real=0.04 secs] 
1298.429: [CMS-concurrent-mark-start]
1298.657: [CMS-concurrent-mark: 0.228/0.228 secs] [Times: user=0.23 sys=0.00, real=0.22 secs] 
1298.657: [CMS-concurrent-preclean-start]
1298.658: [CMS-concurrent-preclean: 0.001/0.001 secs] [Times: user=0.01 sys=0.00, real=0.00 secs] 
1298.658: [CMS-concurrent-abortable-preclean-start]
 CMS: abort preclean due to time 1303.753: [CMS-concurrent-abortable-preclean: 0.088/5.095 secs] [Times: user=0.10 sys=0.01, real=5.10 secs] 
1303.754: [GC[YG occupancy: 66839 K (249408 K)]1303.754: [Rescan (parallel) , 0.0523730 secs]1303.806: [weak refs processing, 0.0000160 secs]1303.806: [scrub string table, 0.0020170 secs] [1 CMS-remark: 183791K(554368K)] 250630K(803776K), 0.0545120 secs] [Times: user=0.17 sys=0.00, real=0.06 secs] 
1303.808: [CMS-concurrent-sweep-start]
1303.897: [CMS-concurrent-sweep: 0.088/0.088 secs] [Times: user=0.09 sys=0.00, real=0.08 secs] 
1303.897: [CMS-concurrent-reset-start]
1303.898: [CMS-concurrent-reset: 0.001/0.001 secs] [Times: user=0.00 sys=0.00, real=0.00 secs] 
1305.899: [GC [1 CMS-initial-mark: 183791K(554368K)] 250670K(803776K), 0.0256770 secs] [Times: user=0.03 sys=0.00, real=0.03 secs] 
1305.925: [CMS-concurrent-mark-start]
1306.155: [CMS-concurrent-mark: 0.230/0.230 secs] [Times: user=0.23 sys=0.00, real=0.23 secs] 
1306.155: [CMS-concurrent-preclean-start]
1306.156: [CMS-concurrent-preclean: 0.001/0.001 secs] [Times: user=0.00 sys=0.00, real=0.00 secs] 
1306.156: [CMS-concurrent-abortable-preclean-start]
 CMS: abort preclean due to time 1311.237: [CMS-concurrent-abortable-preclean: 0.074/5.081 secs] [Times: user=0.10 sys=0.00, real=5.08 secs] 
1311.237: [GC[YG occupancy: 66892 K (249408 K)]1311.237: [Rescan (parallel) , 0.0447150 secs]1311.282: [weak refs processing, 0.0000210 secs]1311.282: [scrub string table, 0.0008600 secs] [1 CMS-remark: 183791K(554368K)] 250683K(803776K), 0.0456920 secs] [Times: user=0.17 sys=0.00, real=0.05 secs] 
1311.283: [CMS-concurrent-sweep-start]
1311.342: [CMS-concurrent-sweep: 0.059/0.059 secs] [Times: user=0.06 sys=0.00, real=0.06 secs] 
1311.342: [CMS-concurrent-reset-start]
1311.343: [CMS-concurrent-reset: 0.001/0.001 secs] [Times: user=0.00 sys=0.00, real=0.00 secs] 
1313.344: [GC [1 CMS-initial-mark: 183791K(554368K)] 250683K(803776K), 0.0291530 secs] [Times: user=0.03 sys=0.00, real=0.03 secs] 
1313.373: [CMS-concurrent-mark-start]
1313.605: [CMS-concurrent-mark: 0.232/0.232 secs] [Times: user=0.23 sys=0.00, real=0.23 secs] 
1313.605: [CMS-concurrent-preclean-start]
1313.606: [CMS-concurrent-preclean: 0.001/0.001 secs] [Times: user=0.00 sys=0.00, real=0.00 secs] 
1313.606: [CMS-concurrent-abortable-preclean-start]
 CMS: abort preclean due to time 1318.618: [CMS-concurrent-abortable-preclean: 0.105/5.013 secs] [Times: user=0.13 sys=0.00, real=5.01 secs] 
1318.619: [GC[YG occupancy: 66911 K (249408 K)]1318.619: [Rescan (parallel) , 0.0590330 secs]1318.678: [weak refs processing, 0.0000130 secs]1318.678: [scrub string table, 0.0011470 secs] [1 CMS-remark: 183791K(554368K)] 250702K(803776K), 0.0602770 secs] [Times: user=0.24 sys=0.00, real=0.06 secs] 
1318.679: [CMS-concurrent-sweep-start]
1318.743: [CMS-concurrent-sweep: 0.064/0.064 secs] [Times: user=0.06 sys=0.00, real=0.07 secs] 
1318.743: [CMS-concurrent-reset-start]
1318.744: [CMS-concurrent-reset: 0.001/0.001 secs] [Times: user=0.00 sys=0.00, real=0.00 secs] 
1320.745: [GC [1 CMS-initial-mark: 183791K(554368K)] 250704K(803776K), 0.0324130 secs] [Times: user=0.03 sys=0.00, real=0.03 secs] 
1320.778: [CMS-concurrent-mark-start]
1321.008: [CMS-concurrent-mark: 0.231/0.231 secs] [Times: user=0.23 sys=0.00, real=0.24 secs] 
1321.008: [CMS-concurrent-preclean-start]
1321.010: [CMS-concurrent-preclean: 0.001/0.001 secs] [Times: user=0.01 sys=0.00, real=0.00 secs] 
1321.010: [CMS-concurrent-abortable-preclean-start]
 CMS: abort preclean due to time 1326.011: [CMS-concurrent-abortable-preclean: 0.094/5.001 secs] [Times: user=0.11 sys=0.01, real=5.00 secs] 
1326.012: [GC[YG occupancy: 66966 K (249408 K)]1326.012: [Rescan (parallel) , 0.0422150 secs]1326.054: [weak refs processing, 0.0000110 secs]1326.054: [scrub string table, 0.0008760 secs] [1 CMS-remark: 183791K(554368K)] 250758K(803776K), 0.0432260 secs] [Times: user=0.17 sys=0.00, real=0.04 secs] 
1326.055: [CMS-concurrent-sweep-start]
1326.112: [CMS-concurrent-sweep: 0.057/0.057 secs] [Times: user=0.06 sys=0.00, real=0.06 secs] 
1326.113: [CMS-concurrent-reset-start]
1326.114: [CMS-concurrent-reset: 0.001/0.001 secs] [Times: user=0.00 sys=0.00, real=0.00 secs] 
1328.114: [GC [1 CMS-initial-mark: 183791K(554368K)] 250758K(803776K), 0.0414870 secs] [Times: user=0.04 sys=0.00, real=0.04 secs] 
1328.156: [CMS-concurrent-mark-start]
1328.389: [CMS-concurrent-mark: 0.234/0.234 secs] [Times: user=0.23 sys=0.00, real=0.24 secs] 
1328.390: [CMS-concurrent-preclean-start]
1328.391: [CMS-concurrent-preclean: 0.001/0.001 secs] [Times: user=0.00 sys=0.00, real=0.00 secs] 
1328.391: [CMS-concurrent-abortable-preclean-start]
 CMS: abort preclean due to time 1333.487: [CMS-concurrent-abortable-preclean: 0.090/5.096 secs] [Times: user=0.11 sys=0.01, real=5.09 secs] 
1333.487: [GC[YG occupancy: 67034 K (249408 K)]1333.487: [Rescan (parallel) , 0.0359920 secs]1333.523: [weak refs processing, 0.0000190 secs]1333.523: [scrub string table, 0.0008870 secs] [1 CMS-remark: 183791K(554368K)] 250825K(803776K), 0.0369680 secs] [Times: user=0.14 sys=0.00, real=0.04 secs] 
1333.524: [CMS-concurrent-sweep-start]
1333.582: [CMS-concurrent-sweep: 0.058/0.058 secs] [Times: user=0.06 sys=0.00, real=0.06 secs] 
1333.582: [CMS-concurrent-reset-start]
1333.584: [CMS-concurrent-reset: 0.001/0.001 secs] [Times: user=0.00 sys=0.00, real=0.00 secs] 
1335.584: [GC [1 CMS-initial-mark: 183791K(554368K)] 250834K(803776K), 0.0388870 secs] [Times: user=0.04 sys=0.00, real=0.04 secs] 
1335.623: [CMS-concurrent-mark-start]
1335.861: [CMS-concurrent-mark: 0.238/0.238 secs] [Times: user=0.24 sys=0.00, real=0.24 secs] 
1335.861: [CMS-concurrent-preclean-start]
1335.862: [CMS-concurrent-preclean: 0.001/0.001 secs] [Times: user=0.00 sys=0.00, real=0.00 secs] 
1335.862: [CMS-concurrent-abortable-preclean-start]
 CMS: abort preclean due to time 1340.939: [CMS-concurrent-abortable-preclean: 0.071/5.077 secs] [Times: user=0.11 sys=0.00, real=5.07 secs] 
1340.940: [GC[YG occupancy: 69948 K (249408 K)]1340.940: [Rescan (parallel) , 0.0410070 secs]1340.981: [weak refs processing, 0.0000110 secs]1340.981: [scrub string table, 0.0009260 secs] [1 CMS-remark: 183791K(554368K)] 253739K(803776K), 0.0420130 secs] [Times: user=0.15 sys=0.01, real=0.04 secs] 
1340.982: [CMS-concurrent-sweep-start]
1341.068: [CMS-concurrent-sweep: 0.086/0.086 secs] [Times: user=0.08 sys=0.00, real=0.09 secs] 
1341.069: [CMS-concurrent-reset-start]
1341.070: [CMS-concurrent-reset: 0.002/0.002 secs] [Times: user=0.00 sys=0.00, real=0.00 secs] 
1343.071: [GC [1 CMS-initial-mark: 183791K(554368K)] 253781K(803776K), 0.0312970 secs] [Times: user=0.03 sys=0.00, real=0.03 secs] 
1343.102: [CMS-concurrent-mark-start]
1343.331: [CMS-concurrent-mark: 0.229/0.229 secs] [Times: user=0.23 sys=0.00, real=0.23 secs] 
1343.331: [CMS-concurrent-preclean-start]
1343.333: [CMS-concurrent-preclean: 0.001/0.001 secs] [Times: user=0.00 sys=0.00, real=0.00 secs] 
1343.333: [CMS-concurrent-abortable-preclean-start]
 CMS: abort preclean due to time 1348.420: [CMS-concurrent-abortable-preclean: 0.081/5.087 secs] [Times: user=0.09 sys=0.02, real=5.09 secs] 
1348.420: [GC[YG occupancy: 70026 K (249408 K)]1348.420: [Rescan (parallel) , 0.0410350 secs]1348.461: [weak refs processing, 0.0000130 secs]1348.461: [scrub string table, 0.0009670 secs] [1 CMS-remark: 183791K(554368K)] 253818K(803776K), 0.0421010 secs] [Times: user=0.16 sys=0.00, real=0.04 secs] 
1348.463: [CMS-concurrent-sweep-start]
1348.521: [CMS-concurrent-sweep: 0.059/0.059 secs] [Times: user=0.06 sys=0.00, real=0.06 secs] 
1348.522: [CMS-concurrent-reset-start]
1348.523: [CMS-concurrent-reset: 0.002/0.002 secs] [Times: user=0.00 sys=0.00, real=0.00 secs] 
1350.524: [GC [1 CMS-initial-mark: 183791K(554368K)] 253824K(803776K), 0.0318170 secs] [Times: user=0.03 sys=0.00, real=0.03 secs] 
1350.556: [CMS-concurrent-mark-start]
1350.786: [CMS-concurrent-mark: 0.230/0.230 secs] [Times: user=0.23 sys=0.00, real=0.23 secs] 
1350.786: [CMS-concurrent-preclean-start]
1350.787: [CMS-concurrent-preclean: 0.001/0.001 secs] [Times: user=0.00 sys=0.00, real=0.00 secs] 
1350.787: [CMS-concurrent-abortable-preclean-start]
 CMS: abort preclean due to time 1355.877: [CMS-concurrent-abortable-preclean: 0.081/5.090 secs] [Times: user=0.09 sys=0.02, real=5.09 secs] 
1355.878: [GC[YG occupancy: 70056 K (249408 K)]1355.878: [Rescan (parallel) , 0.0474170 secs]1355.925: [weak refs processing, 0.0000200 secs]1355.925: [scrub string table, 0.0008710 secs] [1 CMS-remark: 183791K(554368K)] 253847K(803776K), 0.0484340 secs] [Times: user=0.17 sys=0.00, real=0.05 secs] 
1355.926: [CMS-concurrent-sweep-start]
1355.984: [CMS-concurrent-sweep: 0.058/0.058 secs] [Times: user=0.06 sys=0.00, real=0.06 secs] 
1355.985: [CMS-concurrent-reset-start]
1355.986: [CMS-concurrent-reset: 0.001/0.001 secs] [Times: user=0.00 sys=0.00, real=0.00 secs] 
1357.986: [GC [1 CMS-initial-mark: 183791K(554368K)] 253847K(803776K), 0.0520300 secs] [Times: user=0.05 sys=0.00, real=0.05 secs] 
1358.038: [CMS-concurrent-mark-start]
1358.275: [CMS-concurrent-mark: 0.237/0.237 secs] [Times: user=0.24 sys=0.00, real=0.24 secs] 
1358.275: [CMS-concurrent-preclean-start]
1358.276: [CMS-concurrent-preclean: 0.001/0.001 secs] [Times: user=0.00 sys=0.00, real=0.00 secs] 
1358.276: [CMS-concurrent-abortable-preclean-start]
 CMS: abort preclean due to time 1363.365: [CMS-concurrent-abortable-preclean: 0.082/5.089 secs] [Times: user=0.10 sys=0.02, real=5.09 secs] 
1363.366: [GC[YG occupancy: 70076 K (249408 K)]1363.366: [Rescan (parallel) , 0.0388960 secs]1363.404: [weak refs processing, 0.0000210 secs]1363.404: [scrub string table, 0.0008970 secs] [1 CMS-remark: 183791K(554368K)] 253867K(803776K), 0.0398770 secs] [Times: user=0.14 sys=0.00, real=0.04 secs] 
1363.406: [CMS-concurrent-sweep-start]
1363.464: [CMS-concurrent-sweep: 0.058/0.058 secs] [Times: user=0.06 sys=0.00, real=0.06 secs] 
1363.464: [CMS-concurrent-reset-start]
1363.465: [CMS-concurrent-reset: 0.001/0.001 secs] [Times: user=0.00 sys=0.00, real=0.00 secs] 
1365.466: [GC [1 CMS-initial-mark: 183791K(554368K)] 253898K(803776K), 0.0391300 secs] [Times: user=0.04 sys=0.00, real=0.04 secs] 
1365.505: [CMS-concurrent-mark-start]
1365.745: [CMS-concurrent-mark: 0.240/0.240 secs] [Times: user=0.24 sys=0.00, real=0.24 secs] 
1365.745: [CMS-concurrent-preclean-start]
1365.746: [CMS-concurrent-preclean: 0.001/0.001 secs] [Times: user=0.00 sys=0.00, real=0.00 secs] 
1365.746: [CMS-concurrent-abortable-preclean-start]
 CMS: abort preclean due to time 1370.834: [CMS-concurrent-abortable-preclean: 0.080/5.088 secs] [Times: user=0.10 sys=0.01, real=5.09 secs] 
1370.834: [GC[YG occupancy: 70117 K (249408 K)]1370.835: [Rescan (parallel) , 0.0627260 secs]1370.897: [weak refs processing, 0.0000130 secs]1370.897: [scrub string table, 0.0011680 secs] [1 CMS-remark: 183791K(554368K)] 253908K(803776K), 0.0640120 secs] [Times: user=0.25 sys=0.01, real=0.06 secs] 
1370.899: [CMS-concurrent-sweep-start]
1370.961: [CMS-concurrent-sweep: 0.063/0.063 secs] [Times: user=0.06 sys=0.00, real=0.07 secs] 
1370.961: [CMS-concurrent-reset-start]
1370.963: [CMS-concurrent-reset: 0.001/0.001 secs] [Times: user=0.00 sys=0.00, real=0.00 secs] 
1372.963: [GC [1 CMS-initial-mark: 183791K(554368K)] 254542K(803776K), 0.0265100 secs] [Times: user=0.03 sys=0.00, real=0.03 secs] 
1372.990: [CMS-concurrent-mark-start]
1373.220: [CMS-concurrent-mark: 0.230/0.230 secs] [Times: user=0.23 sys=0.00, real=0.23 secs] 
1373.220: [CMS-concurrent-preclean-start]
1373.221: [CMS-concurrent-preclean: 0.001/0.001 secs] [Times: user=0.00 sys=0.00, real=0.00 secs] 
1373.221: [CMS-concurrent-abortable-preclean-start]
 CMS: abort preclean due to time 1378.290: [CMS-concurrent-abortable-preclean: 0.062/5.069 secs] [Times: user=0.08 sys=0.00, real=5.07 secs] 
1378.290: [GC[YG occupancy: 70766 K (249408 K)]1378.290: [Rescan (parallel) , 0.0383490 secs]1378.328: [weak refs processing, 0.0000130 secs]1378.328: [scrub string table, 0.0009060 secs] [1 CMS-remark: 183791K(554368K)] 254557K(803776K), 0.0393370 secs] [Times: user=0.15 sys=0.00, real=0.04 secs] 
1378.330: [CMS-concurrent-sweep-start]
1378.388: [CMS-concurrent-sweep: 0.058/0.058 secs] [Times: user=0.06 sys=0.00, real=0.06 secs] 
1378.388: [CMS-concurrent-reset-start]
1378.389: [CMS-concurrent-reset: 0.001/0.001 secs] [Times: user=0.00 sys=0.00, real=0.00 secs] 
1380.389: [GC [1 CMS-initial-mark: 183791K(554368K)] 254557K(803776K), 0.0260130 secs] [Times: user=0.03 sys=0.00, real=0.02 secs] 
1380.416: [CMS-concurrent-mark-start]
1380.652: [CMS-concurrent-mark: 0.236/0.236 secs] [Times: user=0.23 sys=0.01, real=0.24 secs] 
1380.652: [CMS-concurrent-preclean-start]
1380.653: [CMS-concurrent-preclean: 0.001/0.001 secs] [Times: user=0.00 sys=0.00, real=0.00 secs] 
1380.653: [CMS-concurrent-abortable-preclean-start]
 CMS: abort preclean due to time 1385.735: [CMS-concurrent-abortable-preclean: 0.076/5.082 secs] [Times: user=0.10 sys=0.00, real=5.08 secs] 
1385.736: [GC[YG occupancy: 70827 K (249408 K)]1385.736: [Rescan (parallel) , 0.0389170 secs]1385.775: [weak refs processing, 0.0000130 secs]1385.775: [scrub string table, 0.0008990 secs] [1 CMS-remark: 183791K(554368K)] 254619K(803776K), 0.0399000 secs] [Times: user=0.16 sys=0.00, real=0.04 secs] 
1385.776: [CMS-concurrent-sweep-start]
1385.835: [CMS-concurrent-sweep: 0.059/0.059 secs] [Times: user=0.05 sys=0.00, real=0.06 secs] 
1385.835: [CMS-concurrent-reset-start]
1385.836: [CMS-concurrent-reset: 0.001/0.001 secs] [Times: user=0.00 sys=0.00, real=0.00 secs] 
1387.836: [GC [1 CMS-initial-mark: 183791K(554368K)] 254619K(803776K), 0.0258070 secs] [Times: user=0.03 sys=0.00, real=0.03 secs] 
1387.862: [CMS-concurrent-mark-start]
1388.093: [CMS-concurrent-mark: 0.231/0.231 secs] [Times: user=0.23 sys=0.00, real=0.23 secs] 
1388.093: [CMS-concurrent-preclean-start]
1388.094: [CMS-concurrent-preclean: 0.001/0.001 secs] [Times: user=0.00 sys=0.00, real=0.00 secs] 
1388.094: [CMS-concurrent-abortable-preclean-start]
 CMS: abort preclean due to time 1393.195: [CMS-concurrent-abortable-preclean: 0.093/5.100 secs] [Times: user=0.10 sys=0.02, real=5.10 secs] 
1393.195: [GC[YG occupancy: 70838 K (249408 K)]1393.195: [Rescan (parallel) , 0.0506690 secs]1393.246: [weak refs processing, 0.0000190 secs]1393.246: [scrub string table, 0.0008700 secs] [1 CMS-remark: 183791K(554368K)] 254629K(803776K), 0.0516400 secs] [Times: user=0.20 sys=0.00, real=0.05 secs] 
1393.247: [CMS-concurrent-sweep-start]
1393.304: [CMS-concurrent-sweep: 0.057/0.057 secs] [Times: user=0.06 sys=0.00, real=0.06 secs] 
1393.304: [CMS-concurrent-reset-start]
1393.305: [CMS-concurrent-reset: 0.001/0.001 secs] [Times: user=0.00 sys=0.00, real=0.00 secs] 
1395.306: [GC [1 CMS-initial-mark: 183791K(554368K)] 254629K(803776K), 0.0435140 secs] [Times: user=0.04 sys=0.00, real=0.05 secs] 
1395.350: [CMS-concurrent-mark-start]
1395.583: [CMS-concurrent-mark: 0.233/0.233 secs] [Times: user=0.24 sys=0.00, real=0.23 secs] 
1395.583: [CMS-concurrent-preclean-start]
1395.584: [CMS-concurrent-preclean: 0.001/0.001 secs] [Times: user=0.00 sys=0.00, real=0.00 secs] 
1395.584: [CMS-concurrent-abortable-preclean-start]
 CMS: abort preclean due to time 1400.677: [CMS-concurrent-abortable-preclean: 0.085/5.093 secs] [Times: user=0.10 sys=0.01, real=5.09 secs] 
1400.678: [GC[YG occupancy: 70937 K (249408 K)]1400.678: [Rescan (parallel) , 0.0400840 secs]1400.718: [weak refs processing, 0.0000150 secs]1400.718: [scrub string table, 0.0010380 secs] [1 CMS-remark: 183791K(554368K)] 254728K(803776K), 0.0412320 secs] [Times: user=0.16 sys=0.00, real=0.04 secs] 
1400.719: [CMS-concurrent-sweep-start]
1400.777: [CMS-concurrent-sweep: 0.058/0.058 secs] [Times: user=0.06 sys=0.00, real=0.06 secs] 
1400.777: [CMS-concurrent-reset-start]
1400.778: [CMS-concurrent-reset: 0.001/0.001 secs] [Times: user=0.00 sys=0.00, real=0.00 secs] 
1402.779: [GC [1 CMS-initial-mark: 183791K(554368K)] 257616K(803776K), 0.0263930 secs] [Times: user=0.03 sys=0.00, real=0.03 secs] 
1402.805: [CMS-concurrent-mark-start]
1403.034: [CMS-concurrent-mark: 0.229/0.229 secs] [Times: user=0.23 sys=0.00, real=0.23 secs] 
1403.034: [CMS-concurrent-preclean-start]
1403.035: [CMS-concurrent-preclean: 0.001/0.001 secs] [Times: user=0.00 sys=0.00, real=0.00 secs] 
1403.035: [CMS-concurrent-abortable-preclean-start]
 CMS: abort preclean due to time 1408.129: [CMS-concurrent-abortable-preclean: 0.086/5.093 secs] [Times: user=0.11 sys=0.00, real=5.10 secs] 
1408.129: [GC[YG occupancy: 73851 K (249408 K)]1408.129: [Rescan (parallel) , 0.0466960 secs]1408.176: [weak refs processing, 0.0000190 secs]1408.176: [scrub string table, 0.0009610 secs] [1 CMS-remark: 183791K(554368K)] 257643K(803776K), 0.0477650 secs] [Times: user=0.19 sys=0.01, real=0.04 secs] 
1408.177: [CMS-concurrent-sweep-start]
1408.235: [CMS-concurrent-sweep: 0.057/0.057 secs] [Times: user=0.05 sys=0.00, real=0.06 secs] 
1408.235: [CMS-concurrent-reset-start]
1408.236: [CMS-concurrent-reset: 0.001/0.001 secs] [Times: user=0.00 sys=0.00, real=0.00 secs] 
1410.236: [GC [1 CMS-initial-mark: 183791K(554368K)] 257653K(803776K), 0.0458600 secs] [Times: user=0.04 sys=0.00, real=0.05 secs] 
1410.283: [CMS-concurrent-mark-start]
1410.514: [CMS-concurrent-mark: 0.232/0.232 secs] [Times: user=0.23 sys=0.00, real=0.23 secs] 
1410.514: [CMS-concurrent-preclean-start]
1410.516: [CMS-concurrent-preclean: 0.001/0.001 secs] [Times: user=0.01 sys=0.00, real=0.00 secs] 
1410.516: [CMS-concurrent-abortable-preclean-start]
 CMS: abort preclean due to time 1415.608: [CMS-concurrent-abortable-preclean: 0.086/5.092 secs] [Times: user=0.10 sys=0.00, real=5.10 secs] 
1415.608: [GC[YG occupancy: 73879 K (249408 K)]1415.608: [Rescan (parallel) , 0.0402710 secs]1415.649: [weak refs processing, 0.0000170 secs]1415.649: [scrub string table, 0.0008820 secs] [1 CMS-remark: 183791K(554368K)] 257670K(803776K), 0.0412470 secs] [Times: user=0.16 sys=0.00, real=0.04 secs] 
1415.650: [CMS-concurrent-sweep-start]
1415.708: [CMS-concurrent-sweep: 0.058/0.058 secs] [Times: user=0.06 sys=0.00, real=0.06 secs] 
1415.708: [CMS-concurrent-reset-start]
1415.709: [CMS-concurrent-reset: 0.001/0.001 secs] [Times: user=0.00 sys=0.00, real=0.00 secs] 
1417.709: [GC [1 CMS-initial-mark: 183791K(554368K)] 257672K(803776K), 0.0268490 secs] [Times: user=0.02 sys=0.00, real=0.02 secs] 
1417.736: [CMS-concurrent-mark-start]
1417.969: [CMS-concurrent-mark: 0.232/0.232 secs] [Times: user=0.24 sys=0.00, real=0.24 secs] 
1417.969: [CMS-concurrent-preclean-start]
1417.970: [CMS-concurrent-preclean: 0.001/0.001 secs] [Times: user=0.00 sys=0.00, real=0.00 secs] 
1417.970: [CMS-concurrent-abortable-preclean-start]
 CMS: abort preclean due to time 1423.061: [CMS-concurrent-abortable-preclean: 0.085/5.091 secs] [Times: user=0.10 sys=0.02, real=5.09 secs] 
1423.062: [GC[YG occupancy: 73885 K (249408 K)]1423.062: [Rescan (parallel) , 0.0417040 secs]1423.103: [weak refs processing, 0.0000100 secs]1423.103: [scrub string table, 0.0009580 secs] [1 CMS-remark: 183791K(554368K)] 257676K(803776K), 0.0427570 secs] [Times: user=0.15 sys=0.00, real=0.04 secs] 
1423.104: [CMS-concurrent-sweep-start]
1423.163: [CMS-concurrent-sweep: 0.058/0.058 secs] [Times: user=0.05 sys=0.00, real=0.06 secs] 
1423.163: [CMS-concurrent-reset-start]
1423.164: [CMS-concurrent-reset: 0.001/0.001 secs] [Times: user=0.00 sys=0.00, real=0.00 secs] 
1425.164: [GC [1 CMS-initial-mark: 183791K(554368K)] 257694K(803776K), 0.0261640 secs] [Times: user=0.03 sys=0.00, real=0.03 secs] 
1425.191: [CMS-concurrent-mark-start]
1425.419: [CMS-concurrent-mark: 0.228/0.228 secs] [Times: user=0.23 sys=0.00, real=0.22 secs] 
1425.419: [CMS-concurrent-preclean-start]
1425.420: [CMS-concurrent-preclean: 0.001/0.001 secs] [Times: user=0.00 sys=0.00, real=0.01 secs] 
1425.420: [CMS-concurrent-abortable-preclean-start]
 CMS: abort preclean due to time 1430.518: [CMS-concurrent-abortable-preclean: 0.090/5.098 secs] [Times: user=0.12 sys=0.01, real=5.09 secs] 
1430.518: [GC[YG occupancy: 73939 K (249408 K)]1430.519: [Rescan (parallel) , 0.0466970 secs]1430.565: [weak refs processing, 0.0000100 secs]1430.565: [scrub string table, 0.0008840 secs] [1 CMS-remark: 183791K(554368K)] 257730K(803776K), 0.0476720 secs] [Times: user=0.18 sys=0.00, real=0.05 secs] 
1430.566: [CMS-concurrent-sweep-start]
1430.624: [CMS-concurrent-sweep: 0.057/0.057 secs] [Times: user=0.06 sys=0.00, real=0.06 secs] 
1430.624: [CMS-concurrent-reset-start]
1430.625: [CMS-concurrent-reset: 0.001/0.001 secs] [Times: user=0.00 sys=0.00, real=0.00 secs] 
1432.625: [GC [1 CMS-initial-mark: 183791K(554368K)] 257730K(803776K), 0.0272880 secs] [Times: user=0.03 sys=0.00, real=0.03 secs] 
1432.653: [CMS-concurrent-mark-start]
1432.892: [CMS-concurrent-mark: 0.239/0.239 secs] [Times: user=0.24 sys=0.00, real=0.24 secs] 
1432.892: [CMS-concurrent-preclean-start]
1432.893: [CMS-concurrent-preclean: 0.001/0.001 secs] [Times: user=0.00 sys=0.00, real=0.00 secs] 
1432.893: [CMS-concurrent-abortable-preclean-start]
 CMS: abort preclean due to time 1437.986: [CMS-concurrent-abortable-preclean: 0.086/5.093 secs] [Times: user=0.10 sys=0.01, real=5.09 secs] 
1437.986: [GC[YG occupancy: 73947 K (249408 K)]1437.986: [Rescan (parallel) , 0.0398560 secs]1438.026: [weak refs processing, 0.0000100 secs]1438.026: [scrub string table, 0.0012330 secs] [1 CMS-remark: 183791K(554368K)] 257738K(803776K), 0.0411940 secs] [Times: user=0.16 sys=0.00, real=0.04 secs] 
1438.028: [CMS-concurrent-sweep-start]
1438.086: [CMS-concurrent-sweep: 0.059/0.059 secs] [Times: user=0.06 sys=0.00, real=0.06 secs] 
1438.087: [CMS-concurrent-reset-start]
1438.088: [CMS-concurrent-reset: 0.001/0.001 secs] [Times: user=0.00 sys=0.00, real=0.01 secs] 
1440.088: [GC [1 CMS-initial-mark: 183791K(554368K)] 257738K(803776K), 0.0270120 secs] [Times: user=0.03 sys=0.00, real=0.02 secs] 
1440.115: [CMS-concurrent-mark-start]
1440.349: [CMS-concurrent-mark: 0.234/0.234 secs] [Times: user=0.23 sys=0.00, real=0.24 secs] 
1440.349: [CMS-concurrent-preclean-start]
1440.350: [CMS-concurrent-preclean: 0.001/0.001 secs] [Times: user=0.01 sys=0.00, real=0.00 secs] 
1440.350: [CMS-concurrent-abortable-preclean-start]
 CMS: abort preclean due to time 1445.441: [CMS-concurrent-abortable-preclean: 0.084/5.091 secs] [Times: user=0.11 sys=0.00, real=5.09 secs] 
1445.442: [GC[YG occupancy: 73983 K (249408 K)]1445.442: [Rescan (parallel) , 0.0477340 secs]1445.490: [weak refs processing, 0.0000130 secs]1445.490: [scrub string table, 0.0009750 secs] [1 CMS-remark: 183791K(554368K)] 257774K(803776K), 0.0488120 secs] [Times: user=0.19 sys=0.00, real=0.05 secs] 
1445.491: [CMS-concurrent-sweep-start]
1445.549: [CMS-concurrent-sweep: 0.058/0.058 secs] [Times: user=0.05 sys=0.00, real=0.06 secs] 
1445.549: [CMS-concurrent-reset-start]
1445.550: [CMS-concurrent-reset: 0.001/0.001 secs] [Times: user=0.01 sys=0.00, real=0.00 secs] 
1447.551: [GC [1 CMS-initial-mark: 183791K(554368K)] 257780K(803776K), 0.0328550 secs] [Times: user=0.03 sys=0.00, real=0.03 secs] 
1447.584: [CMS-concurrent-mark-start]
1447.811: [CMS-concurrent-mark: 0.228/0.228 secs] [Times: user=0.23 sys=0.00, real=0.23 secs] 
1447.811: [CMS-concurrent-preclean-start]
1447.813: [CMS-concurrent-preclean: 0.001/0.001 secs] [Times: user=0.01 sys=0.00, real=0.00 secs] 
1447.813: [CMS-concurrent-abortable-preclean-start]
 CMS: abort preclean due to time 1452.825: [CMS-concurrent-abortable-preclean: 0.105/5.012 secs] [Times: user=0.13 sys=0.01, real=5.01 secs] 
1452.826: [GC[YG occupancy: 74652 K (249408 K)]1452.826: [Rescan (parallel) , 0.0474880 secs]1452.873: [weak refs processing, 0.0000110 secs]1452.873: [scrub string table, 0.0008800 secs] [1 CMS-remark: 183791K(554368K)] 258443K(803776K), 0.0484500 secs] [Times: user=0.19 sys=0.00, real=0.05 secs] 
1452.874: [CMS-concurrent-sweep-start]
1452.933: [CMS-concurrent-sweep: 0.058/0.058 secs] [Times: user=0.06 sys=0.00, real=0.06 secs] 
1452.933: [CMS-concurrent-reset-start]
1452.934: [CMS-concurrent-reset: 0.001/0.001 secs] [Times: user=0.00 sys=0.00, real=0.00 secs] 
1453.307: [GC [1 CMS-initial-mark: 183791K(554368K)] 258447K(803776K), 0.0265100 secs] [Times: user=0.03 sys=0.00, real=0.03 secs] 
1453.333: [CMS-concurrent-mark-start]
1453.562: [CMS-concurrent-mark: 0.228/0.228 secs] [Times: user=0.23 sys=0.00, real=0.23 secs] 
1453.562: [CMS-concurrent-preclean-start]
1453.563: [CMS-concurrent-preclean: 0.001/0.001 secs] [Times: user=0.00 sys=0.00, real=0.00 secs] 
1453.563: [CMS-concurrent-abortable-preclean-start]
 CMS: abort preclean due to time 1458.654: [CMS-concurrent-abortable-preclean: 0.084/5.091 secs] [Times: user=0.10 sys=0.01, real=5.09 secs] 
1458.655: [GC[YG occupancy: 74670 K (249408 K)]1458.655: [Rescan (parallel) , 0.0447250 secs]1458.700: [weak refs processing, 0.0000190 secs]1458.700: [scrub string table, 0.0008840 secs] [1 CMS-remark: 183791K(554368K)] 258462K(803776K), 0.0457530 secs] [Times: user=0.17 sys=0.00, real=0.05 secs] 
1458.701: [CMS-concurrent-sweep-start]
1458.759: [CMS-concurrent-sweep: 0.058/0.058 secs] [Times: user=0.06 sys=0.00, real=0.05 secs] 
1458.759: [CMS-concurrent-reset-start]
1458.760: [CMS-concurrent-reset: 0.001/0.001 secs] [Times: user=0.00 sys=0.00, real=0.01 secs] 
1460.761: [GC [1 CMS-initial-mark: 183791K(554368K)] 258534K(803776K), 0.0460000 secs] [Times: user=0.05 sys=0.00, real=0.04 secs] 
1460.807: [CMS-concurrent-mark-start]
1461.050: [CMS-concurrent-mark: 0.243/0.243 secs] [Times: user=0.25 sys=0.00, real=0.25 secs] 
1461.050: [CMS-concurrent-preclean-start]
1461.052: [CMS-concurrent-preclean: 0.002/0.002 secs] [Times: user=0.00 sys=0.00, real=0.00 secs] 
1461.052: [CMS-concurrent-abortable-preclean-start]
 CMS: abort preclean due to time 1466.060: [CMS-concurrent-abortable-preclean: 0.101/5.008 secs] [Times: user=0.13 sys=0.00, real=5.01 secs] 
1466.061: [GC[YG occupancy: 77635 K (249408 K)]1466.061: [Rescan (parallel) , 0.0427060 secs]1466.103: [weak refs processing, 0.0000110 secs]1466.103: [scrub string table, 0.0008860 secs] [1 CMS-remark: 183791K(554368K)] 261426K(803776K), 0.0436880 secs] [Times: user=0.16 sys=0.01, real=0.04 secs] 
1466.104: [CMS-concurrent-sweep-start]
1466.162: [CMS-concurrent-sweep: 0.057/0.057 secs] [Times: user=0.06 sys=0.00, real=0.06 secs] 
1466.162: [CMS-concurrent-reset-start]
1466.163: [CMS-concurrent-reset: 0.001/0.001 secs] [Times: user=0.00 sys=0.00, real=0.00 secs] 
1468.163: [GC [1 CMS-initial-mark: 183791K(554368K)] 261448K(803776K), 0.0274890 secs] [Times: user=0.03 sys=0.00, real=0.03 secs] 
1468.191: [CMS-concurrent-mark-start]
1468.420: [CMS-concurrent-mark: 0.229/0.229 secs] [Times: user=0.23 sys=0.00, real=0.23 secs] 
1468.420: [CMS-concurrent-preclean-start]
1468.421: [CMS-concurrent-preclean: 0.001/0.001 secs] [Times: user=0.00 sys=0.00, real=0.00 secs] 
1468.421: [CMS-concurrent-abortable-preclean-start]
 CMS: abort preclean due to time 1473.518: [CMS-concurrent-abortable-preclean: 0.090/5.097 secs] [Times: user=0.11 sys=0.01, real=5.09 secs] 
1473.518: [GC[YG occupancy: 77668 K (249408 K)]1473.518: [Rescan (parallel) , 0.0539410 secs]1473.572: [weak refs processing, 0.0000110 secs]1473.572: [scrub string table, 0.0008850 secs] [1 CMS-remark: 183791K(554368K)] 261459K(803776K), 0.0549240 secs] [Times: user=0.20 sys=0.00, real=0.06 secs] 
1473.574: [CMS-concurrent-sweep-start]
1473.633: [CMS-concurrent-sweep: 0.059/0.059 secs] [Times: user=0.06 sys=0.00, real=0.06 secs] 
1473.633: [CMS-concurrent-reset-start]
1473.634: [CMS-concurrent-reset: 0.001/0.001 secs] [Times: user=0.00 sys=0.00, real=0.00 secs] 
1475.635: [GC [1 CMS-initial-mark: 183791K(554368K)] 261479K(803776K), 0.0404830 secs] [Times: user=0.04 sys=0.00, real=0.04 secs] 
1475.675: [CMS-concurrent-mark-start]
1475.906: [CMS-concurrent-mark: 0.231/0.231 secs] [Times: user=0.24 sys=0.00, real=0.23 secs] 
1475.906: [CMS-concurrent-preclean-start]
1475.907: [CMS-concurrent-preclean: 0.001/0.001 secs] [Times: user=0.00 sys=0.00, real=0.00 secs] 
1475.907: [CMS-concurrent-abortable-preclean-start]
 CMS: abort preclean due to time 1481.004: [CMS-concurrent-abortable-preclean: 0.090/5.097 secs] [Times: user=0.10 sys=0.02, real=5.10 secs] 
1481.005: [GC[YG occupancy: 77699 K (249408 K)]1481.005: [Rescan (parallel) , 0.0423780 secs]1481.047: [weak refs processing, 0.0000130 secs]1481.047: [scrub string table, 0.0009010 secs] [1 CMS-remark: 183791K(554368K)] 261491K(803776K), 0.0433700 secs] [Times: user=0.17 sys=0.00, real=0.05 secs] 
1481.048: [CMS-concurrent-sweep-start]
1481.107: [CMS-concurrent-sweep: 0.058/0.058 secs] [Times: user=0.06 sys=0.00, real=0.05 secs] 
1481.107: [CMS-concurrent-reset-start]
1481.108: [CMS-concurrent-reset: 0.001/0.001 secs] [Times: user=0.00 sys=0.00, real=0.01 secs] 
1483.108: [GC [1 CMS-initial-mark: 183791K(554368K)] 261491K(803776K), 0.0275640 secs] [Times: user=0.02 sys=0.00, real=0.02 secs] 
1483.136: [CMS-concurrent-mark-start]
1483.365: [CMS-concurrent-mark: 0.229/0.229 secs] [Times: user=0.23 sys=0.00, real=0.23 secs] 
1483.365: [CMS-concurrent-preclean-start]
1483.366: [CMS-concurrent-preclean: 0.001/0.001 secs] [Times: user=0.00 sys=0.00, real=0.00 secs] 
1483.366: [CMS-concurrent-abortable-preclean-start]
 CMS: abort preclean due to time 1488.461: [CMS-concurrent-abortable-preclean: 0.089/5.096 secs] [Times: user=0.11 sys=0.01, real=5.10 secs] 
1488.462: [GC[YG occupancy: 77766 K (249408 K)]1488.462: [Rescan (parallel) , 0.0423110 secs]1488.504: [weak refs processing, 0.0000120 secs]1488.504: [scrub string table, 0.0010290 secs] [1 CMS-remark: 183791K(554368K)] 261558K(803776K), 0.0434410 secs] [Times: user=0.17 sys=0.00, real=0.04 secs] 
1488.505: [CMS-concurrent-sweep-start]
1488.572: [CMS-concurrent-sweep: 0.067/0.067 secs] [Times: user=0.07 sys=0.00, real=0.07 secs] 
1488.572: [CMS-concurrent-reset-start]
1488.573: [CMS-concurrent-reset: 0.001/0.001 secs] [Times: user=0.00 sys=0.00, real=0.00 secs] 
1490.574: [GC [1 CMS-initial-mark: 183791K(554368K)] 261558K(803776K), 0.0277130 secs] [Times: user=0.03 sys=0.00, real=0.03 secs] 
1490.602: [CMS-concurrent-mark-start]
1490.832: [CMS-concurrent-mark: 0.231/0.231 secs] [Times: user=0.23 sys=0.00, real=0.23 secs] 
1490.832: [CMS-concurrent-preclean-start]
1490.833: [CMS-concurrent-preclean: 0.001/0.001 secs] [Times: user=0.00 sys=0.00, real=0.00 secs] 
1490.833: [CMS-concurrent-abortable-preclean-start]
 CMS: abort preclean due to time 1495.937: [CMS-concurrent-abortable-preclean: 0.096/5.104 secs] [Times: user=0.12 sys=0.01, real=5.10 secs] 
1495.938: [GC[YG occupancy: 77775 K (249408 K)]1495.938: [Rescan (parallel) , 0.0660970 secs]1496.004: [weak refs processing, 0.0000210 secs]1496.004: [scrub string table, 0.0010150 secs] [1 CMS-remark: 183791K(554368K)] 261566K(803776K), 0.0672750 secs] [Times: user=0.20 sys=0.00, real=0.07 secs] 
1496.005: [CMS-concurrent-sweep-start]
1496.106: [CMS-concurrent-sweep: 0.101/0.101 secs] [Times: user=0.10 sys=0.00, real=0.10 secs] 
1496.106: [CMS-concurrent-reset-start]
1496.108: [CMS-concurrent-reset: 0.002/0.002 secs] [Times: user=0.00 sys=0.00, real=0.01 secs] 
1498.109: [GC [1 CMS-initial-mark: 183791K(554368K)] 261566K(803776K), 0.0299000 secs] [Times: user=0.03 sys=0.00, real=0.02 secs] 
1498.139: [CMS-concurrent-mark-start]
1498.366: [CMS-concurrent-mark: 0.227/0.227 secs] [Times: user=0.23 sys=0.00, real=0.23 secs] 
1498.366: [CMS-concurrent-preclean-start]
1498.367: [CMS-concurrent-preclean: 0.001/0.001 secs] [Times: user=0.00 sys=0.00, real=0.00 secs] 
1498.367: [CMS-concurrent-abortable-preclean-start]
 CMS: abort preclean due to time 1503.450: [CMS-concurrent-abortable-preclean: 0.077/5.083 secs] [Times: user=0.08 sys=0.02, real=5.09 secs] 
1503.451: [GC[YG occupancy: 77775 K (249408 K)]1503.451: [Rescan (parallel) , 0.0592250 secs]1503.510: [weak refs processing, 0.0000140 secs]1503.510: [scrub string table, 0.0009520 secs] [1 CMS-remark: 183791K(554368K)] 261567K(803776K), 0.0602600 secs] [Times: user=0.16 sys=0.00, real=0.06 secs] 
1503.511: [CMS-concurrent-sweep-start]
1503.610: [CMS-concurrent-sweep: 0.099/0.099 secs] [Times: user=0.10 sys=0.00, real=0.10 secs] 
1503.610: [CMS-concurrent-reset-start]
1503.611: [CMS-concurrent-reset: 0.001/0.001 secs] [Times: user=0.00 sys=0.00, real=0.00 secs] 
1505.611: [GC [1 CMS-initial-mark: 183791K(554368K)] 261602K(803776K), 0.0310540 secs] [Times: user=0.03 sys=0.00, real=0.03 secs] 
1505.642: [CMS-concurrent-mark-start]
1505.869: [CMS-concurrent-mark: 0.227/0.227 secs] [Times: user=0.23 sys=0.00, real=0.23 secs] 
1505.869: [CMS-concurrent-preclean-start]
1505.871: [CMS-concurrent-preclean: 0.001/0.001 secs] [Times: user=0.00 sys=0.00, real=0.00 secs] 
1505.871: [CMS-concurrent-abortable-preclean-start]
 CMS: abort preclean due to time 1510.961: [CMS-concurrent-abortable-preclean: 0.083/5.090 secs] [Times: user=0.10 sys=0.02, real=5.09 secs] 
1510.961: [GC[YG occupancy: 78024 K (249408 K)]1510.961: [Rescan (parallel) , 0.0419710 secs]1511.003: [weak refs processing, 0.0000100 secs]1511.003: [scrub string table, 0.0009160 secs] [1 CMS-remark: 183791K(554368K)] 261815K(803776K), 0.0429710 secs] [Times: user=0.17 sys=0.00, real=0.04 secs] 
1511.004: [CMS-concurrent-sweep-start]
1511.061: [CMS-concurrent-sweep: 0.057/0.057 secs] [Times: user=0.05 sys=0.00, real=0.06 secs] 
1511.061: [CMS-concurrent-reset-start]
1511.063: [CMS-concurrent-reset: 0.001/0.001 secs] [Times: user=0.00 sys=0.00, real=0.00 secs] 
1513.063: [GC [1 CMS-initial-mark: 183791K(554368K)] 262463K(803776K), 0.0391960 secs] [Times: user=0.04 sys=0.00, real=0.04 secs] 
1513.103: [CMS-concurrent-mark-start]
1513.330: [CMS-concurrent-mark: 0.227/0.227 secs] [Times: user=0.23 sys=0.00, real=0.23 secs] 
1513.330: [CMS-concurrent-preclean-start]
1513.331: [CMS-concurrent-preclean: 0.001/0.001 secs] [Times: user=0.00 sys=0.00, real=0.00 secs] 
1513.331: [CMS-concurrent-abortable-preclean-start]
 CMS: abort preclean due to time 1518.419: [CMS-concurrent-abortable-preclean: 0.081/5.088 secs] [Times: user=0.10 sys=0.00, real=5.08 secs] 
1518.419: [GC[YG occupancy: 78694 K (249408 K)]1518.419: [Rescan (parallel) , 0.0421960 secs]1518.461: [weak refs processing, 0.0000110 secs]1518.461: [scrub string table, 0.0009490 secs] [1 CMS-remark: 183791K(554368K)] 262485K(803776K), 0.0432260 secs] [Times: user=0.16 sys=0.00, real=0.05 secs] 
1518.463: [CMS-concurrent-sweep-start]
1518.525: [CMS-concurrent-sweep: 0.063/0.063 secs] [Times: user=0.07 sys=0.00, real=0.06 secs] 
1518.525: [CMS-concurrent-reset-start]
1518.526: [CMS-concurrent-reset: 0.001/0.001 secs] [Times: user=0.00 sys=0.00, real=0.00 secs] 
1520.527: [GC [1 CMS-initial-mark: 183791K(554368K)] 262746K(803776K), 0.0318590 secs] [Times: user=0.04 sys=0.00, real=0.03 secs] 
1520.559: [CMS-concurrent-mark-start]
1520.789: [CMS-concurrent-mark: 0.230/0.230 secs] [Times: user=0.22 sys=0.00, real=0.24 secs] 
1520.789: [CMS-concurrent-preclean-start]
1520.790: [CMS-concurrent-preclean: 0.001/0.001 secs] [Times: user=0.01 sys=0.00, real=0.00 secs] 
1520.790: [CMS-concurrent-abortable-preclean-start]
 CMS: abort preclean due to time 1525.865: [CMS-concurrent-abortable-preclean: 0.087/5.075 secs] [Times: user=0.12 sys=0.01, real=5.07 secs] 
1525.866: [GC[YG occupancy: 82503 K (249408 K)]1525.866: [Rescan (parallel) , 0.0519780 secs]1525.918: [weak refs processing, 0.0000130 secs]1525.918: [scrub string table, 0.0008830 secs] [1 CMS-remark: 183791K(554368K)] 266295K(803776K), 0.0529930 secs] [Times: user=0.20 sys=0.00, real=0.05 secs] 
1525.919: [CMS-concurrent-sweep-start]
1525.977: [CMS-concurrent-sweep: 0.058/0.058 secs] [Times: user=0.05 sys=0.00, real=0.06 secs] 
1525.977: [CMS-concurrent-reset-start]
1525.978: [CMS-concurrent-reset: 0.001/0.001 secs] [Times: user=0.01 sys=0.00, real=0.00 secs] 
1527.979: [GC [1 CMS-initial-mark: 183791K(554368K)] 266295K(803776K), 0.0302400 secs] [Times: user=0.03 sys=0.00, real=0.04 secs] 
1528.009: [CMS-concurrent-mark-start]
1528.237: [CMS-concurrent-mark: 0.227/0.227 secs] [Times: user=0.23 sys=0.00, real=0.22 secs] 
1528.237: [CMS-concurrent-preclean-start]
1528.238: [CMS-concurrent-preclean: 0.001/0.001 secs] [Times: user=0.00 sys=0.00, real=0.00 secs] 
1528.238: [CMS-concurrent-abortable-preclean-start]
 CMS: abort preclean due to time 1533.335: [CMS-concurrent-abortable-preclean: 0.090/5.098 secs] [Times: user=0.11 sys=0.00, real=5.10 secs] 
1533.336: [GC[YG occupancy: 82525 K (249408 K)]1533.336: [Rescan (parallel) , 0.0492500 secs]1533.385: [weak refs processing, 0.0000230 secs]1533.385: [scrub string table, 0.0010310 secs] [1 CMS-remark: 183791K(554368K)] 266316K(803776K), 0.0503900 secs] [Times: user=0.19 sys=0.01, real=0.05 secs] 
1533.386: [CMS-concurrent-sweep-start]
1533.444: [CMS-concurrent-sweep: 0.058/0.058 secs] [Times: user=0.06 sys=0.00, real=0.06 secs] 
1533.445: [CMS-concurrent-reset-start]
1533.446: [CMS-concurrent-reset: 0.001/0.001 secs] [Times: user=0.00 sys=0.00, real=0.00 secs] 
1535.446: [GC [1 CMS-initial-mark: 183791K(554368K)] 266322K(803776K), 0.0335090 secs] [Times: user=0.03 sys=0.00, real=0.04 secs] 
1535.480: [CMS-concurrent-mark-start]
1535.707: [CMS-concurrent-mark: 0.227/0.227 secs] [Times: user=0.23 sys=0.00, real=0.22 secs] 
1535.707: [CMS-concurrent-preclean-start]
1535.708: [CMS-concurrent-preclean: 0.001/0.001 secs] [Times: user=0.01 sys=0.00, real=0.01 secs] 
1535.709: [CMS-concurrent-abortable-preclean-start]
 CMS: abort preclean due to time 1540.713: [CMS-concurrent-abortable-preclean: 0.097/5.004 secs] [Times: user=0.11 sys=0.01, real=5.00 secs] 
1540.713: [GC[YG occupancy: 82549 K (249408 K)]1540.713: [Rescan (parallel) , 0.0452130 secs]1540.758: [weak refs processing, 0.0000130 secs]1540.758: [scrub string table, 0.0010140 secs] [1 CMS-remark: 183791K(554368K)] 266340K(803776K), 0.0463180 secs] [Times: user=0.17 sys=0.00, real=0.04 secs] 
1540.759: [CMS-concurrent-sweep-start]
1540.817: [CMS-concurrent-sweep: 0.057/0.057 secs] [Times: user=0.06 sys=0.00, real=0.06 secs] 
1540.817: [CMS-concurrent-reset-start]
1540.818: [CMS-concurrent-reset: 0.001/0.001 secs] [Times: user=0.00 sys=0.00, real=0.00 secs] 
1542.819: [GC [1 CMS-initial-mark: 183791K(554368K)] 266385K(803776K), 0.0490330 secs] [Times: user=0.05 sys=0.00, real=0.06 secs] 
1542.868: [CMS-concurrent-mark-start]
1543.100: [CMS-concurrent-mark: 0.232/0.232 secs] [Times: user=0.23 sys=0.00, real=0.23 secs] 
1543.100: [CMS-concurrent-preclean-start]
1543.101: [CMS-concurrent-preclean: 0.001/0.001 secs] [Times: user=0.00 sys=0.00, real=0.00 secs] 
1543.101: [CMS-concurrent-abortable-preclean-start]
 CMS: abort preclean due to time 1548.156: [CMS-concurrent-abortable-preclean: 0.095/5.055 secs] [Times: user=0.13 sys=0.00, real=5.05 secs] 
1548.156: [GC[YG occupancy: 83302 K (249408 K)]1548.156: [Rescan (parallel) , 0.0480770 secs]1548.204: [weak refs processing, 0.0000170 secs]1548.204: [scrub string table, 0.0010160 secs] [1 CMS-remark: 183791K(554368K)] 267094K(803776K), 0.0491940 secs] [Times: user=0.18 sys=0.00, real=0.05 secs] 
1548.206: [CMS-concurrent-sweep-start]
1548.264: [CMS-concurrent-sweep: 0.059/0.059 secs] [Times: user=0.06 sys=0.00, real=0.06 secs] 
1548.264: [CMS-concurrent-reset-start]
1548.265: [CMS-concurrent-reset: 0.001/0.001 secs] [Times: user=0.00 sys=0.00, real=0.00 secs] 
1550.266: [GC [1 CMS-initial-mark: 183791K(554368K)] 267104K(803776K), 0.0287670 secs] [Times: user=0.03 sys=0.00, real=0.03 secs] 
1550.295: [CMS-concurrent-mark-start]
1550.524: [CMS-concurrent-mark: 0.229/0.229 secs] [Times: user=0.24 sys=0.00, real=0.23 secs] 
1550.524: [CMS-concurrent-preclean-start]
1550.525: [CMS-concurrent-preclean: 0.001/0.001 secs] [Times: user=0.00 sys=0.00, real=0.00 secs] 
1550.525: [CMS-concurrent-abortable-preclean-start]
 CMS: abort preclean due to time 1555.613: [CMS-concurrent-abortable-preclean: 0.080/5.087 secs] [Times: user=0.10 sys=0.00, real=5.09 secs] 
1555.613: [GC[YG occupancy: 83327 K (249408 K)]1555.613: [Rescan (parallel) , 0.0520610 secs]1555.665: [weak refs processing, 0.0000100 secs]1555.665: [scrub string table, 0.0008940 secs] [1 CMS-remark: 183791K(554368K)] 267118K(803776K), 0.0530790 secs] [Times: user=0.21 sys=0.00, real=0.05 secs] 
1555.667: [CMS-concurrent-sweep-start]
1555.724: [CMS-concurrent-sweep: 0.058/0.058 secs] [Times: user=0.06 sys=0.00, real=0.06 secs] 
1555.724: [CMS-concurrent-reset-start]
1555.725: [CMS-concurrent-reset: 0.001/0.001 secs] [Times: user=0.00 sys=0.00, real=0.00 secs] 
1557.726: [GC [1 CMS-initial-mark: 183791K(554368K)] 267118K(803776K), 0.0337890 secs] [Times: user=0.03 sys=0.00, real=0.04 secs] 
1557.760: [CMS-concurrent-mark-start]
1557.987: [CMS-concurrent-mark: 0.227/0.227 secs] [Times: user=0.23 sys=0.00, real=0.22 secs] 
1557.987: [CMS-concurrent-preclean-start]
1557.988: [CMS-concurrent-preclean: 0.001/0.001 secs] [Times: user=0.00 sys=0.00, real=0.01 secs] 
1557.988: [CMS-concurrent-abortable-preclean-start]
 CMS: abort preclean due to time 1563.078: [CMS-concurrent-abortable-preclean: 0.083/5.090 secs] [Times: user=0.11 sys=0.00, real=5.08 secs] 
1563.078: [GC[YG occupancy: 83340 K (249408 K)]1563.078: [Rescan (parallel) , 0.0440470 secs]1563.122: [weak refs processing, 0.0000200 secs]1563.122: [scrub string table, 0.0008720 secs] [1 CMS-remark: 183791K(554368K)] 267131K(803776K), 0.0450220 secs] [Times: user=0.17 sys=0.00, real=0.05 secs] 
1563.123: [CMS-concurrent-sweep-start]
1563.181: [CMS-concurrent-sweep: 0.058/0.058 secs] [Times: user=0.06 sys=0.00, real=0.06 secs] 
1563.181: [CMS-concurrent-reset-start]
1563.182: [CMS-concurrent-reset: 0.001/0.001 secs] [Times: user=0.00 sys=0.00, real=0.00 secs] 
1565.183: [GC [1 CMS-initial-mark: 183791K(554368K)] 267158K(803776K), 0.0431540 secs] [Times: user=0.04 sys=0.00, real=0.04 secs] 
1565.226: [CMS-concurrent-mark-start]
1565.454: [CMS-concurrent-mark: 0.228/0.228 secs] [Times: user=0.23 sys=0.00, real=0.23 secs] 
1565.454: [CMS-concurrent-preclean-start]
1565.455: [CMS-concurrent-preclean: 0.001/0.001 secs] [Times: user=0.00 sys=0.00, real=0.00 secs] 
1565.455: [CMS-concurrent-abortable-preclean-start]
 CMS: abort preclean due to time 1570.472: [CMS-concurrent-abortable-preclean: 0.109/5.017 secs] [Times: user=0.14 sys=0.00, real=5.02 secs] 
1570.473: [GC[YG occupancy: 83372 K (249408 K)]1570.473: [Rescan (parallel) , 0.0505790 secs]1570.523: [weak refs processing, 0.0000200 secs]1570.523: [scrub string table, 0.0008940 secs] [1 CMS-remark: 183791K(554368K)] 267164K(803776K), 0.0516170 secs] [Times: user=0.19 sys=0.00, real=0.05 secs] 
1570.524: [CMS-concurrent-sweep-start]
1570.582: [CMS-concurrent-sweep: 0.057/0.057 secs] [Times: user=0.05 sys=0.00, real=0.06 secs] 
1570.582: [CMS-concurrent-reset-start]
1570.583: [CMS-concurrent-reset: 0.001/0.001 secs] [Times: user=0.00 sys=0.00, real=0.00 secs] 
1572.583: [GC [1 CMS-initial-mark: 183791K(554368K)] 267164K(803776K), 0.0476410 secs] [Times: user=0.04 sys=0.00, real=0.05 secs] 
1572.631: [CMS-concurrent-mark-start]
1572.862: [CMS-concurrent-mark: 0.231/0.231 secs] [Times: user=0.24 sys=0.00, real=0.23 secs] 
1572.862: [CMS-concurrent-preclean-start]
1572.863: [CMS-concurrent-preclean: 0.001/0.001 secs] [Times: user=0.00 sys=0.00, real=0.00 secs] 
1572.863: [CMS-concurrent-abortable-preclean-start]
 CMS: abort preclean due to time 1577.962: [CMS-concurrent-abortable-preclean: 0.091/5.098 secs] [Times: user=0.11 sys=0.00, real=5.10 secs] 
1577.962: [GC[YG occupancy: 83387 K (249408 K)]1577.962: [Rescan (parallel) , 0.0433970 secs]1578.005: [weak refs processing, 0.0000110 secs]1578.005: [scrub string table, 0.0008640 secs] [1 CMS-remark: 183791K(554368K)] 267178K(803776K), 0.0443540 secs] [Times: user=0.17 sys=0.00, real=0.04 secs] 
1578.006: [CMS-concurrent-sweep-start]
1578.064: [CMS-concurrent-sweep: 0.058/0.058 secs] [Times: user=0.06 sys=0.00, real=0.06 secs] 
1578.064: [CMS-concurrent-reset-start]
1578.065: [CMS-concurrent-reset: 0.001/0.001 secs] [Times: user=0.00 sys=0.00, real=0.00 secs] 
1580.066: [GC [1 CMS-initial-mark: 183791K(554368K)] 267178K(803776K), 0.0285100 secs] [Times: user=0.02 sys=0.00, real=0.03 secs] 
1580.094: [CMS-concurrent-mark-start]
1580.323: [CMS-concurrent-mark: 0.229/0.229 secs] [Times: user=0.23 sys=0.00, real=0.23 secs] 
1580.323: [CMS-concurrent-preclean-start]
1580.324: [CMS-concurrent-preclean: 0.001/0.001 secs] [Times: user=0.00 sys=0.00, real=0.00 secs] 
1580.324: [CMS-concurrent-abortable-preclean-start]
 CMS: abort preclean due to time 1585.421: [CMS-concurrent-abortable-preclean: 0.090/5.096 secs] [Times: user=0.12 sys=0.02, real=5.10 secs] 
1585.421: [GC[YG occupancy: 86168 K (249408 K)]1585.421: [Rescan (parallel) , 0.0528200 secs]1585.474: [weak refs processing, 0.0000130 secs]1585.474: [scrub string table, 0.0008680 secs] [1 CMS-remark: 183791K(554368K)] 269959K(803776K), 0.0537710 secs] [Times: user=0.21 sys=0.00, real=0.05 secs] 
1585.475: [CMS-concurrent-sweep-start]
1585.533: [CMS-concurrent-sweep: 0.057/0.057 secs] [Times: user=0.06 sys=0.00, real=0.06 secs] 
1585.533: [CMS-concurrent-reset-start]
1585.534: [CMS-concurrent-reset: 0.001/0.001 secs] [Times: user=0.00 sys=0.00, real=0.00 secs] 
1587.534: [GC [1 CMS-initial-mark: 183791K(554368K)] 269977K(803776K), 0.0332570 secs] [Times: user=0.04 sys=0.00, real=0.04 secs] 
1587.568: [CMS-concurrent-mark-start]
1587.795: [CMS-concurrent-mark: 0.227/0.227 secs] [Times: user=0.22 sys=0.00, real=0.22 secs] 
1587.795: [CMS-concurrent-preclean-start]
1587.796: [CMS-concurrent-preclean: 0.001/0.001 secs] [Times: user=0.00 sys=0.00, real=0.00 secs] 
1587.796: [CMS-concurrent-abortable-preclean-start]
 CMS: abort preclean due to time 1592.874: [CMS-concurrent-abortable-preclean: 0.069/5.078 secs] [Times: user=0.09 sys=0.01, real=5.08 secs] 
1592.874: [GC[YG occupancy: 86277 K (249408 K)]1592.874: [Rescan (parallel) , 0.0487200 secs]1592.923: [weak refs processing, 0.0000130 secs]1592.923: [scrub string table, 0.0010510 secs] [1 CMS-remark: 183791K(554368K)] 270068K(803776K), 0.0498710 secs] [Times: user=0.18 sys=0.00, real=0.05 secs] 
1592.924: [CMS-concurrent-sweep-start]
1592.982: [CMS-concurrent-sweep: 0.058/0.058 secs] [Times: user=0.06 sys=0.00, real=0.06 secs] 
1592.982: [CMS-concurrent-reset-start]
1592.983: [CMS-concurrent-reset: 0.001/0.001 secs] [Times: user=0.00 sys=0.00, real=0.00 secs] 
1594.984: [GC [1 CMS-initial-mark: 183791K(554368K)] 270074K(803776K), 0.0296610 secs] [Times: user=0.03 sys=0.00, real=0.03 secs] 
1595.014: [CMS-concurrent-mark-start]
1595.304: [CMS-concurrent-mark: 0.291/0.291 secs] [Times: user=0.30 sys=0.00, real=0.29 secs] 
1595.304: [CMS-concurrent-preclean-start]
1595.305: [CMS-concurrent-preclean: 0.001/0.001 secs] [Times: user=0.00 sys=0.00, real=0.00 secs] 
1595.305: [CMS-concurrent-abortable-preclean-start]
 CMS: abort preclean due to time 1600.389: [CMS-concurrent-abortable-preclean: 0.077/5.083 secs] [Times: user=0.10 sys=0.00, real=5.09 secs] 
1600.389: [GC[YG occupancy: 86299 K (249408 K)]1600.389: [Rescan (parallel) , 0.0546170 secs]1600.444: [weak refs processing, 0.0000200 secs]1600.444: [scrub string table, 0.0008690 secs] [1 CMS-remark: 183791K(554368K)] 270091K(803776K), 0.0556310 secs] [Times: user=0.21 sys=0.00, real=0.05 secs] 
1600.445: [CMS-concurrent-sweep-start]
1600.503: [CMS-concurrent-sweep: 0.058/0.058 secs] [Times: user=0.06 sys=0.00, real=0.06 secs] 
1600.503: [CMS-concurrent-reset-start]
1600.505: [CMS-concurrent-reset: 0.001/0.001 secs] [Times: user=0.00 sys=0.00, real=0.00 secs] 
1602.505: [GC [1 CMS-initial-mark: 183791K(554368K)] 270091K(803776K), 0.0296660 secs] [Times: user=0.03 sys=0.00, real=0.03 secs] 
1602.535: [CMS-concurrent-mark-start]
1602.761: [CMS-concurrent-mark: 0.227/0.227 secs] [Times: user=0.23 sys=0.00, real=0.23 secs] 
1602.762: [CMS-concurrent-preclean-start]
1602.763: [CMS-concurrent-preclean: 0.001/0.001 secs] [Times: user=0.00 sys=0.00, real=0.00 secs] 
1602.763: [CMS-concurrent-abortable-preclean-start]
 CMS: abort preclean due to time 1607.865: [CMS-concurrent-abortable-preclean: 0.096/5.103 secs] [Times: user=0.11 sys=0.03, real=5.10 secs] 
1607.866: [GC[YG occupancy: 86344 K (249408 K)]1607.866: [Rescan (parallel) , 0.0478890 secs]1607.914: [weak refs processing, 0.0000190 secs]1607.914: [scrub string table, 0.0008670 secs] [1 CMS-remark: 183791K(554368K)] 270135K(803776K), 0.0488740 secs] [Times: user=0.18 sys=0.00, real=0.05 secs] 
1607.915: [CMS-concurrent-sweep-start]
1607.972: [CMS-concurrent-sweep: 0.057/0.057 secs] [Times: user=0.06 sys=0.00, real=0.06 secs] 
1607.972: [CMS-concurrent-reset-start]
1607.973: [CMS-concurrent-reset: 0.001/0.001 secs] [Times: user=0.00 sys=0.00, real=0.00 secs] 
1609.974: [GC [1 CMS-initial-mark: 183791K(554368K)] 270135K(803776K), 0.0501160 secs] [Times: user=0.05 sys=0.00, real=0.05 secs] 
1610.025: [CMS-concurrent-mark-start]
1610.256: [CMS-concurrent-mark: 0.231/0.231 secs] [Times: user=0.24 sys=0.00, real=0.23 secs] 
1610.256: [CMS-concurrent-preclean-start]
1610.257: [CMS-concurrent-preclean: 0.001/0.001 secs] [Times: user=0.00 sys=0.00, real=0.00 secs] 
1610.257: [CMS-concurrent-abortable-preclean-start]
 CMS: abort preclean due to time 1615.357: [CMS-concurrent-abortable-preclean: 0.093/5.100 secs] [Times: user=0.10 sys=0.02, real=5.10 secs] 
1615.358: [GC[YG occupancy: 86366 K (249408 K)]1615.358: [Rescan (parallel) , 0.0720060 secs]1615.430: [weak refs processing, 0.0000140 secs]1615.430: [scrub string table, 0.0011200 secs] [1 CMS-remark: 183791K(554368K)] 270157K(803776K), 0.0732250 secs] [Times: user=0.28 sys=0.00, real=0.08 secs] 
1615.431: [CMS-concurrent-sweep-start]
1615.491: [CMS-concurrent-sweep: 0.060/0.060 secs] [Times: user=0.06 sys=0.00, real=0.06 secs] 
1615.491: [CMS-concurrent-reset-start]
1615.492: [CMS-concurrent-reset: 0.001/0.001 secs] [Times: user=0.01 sys=0.00, real=0.00 secs] 
1616.432: [GC [1 CMS-initial-mark: 183791K(554368K)] 270799K(803776K), 0.0386870 secs] [Times: user=0.04 sys=0.00, real=0.04 secs] 
1616.471: [CMS-concurrent-mark-start]
1616.698: [CMS-concurrent-mark: 0.227/0.227 secs] [Times: user=0.23 sys=0.00, real=0.22 secs] 
1616.698: [CMS-concurrent-preclean-start]
1616.700: [CMS-concurrent-preclean: 0.001/0.001 secs] [Times: user=0.00 sys=0.00, real=0.00 secs] 
1616.700: [CMS-concurrent-abortable-preclean-start]
 CMS: abort preclean due to time 1621.729: [CMS-concurrent-abortable-preclean: 0.103/5.029 secs] [Times: user=0.13 sys=0.00, real=5.04 secs] 
1621.729: [GC[YG occupancy: 87024 K (249408 K)]1621.729: [Rescan (parallel) , 0.0519270 secs]1621.781: [weak refs processing, 0.0000110 secs]1621.781: [scrub string table, 0.0008660 secs] [1 CMS-remark: 183791K(554368K)] 270815K(803776K), 0.0529030 secs] [Times: user=0.21 sys=0.00, real=0.05 secs] 
1621.782: [CMS-concurrent-sweep-start]
1621.840: [CMS-concurrent-sweep: 0.057/0.057 secs] [Times: user=0.05 sys=0.00, real=0.06 secs] 
1621.840: [CMS-concurrent-reset-start]
1621.841: [CMS-concurrent-reset: 0.001/0.001 secs] [Times: user=0.01 sys=0.00, real=0.00 secs] 
1623.842: [GC [1 CMS-initial-mark: 183791K(554368K)] 270833K(803776K), 0.0416170 secs] [Times: user=0.04 sys=0.00, real=0.04 secs] 
1623.884: [CMS-concurrent-mark-start]
1624.114: [CMS-concurrent-mark: 0.230/0.230 secs] [Times: user=0.24 sys=0.00, real=0.23 secs] 
1624.114: [CMS-concurrent-preclean-start]
1624.115: [CMS-concurrent-preclean: 0.001/0.001 secs] [Times: user=0.00 sys=0.00, real=0.00 secs] 
1624.115: [CMS-concurrent-abortable-preclean-start]
 CMS: abort preclean due to time 1629.122: [CMS-concurrent-abortable-preclean: 0.099/5.006 secs] [Times: user=0.11 sys=0.01, real=5.01 secs] 
1629.122: [GC[YG occupancy: 87074 K (249408 K)]1629.122: [Rescan (parallel) , 0.0532710 secs]1629.176: [weak refs processing, 0.0000110 secs]1629.176: [scrub string table, 0.0009060 secs] [1 CMS-remark: 183791K(554368K)] 270866K(803776K), 0.0542860 secs] [Times: user=0.21 sys=0.01, real=0.05 secs] 
1629.177: [CMS-concurrent-sweep-start]
1629.234: [CMS-concurrent-sweep: 0.057/0.057 secs] [Times: user=0.05 sys=0.00, real=0.06 secs] 
1629.234: [CMS-concurrent-reset-start]
1629.235: [CMS-concurrent-reset: 0.001/0.001 secs] [Times: user=0.00 sys=0.00, real=0.00 secs] 
1631.236: [GC [1 CMS-initial-mark: 183791K(554368K)] 270866K(803776K), 0.0490820 secs] [Times: user=0.06 sys=0.00, real=0.05 secs] 
1631.285: [CMS-concurrent-mark-start]
1631.516: [CMS-concurrent-mark: 0.231/0.231 secs] [Times: user=0.23 sys=0.00, real=0.23 secs] 
1631.516: [CMS-concurrent-preclean-start]
1631.517: [CMS-concurrent-preclean: 0.001/0.001 secs] [Times: user=0.00 sys=0.00, real=0.00 secs] 
1631.517: [CMS-concurrent-abortable-preclean-start]
 CMS: abort preclean due to time 1636.522: [CMS-concurrent-abortable-preclean: 0.097/5.005 secs] [Times: user=0.12 sys=0.01, real=5.01 secs] 
1636.522: [GC[YG occupancy: 87083 K (249408 K)]1636.523: [Rescan (parallel) , 0.0490080 secs]1636.572: [weak refs processing, 0.0000110 secs]1636.572: [scrub string table, 0.0009550 secs] [1 CMS-remark: 183791K(554368K)] 270874K(803776K), 0.0500760 secs] [Times: user=0.18 sys=0.00, real=0.05 secs] 
1636.573: [CMS-concurrent-sweep-start]
1636.630: [CMS-concurrent-sweep: 0.058/0.058 secs] [Times: user=0.05 sys=0.00, real=0.06 secs] 
1636.630: [CMS-concurrent-reset-start]
1636.631: [CMS-concurrent-reset: 0.001/0.001 secs] [Times: user=0.00 sys=0.00, real=0.00 secs] 
1638.632: [GC [1 CMS-initial-mark: 183791K(554368K)] 270880K(803776K), 0.0341540 secs] [Times: user=0.03 sys=0.00, real=0.03 secs] 
1638.666: [CMS-concurrent-mark-start]
1638.894: [CMS-concurrent-mark: 0.228/0.228 secs] [Times: user=0.23 sys=0.00, real=0.23 secs] 
1638.895: [CMS-concurrent-preclean-start]
1638.896: [CMS-concurrent-preclean: 0.001/0.001 secs] [Times: user=0.00 sys=0.00, real=0.00 secs] 
1638.896: [CMS-concurrent-abortable-preclean-start]
 CMS: abort preclean due to time 1643.984: [CMS-concurrent-abortable-preclean: 0.081/5.088 secs] [Times: user=0.11 sys=0.01, real=5.09 secs] 
1643.984: [GC[YG occupancy: 89998 K (249408 K)]1643.984: [Rescan (parallel) , 0.0481450 secs]1644.033: [weak refs processing, 0.0000100 secs]1644.033: [scrub string table, 0.0009590 secs] [1 CMS-remark: 183791K(554368K)] 273789K(803776K), 0.0492230 secs] [Times: user=0.18 sys=0.00, real=0.05 secs] 
1644.034: [CMS-concurrent-sweep-start]
1644.091: [CMS-concurrent-sweep: 0.058/0.058 secs] [Times: user=0.06 sys=0.00, real=0.06 secs] 
1644.091: [CMS-concurrent-reset-start]
1644.092: [CMS-concurrent-reset: 0.001/0.001 secs] [Times: user=0.00 sys=0.00, real=0.00 secs] 
1646.093: [GC [1 CMS-initial-mark: 183791K(554368K)] 273804K(803776K), 0.0520280 secs] [Times: user=0.05 sys=0.00, real=0.05 secs] 
1646.145: [CMS-concurrent-mark-start]
1646.376: [CMS-concurrent-mark: 0.230/0.230 secs] [Times: user=0.23 sys=0.00, real=0.23 secs] 
1646.376: [CMS-concurrent-preclean-start]
1646.377: [CMS-concurrent-preclean: 0.001/0.001 secs] [Times: user=0.01 sys=0.00, real=0.00 secs] 
1646.377: [CMS-concurrent-abortable-preclean-start]
 CMS: abort preclean due to time 1651.467: [CMS-concurrent-abortable-preclean: 0.082/5.090 secs] [Times: user=0.10 sys=0.00, real=5.09 secs] 
1651.467: [GC[YG occupancy: 90059 K (249408 K)]1651.467: [Rescan (parallel) , 0.0479280 secs]1651.515: [weak refs processing, 0.0000100 secs]1651.515: [scrub string table, 0.0008810 secs] [1 CMS-remark: 183791K(554368K)] 273850K(803776K), 0.0489010 secs] [Times: user=0.19 sys=0.00, real=0.05 secs] 
1651.516: [CMS-concurrent-sweep-start]
1651.573: [CMS-concurrent-sweep: 0.057/0.057 secs] [Times: user=0.06 sys=0.00, real=0.06 secs] 
1651.573: [CMS-concurrent-reset-start]
1651.574: [CMS-concurrent-reset: 0.001/0.001 secs] [Times: user=0.00 sys=0.00, real=0.00 secs] 
1653.575: [GC [1 CMS-initial-mark: 183791K(554368K)] 273851K(803776K), 0.0507070 secs] [Times: user=0.06 sys=0.00, real=0.05 secs] 
1653.626: [CMS-concurrent-mark-start]
1653.857: [CMS-concurrent-mark: 0.231/0.231 secs] [Times: user=0.23 sys=0.00, real=0.23 secs] 
1653.857: [CMS-concurrent-preclean-start]
1653.859: [CMS-concurrent-preclean: 0.001/0.001 secs] [Times: user=0.00 sys=0.00, real=0.00 secs] 
1653.859: [CMS-concurrent-abortable-preclean-start]
 CMS: abort preclean due to time 1658.866: [CMS-concurrent-abortable-preclean: 0.099/5.007 secs] [Times: user=0.12 sys=0.01, real=5.01 secs] 
1658.866: [GC[YG occupancy: 90084 K (249408 K)]1658.866: [Rescan (parallel) , 0.0574040 secs]1658.924: [weak refs processing, 0.0000220 secs]1658.924: [scrub string table, 0.0008700 secs] [1 CMS-remark: 183791K(554368K)] 273875K(803776K), 0.0583910 secs] [Times: user=0.21 sys=0.00, real=0.06 secs] 
1658.925: [CMS-concurrent-sweep-start]
1658.983: [CMS-concurrent-sweep: 0.058/0.058 secs] [Times: user=0.06 sys=0.00, real=0.06 secs] 
1658.983: [CMS-concurrent-reset-start]
1658.984: [CMS-concurrent-reset: 0.001/0.001 secs] [Times: user=0.00 sys=0.00, real=0.00 secs] 
1660.985: [GC [1 CMS-initial-mark: 183791K(554368K)] 273875K(803776K), 0.0311670 secs] [Times: user=0.03 sys=0.00, real=0.03 secs] 
1661.016: [CMS-concurrent-mark-start]
1661.244: [CMS-concurrent-mark: 0.228/0.228 secs] [Times: user=0.23 sys=0.00, real=0.23 secs] 
1661.244: [CMS-concurrent-preclean-start]
1661.245: [CMS-concurrent-preclean: 0.001/0.001 secs] [Times: user=0.00 sys=0.00, real=0.00 secs] 
1661.245: [CMS-concurrent-abortable-preclean-start]
 CMS: abort preclean due to time 1666.247: [CMS-concurrent-abortable-preclean: 0.094/5.002 secs] [Times: user=0.11 sys=0.02, real=5.00 secs] 
1666.247: [GC[YG occupancy: 90110 K (249408 K)]1666.247: [Rescan (parallel) , 0.0502510 secs]1666.297: [weak refs processing, 0.0000150 secs]1666.297: [scrub string table, 0.0010100 secs] [1 CMS-remark: 183791K(554368K)] 273901K(803776K), 0.0513490 secs] [Times: user=0.17 sys=0.00, real=0.05 secs] 
1666.298: [CMS-concurrent-sweep-start]
1666.356: [CMS-concurrent-sweep: 0.058/0.058 secs] [Times: user=0.06 sys=0.00, real=0.06 secs] 
1666.356: [CMS-concurrent-reset-start]
1666.357: [CMS-concurrent-reset: 0.001/0.001 secs] [Times: user=0.00 sys=0.00, real=0.00 secs] 
1668.358: [GC [1 CMS-initial-mark: 183791K(554368K)] 273914K(803776K), 0.0311920 secs] [Times: user=0.03 sys=0.00, real=0.04 secs] 
1668.389: [CMS-concurrent-mark-start]
1668.618: [CMS-concurrent-mark: 0.229/0.229 secs] [Times: user=0.23 sys=0.00, real=0.22 secs] 
1668.618: [CMS-concurrent-preclean-start]
1668.619: [CMS-concurrent-preclean: 0.001/0.001 secs] [Times: user=0.00 sys=0.00, real=0.00 secs] 
1668.619: [CMS-concurrent-abortable-preclean-start]
 CMS: abort preclean due to time 1673.716: [CMS-concurrent-abortable-preclean: 0.089/5.096 secs] [Times: user=0.12 sys=0.00, real=5.10 secs] 
1673.716: [GC[YG occupancy: 90170 K (249408 K)]1673.716: [Rescan (parallel) , 0.0523040 secs]1673.768: [weak refs processing, 0.0000110 secs]1673.768: [scrub string table, 0.0008800 secs] [1 CMS-remark: 183791K(554368K)] 273961K(803776K), 0.0532770 secs] [Times: user=0.20 sys=0.00, real=0.06 secs] 
1673.770: [CMS-concurrent-sweep-start]
1673.827: [CMS-concurrent-sweep: 0.058/0.058 secs] [Times: user=0.06 sys=0.00, real=0.05 secs] 
1673.828: [CMS-concurrent-reset-start]
1673.829: [CMS-concurrent-reset: 0.001/0.001 secs] [Times: user=0.00 sys=0.00, real=0.00 secs] 
1675.829: [GC [1 CMS-initial-mark: 183791K(554368K)] 273970K(803776K), 0.0354040 secs] [Times: user=0.04 sys=0.00, real=0.03 secs] 
1675.865: [CMS-concurrent-mark-start]
1676.094: [CMS-concurrent-mark: 0.229/0.229 secs] [Times: user=0.23 sys=0.00, real=0.23 secs] 
1676.094: [CMS-concurrent-preclean-start]
1676.095: [CMS-concurrent-preclean: 0.001/0.001 secs] [Times: user=0.00 sys=0.00, real=0.00 secs] 
1676.095: [CMS-concurrent-abortable-preclean-start]
 CMS: abort preclean due to time 1681.197: [CMS-concurrent-abortable-preclean: 0.094/5.101 secs] [Times: user=0.12 sys=0.01, real=5.10 secs] 
1681.197: [GC[YG occupancy: 90178 K (249408 K)]1681.197: [Rescan (parallel) , 0.0538840 secs]1681.251: [weak refs processing, 0.0000200 secs]1681.251: [scrub string table, 0.0009840 secs] [1 CMS-remark: 183791K(554368K)] 273970K(803776K), 0.0549570 secs] [Times: user=0.21 sys=0.00, real=0.06 secs] 
1681.252: [CMS-concurrent-sweep-start]
1681.310: [CMS-concurrent-sweep: 0.058/0.058 secs] [Times: user=0.06 sys=0.00, real=0.06 secs] 
1681.310: [CMS-concurrent-reset-start]
1681.311: [CMS-concurrent-reset: 0.001/0.001 secs] [Times: user=0.00 sys=0.00, real=0.00 secs] 
1683.312: [GC [1 CMS-initial-mark: 183791K(554368K)] 273970K(803776K), 0.0509010 secs] [Times: user=0.05 sys=0.00, real=0.05 secs] 
1683.363: [CMS-concurrent-mark-start]
1683.594: [CMS-concurrent-mark: 0.231/0.231 secs] [Times: user=0.23 sys=0.00, real=0.23 secs] 
1683.594: [CMS-concurrent-preclean-start]
1683.595: [CMS-concurrent-preclean: 0.001/0.001 secs] [Times: user=0.00 sys=0.00, real=0.00 secs] 
1683.595: [CMS-concurrent-abortable-preclean-start]
 CMS: abort preclean due to time 1688.605: [CMS-concurrent-abortable-preclean: 0.103/5.010 secs] [Times: user=0.13 sys=0.01, real=5.01 secs] 
1688.606: [GC[YG occupancy: 90209 K (249408 K)]1688.606: [Rescan (parallel) , 0.0699820 secs]1688.676: [weak refs processing, 0.0000110 secs]1688.676: [scrub string table, 0.0008500 secs] [1 CMS-remark: 183791K(554368K)] 274001K(803776K), 0.0709250 secs] [Times: user=0.27 sys=0.00, real=0.07 secs] 
1688.677: [CMS-concurrent-sweep-start]
1688.734: [CMS-concurrent-sweep: 0.058/0.058 secs] [Times: user=0.05 sys=0.00, real=0.06 secs] 
1688.734: [CMS-concurrent-reset-start]
1688.735: [CMS-concurrent-reset: 0.001/0.001 secs] [Times: user=0.00 sys=0.00, real=0.00 secs] 
1690.736: [GC [1 CMS-initial-mark: 183791K(554368K)] 274001K(803776K), 0.0312970 secs] [Times: user=0.02 sys=0.00, real=0.03 secs] 
1690.767: [CMS-concurrent-mark-start]
1690.998: [CMS-concurrent-mark: 0.230/0.230 secs] [Times: user=0.24 sys=0.00, real=0.23 secs] 
1690.998: [CMS-concurrent-preclean-start]
1690.999: [CMS-concurrent-preclean: 0.001/0.001 secs] [Times: user=0.00 sys=0.00, real=0.00 secs] 
1690.999: [CMS-concurrent-abortable-preclean-start]
 CMS: abort preclean due to time 1696.002: [CMS-concurrent-abortable-preclean: 0.096/5.003 secs] [Times: user=0.13 sys=0.00, real=5.01 secs] 
1696.002: [GC[YG occupancy: 90260 K (249408 K)]1696.003: [Rescan (parallel) , 0.0552660 secs]1696.058: [weak refs processing, 0.0000120 secs]1696.058: [scrub string table, 0.0009310 secs] [1 CMS-remark: 183791K(554368K)] 274051K(803776K), 0.0562990 secs] [Times: user=0.21 sys=0.00, real=0.05 secs] 
1696.059: [CMS-concurrent-sweep-start]
1696.117: [CMS-concurrent-sweep: 0.058/0.058 secs] [Times: user=0.06 sys=0.00, real=0.06 secs] 
1696.117: [CMS-concurrent-reset-start]
1696.118: [CMS-concurrent-reset: 0.001/0.001 secs] [Times: user=0.00 sys=0.00, real=0.00 secs] 
1698.119: [GC [1 CMS-initial-mark: 183791K(554368K)] 274064K(803776K), 0.0313120 secs] [Times: user=0.02 sys=0.00, real=0.04 secs] 
1698.150: [CMS-concurrent-mark-start]
1698.378: [CMS-concurrent-mark: 0.228/0.228 secs] [Times: user=0.24 sys=0.00, real=0.22 secs] 
1698.378: [CMS-concurrent-preclean-start]
1698.379: [CMS-concurrent-preclean: 0.001/0.001 secs] [Times: user=0.00 sys=0.00, real=0.00 secs] 
1698.379: [CMS-concurrent-abortable-preclean-start]
 CMS: abort preclean due to time 1703.443: [CMS-concurrent-abortable-preclean: 0.087/5.064 secs] [Times: user=0.13 sys=0.01, real=5.07 secs] 
1703.444: [GC[YG occupancy: 93850 K (249408 K)]1703.444: [Rescan (parallel) , 0.0573210 secs]1703.501: [weak refs processing, 0.0000110 secs]1703.501: [scrub string table, 0.0008760 secs] [1 CMS-remark: 183791K(554368K)] 277641K(803776K), 0.0583130 secs] [Times: user=0.22 sys=0.00, real=0.06 secs] 
1703.503: [CMS-concurrent-sweep-start]
1703.561: [CMS-concurrent-sweep: 0.058/0.058 secs] [Times: user=0.06 sys=0.00, real=0.06 secs] 
1703.561: [CMS-concurrent-reset-start]
1703.562: [CMS-concurrent-reset: 0.001/0.001 secs] [Times: user=0.00 sys=0.00, real=0.00 secs] 
1705.563: [GC [1 CMS-initial-mark: 183791K(554368K)] 277676K(803776K), 0.0412780 secs] [Times: user=0.04 sys=0.00, real=0.04 secs] 
1705.604: [CMS-concurrent-mark-start]
1705.832: [CMS-concurrent-mark: 0.228/0.228 secs] [Times: user=0.24 sys=0.00, real=0.23 secs] 
1705.832: [CMS-concurrent-preclean-start]
1705.833: [CMS-concurrent-preclean: 0.001/0.001 secs] [Times: user=0.00 sys=0.00, real=0.00 secs] 
1705.833: [CMS-concurrent-abortable-preclean-start]
 CMS: abort preclean due to time 1710.923: [CMS-concurrent-abortable-preclean: 0.082/5.089 secs] [Times: user=0.09 sys=0.02, real=5.09 secs] 
1710.923: [GC[YG occupancy: 93933 K (249408 K)]1710.923: [Rescan (parallel) , 0.0560150 secs]1710.979: [weak refs processing, 0.0000100 secs]1710.979: [scrub string table, 0.0009170 secs] [1 CMS-remark: 183791K(554368K)] 277724K(803776K), 0.0570350 secs] [Times: user=0.22 sys=0.00, real=0.06 secs] 
1710.980: [CMS-concurrent-sweep-start]
1711.038: [CMS-concurrent-sweep: 0.058/0.058 secs] [Times: user=0.06 sys=0.00, real=0.05 secs] 
1711.038: [CMS-concurrent-reset-start]
1711.039: [CMS-concurrent-reset: 0.001/0.001 secs] [Times: user=0.00 sys=0.00, real=0.00 secs] 
1713.039: [GC [1 CMS-initial-mark: 183791K(554368K)] 277733K(803776K), 0.0505670 secs] [Times: user=0.05 sys=0.00, real=0.06 secs] 
1713.090: [CMS-concurrent-mark-start]
1713.323: [CMS-concurrent-mark: 0.233/0.233 secs] [Times: user=0.24 sys=0.00, real=0.23 secs] 
1713.323: [CMS-concurrent-preclean-start]
1713.324: [CMS-concurrent-preclean: 0.001/0.001 secs] [Times: user=0.00 sys=0.00, real=0.00 secs] 
1713.324: [CMS-concurrent-abortable-preclean-start]
 CMS: abort preclean due to time 1718.349: [CMS-concurrent-abortable-preclean: 0.117/5.024 secs] [Times: user=0.15 sys=0.00, real=5.03 secs] 
1718.349: [GC[YG occupancy: 93960 K (249408 K)]1718.349: [Rescan (parallel) , 0.0647520 secs]1718.414: [weak refs processing, 0.0000490 secs]1718.414: [scrub string table, 0.0024770 secs] [1 CMS-remark: 183791K(554368K)] 277752K(803776K), 0.0674810 secs] [Times: user=0.18 sys=0.01, real=0.06 secs] 
1718.417: [CMS-concurrent-sweep-start]
1718.487: [CMS-concurrent-sweep: 0.070/0.070 secs] [Times: user=0.08 sys=0.00, real=0.07 secs] 
1718.487: [CMS-concurrent-reset-start]
1718.488: [CMS-concurrent-reset: 0.001/0.001 secs] [Times: user=0.00 sys=0.00, real=0.01 secs] 
1720.489: [GC [1 CMS-initial-mark: 183791K(554368K)] 277752K(803776K), 0.0385230 secs] [Times: user=0.04 sys=0.00, real=0.04 secs] 
1720.528: [CMS-concurrent-mark-start]
1720.757: [CMS-concurrent-mark: 0.229/0.229 secs] [Times: user=0.23 sys=0.00, real=0.22 secs] 
1720.757: [CMS-concurrent-preclean-start]
1720.758: [CMS-concurrent-preclean: 0.001/0.001 secs] [Times: user=0.00 sys=0.00, real=0.00 secs] 
1720.758: [CMS-concurrent-abortable-preclean-start]
 CMS: abort preclean due to time 1725.855: [CMS-concurrent-abortable-preclean: 0.089/5.097 secs] [Times: user=0.11 sys=0.01, real=5.10 secs] 
1725.856: [GC[YG occupancy: 94076 K (249408 K)]1725.856: [Rescan (parallel) , 0.0576170 secs]1725.914: [weak refs processing, 0.0000120 secs]1725.914: [scrub string table, 0.0008820 secs] [1 CMS-remark: 183791K(554368K)] 277868K(803776K), 0.0586450 secs] [Times: user=0.21 sys=0.01, real=0.06 secs] 
1725.915: [CMS-concurrent-sweep-start]
1725.973: [CMS-concurrent-sweep: 0.058/0.058 secs] [Times: user=0.06 sys=0.00, real=0.06 secs] 
1725.973: [CMS-concurrent-reset-start]
1725.974: [CMS-concurrent-reset: 0.001/0.001 secs] [Times: user=0.00 sys=0.00, real=0.00 secs] 
1727.975: [GC [1 CMS-initial-mark: 183791K(554368K)] 277874K(803776K), 0.0344870 secs] [Times: user=0.04 sys=0.00, real=0.04 secs] 
1728.009: [CMS-concurrent-mark-start]
1728.248: [CMS-concurrent-mark: 0.238/0.238 secs] [Times: user=0.23 sys=0.00, real=0.24 secs] 
1728.248: [CMS-concurrent-preclean-start]
1728.249: [CMS-concurrent-preclean: 0.001/0.001 secs] [Times: user=0.01 sys=0.00, real=0.00 secs] 
1728.249: [CMS-concurrent-abortable-preclean-start]
 CMS: abort preclean due to time 1733.348: [CMS-concurrent-abortable-preclean: 0.092/5.100 secs] [Times: user=0.11 sys=0.01, real=5.10 secs] 
1733.349: [GC[YG occupancy: 94089 K (249408 K)]1733.349: [Rescan (parallel) , 0.0590980 secs]1733.408: [weak refs processing, 0.0000140 secs]1733.408: [scrub string table, 0.0008640 secs] [1 CMS-remark: 183791K(554368K)] 277880K(803776K), 0.0600920 secs] [Times: user=0.23 sys=0.00, real=0.06 secs] 
1733.409: [CMS-concurrent-sweep-start]
1733.467: [CMS-concurrent-sweep: 0.058/0.058 secs] [Times: user=0.06 sys=0.00, real=0.05 secs] 
1733.467: [CMS-concurrent-reset-start]
1733.468: [CMS-concurrent-reset: 0.001/0.001 secs] [Times: user=0.00 sys=0.00, real=0.01 secs] 
1735.469: [GC [1 CMS-initial-mark: 183791K(554368K)] 277880K(803776K), 0.0449640 secs] [Times: user=0.04 sys=0.00, real=0.04 secs] 
1735.514: [CMS-concurrent-mark-start]
1735.746: [CMS-concurrent-mark: 0.232/0.232 secs] [Times: user=0.24 sys=0.00, real=0.23 secs] 
1735.746: [CMS-concurrent-preclean-start]
1735.747: [CMS-concurrent-preclean: 0.001/0.001 secs] [Times: user=0.00 sys=0.00, real=0.00 secs] 
1735.747: [CMS-concurrent-abortable-preclean-start]
 CMS: abort preclean due to time 1740.748: [CMS-concurrent-abortable-preclean: 0.094/5.001 secs] [Times: user=0.11 sys=0.02, real=5.01 secs] 
1740.749: [GC[YG occupancy: 94105 K (249408 K)]1740.749: [Rescan (parallel) , 0.0540930 secs]1740.803: [weak refs processing, 0.0000110 secs]1740.803: [scrub string table, 0.0009940 secs] [1 CMS-remark: 183791K(554368K)] 277897K(803776K), 0.0551690 secs] [Times: user=0.19 sys=0.00, real=0.05 secs] 
1740.804: [CMS-concurrent-sweep-start]
1740.861: [CMS-concurrent-sweep: 0.057/0.057 secs] [Times: user=0.06 sys=0.00, real=0.06 secs] 
1740.862: [CMS-concurrent-reset-start]
1740.863: [CMS-concurrent-reset: 0.001/0.001 secs] [Times: user=0.00 sys=0.00, real=0.00 secs] 
1742.863: [GC [1 CMS-initial-mark: 183791K(554368K)] 277919K(803776K), 0.0335030 secs] [Times: user=0.03 sys=0.00, real=0.03 secs] 
1742.897: [CMS-concurrent-mark-start]
1743.135: [CMS-concurrent-mark: 0.238/0.238 secs] [Times: user=0.24 sys=0.00, real=0.24 secs] 
1743.135: [CMS-concurrent-preclean-start]
1743.136: [CMS-concurrent-preclean: 0.001/0.001 secs] [Times: user=0.00 sys=0.00, real=0.00 secs] 
1743.136: [CMS-concurrent-abortable-preclean-start]
 CMS: abort preclean due to time 1748.224: [CMS-concurrent-abortable-preclean: 0.081/5.088 secs] [Times: user=0.09 sys=0.02, real=5.09 secs] 
1748.224: [GC[YG occupancy: 94158 K (249408 K)]1748.224: [Rescan (parallel) , 0.0637100 secs]1748.288: [weak refs processing, 0.0000110 secs]1748.288: [scrub string table, 0.0008940 secs] [1 CMS-remark: 183791K(554368K)] 277949K(803776K), 0.0646880 secs] [Times: user=0.21 sys=0.01, real=0.07 secs] 
1748.289: [CMS-concurrent-sweep-start]
1748.368: [CMS-concurrent-sweep: 0.078/0.078 secs] [Times: user=0.08 sys=0.00, real=0.08 secs] 
1748.368: [CMS-concurrent-reset-start]
1748.369: [CMS-concurrent-reset: 0.001/0.001 secs] [Times: user=0.00 sys=0.00, real=0.00 secs] 
1750.370: [GC [1 CMS-initial-mark: 183791K(554368K)] 277949K(803776K), 0.0516690 secs] [Times: user=0.05 sys=0.00, real=0.05 secs] 
1750.421: [CMS-concurrent-mark-start]
1750.653: [CMS-concurrent-mark: 0.231/0.231 secs] [Times: user=0.24 sys=0.00, real=0.23 secs] 
1750.653: [CMS-concurrent-preclean-start]
1750.654: [CMS-concurrent-preclean: 0.001/0.001 secs] [Times: user=0.00 sys=0.00, real=0.00 secs] 
1750.654: [CMS-concurrent-abortable-preclean-start]
 CMS: abort preclean due to time 1755.662: [CMS-concurrent-abortable-preclean: 0.101/5.008 secs] [Times: user=0.13 sys=0.00, real=5.01 secs] 
1755.663: [GC[YG occupancy: 94181 K (249408 K)]1755.663: [Rescan (parallel) , 0.0561890 secs]1755.719: [weak refs processing, 0.0000110 secs]1755.719: [scrub string table, 0.0008820 secs] [1 CMS-remark: 183791K(554368K)] 277972K(803776K), 0.0572070 secs] [Times: user=0.22 sys=0.01, real=0.06 secs] 
1755.720: [CMS-concurrent-sweep-start]
1755.778: [CMS-concurrent-sweep: 0.058/0.058 secs] [Times: user=0.05 sys=0.00, real=0.05 secs] 
1755.778: [CMS-concurrent-reset-start]
1755.779: [CMS-concurrent-reset: 0.001/0.001 secs] [Times: user=0.00 sys=0.00, real=0.00 secs] 
1757.779: [GC [1 CMS-initial-mark: 183791K(554368K)] 277978K(803776K), 0.0325570 secs] [Times: user=0.03 sys=0.00, real=0.04 secs] 
1757.812: [CMS-concurrent-mark-start]
1758.041: [CMS-concurrent-mark: 0.229/0.229 secs] [Times: user=0.23 sys=0.00, real=0.23 secs] 
1758.041: [CMS-concurrent-preclean-start]
1758.042: [CMS-concurrent-preclean: 0.001/0.001 secs] [Times: user=0.00 sys=0.00, real=0.00 secs] 
1758.042: [CMS-concurrent-abortable-preclean-start]
 CMS: abort preclean due to time 1763.051: [CMS-concurrent-abortable-preclean: 0.100/5.009 secs] [Times: user=0.13 sys=0.01, real=5.01 secs] 
1763.052: [GC[YG occupancy: 96964 K (249408 K)]1763.052: [Rescan (parallel) , 0.0632730 secs]1763.115: [weak refs processing, 0.0000140 secs]1763.115: [scrub string table, 0.0009550 secs] [1 CMS-remark: 183791K(554368K)] 280755K(803776K), 0.0643610 secs] [Times: user=0.25 sys=0.00, real=0.06 secs] 
1763.116: [CMS-concurrent-sweep-start]
1763.174: [CMS-concurrent-sweep: 0.057/0.057 secs] [Times: user=0.06 sys=0.00, real=0.06 secs] 
1763.174: [CMS-concurrent-reset-start]
1763.175: [CMS-concurrent-reset: 0.001/0.001 secs] [Times: user=0.00 sys=0.00, real=0.00 secs] 
1765.176: [GC [1 CMS-initial-mark: 183790K(554368K)] 280773K(803776K), 0.0480300 secs] [Times: user=0.05 sys=0.00, real=0.05 secs] 
1765.224: [CMS-concurrent-mark-start]
1765.456: [CMS-concurrent-mark: 0.232/0.232 secs] [Times: user=0.23 sys=0.00, real=0.23 secs] 
1765.456: [CMS-concurrent-preclean-start]
1765.457: [CMS-concurrent-preclean: 0.001/0.001 secs] [Times: user=0.00 sys=0.00, real=0.00 secs] 
1765.457: [CMS-concurrent-abortable-preclean-start]
 CMS: abort preclean due to time 1770.469: [CMS-concurrent-abortable-preclean: 0.104/5.012 secs] [Times: user=0.13 sys=0.00, real=5.02 secs] 
1770.470: [GC[YG occupancy: 96990 K (249408 K)]1770.470: [Rescan (parallel) , 0.0537480 secs]1770.523: [weak refs processing, 0.0000110 secs]1770.523: [scrub string table, 0.0009540 secs] [1 CMS-remark: 183790K(554368K)] 280781K(803776K), 0.0548280 secs] [Times: user=0.20 sys=0.01, real=0.05 secs] 
1770.525: [CMS-concurrent-sweep-start]
1770.582: [CMS-concurrent-sweep: 0.058/0.058 secs] [Times: user=0.06 sys=0.00, real=0.06 secs] 
1770.582: [CMS-concurrent-reset-start]
1770.583: [CMS-concurrent-reset: 0.001/0.001 secs] [Times: user=0.00 sys=0.00, real=0.00 secs] 
1772.584: [GC [1 CMS-initial-mark: 183790K(554368K)] 280782K(803776K), 0.0355400 secs] [Times: user=0.04 sys=0.00, real=0.03 secs] 
1772.620: [CMS-concurrent-mark-start]
1772.847: [CMS-concurrent-mark: 0.228/0.228 secs] [Times: user=0.22 sys=0.01, real=0.22 secs] 
1772.847: [CMS-concurrent-preclean-start]
1772.848: [CMS-concurrent-preclean: 0.001/0.001 secs] [Times: user=0.00 sys=0.00, real=0.01 secs] 
1772.848: [CMS-concurrent-abortable-preclean-start]
 CMS: abort preclean due to time 1777.865: [CMS-concurrent-abortable-preclean: 0.109/5.017 secs] [Times: user=0.14 sys=0.00, real=5.01 secs] 
1777.865: [GC[YG occupancy: 97003 K (249408 K)]1777.865: [Rescan (parallel) , 0.0552590 secs]1777.921: [weak refs processing, 0.0000110 secs]1777.921: [scrub string table, 0.0008870 secs] [1 CMS-remark: 183790K(554368K)] 280794K(803776K), 0.0562520 secs] [Times: user=0.21 sys=0.00, real=0.06 secs] 
1777.922: [CMS-concurrent-sweep-start]
1777.979: [CMS-concurrent-sweep: 0.058/0.058 secs] [Times: user=0.06 sys=0.00, real=0.05 secs] 
1777.979: [CMS-concurrent-reset-start]
1777.981: [CMS-concurrent-reset: 0.001/0.001 secs] [Times: user=0.00 sys=0.00, real=0.01 secs] 
1779.981: [GC [1 CMS-initial-mark: 183790K(554368K)] 280826K(803776K), 0.0379020 secs] [Times: user=0.04 sys=0.00, real=0.03 secs] 
1780.019: [CMS-concurrent-mark-start]
1780.248: [CMS-concurrent-mark: 0.229/0.229 secs] [Times: user=0.23 sys=0.00, real=0.24 secs] 
1780.248: [CMS-concurrent-preclean-start]
1780.249: [CMS-concurrent-preclean: 0.001/0.001 secs] [Times: user=0.00 sys=0.00, real=0.00 secs] 
1780.249: [CMS-concurrent-abortable-preclean-start]
 CMS: abort preclean due to time 1785.332: [CMS-concurrent-abortable-preclean: 0.076/5.083 secs] [Times: user=0.11 sys=0.00, real=5.08 secs] 
1785.332: [GC[YG occupancy: 97718 K (249408 K)]1785.332: [Rescan (parallel) , 0.0605070 secs]1785.393: [weak refs processing, 0.0000110 secs]1785.393: [scrub string table, 0.0010420 secs] [1 CMS-remark: 183790K(554368K)] 281509K(803776K), 0.0616520 secs] [Times: user=0.23 sys=0.00, real=0.06 secs] 
1785.394: [CMS-concurrent-sweep-start]
1785.452: [CMS-concurrent-sweep: 0.058/0.058 secs] [Times: user=0.06 sys=0.00, real=0.06 secs] 
1785.453: [CMS-concurrent-reset-start]
1785.454: [CMS-concurrent-reset: 0.001/0.001 secs] [Times: user=0.00 sys=0.00, real=0.00 secs] 
1785.757: [GC [1 CMS-initial-mark: 183790K(554368K)] 281555K(803776K), 0.0459520 secs] [Times: user=0.05 sys=0.01, real=0.05 secs] 
1785.803: [CMS-concurrent-mark-start]
1786.032: [CMS-concurrent-mark: 0.229/0.229 secs] [Times: user=0.23 sys=0.00, real=0.23 secs] 
1786.032: [CMS-concurrent-preclean-start]
1786.033: [CMS-concurrent-preclean: 0.001/0.001 secs] [Times: user=0.00 sys=0.00, real=0.00 secs] 
1786.033: [CMS-concurrent-abortable-preclean-start]
 CMS: abort preclean due to time 1791.041: [CMS-concurrent-abortable-preclean: 0.100/5.008 secs] [Times: user=0.12 sys=0.01, real=5.01 secs] 
1791.042: [GC[YG occupancy: 97770 K (249408 K)]1791.042: [Rescan (parallel) , 0.0634670 secs]1791.105: [weak refs processing, 0.0000150 secs]1791.105: [scrub string table, 0.0009390 secs] [1 CMS-remark: 183790K(554368K)] 281561K(803776K), 0.0644900 secs] [Times: user=0.25 sys=0.00, real=0.06 secs] 
1791.106: [CMS-concurrent-sweep-start]
1791.165: [CMS-concurrent-sweep: 0.059/0.059 secs] [Times: user=0.06 sys=0.00, real=0.06 secs] 
1791.165: [CMS-concurrent-reset-start]
1791.166: [CMS-concurrent-reset: 0.001/0.001 secs] [Times: user=0.00 sys=0.00, real=0.00 secs] 
1793.167: [GC [1 CMS-initial-mark: 183790K(554368K)] 281573K(803776K), 0.0388290 secs] [Times: user=0.04 sys=0.00, real=0.04 secs] 
1793.206: [CMS-concurrent-mark-start]
1793.443: [CMS-concurrent-mark: 0.237/0.237 secs] [Times: user=0.24 sys=0.00, real=0.24 secs] 
1793.443: [CMS-concurrent-preclean-start]
1793.444: [CMS-concurrent-preclean: 0.001/0.001 secs] [Times: user=0.00 sys=0.00, real=0.00 secs] 
1793.444: [CMS-concurrent-abortable-preclean-start]
 CMS: abort preclean due to time 1798.520: [CMS-concurrent-abortable-preclean: 0.070/5.076 secs] [Times: user=0.09 sys=0.00, real=5.08 secs] 
1798.521: [GC[YG occupancy: 97797 K (249408 K)]1798.521: [Rescan (parallel) , 0.0590020 secs]1798.580: [weak refs processing, 0.0000140 secs]1798.580: [scrub string table, 0.0026160 secs] [1 CMS-remark: 183790K(554368K)] 281588K(803776K), 0.0617910 secs] [Times: user=0.17 sys=0.00, real=0.06 secs] 
1798.583: [CMS-concurrent-sweep-start]
1798.646: [CMS-concurrent-sweep: 0.063/0.063 secs] [Times: user=0.06 sys=0.00, real=0.06 secs] 
1798.646: [CMS-concurrent-reset-start]
1798.647: [CMS-concurrent-reset: 0.001/0.001 secs] [Times: user=0.00 sys=0.00, real=0.00 secs] 
1800.648: [GC [1 CMS-initial-mark: 183790K(554368K)] 281588K(803776K), 0.0337130 secs] [Times: user=0.03 sys=0.00, real=0.03 secs] 
1800.681: [CMS-concurrent-mark-start]
1800.913: [CMS-concurrent-mark: 0.231/0.231 secs] [Times: user=0.23 sys=0.00, real=0.23 secs] 
1800.913: [CMS-concurrent-preclean-start]
1800.914: [CMS-concurrent-preclean: 0.001/0.001 secs] [Times: user=0.01 sys=0.00, real=0.00 secs] 
1800.914: [CMS-concurrent-abortable-preclean-start]
 CMS: abort preclean due to time 1806.016: [CMS-concurrent-abortable-preclean: 0.095/5.102 secs] [Times: user=0.13 sys=0.00, real=5.10 secs] 
1806.017: [GC[YG occupancy: 98585 K (249408 K)]1806.017: [Rescan (parallel) , 0.0625050 secs]1806.080: [weak refs processing, 0.0000130 secs]1806.080: [scrub string table, 0.0008600 secs] [1 CMS-remark: 183790K(554368K)] 282376K(803776K), 0.0635070 secs] [Times: user=0.23 sys=0.01, real=0.07 secs] 
1806.081: [CMS-concurrent-sweep-start]
1806.139: [CMS-concurrent-sweep: 0.058/0.058 secs] [Times: user=0.06 sys=0.00, real=0.05 secs] 
1806.139: [CMS-concurrent-reset-start]
1806.140: [CMS-concurrent-reset: 0.001/0.001 secs] [Times: user=0.00 sys=0.00, real=0.01 secs] 
1808.141: [GC [1 CMS-initial-mark: 183790K(554368K)] 282393K(803776K), 0.0568980 secs] [Times: user=0.05 sys=0.00, real=0.05 secs] 
1808.198: [CMS-concurrent-mark-start]
1808.437: [CMS-concurrent-mark: 0.239/0.239 secs] [Times: user=0.24 sys=0.00, real=0.24 secs] 
1808.437: [CMS-concurrent-preclean-start]
1808.438: [CMS-concurrent-preclean: 0.001/0.001 secs] [Times: user=0.00 sys=0.00, real=0.00 secs] 
1808.438: [CMS-concurrent-abortable-preclean-start]
 CMS: abort preclean due to time 1813.536: [CMS-concurrent-abortable-preclean: 0.090/5.097 secs] [Times: user=0.11 sys=0.01, real=5.10 secs] 
1813.536: [GC[YG occupancy: 99249 K (249408 K)]1813.536: [Rescan (parallel) , 0.0586150 secs]1813.595: [weak refs processing, 0.0000100 secs]1813.595: [scrub string table, 0.0009430 secs] [1 CMS-remark: 183790K(554368K)] 283040K(803776K), 0.0596440 secs] [Times: user=0.24 sys=0.00, real=0.06 secs] 
1813.596: [CMS-concurrent-sweep-start]
1813.654: [CMS-concurrent-sweep: 0.059/0.059 secs] [Times: user=0.06 sys=0.00, real=0.06 secs] 
1813.654: [CMS-concurrent-reset-start]
1813.656: [CMS-concurrent-reset: 0.001/0.001 secs] [Times: user=0.00 sys=0.00, real=0.00 secs] 
1813.816: [GC [1 CMS-initial-mark: 183789K(554368K)] 283039K(803776K), 0.0342540 secs] [Times: user=0.03 sys=0.01, real=0.04 secs] 
1813.850: [CMS-concurrent-mark-start]
1814.082: [CMS-concurrent-mark: 0.232/0.232 secs] [Times: user=0.23 sys=0.00, real=0.23 secs] 
1814.082: [CMS-concurrent-preclean-start]
1814.083: [CMS-concurrent-preclean: 0.001/0.001 secs] [Times: user=0.00 sys=0.00, real=0.00 secs] 
1814.083: [CMS-concurrent-abortable-preclean-start]
 CMS: abort preclean due to time 1819.176: [CMS-concurrent-abortable-preclean: 0.083/5.092 secs] [Times: user=0.10 sys=0.01, real=5.09 secs] 
1819.176: [GC[YG occupancy: 99342 K (249408 K)]1819.176: [Rescan (parallel) , 0.0558220 secs]1819.232: [weak refs processing, 0.0000170 secs]1819.232: [scrub string table, 0.0008850 secs] [1 CMS-remark: 183789K(554368K)] 283132K(803776K), 0.0567840 secs] [Times: user=0.21 sys=0.01, real=0.06 secs] 
1819.233: [CMS-concurrent-sweep-start]
1819.291: [CMS-concurrent-sweep: 0.058/0.058 secs] [Times: user=0.05 sys=0.00, real=0.06 secs] 
1819.291: [CMS-concurrent-reset-start]
1819.292: [CMS-concurrent-reset: 0.001/0.001 secs] [Times: user=0.00 sys=0.00, real=0.00 secs] 
1821.293: [GC [1 CMS-initial-mark: 183789K(554368K)] 286031K(803776K), 0.0424180 secs] [Times: user=0.05 sys=0.00, real=0.04 secs] 
1821.335: [CMS-concurrent-mark-start]
1821.565: [CMS-concurrent-mark: 0.230/0.230 secs] [Times: user=0.23 sys=0.00, real=0.23 secs] 
1821.565: [CMS-concurrent-preclean-start]
1821.566: [CMS-concurrent-preclean: 0.001/0.001 secs] [Times: user=0.00 sys=0.00, real=0.00 secs] 
1821.566: [CMS-concurrent-abortable-preclean-start]
 CMS: abort preclean due to time 1826.658: [CMS-concurrent-abortable-preclean: 0.084/5.091 secs] [Times: user=0.10 sys=0.01, real=5.09 secs] 
1826.658: [GC[YG occupancy: 102273 K (249408 K)]1826.658: [Rescan (parallel) , 0.0590860 secs]1826.717: [weak refs processing, 0.0000150 secs]1826.717: [scrub string table, 0.0009630 secs] [1 CMS-remark: 183789K(554368K)] 286063K(803776K), 0.0601650 secs] [Times: user=0.20 sys=0.00, real=0.06 secs] 
1826.719: [CMS-concurrent-sweep-start]
1826.777: [CMS-concurrent-sweep: 0.058/0.058 secs] [Times: user=0.06 sys=0.00, real=0.06 secs] 
1826.777: [CMS-concurrent-reset-start]
1826.778: [CMS-concurrent-reset: 0.001/0.001 secs] [Times: user=0.00 sys=0.00, real=0.00 secs] 
1828.779: [GC [1 CMS-initial-mark: 183789K(554368K)] 286065K(803776K), 0.0582460 secs] [Times: user=0.06 sys=0.00, real=0.06 secs] 
1828.837: [CMS-concurrent-mark-start]
1829.071: [CMS-concurrent-mark: 0.234/0.234 secs] [Times: user=0.24 sys=0.00, real=0.24 secs] 
1829.071: [CMS-concurrent-preclean-start]
1829.072: [CMS-concurrent-preclean: 0.001/0.001 secs] [Times: user=0.00 sys=0.00, real=0.00 secs] 
1829.072: [CMS-concurrent-abortable-preclean-start]
 CMS: abort preclean due to time 1834.166: [CMS-concurrent-abortable-preclean: 0.087/5.094 secs] [Times: user=0.11 sys=0.00, real=5.09 secs] 
1834.167: [GC[YG occupancy: 102276 K (249408 K)]1834.167: [Rescan (parallel) , 0.0555070 secs]1834.222: [weak refs processing, 0.0000110 secs]1834.222: [scrub string table, 0.0008840 secs] [1 CMS-remark: 183789K(554368K)] 286066K(803776K), 0.0564880 secs] [Times: user=0.21 sys=0.00, real=0.06 secs] 
1834.223: [CMS-concurrent-sweep-start]
1834.282: [CMS-concurrent-sweep: 0.058/0.058 secs] [Times: user=0.05 sys=0.00, real=0.06 secs] 
1834.282: [CMS-concurrent-reset-start]
1834.283: [CMS-concurrent-reset: 0.001/0.001 secs] [Times: user=0.00 sys=0.00, real=0.00 secs] 
1836.284: [GC [1 CMS-initial-mark: 183789K(554368K)] 286078K(803776K), 0.0456460 secs] [Times: user=0.05 sys=0.01, real=0.05 secs] 
1836.329: [CMS-concurrent-mark-start]
1836.565: [CMS-concurrent-mark: 0.236/0.236 secs] [Times: user=0.23 sys=0.00, real=0.23 secs] 
1836.565: [CMS-concurrent-preclean-start]
1836.566: [CMS-concurrent-preclean: 0.001/0.001 secs] [Times: user=0.00 sys=0.00, real=0.00 secs] 
1836.566: [CMS-concurrent-abortable-preclean-start]
 CMS: abort preclean due to time 1841.640: [CMS-concurrent-abortable-preclean: 0.068/5.074 secs] [Times: user=0.09 sys=0.01, real=5.08 secs] 
1841.641: [GC[YG occupancy: 102288 K (249408 K)]1841.641: [Rescan (parallel) , 0.0689280 secs]1841.710: [weak refs processing, 0.0000110 secs]1841.710: [scrub string table, 0.0009510 secs] [1 CMS-remark: 183789K(554368K)] 286078K(803776K), 0.0699920 secs] [Times: user=0.20 sys=0.00, real=0.07 secs] 
1841.711: [CMS-concurrent-sweep-start]
1841.774: [CMS-concurrent-sweep: 0.063/0.063 secs] [Times: user=0.06 sys=0.00, real=0.06 secs] 
1841.774: [CMS-concurrent-reset-start]
1841.775: [CMS-concurrent-reset: 0.001/0.001 secs] [Times: user=0.00 sys=0.00, real=0.00 secs] 
1843.776: [GC [1 CMS-initial-mark: 183789K(554368K)] 286078K(803776K), 0.0562320 secs] [Times: user=0.06 sys=0.00, real=0.06 secs] 
1843.832: [CMS-concurrent-mark-start]
1844.068: [CMS-concurrent-mark: 0.236/0.236 secs] [Times: user=0.24 sys=0.00, real=0.24 secs] 
1844.068: [CMS-concurrent-preclean-start]
1844.069: [CMS-concurrent-preclean: 0.001/0.001 secs] [Times: user=0.00 sys=0.00, real=0.00 secs] 
1844.069: [CMS-concurrent-abortable-preclean-start]
 CMS: abort preclean due to time 1849.074: [CMS-concurrent-abortable-preclean: 0.097/5.005 secs] [Times: user=0.12 sys=0.01, real=5.00 secs] 
1849.075: [GC[YG occupancy: 102979 K (249408 K)]1849.075: [Rescan (parallel) , 0.0565330 secs]1849.131: [weak refs processing, 0.0000110 secs]1849.131: [scrub string table, 0.0008760 secs] [1 CMS-remark: 183789K(554368K)] 286769K(803776K), 0.0574870 secs] [Times: user=0.22 sys=0.00, real=0.06 secs] 
1849.132: [CMS-concurrent-sweep-start]
1849.191: [CMS-concurrent-sweep: 0.059/0.059 secs] [Times: user=0.06 sys=0.00, real=0.06 secs] 
1849.191: [CMS-concurrent-reset-start]
1849.192: [CMS-concurrent-reset: 0.001/0.001 secs] [Times: user=0.00 sys=0.00, real=0.00 secs] 
1851.193: [GC [1 CMS-initial-mark: 183789K(554368K)] 286769K(803776K), 0.0436980 secs] [Times: user=0.04 sys=0.00, real=0.04 secs] 
1851.237: [CMS-concurrent-mark-start]
1851.507: [CMS-concurrent-mark: 0.270/0.270 secs] [Times: user=0.27 sys=0.00, real=0.27 secs] 
1851.507: [CMS-concurrent-preclean-start]
1851.508: [CMS-concurrent-preclean: 0.001/0.001 secs] [Times: user=0.00 sys=0.00, real=0.01 secs] 
1851.508: [CMS-concurrent-abortable-preclean-start]
 CMS: abort preclean due to time 1856.585: [CMS-concurrent-abortable-preclean: 0.073/5.077 secs] [Times: user=0.07 sys=0.02, real=5.07 secs] 
1856.586: [GC[YG occupancy: 103077 K (249408 K)]1856.586: [Rescan (parallel) , 0.0671270 secs]1856.653: [weak refs processing, 0.0000110 secs]1856.653: [scrub string table, 0.0008860 secs] [1 CMS-remark: 183789K(554368K)] 286867K(803776K), 0.0681060 secs] [Times: user=0.26 sys=0.00, real=0.07 secs] 
1856.654: [CMS-concurrent-sweep-start]
1856.717: [CMS-concurrent-sweep: 0.063/0.063 secs] [Times: user=0.06 sys=0.00, real=0.06 secs] 
1856.717: [CMS-concurrent-reset-start]
1856.718: [CMS-concurrent-reset: 0.001/0.001 secs] [Times: user=0.00 sys=0.00, real=0.00 secs] 
1858.718: [GC [1 CMS-initial-mark: 183789K(554368K)] 286869K(803776K), 0.0418270 secs] [Times: user=0.05 sys=0.00, real=0.05 secs] 
1858.760: [CMS-concurrent-mark-start]
1858.999: [CMS-concurrent-mark: 0.239/0.239 secs] [Times: user=0.24 sys=0.00, real=0.23 secs] 
1859.000: [CMS-concurrent-preclean-start]
1859.001: [CMS-concurrent-preclean: 0.001/0.001 secs] [Times: user=0.00 sys=0.00, real=0.01 secs] 
1859.001: [CMS-concurrent-abortable-preclean-start]
 CMS: abort preclean due to time 1864.093: [CMS-concurrent-abortable-preclean: 0.085/5.092 secs] [Times: user=0.09 sys=0.01, real=5.09 secs] 
1864.093: [GC[YG occupancy: 103098 K (249408 K)]1864.093: [Rescan (parallel) , 0.0552020 secs]1864.148: [weak refs processing, 0.0000110 secs]1864.148: [scrub string table, 0.0008740 secs] [1 CMS-remark: 183789K(554368K)] 286888K(803776K), 0.0561620 secs] [Times: user=0.22 sys=0.00, real=0.06 secs] 
1864.149: [CMS-concurrent-sweep-start]
1864.211: [CMS-concurrent-sweep: 0.062/0.062 secs] [Times: user=0.06 sys=0.00, real=0.06 secs] 
1864.212: [CMS-concurrent-reset-start]
1864.213: [CMS-concurrent-reset: 0.001/0.001 secs] [Times: user=0.01 sys=0.00, real=0.00 secs] 
1866.213: [GC [1 CMS-initial-mark: 183789K(554368K)] 286900K(803776K), 0.0417860 secs] [Times: user=0.04 sys=0.00, real=0.04 secs] 
1866.255: [CMS-concurrent-mark-start]
1866.486: [CMS-concurrent-mark: 0.231/0.231 secs] [Times: user=0.23 sys=0.00, real=0.23 secs] 
1866.486: [CMS-concurrent-preclean-start]
1866.488: [CMS-concurrent-preclean: 0.001/0.001 secs] [Times: user=0.01 sys=0.00, real=0.01 secs] 
1866.488: [CMS-concurrent-abortable-preclean-start]
 CMS: abort preclean due to time 1871.581: [CMS-concurrent-abortable-preclean: 0.086/5.093 secs] [Times: user=0.11 sys=0.00, real=5.09 secs] 
1871.581: [GC[YG occupancy: 103130 K (249408 K)]1871.581: [Rescan (parallel) , 0.0631130 secs]1871.645: [weak refs processing, 0.0000110 secs]1871.645: [scrub string table, 0.0008710 secs] [1 CMS-remark: 183789K(554368K)] 286920K(803776K), 0.0640780 secs] [Times: user=0.24 sys=0.00, real=0.06 secs] 
1871.646: [CMS-concurrent-sweep-start]
1871.704: [CMS-concurrent-sweep: 0.058/0.058 secs] [Times: user=0.06 sys=0.00, real=0.06 secs] 
1871.704: [CMS-concurrent-reset-start]
1871.705: [CMS-concurrent-reset: 0.001/0.001 secs] [Times: user=0.00 sys=0.00, real=0.00 secs] 
1873.706: [GC [1 CMS-initial-mark: 183789K(554368K)] 286978K(803776K), 0.0360460 secs] [Times: user=0.04 sys=0.00, real=0.04 secs] 
1873.742: [CMS-concurrent-mark-start]
1873.999: [CMS-concurrent-mark: 0.257/0.257 secs] [Times: user=0.26 sys=0.00, real=0.25 secs] 
1873.999: [CMS-concurrent-preclean-start]
1874.000: [CMS-concurrent-preclean: 0.001/0.001 secs] [Times: user=0.00 sys=0.00, real=0.01 secs] 
1874.000: [CMS-concurrent-abortable-preclean-start]
 CMS: abort preclean due to time 1879.089: [CMS-concurrent-abortable-preclean: 0.081/5.088 secs] [Times: user=0.10 sys=0.01, real=5.09 secs] 
1879.089: [GC[YG occupancy: 103207 K (249408 K)]1879.089: [Rescan (parallel) , 0.0611500 secs]1879.150: [weak refs processing, 0.0000110 secs]1879.150: [scrub string table, 0.0008790 secs] [1 CMS-remark: 183789K(554368K)] 286997K(803776K), 0.0621050 secs] [Times: user=0.24 sys=0.00, real=0.06 secs] 
1879.151: [CMS-concurrent-sweep-start]
1879.209: [CMS-concurrent-sweep: 0.058/0.058 secs] [Times: user=0.06 sys=0.00, real=0.06 secs] 
1879.209: [CMS-concurrent-reset-start]
1879.210: [CMS-concurrent-reset: 0.001/0.001 secs] [Times: user=0.00 sys=0.00, real=0.00 secs] 
1881.211: [GC [1 CMS-initial-mark: 183789K(554368K)] 289885K(803776K), 0.0378040 secs] [Times: user=0.04 sys=0.00, real=0.04 secs] 
1881.249: [CMS-concurrent-mark-start]
1881.484: [CMS-concurrent-mark: 0.236/0.236 secs] [Times: user=0.24 sys=0.00, real=0.23 secs] 
1881.484: [CMS-concurrent-preclean-start]
1881.485: [CMS-concurrent-preclean: 0.001/0.001 secs] [Times: user=0.00 sys=0.00, real=0.00 secs] 
1881.486: [CMS-concurrent-abortable-preclean-start]
 CMS: abort preclean due to time 1886.508: [CMS-concurrent-abortable-preclean: 0.077/5.023 secs] [Times: user=0.10 sys=0.01, real=5.03 secs] 
1886.509: [GC[YG occupancy: 106770 K (249408 K)]1886.509: [Rescan (parallel) , 0.0587730 secs]1886.568: [weak refs processing, 0.0000110 secs]1886.568: [scrub string table, 0.0009180 secs] [1 CMS-remark: 183789K(554368K)] 290560K(803776K), 0.0597870 secs] [Times: user=0.23 sys=0.00, real=0.06 secs] 
1886.569: [CMS-concurrent-sweep-start]
1886.627: [CMS-concurrent-sweep: 0.058/0.058 secs] [Times: user=0.05 sys=0.00, real=0.05 secs] 
1886.627: [CMS-concurrent-reset-start]
1886.628: [CMS-concurrent-reset: 0.001/0.001 secs] [Times: user=0.01 sys=0.00, real=0.01 secs] 
1888.630: [GC [1 CMS-initial-mark: 183789K(554368K)] 290560K(803776K), 0.0456690 secs] [Times: user=0.04 sys=0.00, real=0.04 secs] 
1888.675: [CMS-concurrent-mark-start]
1888.955: [CMS-concurrent-mark: 0.280/0.280 secs] [Times: user=0.28 sys=0.00, real=0.28 secs] 
1888.955: [CMS-concurrent-preclean-start]
1888.956: [CMS-concurrent-preclean: 0.001/0.001 secs] [Times: user=0.01 sys=0.00, real=0.00 secs] 
1888.956: [CMS-concurrent-abortable-preclean-start]
 CMS: abort preclean due to time 1894.048: [CMS-concurrent-abortable-preclean: 0.085/5.092 secs] [Times: user=0.10 sys=0.01, real=5.10 secs] 
1894.049: [GC[YG occupancy: 106770 K (249408 K)]1894.049: [Rescan (parallel) , 0.0650710 secs]1894.114: [weak refs processing, 0.0000160 secs]1894.114: [scrub string table, 0.0008720 secs] [1 CMS-remark: 183789K(554368K)] 290560K(803776K), 0.0660310 secs] [Times: user=0.26 sys=0.00, real=0.06 secs] 
1894.115: [CMS-concurrent-sweep-start]
1894.173: [CMS-concurrent-sweep: 0.058/0.058 secs] [Times: user=0.05 sys=0.00, real=0.06 secs] 
1894.173: [CMS-concurrent-reset-start]
1894.174: [CMS-concurrent-reset: 0.001/0.001 secs] [Times: user=0.01 sys=0.00, real=0.00 secs] 
1896.174: [GC [1 CMS-initial-mark: 183789K(554368K)] 290577K(803776K), 0.0381860 secs] [Times: user=0.04 sys=0.00, real=0.04 secs] 
1896.213: [CMS-concurrent-mark-start]
1896.440: [CMS-concurrent-mark: 0.227/0.227 secs] [Times: user=0.23 sys=0.00, real=0.23 secs] 
1896.440: [CMS-concurrent-preclean-start]
1896.441: [CMS-concurrent-preclean: 0.001/0.001 secs] [Times: user=0.00 sys=0.00, real=0.00 secs] 
1896.441: [CMS-concurrent-abortable-preclean-start]
 CMS: abort preclean due to time 1901.547: [CMS-concurrent-abortable-preclean: 0.095/5.106 secs] [Times: user=0.11 sys=0.01, real=5.10 secs] 
1901.548: [GC[YG occupancy: 106801 K (249408 K)]1901.548: [Rescan (parallel) , 0.0861680 secs]1901.634: [weak refs processing, 0.0000160 secs]1901.634: [scrub string table, 0.0008740 secs] [1 CMS-remark: 183789K(554368K)] 290591K(803776K), 0.0871640 secs] [Times: user=0.25 sys=0.00, real=0.08 secs] 
1901.635: [CMS-concurrent-sweep-start]
1901.693: [CMS-concurrent-sweep: 0.058/0.058 secs] [Times: user=0.06 sys=0.00, real=0.06 secs] 
1901.693: [CMS-concurrent-reset-start]
1901.694: [CMS-concurrent-reset: 0.001/0.001 secs] [Times: user=0.00 sys=0.00, real=0.00 secs] 
1903.695: [GC [1 CMS-initial-mark: 183789K(554368K)] 290591K(803776K), 0.0377650 secs] [Times: user=0.03 sys=0.00, real=0.04 secs] 
1903.733: [CMS-concurrent-mark-start]
1903.965: [CMS-concurrent-mark: 0.232/0.232 secs] [Times: user=0.24 sys=0.00, real=0.23 secs] 
1903.965: [CMS-concurrent-preclean-start]
1903.966: [CMS-concurrent-preclean: 0.001/0.001 secs] [Times: user=0.00 sys=0.00, real=0.00 secs] 
1903.966: [CMS-concurrent-abortable-preclean-start]
 CMS: abort preclean due to time 1909.061: [CMS-concurrent-abortable-preclean: 0.086/5.095 secs] [Times: user=0.11 sys=0.01, real=5.10 secs] 
1909.061: [GC[YG occupancy: 106834 K (249408 K)]1909.061: [Rescan (parallel) , 0.0629050 secs]1909.124: [weak refs processing, 0.0000130 secs]1909.124: [scrub string table, 0.0008700 secs] [1 CMS-remark: 183789K(554368K)] 290624K(803776K), 0.0638600 secs] [Times: user=0.24 sys=0.00, real=0.06 secs] 
1909.125: [CMS-concurrent-sweep-start]
1909.184: [CMS-concurrent-sweep: 0.058/0.058 secs] [Times: user=0.06 sys=0.00, real=0.06 secs] 
1909.184: [CMS-concurrent-reset-start]
1909.185: [CMS-concurrent-reset: 0.001/0.001 secs] [Times: user=0.00 sys=0.00, real=0.00 secs] 
1911.185: [GC [1 CMS-initial-mark: 183789K(554368K)] 290624K(803776K), 0.0369430 secs] [Times: user=0.04 sys=0.00, real=0.04 secs] 
1911.222: [CMS-concurrent-mark-start]
1911.450: [CMS-concurrent-mark: 0.228/0.228 secs] [Times: user=0.23 sys=0.00, real=0.23 secs] 
1911.450: [CMS-concurrent-preclean-start]
1911.452: [CMS-concurrent-preclean: 0.001/0.001 secs] [Times: user=0.00 sys=0.00, real=0.00 secs] 
1911.452: [CMS-concurrent-abortable-preclean-start]
 CMS: abort preclean due to time 1916.529: [CMS-concurrent-abortable-preclean: 0.070/5.077 secs] [Times: user=0.09 sys=0.00, real=5.08 secs] 
1916.529: [GC[YG occupancy: 106842 K (249408 K)]1916.529: [Rescan (parallel) , 0.0651660 secs]1916.594: [weak refs processing, 0.0000110 secs]1916.594: [scrub string table, 0.0009650 secs] [1 CMS-remark: 183789K(554368K)] 290632K(803776K), 0.0662100 secs] [Times: user=0.26 sys=0.00, real=0.06 secs] 
1916.596: [CMS-concurrent-sweep-start]
1916.654: [CMS-concurrent-sweep: 0.058/0.058 secs] [Times: user=0.06 sys=0.00, real=0.06 secs] 
1916.654: [CMS-concurrent-reset-start]
1916.655: [CMS-concurrent-reset: 0.001/0.001 secs] [Times: user=0.00 sys=0.00, real=0.00 secs] 
1918.656: [GC [1 CMS-initial-mark: 183789K(554368K)] 290717K(803776K), 0.0701520 secs] [Times: user=0.07 sys=0.00, real=0.07 secs] 
1918.726: [CMS-concurrent-mark-start]
1918.962: [CMS-concurrent-mark: 0.236/0.236 secs] [Times: user=0.24 sys=0.00, real=0.24 secs] 
1918.963: [CMS-concurrent-preclean-start]
1918.964: [CMS-concurrent-preclean: 0.001/0.001 secs] [Times: user=0.00 sys=0.00, real=0.00 secs] 
1918.964: [CMS-concurrent-abortable-preclean-start]
 CMS: abort preclean due to time 1924.044: [CMS-concurrent-abortable-preclean: 0.074/5.080 secs] [Times: user=0.09 sys=0.01, real=5.08 secs] 
1924.045: [GC[YG occupancy: 106968 K (249408 K)]1924.045: [Rescan (parallel) , 0.0580580 secs]1924.103: [weak refs processing, 0.0000120 secs]1924.103: [scrub string table, 0.0008730 secs] [1 CMS-remark: 183789K(554368K)] 290758K(803776K), 0.0590230 secs] [Times: user=0.23 sys=0.00, real=0.06 secs] 
1924.104: [CMS-concurrent-sweep-start]
1924.163: [CMS-concurrent-sweep: 0.059/0.059 secs] [Times: user=0.05 sys=0.01, real=0.06 secs] 
1924.163: [CMS-concurrent-reset-start]
1924.164: [CMS-concurrent-reset: 0.001/0.001 secs] [Times: user=0.00 sys=0.00, real=0.00 secs] 
1926.164: [GC [1 CMS-initial-mark: 183789K(554368K)] 290770K(803776K), 0.0381240 secs] [Times: user=0.04 sys=0.00, real=0.04 secs] 
1926.203: [CMS-concurrent-mark-start]
1926.436: [CMS-concurrent-mark: 0.234/0.234 secs] [Times: user=0.24 sys=0.00, real=0.23 secs] 
1926.436: [CMS-concurrent-preclean-start]
1926.437: [CMS-concurrent-preclean: 0.001/0.001 secs] [Times: user=0.00 sys=0.00, real=0.00 secs] 
1926.437: [CMS-concurrent-abortable-preclean-start]
 CMS: abort preclean due to time 1931.527: [CMS-concurrent-abortable-preclean: 0.080/5.090 secs] [Times: user=0.09 sys=0.01, real=5.09 secs] 
1931.528: [GC[YG occupancy: 106981 K (249408 K)]1931.528: [Rescan (parallel) , 0.0574390 secs]1931.585: [weak refs processing, 0.0000200 secs]1931.585: [scrub string table, 0.0009590 secs] [1 CMS-remark: 183789K(554368K)] 290770K(803776K), 0.0584850 secs] [Times: user=0.23 sys=0.00, real=0.05 secs] 
1931.586: [CMS-concurrent-sweep-start]
1931.644: [CMS-concurrent-sweep: 0.057/0.057 secs] [Times: user=0.06 sys=0.00, real=0.06 secs] 
1931.644: [CMS-concurrent-reset-start]
1931.645: [CMS-concurrent-reset: 0.001/0.001 secs] [Times: user=0.00 sys=0.00, real=0.00 secs] 
1933.646: [GC [1 CMS-initial-mark: 183789K(554368K)] 290781K(803776K), 0.0367040 secs] [Times: user=0.04 sys=0.00, real=0.04 secs] 
1933.682: [CMS-concurrent-mark-start]
1933.913: [CMS-concurrent-mark: 0.230/0.230 secs] [Times: user=0.23 sys=0.00, real=0.23 secs] 
1933.913: [CMS-concurrent-preclean-start]
1933.914: [CMS-concurrent-preclean: 0.001/0.001 secs] [Times: user=0.00 sys=0.00, real=0.00 secs] 
1933.914: [CMS-concurrent-abortable-preclean-start]
 CMS: abort preclean due to time 1938.993: [CMS-concurrent-abortable-preclean: 0.072/5.079 secs] [Times: user=0.08 sys=0.02, real=5.08 secs] 
1938.993: [GC[YG occupancy: 107007 K (249408 K)]1938.993: [Rescan (parallel) , 0.0641210 secs]1939.058: [weak refs processing, 0.0000110 secs]1939.058: [scrub string table, 0.0009590 secs] [1 CMS-remark: 183789K(554368K)] 290797K(803776K), 0.0651630 secs] [Times: user=0.25 sys=0.00, real=0.06 secs] 
1939.059: [CMS-concurrent-sweep-start]
1939.116: [CMS-concurrent-sweep: 0.058/0.058 secs] [Times: user=0.06 sys=0.00, real=0.06 secs] 
1939.116: [CMS-concurrent-reset-start]
1939.118: [CMS-concurrent-reset: 0.001/0.001 secs] [Times: user=0.00 sys=0.00, real=0.00 secs] 
1941.118: [GC [1 CMS-initial-mark: 183789K(554368K)] 293565K(803776K), 0.0562320 secs] [Times: user=0.06 sys=0.00, real=0.06 secs] 
1941.174: [CMS-concurrent-mark-start]
1941.434: [CMS-concurrent-mark: 0.259/0.259 secs] [Times: user=0.26 sys=0.00, real=0.26 secs] 
1941.434: [CMS-concurrent-preclean-start]
1941.435: [CMS-concurrent-preclean: 0.001/0.001 secs] [Times: user=0.00 sys=0.00, real=0.00 secs] 
1941.435: [CMS-concurrent-abortable-preclean-start]
 CMS: abort preclean due to time 1946.532: [CMS-concurrent-abortable-preclean: 0.090/5.097 secs] [Times: user=0.10 sys=0.01, real=5.10 secs] 
1946.532: [GC[YG occupancy: 109802 K (249408 K)]1946.532: [Rescan (parallel) , 0.0614160 secs]1946.594: [weak refs processing, 0.0000210 secs]1946.594: [scrub string table, 0.0008990 secs] [1 CMS-remark: 183789K(554368K)] 293592K(803776K), 0.0624180 secs] [Times: user=0.22 sys=0.00, real=0.06 secs] 
1946.595: [CMS-concurrent-sweep-start]
1946.660: [CMS-concurrent-sweep: 0.065/0.065 secs] [Times: user=0.07 sys=0.00, real=0.07 secs] 
1946.660: [CMS-concurrent-reset-start]
1946.661: [CMS-concurrent-reset: 0.001/0.001 secs] [Times: user=0.00 sys=0.00, real=0.00 secs] 
1948.661: [GC [1 CMS-initial-mark: 183789K(554368K)] 293592K(803776K), 0.0380150 secs] [Times: user=0.04 sys=0.00, real=0.03 secs] 
1948.700: [CMS-concurrent-mark-start]
1948.982: [CMS-concurrent-mark: 0.282/0.282 secs] [Times: user=0.28 sys=0.00, real=0.29 secs] 
1948.982: [CMS-concurrent-preclean-start]
1948.983: [CMS-concurrent-preclean: 0.001/0.001 secs] [Times: user=0.00 sys=0.00, real=0.00 secs] 
1948.983: [CMS-concurrent-abortable-preclean-start]
 CMS: abort preclean due to time 1953.994: [CMS-concurrent-abortable-preclean: 0.068/5.011 secs] [Times: user=0.10 sys=0.00, real=5.01 secs] 
1953.995: [GC[YG occupancy: 110475 K (249408 K)]1953.995: [Rescan (parallel) , 0.0603440 secs]1954.055: [weak refs processing, 0.0000170 secs]1954.055: [scrub string table, 0.0008840 secs] [1 CMS-remark: 183789K(554368K)] 294265K(803776K), 0.0613240 secs] [Times: user=0.22 sys=0.00, real=0.06 secs] 
1954.056: [CMS-concurrent-sweep-start]
1954.114: [CMS-concurrent-sweep: 0.058/0.058 secs] [Times: user=0.06 sys=0.00, real=0.06 secs] 
1954.114: [CMS-concurrent-reset-start]
1954.115: [CMS-concurrent-reset: 0.001/0.001 secs] [Times: user=0.00 sys=0.00, real=0.00 secs] 
1956.116: [GC [1 CMS-initial-mark: 183789K(554368K)] 294278K(803776K), 0.0375530 secs] [Times: user=0.04 sys=0.00, real=0.04 secs] 
1956.153: [CMS-concurrent-mark-start]
1956.407: [CMS-concurrent-mark: 0.254/0.254 secs] [Times: user=0.25 sys=0.00, real=0.25 secs] 
1956.407: [CMS-concurrent-preclean-start]
1956.409: [CMS-concurrent-preclean: 0.001/0.001 secs] [Times: user=0.00 sys=0.00, real=0.01 secs] 
1956.409: [CMS-concurrent-abortable-preclean-start]
 CMS: abort preclean due to time 1961.502: [CMS-concurrent-abortable-preclean: 0.086/5.093 secs] [Times: user=0.11 sys=0.01, real=5.09 secs] 
1961.502: [GC[YG occupancy: 110523 K (249408 K)]1961.503: [Rescan (parallel) , 0.0672730 secs]1961.570: [weak refs processing, 0.0000230 secs]1961.570: [scrub string table, 0.0008740 secs] [1 CMS-remark: 183789K(554368K)] 294312K(803776K), 0.0682550 secs] [Times: user=0.27 sys=0.00, real=0.07 secs] 
1961.571: [CMS-concurrent-sweep-start]
1961.631: [CMS-concurrent-sweep: 0.060/0.060 secs] [Times: user=0.06 sys=0.00, real=0.06 secs] 
1961.631: [CMS-concurrent-reset-start]
1961.632: [CMS-concurrent-reset: 0.001/0.001 secs] [Times: user=0.00 sys=0.00, real=0.00 secs] 
1963.633: [GC [1 CMS-initial-mark: 183789K(554368K)] 294333K(803776K), 0.0380960 secs] [Times: user=0.04 sys=0.00, real=0.04 secs] 
1963.671: [CMS-concurrent-mark-start]
1963.902: [CMS-concurrent-mark: 0.231/0.231 secs] [Times: user=0.23 sys=0.00, real=0.23 secs] 
1963.902: [CMS-concurrent-preclean-start]
1963.903: [CMS-concurrent-preclean: 0.001/0.001 secs] [Times: user=0.00 sys=0.00, real=0.00 secs] 
1963.903: [CMS-concurrent-abortable-preclean-start]
 CMS: abort preclean due to time 1968.994: [CMS-concurrent-abortable-preclean: 0.084/5.091 secs] [Times: user=0.11 sys=0.01, real=5.09 secs] 
1968.995: [GC[YG occupancy: 110602 K (249408 K)]1968.995: [Rescan (parallel) , 0.0628730 secs]1969.058: [weak refs processing, 0.0000120 secs]1969.058: [scrub string table, 0.0008750 secs] [1 CMS-remark: 183789K(554368K)] 294391K(803776K), 0.0638770 secs] [Times: user=0.24 sys=0.00, real=0.06 secs] 
1969.059: [CMS-concurrent-sweep-start]
1969.117: [CMS-concurrent-sweep: 0.059/0.059 secs] [Times: user=0.06 sys=0.00, real=0.06 secs] 
1969.118: [CMS-concurrent-reset-start]
1969.119: [CMS-concurrent-reset: 0.001/0.001 secs] [Times: user=0.00 sys=0.00, real=0.00 secs] 
1971.119: [GC [1 CMS-initial-mark: 183789K(554368K)] 294391K(803776K), 0.0384920 secs] [Times: user=0.03 sys=0.00, real=0.04 secs] 
1971.158: [CMS-concurrent-mark-start]
1971.394: [CMS-concurrent-mark: 0.236/0.236 secs] [Times: user=0.24 sys=0.00, real=0.24 secs] 
1971.394: [CMS-concurrent-preclean-start]
1971.395: [CMS-concurrent-preclean: 0.001/0.001 secs] [Times: user=0.00 sys=0.00, real=0.00 secs] 
1971.395: [CMS-concurrent-abortable-preclean-start]
 CMS: abort preclean due to time 1976.477: [CMS-concurrent-abortable-preclean: 0.076/5.083 secs] [Times: user=0.10 sys=0.00, real=5.08 secs] 
1976.478: [GC[YG occupancy: 110610 K (249408 K)]1976.478: [Rescan (parallel) , 0.0639000 secs]1976.542: [weak refs processing, 0.0000100 secs]1976.542: [scrub string table, 0.0008760 secs] [1 CMS-remark: 183789K(554368K)] 294400K(803776K), 0.0649140 secs] [Times: user=0.26 sys=0.00, real=0.07 secs] 
1976.543: [CMS-concurrent-sweep-start]
1976.601: [CMS-concurrent-sweep: 0.058/0.058 secs] [Times: user=0.05 sys=0.00, real=0.06 secs] 
1976.601: [CMS-concurrent-reset-start]
1976.602: [CMS-concurrent-reset: 0.001/0.001 secs] [Times: user=0.01 sys=0.00, real=0.00 secs] 
1978.603: [GC [1 CMS-initial-mark: 183789K(554368K)] 294406K(803776K), 0.0536630 secs] [Times: user=0.05 sys=0.00, real=0.05 secs] 
1978.657: [CMS-concurrent-mark-start]
1978.889: [CMS-concurrent-mark: 0.232/0.232 secs] [Times: user=0.24 sys=0.00, real=0.24 secs] 
1978.890: [CMS-concurrent-preclean-start]
1978.891: [CMS-concurrent-preclean: 0.001/0.001 secs] [Times: user=0.00 sys=0.00, real=0.00 secs] 
1978.891: [CMS-concurrent-abortable-preclean-start]
 CMS: abort preclean due to time 1983.983: [CMS-concurrent-abortable-preclean: 0.086/5.092 secs] [Times: user=0.11 sys=0.01, real=5.09 secs] 
1983.984: [GC[YG occupancy: 110809 K (249408 K)]1983.984: [Rescan (parallel) , 0.0643730 secs]1984.048: [weak refs processing, 0.0000110 secs]1984.048: [scrub string table, 0.0009660 secs] [1 CMS-remark: 183789K(554368K)] 294599K(803776K), 0.0654230 secs] [Times: user=0.25 sys=0.00, real=0.07 secs] 
1984.050: [CMS-concurrent-sweep-start]
1984.109: [CMS-concurrent-sweep: 0.059/0.059 secs] [Times: user=0.06 sys=0.00, real=0.06 secs] 
1984.109: [CMS-concurrent-reset-start]
1984.111: [CMS-concurrent-reset: 0.002/0.002 secs] [Times: user=0.00 sys=0.00, real=0.00 secs] 
1986.111: [GC [1 CMS-initial-mark: 183789K(554368K)] 294612K(803776K), 0.0436930 secs] [Times: user=0.04 sys=0.00, real=0.04 secs] 
1986.155: [CMS-concurrent-mark-start]
1986.394: [CMS-concurrent-mark: 0.239/0.239 secs] [Times: user=0.24 sys=0.00, real=0.24 secs] 
1986.394: [CMS-concurrent-preclean-start]
1986.395: [CMS-concurrent-preclean: 0.001/0.001 secs] [Times: user=0.00 sys=0.00, real=0.00 secs] 
1986.395: [CMS-concurrent-abortable-preclean-start]
 CMS: abort preclean due to time 1991.484: [CMS-concurrent-abortable-preclean: 0.083/5.089 secs] [Times: user=0.10 sys=0.01, real=5.09 secs] 
1991.485: [GC[YG occupancy: 110822 K (249408 K)]1991.485: [Rescan (parallel) , 0.0603760 secs]1991.545: [weak refs processing, 0.0000110 secs]1991.545: [scrub string table, 0.0009450 secs] [1 CMS-remark: 183789K(554368K)] 294612K(803776K), 0.0614010 secs] [Times: user=0.24 sys=0.00, real=0.06 secs] 
1991.546: [CMS-concurrent-sweep-start]
1991.604: [CMS-concurrent-sweep: 0.057/0.057 secs] [Times: user=0.05 sys=0.00, real=0.06 secs] 
1991.604: [CMS-concurrent-reset-start]
1991.605: [CMS-concurrent-reset: 0.001/0.001 secs] [Times: user=0.00 sys=0.00, real=0.00 secs] 
1993.606: [GC [1 CMS-initial-mark: 183789K(554368K)] 294612K(803776K), 0.0500960 secs] [Times: user=0.06 sys=0.00, real=0.05 secs] 
1993.656: [CMS-concurrent-mark-start]
1993.920: [CMS-concurrent-mark: 0.264/0.264 secs] [Times: user=0.26 sys=0.00, real=0.27 secs] 
1993.920: [CMS-concurrent-preclean-start]
1993.921: [CMS-concurrent-preclean: 0.001/0.001 secs] [Times: user=0.00 sys=0.00, real=0.00 secs] 
1993.921: [CMS-concurrent-abortable-preclean-start]
 CMS: abort preclean due to time 1999.002: [CMS-concurrent-abortable-preclean: 0.074/5.081 secs] [Times: user=0.10 sys=0.00, real=5.08 secs] 
1999.002: [GC[YG occupancy: 110849 K (249408 K)]1999.002: [Rescan (parallel) , 0.0655160 secs]1999.068: [weak refs processing, 0.0000100 secs]1999.068: [scrub string table, 0.0008440 secs] [1 CMS-remark: 183789K(554368K)] 294638K(803776K), 0.0664450 secs] [Times: user=0.26 sys=0.00, real=0.07 secs] 
1999.069: [CMS-concurrent-sweep-start]
1999.127: [CMS-concurrent-sweep: 0.058/0.058 secs] [Times: user=0.06 sys=0.00, real=0.05 secs] 
1999.127: [CMS-concurrent-reset-start]
1999.128: [CMS-concurrent-reset: 0.001/0.001 secs] [Times: user=0.00 sys=0.00, real=0.01 secs] 
2001.129: [GC [1 CMS-initial-mark: 183789K(554368K)] 297528K(803776K), 0.0392260 secs] [Times: user=0.04 sys=0.01, real=0.04 secs] 
2001.168: [CMS-concurrent-mark-start]
2001.399: [CMS-concurrent-mark: 0.231/0.231 secs] [Times: user=0.23 sys=0.00, real=0.22 secs] 
2001.399: [CMS-concurrent-preclean-start]
2001.400: [CMS-concurrent-preclean: 0.001/0.001 secs] [Times: user=0.00 sys=0.00, real=0.01 secs] 
2001.400: [CMS-concurrent-abortable-preclean-start]
 CMS: abort preclean due to time 2006.477: [CMS-concurrent-abortable-preclean: 0.070/5.077 secs] [Times: user=0.09 sys=0.00, real=5.07 secs] 
2006.478: [GC[YG occupancy: 113764 K (249408 K)]2006.478: [Rescan (parallel) , 0.0627790 secs]2006.540: [weak refs processing, 0.0000220 secs]2006.541: [scrub string table, 0.0008820 secs] [1 CMS-remark: 183789K(554368K)] 297554K(803776K), 0.0637820 secs] [Times: user=0.25 sys=0.00, real=0.07 secs] 
2006.542: [CMS-concurrent-sweep-start]
2006.600: [CMS-concurrent-sweep: 0.059/0.059 secs] [Times: user=0.06 sys=0.00, real=0.06 secs] 
2006.600: [CMS-concurrent-reset-start]
2006.602: [CMS-concurrent-reset: 0.001/0.001 secs] [Times: user=0.00 sys=0.00, real=0.00 secs] 
2008.602: [GC [1 CMS-initial-mark: 183789K(554368K)] 297554K(803776K), 0.0400910 secs] [Times: user=0.04 sys=0.00, real=0.04 secs] 
2008.643: [CMS-concurrent-mark-start]
2008.872: [CMS-concurrent-mark: 0.229/0.229 secs] [Times: user=0.23 sys=0.00, real=0.23 secs] 
2008.872: [CMS-concurrent-preclean-start]
2008.873: [CMS-concurrent-preclean: 0.001/0.001 secs] [Times: user=0.00 sys=0.00, real=0.00 secs] 
2008.873: [CMS-concurrent-abortable-preclean-start]
 CMS: abort preclean due to time 2013.953: [CMS-concurrent-abortable-preclean: 0.073/5.080 secs] [Times: user=0.09 sys=0.00, real=5.08 secs] 
2013.953: [GC[YG occupancy: 113765 K (249408 K)]2013.953: [Rescan (parallel) , 0.0617070 secs]2014.015: [weak refs processing, 0.0000120 secs]2014.015: [scrub string table, 0.0008810 secs] [1 CMS-remark: 183789K(554368K)] 297555K(803776K), 0.0626820 secs] [Times: user=0.24 sys=0.00, real=0.06 secs] 
2014.016: [CMS-concurrent-sweep-start]
2014.074: [CMS-concurrent-sweep: 0.058/0.058 secs] [Times: user=0.06 sys=0.00, real=0.06 secs] 
2014.074: [CMS-concurrent-reset-start]
2014.075: [CMS-concurrent-reset: 0.001/0.001 secs] [Times: user=0.00 sys=0.00, real=0.00 secs] 
2016.076: [GC [1 CMS-initial-mark: 183789K(554368K)] 297567K(803776K), 0.0390580 secs] [Times: user=0.04 sys=0.00, real=0.04 secs] 
2016.115: [CMS-concurrent-mark-start]
2016.357: [CMS-concurrent-mark: 0.242/0.242 secs] [Times: user=0.25 sys=0.00, real=0.24 secs] 
2016.357: [CMS-concurrent-preclean-start]
2016.358: [CMS-concurrent-preclean: 0.001/0.001 secs] [Times: user=0.00 sys=0.00, real=0.00 secs] 
2016.358: [CMS-concurrent-abortable-preclean-start]
 CMS: abort preclean due to time 2021.433: [CMS-concurrent-abortable-preclean: 0.068/5.075 secs] [Times: user=0.08 sys=0.01, real=5.08 secs] 
2021.433: [GC[YG occupancy: 113777 K (249408 K)]2021.433: [Rescan (parallel) , 0.0612660 secs]2021.494: [weak refs processing, 0.0000200 secs]2021.494: [scrub string table, 0.0008920 secs] [1 CMS-remark: 183789K(554368K)] 297567K(803776K), 0.0622570 secs] [Times: user=0.23 sys=0.01, real=0.06 secs] 
2021.495: [CMS-concurrent-sweep-start]
2021.553: [CMS-concurrent-sweep: 0.058/0.058 secs] [Times: user=0.06 sys=0.00, real=0.06 secs] 
2021.553: [CMS-concurrent-reset-start]
2021.554: [CMS-concurrent-reset: 0.001/0.001 secs] [Times: user=0.00 sys=0.00, real=0.00 secs] 
2023.555: [GC [1 CMS-initial-mark: 183789K(554368K)] 297567K(803776K), 0.0721810 secs] [Times: user=0.07 sys=0.00, real=0.07 secs] 
2023.627: [CMS-concurrent-mark-start]
2023.861: [CMS-concurrent-mark: 0.234/0.234 secs] [Times: user=0.23 sys=0.00, real=0.24 secs] 
2023.861: [CMS-concurrent-preclean-start]
2023.862: [CMS-concurrent-preclean: 0.001/0.001 secs] [Times: user=0.00 sys=0.00, real=0.00 secs] 
2023.862: [CMS-concurrent-abortable-preclean-start]
 CMS: abort preclean due to time 2028.959: [CMS-concurrent-abortable-preclean: 0.090/5.097 secs] [Times: user=0.11 sys=0.01, real=5.09 secs] 
2028.960: [GC[YG occupancy: 113810 K (249408 K)]2028.960: [Rescan (parallel) , 0.0879830 secs]2029.048: [weak refs processing, 0.0000110 secs]2029.048: [scrub string table, 0.0008660 secs] [1 CMS-remark: 183789K(554368K)] 297600K(803776K), 0.0889390 secs] [Times: user=0.26 sys=0.00, real=0.09 secs] 
2029.049: [CMS-concurrent-sweep-start]
2029.107: [CMS-concurrent-sweep: 0.058/0.058 secs] [Times: user=0.06 sys=0.00, real=0.05 secs] 
2029.107: [CMS-concurrent-reset-start]
2029.108: [CMS-concurrent-reset: 0.001/0.001 secs] [Times: user=0.00 sys=0.00, real=0.01 secs] 
2031.109: [GC [1 CMS-initial-mark: 183789K(554368K)] 297600K(803776K), 0.0416540 secs] [Times: user=0.04 sys=0.00, real=0.04 secs] 
2031.150: [CMS-concurrent-mark-start]
2031.396: [CMS-concurrent-mark: 0.246/0.246 secs] [Times: user=0.25 sys=0.00, real=0.24 secs] 
2031.396: [CMS-concurrent-preclean-start]
2031.397: [CMS-concurrent-preclean: 0.001/0.001 secs] [Times: user=0.00 sys=0.00, real=0.00 secs] 
2031.397: [CMS-concurrent-abortable-preclean-start]
 CMS: abort preclean due to time 2036.482: [CMS-concurrent-abortable-preclean: 0.078/5.085 secs] [Times: user=0.11 sys=0.00, real=5.09 secs] 
2036.483: [GC[YG occupancy: 113889 K (249408 K)]2036.483: [Rescan (parallel) , 0.0617160 secs]2036.545: [weak refs processing, 0.0000130 secs]2036.545: [scrub string table, 0.0008710 secs] [1 CMS-remark: 183789K(554368K)] 297678K(803776K), 0.0626760 secs] [Times: user=0.23 sys=0.01, real=0.06 secs] 
2036.546: [CMS-concurrent-sweep-start]
2036.607: [CMS-concurrent-sweep: 0.061/0.061 secs] [Times: user=0.06 sys=0.00, real=0.06 secs] 
2036.607: [CMS-concurrent-reset-start]
2036.608: [CMS-concurrent-reset: 0.001/0.001 secs] [Times: user=0.00 sys=0.00, real=0.01 secs] 
2038.609: [GC [1 CMS-initial-mark: 183789K(554368K)] 297678K(803776K), 0.0396250 secs] [Times: user=0.04 sys=0.00, real=0.04 secs] 
2038.649: [CMS-concurrent-mark-start]
2038.888: [CMS-concurrent-mark: 0.239/0.239 secs] [Times: user=0.24 sys=0.00, real=0.24 secs] 
2038.888: [CMS-concurrent-preclean-start]
2038.889: [CMS-concurrent-preclean: 0.001/0.001 secs] [Times: user=0.00 sys=0.00, real=0.00 secs] 
2038.889: [CMS-concurrent-abortable-preclean-start]
 CMS: abort preclean due to time 2043.967: [CMS-concurrent-abortable-preclean: 0.073/5.077 secs] [Times: user=0.10 sys=0.00, real=5.07 secs] 
2043.968: [GC[YG occupancy: 114546 K (249408 K)]2043.968: [Rescan (parallel) , 0.0793990 secs]2044.047: [weak refs processing, 0.0000170 secs]2044.047: [scrub string table, 0.0013820 secs] [1 CMS-remark: 183789K(554368K)] 298335K(803776K), 0.0809160 secs] [Times: user=0.23 sys=0.00, real=0.08 secs] 
2044.049: [CMS-concurrent-sweep-start]
2044.138: [CMS-concurrent-sweep: 0.089/0.089 secs] [Times: user=0.08 sys=0.00, real=0.08 secs] 
2044.138: [CMS-concurrent-reset-start]
2044.139: [CMS-concurrent-reset: 0.001/0.001 secs] [Times: user=0.00 sys=0.00, real=0.00 secs] 
2046.140: [GC [1 CMS-initial-mark: 183789K(554368K)] 298355K(803776K), 0.0423160 secs] [Times: user=0.04 sys=0.00, real=0.04 secs] 
2046.182: [CMS-concurrent-mark-start]
2046.410: [CMS-concurrent-mark: 0.228/0.228 secs] [Times: user=0.23 sys=0.00, real=0.23 secs] 
2046.410: [CMS-concurrent-preclean-start]
2046.412: [CMS-concurrent-preclean: 0.001/0.001 secs] [Times: user=0.00 sys=0.00, real=0.00 secs] 
2046.412: [CMS-concurrent-abortable-preclean-start]
 CMS: abort preclean due to time 2051.499: [CMS-concurrent-abortable-preclean: 0.080/5.087 secs] [Times: user=0.11 sys=0.00, real=5.08 secs] 
2051.499: [GC[YG occupancy: 114572 K (249408 K)]2051.499: [Rescan (parallel) , 0.1518610 secs]2051.651: [weak refs processing, 0.0000190 secs]2051.651: [scrub string table, 0.0062710 secs] [1 CMS-remark: 183789K(554368K)] 298361K(803776K), 0.1585180 secs] [Times: user=0.23 sys=0.00, real=0.16 secs] 
2051.658: [CMS-concurrent-sweep-start]
2051.748: [CMS-concurrent-sweep: 0.090/0.090 secs] [Times: user=0.09 sys=0.00, real=0.10 secs] 
2051.748: [CMS-concurrent-reset-start]
2051.749: [CMS-concurrent-reset: 0.001/0.001 secs] [Times: user=0.00 sys=0.00, real=0.00 secs] 
2053.749: [GC [1 CMS-initial-mark: 183789K(554368K)] 298366K(803776K), 0.0382260 secs] [Times: user=0.04 sys=0.00, real=0.04 secs] 
2053.788: [CMS-concurrent-mark-start]
2054.030: [CMS-concurrent-mark: 0.242/0.242 secs] [Times: user=0.24 sys=0.00, real=0.24 secs] 
2054.030: [CMS-concurrent-preclean-start]
2054.031: [CMS-concurrent-preclean: 0.001/0.001 secs] [Times: user=0.00 sys=0.00, real=0.00 secs] 
2054.031: [CMS-concurrent-abortable-preclean-start]
 CMS: abort preclean due to time 2059.115: [CMS-concurrent-abortable-preclean: 0.091/5.083 secs] [Times: user=0.11 sys=0.01, real=5.08 secs] 
2059.115: [GC[YG occupancy: 115231 K (249408 K)]2059.115: [Rescan (parallel) , 0.0748210 secs]2059.190: [weak refs processing, 0.0000110 secs]2059.190: [scrub string table, 0.0008720 secs] [1 CMS-remark: 183789K(554368K)] 299021K(803776K), 0.0757730 secs] [Times: user=0.28 sys=0.00, real=0.08 secs] 
2059.191: [CMS-concurrent-sweep-start]
2059.249: [CMS-concurrent-sweep: 0.058/0.058 secs] [Times: user=0.06 sys=0.00, real=0.06 secs] 
2059.249: [CMS-concurrent-reset-start]
2059.250: [CMS-concurrent-reset: 0.001/0.001 secs] [Times: user=0.00 sys=0.00, real=0.00 secs] 
2061.250: [GC [1 CMS-initial-mark: 183789K(554368K)] 301916K(803776K), 0.0393630 secs] [Times: user=0.04 sys=0.00, real=0.04 secs] 
2061.290: [CMS-concurrent-mark-start]
2061.518: [CMS-concurrent-mark: 0.228/0.228 secs] [Times: user=0.23 sys=0.00, real=0.22 secs] 
2061.518: [CMS-concurrent-preclean-start]
2061.520: [CMS-concurrent-preclean: 0.001/0.001 secs] [Times: user=0.00 sys=0.00, real=0.01 secs] 
2061.520: [CMS-concurrent-abortable-preclean-start]
 CMS: abort preclean due to time 2066.614: [CMS-concurrent-abortable-preclean: 0.088/5.095 secs] [Times: user=0.11 sys=0.00, real=5.09 secs] 
2066.615: [GC[YG occupancy: 118161 K (249408 K)]2066.615: [Rescan (parallel) , 0.0714110 secs]2066.686: [weak refs processing, 0.0000230 secs]2066.686: [scrub string table, 0.0008780 secs] [1 CMS-remark: 183789K(554368K)] 301951K(803776K), 0.0725560 secs] [Times: user=0.28 sys=0.00, real=0.07 secs] 
2066.687: [CMS-concurrent-sweep-start]
2066.750: [CMS-concurrent-sweep: 0.063/0.063 secs] [Times: user=0.06 sys=0.00, real=0.07 secs] 
2066.750: [CMS-concurrent-reset-start]
2066.753: [CMS-concurrent-reset: 0.003/0.003 secs] [Times: user=0.01 sys=0.00, real=0.00 secs] 
2068.754: [GC [1 CMS-initial-mark: 183789K(554368K)] 301951K(803776K), 0.0528100 secs] [Times: user=0.05 sys=0.00, real=0.05 secs] 
2068.807: [CMS-concurrent-mark-start]
2069.036: [CMS-concurrent-mark: 0.229/0.229 secs] [Times: user=0.23 sys=0.00, real=0.23 secs] 
2069.036: [CMS-concurrent-preclean-start]
2069.037: [CMS-concurrent-preclean: 0.001/0.001 secs] [Times: user=0.00 sys=0.00, real=0.00 secs] 
2069.037: [CMS-concurrent-abortable-preclean-start]
 CMS: abort preclean due to time 2074.120: [CMS-concurrent-abortable-preclean: 0.077/5.084 secs] [Times: user=0.10 sys=0.01, real=5.09 secs] 
2074.121: [GC[YG occupancy: 118161 K (249408 K)]2074.121: [Rescan (parallel) , 0.0697390 secs]2074.191: [weak refs processing, 0.0000110 secs]2074.191: [scrub string table, 0.0009250 secs] [1 CMS-remark: 183789K(554368K)] 301951K(803776K), 0.0707430 secs] [Times: user=0.28 sys=0.00, real=0.07 secs] 
2074.192: [CMS-concurrent-sweep-start]
2074.268: [CMS-concurrent-sweep: 0.076/0.076 secs] [Times: user=0.07 sys=0.00, real=0.08 secs] 
2074.268: [CMS-concurrent-reset-start]
2074.269: [CMS-concurrent-reset: 0.001/0.001 secs] [Times: user=0.00 sys=0.00, real=0.00 secs] 
2076.270: [GC [1 CMS-initial-mark: 183789K(554368K)] 301964K(803776K), 0.0610400 secs] [Times: user=0.06 sys=0.00, real=0.06 secs] 
2076.331: [CMS-concurrent-mark-start]
2076.558: [CMS-concurrent-mark: 0.227/0.227 secs] [Times: user=0.23 sys=0.00, real=0.22 secs] 
2076.558: [CMS-concurrent-preclean-start]
2076.559: [CMS-concurrent-preclean: 0.001/0.001 secs] [Times: user=0.00 sys=0.00, real=0.00 secs] 
2076.559: [CMS-concurrent-abortable-preclean-start]
 CMS: abort preclean due to time 2081.658: [CMS-concurrent-abortable-preclean: 0.092/5.098 secs] [Times: user=0.11 sys=0.01, real=5.10 secs] 
2081.658: [GC[YG occupancy: 118174 K (249408 K)]2081.658: [Rescan (parallel) , 0.0694810 secs]2081.728: [weak refs processing, 0.0000150 secs]2081.728: [scrub string table, 0.0008720 secs] [1 CMS-remark: 183789K(554368K)] 301964K(803776K), 0.0704390 secs] [Times: user=0.27 sys=0.00, real=0.08 secs] 
2081.729: [CMS-concurrent-sweep-start]
2081.790: [CMS-concurrent-sweep: 0.061/0.061 secs] [Times: user=0.06 sys=0.00, real=0.06 secs] 
2081.790: [CMS-concurrent-reset-start]
2081.791: [CMS-concurrent-reset: 0.001/0.001 secs] [Times: user=0.00 sys=0.00, real=0.00 secs] 
2083.791: [GC [1 CMS-initial-mark: 183789K(554368K)] 301964K(803776K), 0.0395960 secs] [Times: user=0.04 sys=0.00, real=0.04 secs] 
2083.831: [CMS-concurrent-mark-start]
2084.060: [CMS-concurrent-mark: 0.229/0.229 secs] [Times: user=0.23 sys=0.00, real=0.23 secs] 
2084.060: [CMS-concurrent-preclean-start]
2084.061: [CMS-concurrent-preclean: 0.001/0.001 secs] [Times: user=0.00 sys=0.00, real=0.00 secs] 
2084.061: [CMS-concurrent-abortable-preclean-start]
 CMS: abort preclean due to time 2089.108: [CMS-concurrent-abortable-preclean: 0.077/5.047 secs] [Times: user=0.09 sys=0.01, real=5.05 secs] 
2089.109: [GC[YG occupancy: 118847 K (249408 K)]2089.109: [Rescan (parallel) , 0.0727820 secs]2089.182: [weak refs processing, 0.0000160 secs]2089.182: [scrub string table, 0.0008590 secs] [1 CMS-remark: 183789K(554368K)] 302637K(803776K), 0.0737600 secs] [Times: user=0.29 sys=0.00, real=0.07 secs] 
2089.183: [CMS-concurrent-sweep-start]
2089.240: [CMS-concurrent-sweep: 0.058/0.058 secs] [Times: user=0.06 sys=0.00, real=0.06 secs] 
2089.240: [CMS-concurrent-reset-start]
2089.241: [CMS-concurrent-reset: 0.001/0.001 secs] [Times: user=0.00 sys=0.00, real=0.00 secs] 
2091.242: [GC [1 CMS-initial-mark: 183789K(554368K)] 302637K(803776K), 0.0400010 secs] [Times: user=0.04 sys=0.00, real=0.04 secs] 
2091.282: [CMS-concurrent-mark-start]
2091.510: [CMS-concurrent-mark: 0.228/0.228 secs] [Times: user=0.23 sys=0.00, real=0.23 secs] 
2091.510: [CMS-concurrent-preclean-start]
2091.511: [CMS-concurrent-preclean: 0.001/0.001 secs] [Times: user=0.00 sys=0.00, real=0.00 secs] 
2091.511: [CMS-concurrent-abortable-preclean-start]
 CMS: abort preclean due to time 2096.514: [CMS-concurrent-abortable-preclean: 0.094/5.003 secs] [Times: user=0.11 sys=0.01, real=5.00 secs] 
2096.516: [GC[YG occupancy: 118866 K (249408 K)]2096.516: [Rescan (parallel) , 0.1596760 secs]2096.676: [weak refs processing, 0.0000160 secs]2096.676: [scrub string table, 0.0013170 secs] [1 CMS-remark: 183789K(554368K)] 302655K(803776K), 0.1611270 secs] [Times: user=0.29 sys=0.01, real=0.16 secs] 
2096.677: [CMS-concurrent-sweep-start]
2096.788: [CMS-concurrent-sweep: 0.110/0.110 secs] [Times: user=0.11 sys=0.00, real=0.12 secs] 
2096.788: [CMS-concurrent-reset-start]
2096.789: [CMS-concurrent-reset: 0.001/0.001 secs] [Times: user=0.00 sys=0.00, real=0.00 secs] 
2098.789: [GC [1 CMS-initial-mark: 183789K(554368K)] 302655K(803776K), 0.0400610 secs] [Times: user=0.04 sys=0.00, real=0.04 secs] 
2098.830: [CMS-concurrent-mark-start]
2099.061: [CMS-concurrent-mark: 0.231/0.231 secs] [Times: user=0.23 sys=0.00, real=0.23 secs] 
2099.061: [CMS-concurrent-preclean-start]
2099.062: [CMS-concurrent-preclean: 0.001/0.001 secs] [Times: user=0.00 sys=0.00, real=0.00 secs] 
2099.062: [CMS-concurrent-abortable-preclean-start]
 CMS: abort preclean due to time 2104.149: [CMS-concurrent-abortable-preclean: 0.079/5.087 secs] [Times: user=0.10 sys=0.01, real=5.09 secs] 
2104.149: [GC[YG occupancy: 118909 K (249408 K)]2104.149: [Rescan (parallel) , 0.0564920 secs]2104.206: [weak refs processing, 0.0000110 secs]2104.206: [scrub string table, 0.0008770 secs] [1 CMS-remark: 183789K(554368K)] 302699K(803776K), 0.0574500 secs] [Times: user=0.21 sys=0.00, real=0.05 secs] 
2104.207: [CMS-concurrent-sweep-start]
2104.264: [CMS-concurrent-sweep: 0.058/0.058 secs] [Times: user=0.05 sys=0.00, real=0.06 secs] 
2104.264: [CMS-concurrent-reset-start]
2104.266: [CMS-concurrent-reset: 0.001/0.001 secs] [Times: user=0.01 sys=0.00, real=0.00 secs] 
2106.266: [GC [1 CMS-initial-mark: 183789K(554368K)] 302715K(803776K), 0.0482260 secs] [Times: user=0.05 sys=0.00, real=0.05 secs] 
2106.314: [CMS-concurrent-mark-start]
2106.545: [CMS-concurrent-mark: 0.231/0.231 secs] [Times: user=0.23 sys=0.00, real=0.23 secs] 
2106.545: [CMS-concurrent-preclean-start]
2106.547: [CMS-concurrent-preclean: 0.001/0.001 secs] [Times: user=0.01 sys=0.00, real=0.00 secs] 
2106.547: [CMS-concurrent-abortable-preclean-start]
 CMS: abort preclean due to time 2111.623: [CMS-concurrent-abortable-preclean: 0.070/5.076 secs] [Times: user=0.09 sys=0.01, real=5.08 secs] 
2111.623: [GC[YG occupancy: 118946 K (249408 K)]2111.623: [Rescan (parallel) , 0.1031540 secs]2111.726: [weak refs processing, 0.0000130 secs]2111.726: [scrub string table, 0.0008710 secs] [1 CMS-remark: 183789K(554368K)] 302736K(803776K), 0.1041240 secs] [Times: user=0.36 sys=0.00, real=0.10 secs] 
2111.727: [CMS-concurrent-sweep-start]
2111.785: [CMS-concurrent-sweep: 0.058/0.058 secs] [Times: user=0.06 sys=0.00, real=0.06 secs] 
2111.785: [CMS-concurrent-reset-start]
2111.786: [CMS-concurrent-reset: 0.001/0.001 secs] [Times: user=0.00 sys=0.00, real=0.00 secs] 
2113.787: [GC [1 CMS-initial-mark: 183789K(554368K)] 302804K(803776K), 0.0437210 secs] [Times: user=0.04 sys=0.00, real=0.05 secs] 
2113.831: [CMS-concurrent-mark-start]
2114.064: [CMS-concurrent-mark: 0.233/0.233 secs] [Times: user=0.23 sys=0.00, real=0.23 secs] 
2114.064: [CMS-concurrent-preclean-start]
2114.065: [CMS-concurrent-preclean: 0.001/0.001 secs] [Times: user=0.01 sys=0.00, real=0.00 secs] 
2114.065: [CMS-concurrent-abortable-preclean-start]
 CMS: abort preclean due to time 2119.153: [CMS-concurrent-abortable-preclean: 0.081/5.088 secs] [Times: user=0.10 sys=0.01, real=5.09 secs] 
2119.154: [GC[YG occupancy: 119029 K (249408 K)]2119.154: [Rescan (parallel) , 0.0647880 secs]2119.219: [weak refs processing, 0.0000250 secs]2119.219: [scrub string table, 0.0009030 secs] [1 CMS-remark: 183789K(554368K)] 302818K(803776K), 0.0660340 secs] [Times: user=0.25 sys=0.00, real=0.07 secs] 
2119.220: [CMS-concurrent-sweep-start]
2119.279: [CMS-concurrent-sweep: 0.059/0.059 secs] [Times: user=0.06 sys=0.00, real=0.05 secs] 
2119.279: [CMS-concurrent-reset-start]
2119.280: [CMS-concurrent-reset: 0.001/0.001 secs] [Times: user=0.00 sys=0.00, real=0.01 secs] 
2121.280: [GC [1 CMS-initial-mark: 183789K(554368K)] 305590K(803776K), 0.0413760 secs] [Times: user=0.04 sys=0.00, real=0.04 secs] 
2121.322: [CMS-concurrent-mark-start]
2121.555: [CMS-concurrent-mark: 0.233/0.233 secs] [Times: user=0.24 sys=0.00, real=0.23 secs] 
2121.555: [CMS-concurrent-preclean-start]
2121.556: [CMS-concurrent-preclean: 0.001/0.001 secs] [Times: user=0.00 sys=0.00, real=0.00 secs] 
2121.556: [CMS-concurrent-abortable-preclean-start]
 CMS: abort preclean due to time 2126.561: [CMS-concurrent-abortable-preclean: 0.072/5.004 secs] [Times: user=0.10 sys=0.00, real=5.01 secs] 
2126.561: [GC[YG occupancy: 122517 K (249408 K)]2126.561: [Rescan (parallel) , 0.0871330 secs]2126.649: [weak refs processing, 0.0000160 secs]2126.649: [scrub string table, 0.0012020 secs] [1 CMS-remark: 183789K(554368K)] 306307K(803776K), 0.0884510 secs] [Times: user=0.27 sys=0.01, real=0.09 secs] 
2126.650: [CMS-concurrent-sweep-start]
2126.719: [CMS-concurrent-sweep: 0.069/0.069 secs] [Times: user=0.07 sys=0.00, real=0.06 secs] 
2126.719: [CMS-concurrent-reset-start]
2126.720: [CMS-concurrent-reset: 0.002/0.002 secs] [Times: user=0.00 sys=0.00, real=0.01 secs] 
2128.721: [GC [1 CMS-initial-mark: 183789K(554368K)] 306333K(803776K), 0.0596460 secs] [Times: user=0.06 sys=0.00, real=0.06 secs] 
2128.781: [CMS-concurrent-mark-start]
2129.014: [CMS-concurrent-mark: 0.233/0.233 secs] [Times: user=0.24 sys=0.00, real=0.23 secs] 
2129.014: [CMS-concurrent-preclean-start]
2129.016: [CMS-concurrent-preclean: 0.001/0.001 secs] [Times: user=0.00 sys=0.00, real=0.00 secs] 
2129.016: [CMS-concurrent-abortable-preclean-start]
 CMS: abort preclean due to time 2134.102: [CMS-concurrent-abortable-preclean: 0.080/5.087 secs] [Times: user=0.10 sys=0.00, real=5.09 secs] 
2134.103: [GC[YG occupancy: 122544 K (249408 K)]2134.103: [Rescan (parallel) , 0.0668620 secs]2134.170: [weak refs processing, 0.0000160 secs]2134.170: [scrub string table, 0.0008780 secs] [1 CMS-remark: 183789K(554368K)] 306334K(803776K), 0.0678620 secs] [Times: user=0.26 sys=0.00, real=0.07 secs] 
2134.171: [CMS-concurrent-sweep-start]
2134.238: [CMS-concurrent-sweep: 0.067/0.067 secs] [Times: user=0.07 sys=0.00, real=0.06 secs] 
2134.238: [CMS-concurrent-reset-start]
2134.240: [CMS-concurrent-reset: 0.002/0.002 secs] [Times: user=0.00 sys=0.00, real=0.01 secs] 
2136.241: [GC [1 CMS-initial-mark: 183789K(554368K)] 306346K(803776K), 0.0591220 secs] [Times: user=0.06 sys=0.00, real=0.06 secs] 
2136.300: [CMS-concurrent-mark-start]
2136.532: [CMS-concurrent-mark: 0.232/0.232 secs] [Times: user=0.23 sys=0.00, real=0.23 secs] 
2136.532: [CMS-concurrent-preclean-start]
2136.533: [CMS-concurrent-preclean: 0.001/0.001 secs] [Times: user=0.00 sys=0.00, real=0.00 secs] 
2136.533: [CMS-concurrent-abortable-preclean-start]
 CMS: abort preclean due to time 2141.590: [CMS-concurrent-abortable-preclean: 0.078/5.057 secs] [Times: user=0.10 sys=0.01, real=5.06 secs] 
2141.591: [GC[YG occupancy: 123228 K (249408 K)]2141.591: [Rescan (parallel) , 0.0870060 secs]2141.678: [weak refs processing, 0.0000190 secs]2141.678: [scrub string table, 0.0012740 secs] [1 CMS-remark: 183789K(554368K)] 307017K(803776K), 0.0884100 secs] [Times: user=0.23 sys=0.00, real=0.08 secs] 
2141.679: [CMS-concurrent-sweep-start]
2141.769: [CMS-concurrent-sweep: 0.090/0.090 secs] [Times: user=0.08 sys=0.00, real=0.10 secs] 
2141.769: [CMS-concurrent-reset-start]
2141.770: [CMS-concurrent-reset: 0.001/0.001 secs] [Times: user=0.01 sys=0.00, real=0.00 secs] 
2143.554: [GC [1 CMS-initial-mark: 183789K(554368K)] 308284K(803776K), 0.0436790 secs] [Times: user=0.04 sys=0.00, real=0.04 secs] 
2143.598: [CMS-concurrent-mark-start]
2144.002: [CMS-concurrent-mark: 0.404/0.404 secs] [Times: user=0.39 sys=0.00, real=0.41 secs] 
2144.002: [CMS-concurrent-preclean-start]
2144.004: [CMS-concurrent-preclean: 0.002/0.002 secs] [Times: user=0.00 sys=0.00, real=0.00 secs] 
2144.004: [CMS-concurrent-abortable-preclean-start]
 CMS: abort preclean due to time 2149.105: [CMS-concurrent-abortable-preclean: 0.071/5.101 secs] [Times: user=0.10 sys=0.02, real=5.10 secs] 
2149.106: [GC[YG occupancy: 124537 K (249408 K)]2149.106: [Rescan (parallel) , 0.0956740 secs]2149.202: [weak refs processing, 0.0000260 secs]2149.202: [scrub string table, 0.0025230 secs] [1 CMS-remark: 183789K(554368K)] 308327K(803776K), 0.0984810 secs] [Times: user=0.25 sys=0.00, real=0.10 secs] 
2149.205: [CMS-concurrent-sweep-start]
2149.287: [CMS-concurrent-sweep: 0.082/0.082 secs] [Times: user=0.08 sys=0.00, real=0.08 secs] 
2149.287: [CMS-concurrent-reset-start]
2149.289: [CMS-concurrent-reset: 0.002/0.002 secs] [Times: user=0.00 sys=0.00, real=0.01 secs] 
2150.881: [GC [1 CMS-initial-mark: 183789K(554368K)] 308960K(803776K), 0.0510460 secs] [Times: user=0.05 sys=0.00, real=0.05 secs] 
2150.932: [CMS-concurrent-mark-start]
2151.335: [CMS-concurrent-mark: 0.403/0.403 secs] [Times: user=0.38 sys=0.00, real=0.40 secs] 
2151.335: [CMS-concurrent-preclean-start]
2151.337: [CMS-concurrent-preclean: 0.002/0.002 secs] [Times: user=0.01 sys=0.00, real=0.00 secs] 
2151.337: [CMS-concurrent-abortable-preclean-start]
 CMS: abort preclean due to time 2156.432: [CMS-concurrent-abortable-preclean: 0.087/5.095 secs] [Times: user=0.12 sys=0.00, real=5.10 secs] 
2156.432: [GC[YG occupancy: 125823 K (249408 K)]2156.432: [Rescan (parallel) , 0.0797310 secs]2156.512: [weak refs processing, 0.0000110 secs]2156.512: [scrub string table, 0.0010040 secs] [1 CMS-remark: 183789K(554368K)] 309612K(803776K), 0.0808330 secs] [Times: user=0.18 sys=0.01, real=0.08 secs] 
2156.513: [CMS-concurrent-sweep-start]
2156.618: [CMS-concurrent-sweep: 0.104/0.104 secs] [Times: user=0.11 sys=0.00, real=0.10 secs] 
2156.618: [CMS-concurrent-reset-start]
2156.619: [CMS-concurrent-reset: 0.002/0.002 secs] [Times: user=0.00 sys=0.00, real=0.00 secs] 
2157.324: [GC [1 CMS-initial-mark: 183789K(554368K)] 309612K(803776K), 0.0564940 secs] [Times: user=0.05 sys=0.00, real=0.06 secs] 
2157.381: [CMS-concurrent-mark-start]
2157.849: [CMS-concurrent-mark: 0.468/0.468 secs] [Times: user=0.44 sys=0.00, real=0.47 secs] 
2157.849: [CMS-concurrent-preclean-start]
2157.851: [CMS-concurrent-preclean: 0.002/0.002 secs] [Times: user=0.00 sys=0.00, real=0.00 secs] 
2157.851: [CMS-concurrent-abortable-preclean-start]
 CMS: abort preclean due to time 2162.877: [CMS-concurrent-abortable-preclean: 0.101/5.026 secs] [Times: user=0.14 sys=0.01, real=5.02 secs] 
2162.877: [GC[YG occupancy: 126482 K (249408 K)]2162.877: [Rescan (parallel) , 0.2455150 secs]2163.123: [weak refs processing, 0.0000210 secs]2163.123: [scrub string table, 0.0011060 secs] [1 CMS-remark: 183789K(554368K)] 310271K(803776K), 0.2467470 secs] [Times: user=0.36 sys=0.00, real=0.25 secs] 
2163.124: [CMS-concurrent-sweep-start]
2163.234: [CMS-concurrent-sweep: 0.110/0.110 secs] [Times: user=0.10 sys=0.00, real=0.11 secs] 
2163.234: [CMS-concurrent-reset-start]
2163.236: [CMS-concurrent-reset: 0.001/0.001 secs] [Times: user=0.00 sys=0.00, real=0.00 secs] 
2165.236: [GC [1 CMS-initial-mark: 183789K(554368K)] 310289K(803776K), 0.0437330 secs] [Times: user=0.04 sys=0.00, real=0.05 secs] 
2165.280: [CMS-concurrent-mark-start]
2165.525: [CMS-concurrent-mark: 0.245/0.245 secs] [Times: user=0.25 sys=0.00, real=0.24 secs] 
2165.525: [CMS-concurrent-preclean-start]
2165.526: [CMS-concurrent-preclean: 0.001/0.001 secs] [Times: user=0.00 sys=0.00, real=0.00 secs] 
2165.526: [CMS-concurrent-abortable-preclean-start]
 CMS: abort preclean due to time 2170.604: [CMS-concurrent-abortable-preclean: 0.072/5.078 secs] [Times: user=0.09 sys=0.01, real=5.08 secs] 
2170.604: [GC[YG occupancy: 126577 K (249408 K)]2170.604: [Rescan (parallel) , 0.0824420 secs]2170.687: [weak refs processing, 0.0000160 secs]2170.687: [scrub string table, 0.0009880 secs] [1 CMS-remark: 183789K(554368K)] 310366K(803776K), 0.0835120 secs] [Times: user=0.28 sys=0.00, real=0.09 secs] 
2170.688: [CMS-concurrent-sweep-start]
2170.760: [CMS-concurrent-sweep: 0.072/0.072 secs] [Times: user=0.07 sys=0.00, real=0.07 secs] 
2170.760: [CMS-concurrent-reset-start]
2170.762: [CMS-concurrent-reset: 0.001/0.001 secs] [Times: user=0.01 sys=0.00, real=0.00 secs] 
2172.763: [GC [1 CMS-initial-mark: 183789K(554368K)] 310366K(803776K), 0.0618560 secs] [Times: user=0.06 sys=0.00, real=0.06 secs] 
2172.825: [CMS-concurrent-mark-start]
2173.061: [CMS-concurrent-mark: 0.237/0.237 secs] [Times: user=0.24 sys=0.00, real=0.24 secs] 
2173.061: [CMS-concurrent-preclean-start]
2173.062: [CMS-concurrent-preclean: 0.001/0.001 secs] [Times: user=0.00 sys=0.00, real=0.00 secs] 
2173.062: [CMS-concurrent-abortable-preclean-start]
 CMS: abort preclean due to time 2178.137: [CMS-concurrent-abortable-preclean: 0.069/5.075 secs] [Times: user=0.08 sys=0.01, real=5.07 secs] 
2178.138: [GC[YG occupancy: 126591 K (249408 K)]2178.138: [Rescan (parallel) , 0.0769650 secs]2178.215: [weak refs processing, 0.0000230 secs]2178.215: [scrub string table, 0.0008550 secs] [1 CMS-remark: 183789K(554368K)] 310381K(803776K), 0.0779280 secs] [Times: user=0.29 sys=0.00, real=0.08 secs] 
2178.216: [CMS-concurrent-sweep-start]
2178.275: [CMS-concurrent-sweep: 0.060/0.060 secs] [Times: user=0.06 sys=0.00, real=0.06 secs] 
2178.275: [CMS-concurrent-reset-start]
2178.277: [CMS-concurrent-reset: 0.001/0.001 secs] [Times: user=0.00 sys=0.00, real=0.00 secs] 
2180.277: [GC [1 CMS-initial-mark: 183789K(554368K)] 310381K(803776K), 0.0527190 secs] [Times: user=0.05 sys=0.00, real=0.06 secs] 
2180.330: [CMS-concurrent-mark-start]
2180.631: [CMS-concurrent-mark: 0.301/0.301 secs] [Times: user=0.30 sys=0.00, real=0.30 secs] 
2180.631: [CMS-concurrent-preclean-start]
2180.633: [CMS-concurrent-preclean: 0.002/0.002 secs] [Times: user=0.00 sys=0.00, real=0.00 secs] 
2180.633: [CMS-concurrent-abortable-preclean-start]
 CMS: abort preclean due to time 2185.706: [CMS-concurrent-abortable-preclean: 0.067/5.072 secs] [Times: user=0.10 sys=0.01, real=5.07 secs] 
2185.706: [GC[YG occupancy: 129507 K (249408 K)]2185.706: [Rescan (parallel) , 0.0702190 secs]2185.776: [weak refs processing, 0.0000130 secs]2185.776: [scrub string table, 0.0008940 secs] [1 CMS-remark: 183789K(554368K)] 313297K(803776K), 0.0711920 secs] [Times: user=0.27 sys=0.00, real=0.07 secs] 
2185.777: [CMS-concurrent-sweep-start]
2185.836: [CMS-concurrent-sweep: 0.058/0.058 secs] [Times: user=0.06 sys=0.00, real=0.06 secs] 
2185.836: [CMS-concurrent-reset-start]
2185.837: [CMS-concurrent-reset: 0.001/0.001 secs] [Times: user=0.00 sys=0.00, real=0.00 secs] 
2187.837: [GC [1 CMS-initial-mark: 183789K(554368K)] 313314K(803776K), 0.0437110 secs] [Times: user=0.04 sys=0.00, real=0.05 secs] 
2187.881: [CMS-concurrent-mark-start]
2188.110: [CMS-concurrent-mark: 0.229/0.229 secs] [Times: user=0.23 sys=0.00, real=0.23 secs] 
2188.110: [CMS-concurrent-preclean-start]
2188.111: [CMS-concurrent-preclean: 0.001/0.001 secs] [Times: user=0.00 sys=0.00, real=0.00 secs] 
2188.111: [CMS-concurrent-abortable-preclean-start]
 CMS: abort preclean due to time 2193.194: [CMS-concurrent-abortable-preclean: 0.076/5.083 secs] [Times: user=0.10 sys=0.01, real=5.08 secs] 
2193.195: [GC[YG occupancy: 129526 K (249408 K)]2193.195: [Rescan (parallel) , 0.0791370 secs]2193.274: [weak refs processing, 0.0000110 secs]2193.274: [scrub string table, 0.0008840 secs] [1 CMS-remark: 183789K(554368K)] 313315K(803776K), 0.0801410 secs] [Times: user=0.31 sys=0.00, real=0.08 secs] 
2193.275: [CMS-concurrent-sweep-start]
2193.333: [CMS-concurrent-sweep: 0.058/0.058 secs] [Times: user=0.06 sys=0.00, real=0.06 secs] 
2193.333: [CMS-concurrent-reset-start]
2193.334: [CMS-concurrent-reset: 0.001/0.001 secs] [Times: user=0.00 sys=0.00, real=0.00 secs] 
2195.335: [GC [1 CMS-initial-mark: 183789K(554368K)] 313321K(803776K), 0.0484760 secs] [Times: user=0.04 sys=0.00, real=0.05 secs] 
2195.383: [CMS-concurrent-mark-start]
2195.612: [CMS-concurrent-mark: 0.228/0.228 secs] [Times: user=0.24 sys=0.00, real=0.23 secs] 
2195.612: [CMS-concurrent-preclean-start]
2195.613: [CMS-concurrent-preclean: 0.001/0.001 secs] [Times: user=0.00 sys=0.00, real=0.00 secs] 
2195.613: [CMS-concurrent-abortable-preclean-start]
 CMS: abort preclean due to time 2200.619: [CMS-concurrent-abortable-preclean: 0.099/5.007 secs] [Times: user=0.12 sys=0.02, real=5.00 secs] 
2200.620: [GC[YG occupancy: 129617 K (249408 K)]2200.620: [Rescan (parallel) , 0.0711090 secs]2200.691: [weak refs processing, 0.0000110 secs]2200.691: [scrub string table, 0.0008820 secs] [1 CMS-remark: 183789K(554368K)] 313406K(803776K), 0.0720750 secs] [Times: user=0.27 sys=0.00, real=0.07 secs] 
2200.692: [CMS-concurrent-sweep-start]
2200.750: [CMS-concurrent-sweep: 0.058/0.058 secs] [Times: user=0.06 sys=0.00, real=0.06 secs] 
2200.750: [CMS-concurrent-reset-start]
2200.751: [CMS-concurrent-reset: 0.001/0.001 secs] [Times: user=0.00 sys=0.00, real=0.00 secs] 
2202.752: [GC [1 CMS-initial-mark: 183789K(554368K)] 313406K(803776K), 0.0578680 secs] [Times: user=0.06 sys=0.00, real=0.06 secs] 
2202.810: [CMS-concurrent-mark-start]
2203.043: [CMS-concurrent-mark: 0.233/0.233 secs] [Times: user=0.24 sys=0.00, real=0.23 secs] 
2203.043: [CMS-concurrent-preclean-start]
2203.045: [CMS-concurrent-preclean: 0.001/0.001 secs] [Times: user=0.00 sys=0.00, real=0.00 secs] 
2203.045: [CMS-concurrent-abortable-preclean-start]
 CMS: abort preclean due to time 2208.142: [CMS-concurrent-abortable-preclean: 0.091/5.097 secs] [Times: user=0.10 sys=0.02, real=5.10 secs] 
2208.142: [GC[YG occupancy: 129651 K (249408 K)]2208.142: [Rescan (parallel) , 0.0753910 secs]2208.218: [weak refs processing, 0.0000120 secs]2208.218: [scrub string table, 0.0008740 secs] [1 CMS-remark: 183789K(554368K)] 313441K(803776K), 0.0763540 secs] [Times: user=0.29 sys=0.00, real=0.07 secs] 
2208.219: [CMS-concurrent-sweep-start]
2208.276: [CMS-concurrent-sweep: 0.057/0.057 secs] [Times: user=0.06 sys=0.00, real=0.06 secs] 
2208.276: [CMS-concurrent-reset-start]
2208.277: [CMS-concurrent-reset: 0.001/0.001 secs] [Times: user=0.00 sys=0.00, real=0.00 secs] 
2210.278: [GC [1 CMS-initial-mark: 183789K(554368K)] 313441K(803776K), 0.0437190 secs] [Times: user=0.04 sys=0.00, real=0.05 secs] 
2210.322: [CMS-concurrent-mark-start]
2210.549: [CMS-concurrent-mark: 0.228/0.228 secs] [Times: user=0.22 sys=0.01, real=0.23 secs] 
2210.550: [CMS-concurrent-preclean-start]
2210.551: [CMS-concurrent-preclean: 0.001/0.001 secs] [Times: user=0.00 sys=0.00, real=0.00 secs] 
2210.551: [CMS-concurrent-abortable-preclean-start]
 CMS: abort preclean due to time 2215.650: [CMS-concurrent-abortable-preclean: 0.092/5.100 secs] [Times: user=0.11 sys=0.01, real=5.10 secs] 
2215.651: [GC[YG occupancy: 129666 K (249408 K)]2215.651: [Rescan (parallel) , 0.0721200 secs]2215.723: [weak refs processing, 0.0000120 secs]2215.723: [scrub string table, 0.0010090 secs] [1 CMS-remark: 183789K(554368K)] 313455K(803776K), 0.0732400 secs] [Times: user=0.26 sys=0.00, real=0.07 secs] 
2215.724: [CMS-concurrent-sweep-start]
2215.782: [CMS-concurrent-sweep: 0.058/0.058 secs] [Times: user=0.06 sys=0.00, real=0.06 secs] 
2215.782: [CMS-concurrent-reset-start]
2215.784: [CMS-concurrent-reset: 0.002/0.002 secs] [Times: user=0.00 sys=0.00, real=0.00 secs] 
2217.785: [GC [1 CMS-initial-mark: 183789K(554368K)] 313455K(803776K), 0.0463180 secs] [Times: user=0.05 sys=0.00, real=0.05 secs] 
2217.831: [CMS-concurrent-mark-start]
2218.058: [CMS-concurrent-mark: 0.227/0.227 secs] [Times: user=0.23 sys=0.00, real=0.22 secs] 
2218.058: [CMS-concurrent-preclean-start]
2218.059: [CMS-concurrent-preclean: 0.001/0.001 secs] [Times: user=0.00 sys=0.00, real=0.00 secs] 
2218.060: [CMS-concurrent-abortable-preclean-start]
 CMS: abort preclean due to time 2223.145: [CMS-concurrent-abortable-preclean: 0.090/5.086 secs] [Times: user=0.12 sys=0.01, real=5.09 secs] 
2223.146: [GC[YG occupancy: 130337 K (249408 K)]2223.146: [Rescan (parallel) , 0.0779980 secs]2223.224: [weak refs processing, 0.0000110 secs]2223.224: [scrub string table, 0.0008670 secs] [1 CMS-remark: 183789K(554368K)] 314126K(803776K), 0.0789490 secs] [Times: user=0.30 sys=0.01, real=0.08 secs] 
2223.225: [CMS-concurrent-sweep-start]
2223.282: [CMS-concurrent-sweep: 0.057/0.057 secs] [Times: user=0.06 sys=0.00, real=0.06 secs] 
2223.282: [CMS-concurrent-reset-start]
2223.283: [CMS-concurrent-reset: 0.001/0.001 secs] [Times: user=0.00 sys=0.00, real=0.00 secs] 
2225.284: [GC [1 CMS-initial-mark: 183789K(554368K)] 314144K(803776K), 0.0669870 secs] [Times: user=0.07 sys=0.00, real=0.07 secs] 
2225.351: [CMS-concurrent-mark-start]
2225.583: [CMS-concurrent-mark: 0.232/0.232 secs] [Times: user=0.23 sys=0.00, real=0.23 secs] 
2225.583: [CMS-concurrent-preclean-start]
2225.585: [CMS-concurrent-preclean: 0.001/0.001 secs] [Times: user=0.00 sys=0.00, real=0.00 secs] 
2225.585: [CMS-concurrent-abortable-preclean-start]
 CMS: abort preclean due to time 2230.671: [CMS-concurrent-abortable-preclean: 0.079/5.086 secs] [Times: user=0.10 sys=0.00, real=5.09 secs] 
2230.671: [GC[YG occupancy: 130399 K (249408 K)]2230.671: [Rescan (parallel) , 0.1603830 secs]2230.832: [weak refs processing, 0.0000120 secs]2230.832: [scrub string table, 0.0009080 secs] [1 CMS-remark: 183789K(554368K)] 314188K(803776K), 0.1613970 secs] [Times: user=0.38 sys=0.02, real=0.16 secs] 
2230.833: [CMS-concurrent-sweep-start]
2230.892: [CMS-concurrent-sweep: 0.060/0.060 secs] [Times: user=0.06 sys=0.00, real=0.06 secs] 
2230.893: [CMS-concurrent-reset-start]
2230.894: [CMS-concurrent-reset: 0.001/0.001 secs] [Times: user=0.00 sys=0.00, real=0.00 secs] 
2232.894: [GC [1 CMS-initial-mark: 183789K(554368K)] 314211K(803776K), 0.0430570 secs] [Times: user=0.04 sys=0.00, real=0.04 secs] 
2232.937: [CMS-concurrent-mark-start]
2233.166: [CMS-concurrent-mark: 0.229/0.229 secs] [Times: user=0.23 sys=0.00, real=0.23 secs] 
2233.166: [CMS-concurrent-preclean-start]
2233.168: [CMS-concurrent-preclean: 0.001/0.001 secs] [Times: user=0.00 sys=0.00, real=0.01 secs] 
2233.168: [CMS-concurrent-abortable-preclean-start]
 CMS: abort preclean due to time 2238.173: [CMS-concurrent-abortable-preclean: 0.098/5.005 secs] [Times: user=0.13 sys=0.00, real=5.00 secs] 
2238.174: [GC[YG occupancy: 130438 K (249408 K)]2238.174: [Rescan (parallel) , 0.0807240 secs]2238.254: [weak refs processing, 0.0000200 secs]2238.254: [scrub string table, 0.0008690 secs] [1 CMS-remark: 183789K(554368K)] 314227K(803776K), 0.0817270 secs] [Times: user=0.32 sys=0.00, real=0.08 secs] 
2238.255: [CMS-concurrent-sweep-start]
2238.313: [CMS-concurrent-sweep: 0.057/0.057 secs] [Times: user=0.06 sys=0.00, real=0.06 secs] 
2238.313: [CMS-concurrent-reset-start]
2238.314: [CMS-concurrent-reset: 0.001/0.001 secs] [Times: user=0.00 sys=0.00, real=0.00 secs] 
2240.315: [GC [1 CMS-initial-mark: 183789K(554368K)] 314227K(803776K), 0.0641090 secs] [Times: user=0.07 sys=0.00, real=0.06 secs] 
2240.379: [CMS-concurrent-mark-start]
2240.635: [CMS-concurrent-mark: 0.256/0.256 secs] [Times: user=0.25 sys=0.00, real=0.26 secs] 
2240.635: [CMS-concurrent-preclean-start]
2240.636: [CMS-concurrent-preclean: 0.001/0.001 secs] [Times: user=0.00 sys=0.00, real=0.00 secs] 
2240.636: [CMS-concurrent-abortable-preclean-start]
 CMS: abort preclean due to time 2245.710: [CMS-concurrent-abortable-preclean: 0.068/5.074 secs] [Times: user=0.11 sys=0.01, real=5.08 secs] 
2245.711: [GC[YG occupancy: 133436 K (249408 K)]2245.711: [Rescan (parallel) , 0.1225940 secs]2245.833: [weak refs processing, 0.0000160 secs]2245.833: [scrub string table, 0.0012820 secs] [1 CMS-remark: 183789K(554368K)] 317225K(803776K), 0.1240000 secs] [Times: user=0.33 sys=0.01, real=0.12 secs] 
2245.835: [CMS-concurrent-sweep-start]
2245.975: [CMS-concurrent-sweep: 0.140/0.140 secs] [Times: user=0.13 sys=0.00, real=0.14 secs] 
2245.975: [CMS-concurrent-reset-start]
2245.977: [CMS-concurrent-reset: 0.002/0.002 secs] [Times: user=0.00 sys=0.00, real=0.00 secs] 
2247.977: [GC [1 CMS-initial-mark: 183789K(554368K)] 317225K(803776K), 0.0720350 secs] [Times: user=0.07 sys=0.00, real=0.08 secs] 
2248.049: [CMS-concurrent-mark-start]
2248.479: [CMS-concurrent-mark: 0.430/0.430 secs] [Times: user=0.43 sys=0.00, real=0.42 secs] 
2248.479: [CMS-concurrent-preclean-start]
2248.481: [CMS-concurrent-preclean: 0.001/0.001 secs] [Times: user=0.00 sys=0.00, real=0.01 secs] 
2248.481: [CMS-concurrent-abortable-preclean-start]
 CMS: abort preclean due to time 2253.560: [CMS-concurrent-abortable-preclean: 0.074/5.079 secs] [Times: user=0.08 sys=0.01, real=5.08 secs] 
2253.561: [GC[YG occupancy: 133437 K (249408 K)]2253.561: [Rescan (parallel) , 0.0757000 secs]2253.636: [weak refs processing, 0.0000110 secs]2253.636: [scrub string table, 0.0008920 secs] [1 CMS-remark: 183789K(554368K)] 317226K(803776K), 0.0767030 secs] [Times: user=0.29 sys=0.00, real=0.07 secs] 
2253.638: [CMS-concurrent-sweep-start]
2253.696: [CMS-concurrent-sweep: 0.058/0.058 secs] [Times: user=0.05 sys=0.00, real=0.06 secs] 
2253.696: [CMS-concurrent-reset-start]
2253.697: [CMS-concurrent-reset: 0.001/0.001 secs] [Times: user=0.00 sys=0.00, real=0.00 secs] 
2255.698: [GC [1 CMS-initial-mark: 183789K(554368K)] 317238K(803776K), 0.0551630 secs] [Times: user=0.06 sys=0.00, real=0.06 secs] 
2255.753: [CMS-concurrent-mark-start]
2255.998: [CMS-concurrent-mark: 0.245/0.245 secs] [Times: user=0.24 sys=0.00, real=0.24 secs] 
2255.998: [CMS-concurrent-preclean-start]
2255.999: [CMS-concurrent-preclean: 0.001/0.001 secs] [Times: user=0.00 sys=0.00, real=0.00 secs] 
2255.999: [CMS-concurrent-abortable-preclean-start]
 CMS: abort preclean due to time 2261.078: [CMS-concurrent-abortable-preclean: 0.073/5.079 secs] [Times: user=0.09 sys=0.01, real=5.08 secs] 
2261.078: [GC[YG occupancy: 133464 K (249408 K)]2261.078: [Rescan (parallel) , 0.0791220 secs]2261.157: [weak refs processing, 0.0000120 secs]2261.157: [scrub string table, 0.0008720 secs] [1 CMS-remark: 183789K(554368K)] 317253K(803776K), 0.0800870 secs] [Times: user=0.29 sys=0.00, real=0.08 secs] 
2261.158: [CMS-concurrent-sweep-start]
2261.218: [CMS-concurrent-sweep: 0.060/0.060 secs] [Times: user=0.06 sys=0.00, real=0.06 secs] 
2261.218: [CMS-concurrent-reset-start]
2261.219: [CMS-concurrent-reset: 0.001/0.001 secs] [Times: user=0.00 sys=0.00, real=0.00 secs] 
2263.220: [GC [1 CMS-initial-mark: 183789K(554368K)] 317253K(803776K), 0.0567940 secs] [Times: user=0.06 sys=0.00, real=0.05 secs] 
2263.277: [CMS-concurrent-mark-start]
2263.533: [CMS-concurrent-mark: 0.255/0.255 secs] [Times: user=0.25 sys=0.00, real=0.26 secs] 
2263.533: [CMS-concurrent-preclean-start]
2263.534: [CMS-concurrent-preclean: 0.001/0.001 secs] [Times: user=0.01 sys=0.00, real=0.00 secs] 
2263.534: [CMS-concurrent-abortable-preclean-start]
 CMS: abort preclean due to time 2268.610: [CMS-concurrent-abortable-preclean: 0.070/5.076 secs] [Times: user=0.08 sys=0.01, real=5.08 secs] 
2268.610: [GC[YG occupancy: 133496 K (249408 K)]2268.610: [Rescan (parallel) , 0.0907600 secs]2268.701: [weak refs processing, 0.0000160 secs]2268.701: [scrub string table, 0.0009890 secs] [1 CMS-remark: 183789K(554368K)] 317285K(803776K), 0.0918450 secs] [Times: user=0.30 sys=0.00, real=0.09 secs] 
2268.702: [CMS-concurrent-sweep-start]
2268.764: [CMS-concurrent-sweep: 0.062/0.062 secs] [Times: user=0.07 sys=0.00, real=0.06 secs] 
2268.764: [CMS-concurrent-reset-start]
2268.765: [CMS-concurrent-reset: 0.001/0.001 secs] [Times: user=0.00 sys=0.00, real=0.00 secs] 
2270.766: [GC [1 CMS-initial-mark: 183789K(554368K)] 317313K(803776K), 0.0448590 secs] [Times: user=0.04 sys=0.00, real=0.05 secs] 
2270.811: [CMS-concurrent-mark-start]
2271.041: [CMS-concurrent-mark: 0.230/0.230 secs] [Times: user=0.23 sys=0.00, real=0.23 secs] 
2271.041: [CMS-concurrent-preclean-start]
2271.042: [CMS-concurrent-preclean: 0.001/0.001 secs] [Times: user=0.00 sys=0.00, real=0.00 secs] 
2271.042: [CMS-concurrent-abortable-preclean-start]
 CMS: abort preclean due to time 2276.133: [CMS-concurrent-abortable-preclean: 0.084/5.091 secs] [Times: user=0.11 sys=0.00, real=5.09 secs] 
2276.133: [GC[YG occupancy: 133532 K (249408 K)]2276.133: [Rescan (parallel) , 0.0745950 secs]2276.208: [weak refs processing, 0.0000110 secs]2276.208: [scrub string table, 0.0008690 secs] [1 CMS-remark: 183789K(554368K)] 317321K(803776K), 0.0755410 secs] [Times: user=0.30 sys=0.00, real=0.08 secs] 
2276.209: [CMS-concurrent-sweep-start]
2276.267: [CMS-concurrent-sweep: 0.058/0.058 secs] [Times: user=0.05 sys=0.00, real=0.05 secs] 
2276.267: [CMS-concurrent-reset-start]
2276.268: [CMS-concurrent-reset: 0.001/0.001 secs] [Times: user=0.00 sys=0.00, real=0.01 secs] 
2278.268: [GC [1 CMS-initial-mark: 183789K(554368K)] 317321K(803776K), 0.0454050 secs] [Times: user=0.05 sys=0.00, real=0.04 secs] 
2278.314: [CMS-concurrent-mark-start]
2278.543: [CMS-concurrent-mark: 0.229/0.229 secs] [Times: user=0.23 sys=0.00, real=0.23 secs] 
2278.543: [CMS-concurrent-preclean-start]
2278.544: [CMS-concurrent-preclean: 0.001/0.001 secs] [Times: user=0.00 sys=0.00, real=0.00 secs] 
2278.544: [CMS-concurrent-abortable-preclean-start]
 CMS: abort preclean due to time 2283.624: [CMS-concurrent-abortable-preclean: 0.073/5.079 secs] [Times: user=0.10 sys=0.00, real=5.08 secs] 
2283.624: [GC[YG occupancy: 133539 K (249408 K)]2283.624: [Rescan (parallel) , 0.1021040 secs]2283.726: [weak refs processing, 0.0000180 secs]2283.726: [scrub string table, 0.0012960 secs] [1 CMS-remark: 183789K(554368K)] 317328K(803776K), 0.1035060 secs] [Times: user=0.28 sys=0.00, real=0.11 secs] 
2283.728: [CMS-concurrent-sweep-start]
2283.813: [CMS-concurrent-sweep: 0.085/0.085 secs] [Times: user=0.08 sys=0.00, real=0.08 secs] 
2283.813: [CMS-concurrent-reset-start]
2283.815: [CMS-concurrent-reset: 0.002/0.002 secs] [Times: user=0.00 sys=0.00, real=0.00 secs] 
2285.815: [GC [1 CMS-initial-mark: 183789K(554368K)] 317359K(803776K), 0.0582160 secs] [Times: user=0.06 sys=0.00, real=0.06 secs] 
2285.874: [CMS-concurrent-mark-start]
2286.155: [CMS-concurrent-mark: 0.282/0.282 secs] [Times: user=0.28 sys=0.00, real=0.28 secs] 
2286.155: [CMS-concurrent-preclean-start]
2286.157: [CMS-concurrent-preclean: 0.001/0.001 secs] [Times: user=0.00 sys=0.00, real=0.00 secs] 
2286.157: [CMS-concurrent-abortable-preclean-start]
 CMS: abort preclean due to time 2291.254: [CMS-concurrent-abortable-preclean: 0.090/5.097 secs] [Times: user=0.11 sys=0.00, real=5.10 secs] 
2291.254: [GC[YG occupancy: 133600 K (249408 K)]2291.254: [Rescan (parallel) , 0.0705310 secs]2291.325: [weak refs processing, 0.0000110 secs]2291.325: [scrub string table, 0.0008810 secs] [1 CMS-remark: 183789K(554368K)] 317389K(803776K), 0.0715190 secs] [Times: user=0.26 sys=0.01, real=0.07 secs] 
2291.326: [CMS-concurrent-sweep-start]
2291.385: [CMS-concurrent-sweep: 0.060/0.060 secs] [Times: user=0.06 sys=0.00, real=0.06 secs] 
2291.385: [CMS-concurrent-reset-start]
2291.386: [CMS-concurrent-reset: 0.001/0.001 secs] [Times: user=0.00 sys=0.00, real=0.00 secs] 
2293.387: [GC [1 CMS-initial-mark: 183789K(554368K)] 317389K(803776K), 0.0496110 secs] [Times: user=0.04 sys=0.00, real=0.05 secs] 
2293.437: [CMS-concurrent-mark-start]
2293.668: [CMS-concurrent-mark: 0.231/0.231 secs] [Times: user=0.24 sys=0.00, real=0.24 secs] 
2293.668: [CMS-concurrent-preclean-start]
2293.669: [CMS-concurrent-preclean: 0.001/0.001 secs] [Times: user=0.00 sys=0.00, real=0.00 secs] 
2293.669: [CMS-concurrent-abortable-preclean-start]
 CMS: abort preclean due to time 2298.716: [CMS-concurrent-abortable-preclean: 0.070/5.047 secs] [Times: user=0.10 sys=0.00, real=5.04 secs] 
2298.717: [GC[YG occupancy: 134248 K (249408 K)]2298.717: [Rescan (parallel) , 0.0707130 secs]2298.787: [weak refs processing, 0.0000120 secs]2298.787: [scrub string table, 0.0010280 secs] [1 CMS-remark: 183789K(554368K)] 318037K(803776K), 0.0718480 secs] [Times: user=0.24 sys=0.00, real=0.08 secs] 
2298.789: [CMS-concurrent-sweep-start]
2298.859: [CMS-concurrent-sweep: 0.070/0.070 secs] [Times: user=0.07 sys=0.00, real=0.06 secs] 
2298.859: [CMS-concurrent-reset-start]
2298.860: [CMS-concurrent-reset: 0.001/0.001 secs] [Times: user=0.00 sys=0.00, real=0.01 secs] 
2300.860: [GC [1 CMS-initial-mark: 183789K(554368K)] 318037K(803776K), 0.0740800 secs] [Times: user=0.07 sys=0.00, real=0.07 secs] 
2300.934: [CMS-concurrent-mark-start]
2301.255: [CMS-concurrent-mark: 0.321/0.321 secs] [Times: user=0.33 sys=0.01, real=0.32 secs] 
2301.256: [CMS-concurrent-preclean-start]
2301.257: [CMS-concurrent-preclean: 0.001/0.001 secs] [Times: user=0.00 sys=0.00, real=0.00 secs] 
2301.257: [CMS-concurrent-abortable-preclean-start]
 CMS: abort preclean due to time 2306.342: [CMS-concurrent-abortable-preclean: 0.078/5.085 secs] [Times: user=0.09 sys=0.02, real=5.09 secs] 
2306.342: [GC[YG occupancy: 137039 K (249408 K)]2306.342: [Rescan (parallel) , 0.0821540 secs]2306.424: [weak refs processing, 0.0000120 secs]2306.425: [scrub string table, 0.0009570 secs] [1 CMS-remark: 183789K(554368K)] 320828K(803776K), 0.0832310 secs] [Times: user=0.30 sys=0.00, real=0.08 secs] 
2306.426: [CMS-concurrent-sweep-start]
2306.488: [CMS-concurrent-sweep: 0.062/0.062 secs] [Times: user=0.06 sys=0.00, real=0.07 secs] 
2306.488: [CMS-concurrent-reset-start]
2306.490: [CMS-concurrent-reset: 0.001/0.001 secs] [Times: user=0.00 sys=0.00, real=0.00 secs] 
2308.490: [GC [1 CMS-initial-mark: 183789K(554368K)] 320830K(803776K), 0.0458940 secs] [Times: user=0.05 sys=0.00, real=0.04 secs] 
2308.536: [CMS-concurrent-mark-start]
2308.766: [CMS-concurrent-mark: 0.229/0.229 secs] [Times: user=0.23 sys=0.00, real=0.23 secs] 
2308.766: [CMS-concurrent-preclean-start]
2308.767: [CMS-concurrent-preclean: 0.001/0.001 secs] [Times: user=0.00 sys=0.00, real=0.00 secs] 
2308.767: [CMS-concurrent-abortable-preclean-start]
 CMS: abort preclean due to time 2313.848: [CMS-concurrent-abortable-preclean: 0.074/5.081 secs] [Times: user=0.07 sys=0.02, real=5.09 secs] 
2313.848: [GC[YG occupancy: 137054 K (249408 K)]2313.848: [Rescan (parallel) , 0.0913290 secs]2313.939: [weak refs processing, 0.0000110 secs]2313.939: [scrub string table, 0.0008890 secs] [1 CMS-remark: 183789K(554368K)] 320843K(803776K), 0.0923110 secs] [Times: user=0.30 sys=0.00, real=0.09 secs] 
2313.940: [CMS-concurrent-sweep-start]
2314.000: [CMS-concurrent-sweep: 0.059/0.059 secs] [Times: user=0.06 sys=0.00, real=0.06 secs] 
2314.000: [CMS-concurrent-reset-start]
2314.001: [CMS-concurrent-reset: 0.002/0.002 secs] [Times: user=0.00 sys=0.00, real=0.00 secs] 
2316.002: [GC [1 CMS-initial-mark: 183789K(554368K)] 320862K(803776K), 0.0663980 secs] [Times: user=0.06 sys=0.00, real=0.07 secs] 
2316.068: [CMS-concurrent-mark-start]
2316.320: [CMS-concurrent-mark: 0.251/0.251 secs] [Times: user=0.25 sys=0.00, real=0.25 secs] 
2316.320: [CMS-concurrent-preclean-start]
2316.321: [CMS-concurrent-preclean: 0.001/0.001 secs] [Times: user=0.00 sys=0.00, real=0.00 secs] 
2316.321: [CMS-concurrent-abortable-preclean-start]
 CMS: abort preclean due to time 2321.396: [CMS-concurrent-abortable-preclean: 0.069/5.075 secs] [Times: user=0.09 sys=0.00, real=5.07 secs] 
2321.396: [GC[YG occupancy: 137079 K (249408 K)]2321.397: [Rescan (parallel) , 0.0864870 secs]2321.483: [weak refs processing, 0.0000110 secs]2321.483: [scrub string table, 0.0010920 secs] [1 CMS-remark: 183789K(554368K)] 320868K(803776K), 0.0878390 secs] [Times: user=0.30 sys=0.00, real=0.09 secs] 
2321.484: [CMS-concurrent-sweep-start]
2321.542: [CMS-concurrent-sweep: 0.058/0.058 secs] [Times: user=0.06 sys=0.00, real=0.06 secs] 
2321.542: [CMS-concurrent-reset-start]
2321.543: [CMS-concurrent-reset: 0.001/0.001 secs] [Times: user=0.00 sys=0.00, real=0.00 secs] 
2323.544: [GC [1 CMS-initial-mark: 183789K(554368K)] 321510K(803776K), 0.0457890 secs] [Times: user=0.05 sys=0.00, real=0.05 secs] 
2323.590: [CMS-concurrent-mark-start]
2323.824: [CMS-concurrent-mark: 0.234/0.235 secs] [Times: user=0.23 sys=0.00, real=0.23 secs] 
2323.824: [CMS-concurrent-preclean-start]
2323.826: [CMS-concurrent-preclean: 0.001/0.001 secs] [Times: user=0.01 sys=0.00, real=0.00 secs] 
2323.826: [CMS-concurrent-abortable-preclean-start]
 CMS: abort preclean due to time 2328.900: [CMS-concurrent-abortable-preclean: 0.069/5.075 secs] [Times: user=0.09 sys=0.01, real=5.08 secs] 
2328.901: [GC[YG occupancy: 137759 K (249408 K)]2328.901: [Rescan (parallel) , 0.0774000 secs]2328.978: [weak refs processing, 0.0000150 secs]2328.978: [scrub string table, 0.0009730 secs] [1 CMS-remark: 183789K(554368K)] 321548K(803776K), 0.0784740 secs] [Times: user=0.29 sys=0.00, real=0.07 secs] 
2328.979: [CMS-concurrent-sweep-start]
2329.038: [CMS-concurrent-sweep: 0.058/0.058 secs] [Times: user=0.05 sys=0.00, real=0.06 secs] 
2329.038: [CMS-concurrent-reset-start]
2329.039: [CMS-concurrent-reset: 0.001/0.001 secs] [Times: user=0.01 sys=0.00, real=0.00 secs] 
2331.039: [GC [1 CMS-initial-mark: 183789K(554368K)] 321548K(803776K), 0.0828460 secs] [Times: user=0.09 sys=0.00, real=0.09 secs] 
2331.122: [CMS-concurrent-mark-start]
2331.391: [CMS-concurrent-mark: 0.268/0.268 secs] [Times: user=0.27 sys=0.00, real=0.27 secs] 
2331.391: [CMS-concurrent-preclean-start]
2331.392: [CMS-concurrent-preclean: 0.001/0.001 secs] [Times: user=0.00 sys=0.00, real=0.00 secs] 
2331.392: [CMS-concurrent-abortable-preclean-start]
 CMS: abort preclean due to time 2336.464: [CMS-concurrent-abortable-preclean: 0.066/5.071 secs] [Times: user=0.07 sys=0.02, real=5.07 secs] 
2336.464: [GC[YG occupancy: 137767 K (249408 K)]2336.464: [Rescan (parallel) , 0.0827650 secs]2336.547: [weak refs processing, 0.0000110 secs]2336.547: [scrub string table, 0.0008910 secs] [1 CMS-remark: 183789K(554368K)] 321556K(803776K), 0.0837580 secs] [Times: user=0.32 sys=0.00, real=0.09 secs] 
2336.548: [CMS-concurrent-sweep-start]
2336.606: [CMS-concurrent-sweep: 0.058/0.058 secs] [Times: user=0.06 sys=0.00, real=0.05 secs] 
2336.606: [CMS-concurrent-reset-start]
2336.607: [CMS-concurrent-reset: 0.001/0.001 secs] [Times: user=0.00 sys=0.00, real=0.00 secs] 
2338.608: [GC [1 CMS-initial-mark: 183789K(554368K)] 321556K(803776K), 0.0471320 secs] [Times: user=0.04 sys=0.00, real=0.04 secs] 
2338.655: [CMS-concurrent-mark-start]
2338.893: [CMS-concurrent-mark: 0.238/0.238 secs] [Times: user=0.24 sys=0.00, real=0.24 secs] 
2338.893: [CMS-concurrent-preclean-start]
2338.894: [CMS-concurrent-preclean: 0.001/0.001 secs] [Times: user=0.00 sys=0.00, real=0.00 secs] 
2338.894: [CMS-concurrent-abortable-preclean-start]
 CMS: abort preclean due to time 2343.965: [CMS-concurrent-abortable-preclean: 0.065/5.071 secs] [Times: user=0.08 sys=0.01, real=5.07 secs] 
2343.966: [GC[YG occupancy: 137786 K (249408 K)]2343.966: [Rescan (parallel) , 0.0802900 secs]2344.046: [weak refs processing, 0.0000180 secs]2344.046: [scrub string table, 0.0009960 secs] [1 CMS-remark: 183789K(554368K)] 321575K(803776K), 0.0813960 secs] [Times: user=0.29 sys=0.00, real=0.08 secs] 
2344.047: [CMS-concurrent-sweep-start]
2344.107: [CMS-concurrent-sweep: 0.060/0.060 secs] [Times: user=0.06 sys=0.00, real=0.06 secs] 
2344.107: [CMS-concurrent-reset-start]
2344.109: [CMS-concurrent-reset: 0.001/0.001 secs] [Times: user=0.00 sys=0.00, real=0.01 secs] 
2346.109: [GC [1 CMS-initial-mark: 183789K(554368K)] 321587K(803776K), 0.0579470 secs] [Times: user=0.06 sys=0.00, real=0.05 secs] 
2346.167: [CMS-concurrent-mark-start]
2346.408: [CMS-concurrent-mark: 0.241/0.241 secs] [Times: user=0.24 sys=0.00, real=0.25 secs] 
2346.408: [CMS-concurrent-preclean-start]
2346.409: [CMS-concurrent-preclean: 0.001/0.001 secs] [Times: user=0.00 sys=0.00, real=0.00 secs] 
2346.409: [CMS-concurrent-abortable-preclean-start]
 CMS: abort preclean due to time 2351.491: [CMS-concurrent-abortable-preclean: 0.076/5.082 secs] [Times: user=0.10 sys=0.01, real=5.08 secs] 
2351.492: [GC[YG occupancy: 137814 K (249408 K)]2351.492: [Rescan (parallel) , 0.0813440 secs]2351.573: [weak refs processing, 0.0000120 secs]2351.573: [scrub string table, 0.0008910 secs] [1 CMS-remark: 183789K(554368K)] 321603K(803776K), 0.0823300 secs] [Times: user=0.28 sys=0.00, real=0.08 secs] 
2351.574: [CMS-concurrent-sweep-start]
2351.637: [CMS-concurrent-sweep: 0.063/0.063 secs] [Times: user=0.06 sys=0.00, real=0.06 secs] 
2351.637: [CMS-concurrent-reset-start]
2351.639: [CMS-concurrent-reset: 0.001/0.001 secs] [Times: user=0.00 sys=0.00, real=0.00 secs] 
2353.639: [GC [1 CMS-initial-mark: 183789K(554368K)] 321605K(803776K), 0.0511440 secs] [Times: user=0.05 sys=0.00, real=0.06 secs] 
2353.690: [CMS-concurrent-mark-start]
2353.937: [CMS-concurrent-mark: 0.246/0.246 secs] [Times: user=0.25 sys=0.00, real=0.24 secs] 
2353.937: [CMS-concurrent-preclean-start]
2353.938: [CMS-concurrent-preclean: 0.001/0.001 secs] [Times: user=0.00 sys=0.00, real=0.00 secs] 
2353.938: [CMS-concurrent-abortable-preclean-start]
 CMS: abort preclean due to time 2359.016: [CMS-concurrent-abortable-preclean: 0.072/5.078 secs] [Times: user=0.09 sys=0.01, real=5.08 secs] 
2359.017: [GC[YG occupancy: 137851 K (249408 K)]2359.017: [Rescan (parallel) , 0.0653310 secs]2359.082: [weak refs processing, 0.0000130 secs]2359.082: [scrub string table, 0.0008750 secs] [1 CMS-remark: 183789K(554368K)] 321640K(803776K), 0.0663050 secs] [Times: user=0.24 sys=0.00, real=0.07 secs] 
2359.083: [CMS-concurrent-sweep-start]
2359.145: [CMS-concurrent-sweep: 0.062/0.062 secs] [Times: user=0.06 sys=0.00, real=0.06 secs] 
2359.145: [CMS-concurrent-reset-start]
2359.147: [CMS-concurrent-reset: 0.001/0.001 secs] [Times: user=0.00 sys=0.00, real=0.00 secs] 
2361.147: [GC [1 CMS-initial-mark: 183789K(554368K)] 324529K(803776K), 0.0467840 secs] [Times: user=0.05 sys=0.00, real=0.05 secs] 
2361.194: [CMS-concurrent-mark-start]
2361.433: [CMS-concurrent-mark: 0.239/0.239 secs] [Times: user=0.24 sys=0.00, real=0.24 secs] 
2361.433: [CMS-concurrent-preclean-start]
2361.434: [CMS-concurrent-preclean: 0.001/0.001 secs] [Times: user=0.00 sys=0.00, real=0.00 secs] 
2361.434: [CMS-concurrent-abortable-preclean-start]
 CMS: abort preclean due to time 2366.518: [CMS-concurrent-abortable-preclean: 0.078/5.084 secs] [Times: user=0.08 sys=0.02, real=5.08 secs] 
2366.519: [GC[YG occupancy: 140789 K (249408 K)]2366.519: [Rescan (parallel) , 0.0792470 secs]2366.598: [weak refs processing, 0.0000120 secs]2366.598: [scrub string table, 0.0008730 secs] [1 CMS-remark: 183789K(554368K)] 324578K(803776K), 0.0802170 secs] [Times: user=0.30 sys=0.01, real=0.08 secs] 
2366.599: [CMS-concurrent-sweep-start]
2366.657: [CMS-concurrent-sweep: 0.058/0.058 secs] [Times: user=0.06 sys=0.00, real=0.06 secs] 
2366.657: [CMS-concurrent-reset-start]
2366.658: [CMS-concurrent-reset: 0.001/0.001 secs] [Times: user=0.00 sys=0.00, real=0.00 secs] 
2368.658: [GC [1 CMS-initial-mark: 183789K(554368K)] 324578K(803776K), 0.0479190 secs] [Times: user=0.05 sys=0.00, real=0.05 secs] 
2368.706: [CMS-concurrent-mark-start]
2368.940: [CMS-concurrent-mark: 0.234/0.234 secs] [Times: user=0.23 sys=0.00, real=0.24 secs] 
2368.940: [CMS-concurrent-preclean-start]
2368.942: [CMS-concurrent-preclean: 0.001/0.001 secs] [Times: user=0.00 sys=0.00, real=0.00 secs] 
2368.942: [CMS-concurrent-abortable-preclean-start]
 CMS: abort preclean due to time 2374.024: [CMS-concurrent-abortable-preclean: 0.081/5.083 secs] [Times: user=0.11 sys=0.01, real=5.08 secs] 
2374.025: [GC[YG occupancy: 141587 K (249408 K)]2374.025: [Rescan (parallel) , 0.0853380 secs]2374.110: [weak refs processing, 0.0000190 secs]2374.110: [scrub string table, 0.0010550 secs] [1 CMS-remark: 183789K(554368K)] 325377K(803776K), 0.0864790 secs] [Times: user=0.34 sys=0.00, real=0.09 secs] 
2374.112: [CMS-concurrent-sweep-start]
2374.169: [CMS-concurrent-sweep: 0.057/0.057 secs] [Times: user=0.05 sys=0.00, real=0.06 secs] 
2374.169: [CMS-concurrent-reset-start]
2374.170: [CMS-concurrent-reset: 0.001/0.001 secs] [Times: user=0.00 sys=0.00, real=0.00 secs] 
2376.171: [GC [1 CMS-initial-mark: 183789K(554368K)] 326036K(803776K), 0.0553710 secs] [Times: user=0.05 sys=0.00, real=0.05 secs] 
2376.226: [CMS-concurrent-mark-start]
2376.455: [CMS-concurrent-mark: 0.228/0.228 secs] [Times: user=0.23 sys=0.00, real=0.23 secs] 
2376.455: [CMS-concurrent-preclean-start]
2376.456: [CMS-concurrent-preclean: 0.001/0.001 secs] [Times: user=0.01 sys=0.00, real=0.00 secs] 
2376.456: [CMS-concurrent-abortable-preclean-start]
 CMS: abort preclean due to time 2381.550: [CMS-concurrent-abortable-preclean: 0.086/5.094 secs] [Times: user=0.10 sys=0.01, real=5.10 secs] 
2381.550: [GC[YG occupancy: 142247 K (249408 K)]2381.550: [Rescan (parallel) , 0.0782630 secs]2381.629: [weak refs processing, 0.0000200 secs]2381.629: [scrub string table, 0.0009570 secs] [1 CMS-remark: 183789K(554368K)] 326036K(803776K), 0.0793230 secs] [Times: user=0.31 sys=0.00, real=0.08 secs] 
2381.630: [CMS-concurrent-sweep-start]
2381.688: [CMS-concurrent-sweep: 0.058/0.058 secs] [Times: user=0.05 sys=0.00, real=0.06 secs] 
2381.688: [CMS-concurrent-reset-start]
2381.689: [CMS-concurrent-reset: 0.001/0.001 secs] [Times: user=0.01 sys=0.00, real=0.00 secs] 
2383.689: [GC [1 CMS-initial-mark: 183789K(554368K)] 326036K(803776K), 0.0468890 secs] [Times: user=0.04 sys=0.00, real=0.04 secs] 
2383.736: [CMS-concurrent-mark-start]
2383.967: [CMS-concurrent-mark: 0.231/0.231 secs] [Times: user=0.24 sys=0.00, real=0.23 secs] 
2383.967: [CMS-concurrent-preclean-start]
2383.968: [CMS-concurrent-preclean: 0.001/0.001 secs] [Times: user=0.00 sys=0.00, real=0.01 secs] 
2383.968: [CMS-concurrent-abortable-preclean-start]
 CMS: abort preclean due to time 2388.976: [CMS-concurrent-abortable-preclean: 0.100/5.008 secs] [Times: user=0.12 sys=0.02, real=5.00 secs] 
2388.977: [GC[YG occupancy: 142299 K (249408 K)]2388.977: [Rescan (parallel) , 0.0818020 secs]2389.058: [weak refs processing, 0.0000120 secs]2389.059: [scrub string table, 0.0009770 secs] [1 CMS-remark: 183789K(554368K)] 326088K(803776K), 0.0828580 secs] [Times: user=0.32 sys=0.00, real=0.08 secs] 
2389.060: [CMS-concurrent-sweep-start]
2389.117: [CMS-concurrent-sweep: 0.058/0.058 secs] [Times: user=0.06 sys=0.00, real=0.05 secs] 
2389.117: [CMS-concurrent-reset-start]
2389.118: [CMS-concurrent-reset: 0.001/0.001 secs] [Times: user=0.00 sys=0.00, real=0.00 secs] 
2391.119: [GC [1 CMS-initial-mark: 183789K(554368K)] 326092K(803776K), 0.0529770 secs] [Times: user=0.05 sys=0.00, real=0.06 secs] 
2391.172: [CMS-concurrent-mark-start]
2391.405: [CMS-concurrent-mark: 0.233/0.233 secs] [Times: user=0.24 sys=0.00, real=0.23 secs] 
2391.405: [CMS-concurrent-preclean-start]
2391.407: [CMS-concurrent-preclean: 0.002/0.002 secs] [Times: user=0.00 sys=0.00, real=0.00 secs] 
2391.407: [CMS-concurrent-abortable-preclean-start]
 CMS: abort preclean due to time 2396.498: [CMS-concurrent-abortable-preclean: 0.084/5.091 secs] [Times: user=0.10 sys=0.01, real=5.09 secs] 
2396.498: [GC[YG occupancy: 142311 K (249408 K)]2396.498: [Rescan (parallel) , 0.0841000 secs]2396.582: [weak refs processing, 0.0000110 secs]2396.582: [scrub string table, 0.0010230 secs] [1 CMS-remark: 183789K(554368K)] 326101K(803776K), 0.0852060 secs] [Times: user=0.33 sys=0.00, real=0.09 secs] 
2396.584: [CMS-concurrent-sweep-start]
2396.644: [CMS-concurrent-sweep: 0.060/0.060 secs] [Times: user=0.06 sys=0.00, real=0.06 secs] 
2396.644: [CMS-concurrent-reset-start]
2396.645: [CMS-concurrent-reset: 0.001/0.001 secs] [Times: user=0.00 sys=0.00, real=0.00 secs] 
2398.645: [GC [1 CMS-initial-mark: 183789K(554368K)] 326101K(803776K), 0.0512990 secs] [Times: user=0.05 sys=0.00, real=0.05 secs] 
2398.697: [CMS-concurrent-mark-start]
2398.926: [CMS-concurrent-mark: 0.230/0.230 secs] [Times: user=0.23 sys=0.00, real=0.23 secs] 
2398.927: [CMS-concurrent-preclean-start]
2398.928: [CMS-concurrent-preclean: 0.001/0.001 secs] [Times: user=0.01 sys=0.00, real=0.01 secs] 
2398.928: [CMS-concurrent-abortable-preclean-start]
 CMS: abort preclean due to time 2404.010: [CMS-concurrent-abortable-preclean: 0.076/5.083 secs] [Times: user=0.09 sys=0.00, real=5.08 secs] 
2404.011: [GC[YG occupancy: 142346 K (249408 K)]2404.011: [Rescan (parallel) , 0.0790760 secs]2404.090: [weak refs processing, 0.0000120 secs]2404.090: [scrub string table, 0.0008750 secs] [1 CMS-remark: 183789K(554368K)] 326135K(803776K), 0.0800420 secs] [Times: user=0.30 sys=0.01, real=0.08 secs] 
2404.091: [CMS-concurrent-sweep-start]
2404.149: [CMS-concurrent-sweep: 0.058/0.058 secs] [Times: user=0.06 sys=0.00, real=0.06 secs] 
2404.149: [CMS-concurrent-reset-start]
2404.151: [CMS-concurrent-reset: 0.001/0.001 secs] [Times: user=0.00 sys=0.00, real=0.00 secs] 
2406.151: [GC [1 CMS-initial-mark: 183789K(554368K)] 326147K(803776K), 0.0599110 secs] [Times: user=0.06 sys=0.00, real=0.06 secs] 
2406.211: [CMS-concurrent-mark-start]
2406.442: [CMS-concurrent-mark: 0.230/0.230 secs] [Times: user=0.23 sys=0.00, real=0.23 secs] 
2406.442: [CMS-concurrent-preclean-start]
2406.443: [CMS-concurrent-preclean: 0.001/0.001 secs] [Times: user=0.00 sys=0.00, real=0.00 secs] 
2406.443: [CMS-concurrent-abortable-preclean-start]
 CMS: abort preclean due to time 2411.523: [CMS-concurrent-abortable-preclean: 0.074/5.080 secs] [Times: user=0.08 sys=0.01, real=5.08 secs] 
2411.524: [GC[YG occupancy: 142363 K (249408 K)]2411.524: [Rescan (parallel) , 0.0793140 secs]2411.603: [weak refs processing, 0.0000230 secs]2411.603: [scrub string table, 0.0008770 secs] [1 CMS-remark: 183789K(554368K)] 326152K(803776K), 0.0802880 secs] [Times: user=0.28 sys=0.00, real=0.08 secs] 
2411.604: [CMS-concurrent-sweep-start]
2411.665: [CMS-concurrent-sweep: 0.061/0.061 secs] [Times: user=0.06 sys=0.00, real=0.06 secs] 
2411.665: [CMS-concurrent-reset-start]
2411.667: [CMS-concurrent-reset: 0.001/0.001 secs] [Times: user=0.00 sys=0.00, real=0.00 secs] 
2413.667: [GC [1 CMS-initial-mark: 183789K(554368K)] 326168K(803776K), 0.0478100 secs] [Times: user=0.04 sys=0.00, real=0.05 secs] 
2413.715: [CMS-concurrent-mark-start]
2413.946: [CMS-concurrent-mark: 0.231/0.231 secs] [Times: user=0.24 sys=0.00, real=0.23 secs] 
2413.946: [CMS-concurrent-preclean-start]
2413.947: [CMS-concurrent-preclean: 0.001/0.001 secs] [Times: user=0.00 sys=0.00, real=0.00 secs] 
2413.947: [CMS-concurrent-abortable-preclean-start]
 CMS: abort preclean due to time 2419.024: [CMS-concurrent-abortable-preclean: 0.070/5.077 secs] [Times: user=0.08 sys=0.01, real=5.08 secs] 
2419.025: [GC[YG occupancy: 142404 K (249408 K)]2419.025: [Rescan (parallel) , 0.0818660 secs]2419.106: [weak refs processing, 0.0000190 secs]2419.106: [scrub string table, 0.0008660 secs] [1 CMS-remark: 183789K(554368K)] 326193K(803776K), 0.0828380 secs] [Times: user=0.32 sys=0.00, real=0.08 secs] 
2419.108: [CMS-concurrent-sweep-start]
2419.165: [CMS-concurrent-sweep: 0.057/0.057 secs] [Times: user=0.05 sys=0.00, real=0.05 secs] 
2419.165: [CMS-concurrent-reset-start]
2419.166: [CMS-concurrent-reset: 0.001/0.001 secs] [Times: user=0.00 sys=0.00, real=0.00 secs] 
2421.167: [GC [1 CMS-initial-mark: 183789K(554368K)] 328962K(803776K), 0.0497350 secs] [Times: user=0.05 sys=0.00, real=0.05 secs] 
2421.217: [CMS-concurrent-mark-start]
2421.445: [CMS-concurrent-mark: 0.228/0.228 secs] [Times: user=0.23 sys=0.00, real=0.23 secs] 
2421.445: [CMS-concurrent-preclean-start]
2421.446: [CMS-concurrent-preclean: 0.001/0.001 secs] [Times: user=0.00 sys=0.00, real=0.00 secs] 
2421.446: [CMS-concurrent-abortable-preclean-start]
 CMS: abort preclean due to time 2426.528: [CMS-concurrent-abortable-preclean: 0.071/5.082 secs] [Times: user=0.09 sys=0.00, real=5.09 secs] 
2426.529: [GC[YG occupancy: 145840 K (249408 K)]2426.529: [Rescan (parallel) , 0.0801990 secs]2426.609: [weak refs processing, 0.0000160 secs]2426.609: [scrub string table, 0.0011290 secs] [1 CMS-remark: 183789K(554368K)] 329629K(803776K), 0.0814340 secs] [Times: user=0.31 sys=0.00, real=0.08 secs] 
2426.610: [CMS-concurrent-sweep-start]
2426.668: [CMS-concurrent-sweep: 0.058/0.058 secs] [Times: user=0.06 sys=0.00, real=0.06 secs] 
2426.668: [CMS-concurrent-reset-start]
2426.670: [CMS-concurrent-reset: 0.001/0.001 secs] [Times: user=0.00 sys=0.00, real=0.00 secs] 
2428.670: [GC [1 CMS-initial-mark: 183789K(554368K)] 329643K(803776K), 0.0504590 secs] [Times: user=0.05 sys=0.00, real=0.05 secs] 
2428.721: [CMS-concurrent-mark-start]
2428.986: [CMS-concurrent-mark: 0.265/0.265 secs] [Times: user=0.26 sys=0.01, real=0.26 secs] 
2428.986: [CMS-concurrent-preclean-start]
2428.987: [CMS-concurrent-preclean: 0.001/0.001 secs] [Times: user=0.00 sys=0.00, real=0.00 secs] 
2428.987: [CMS-concurrent-abortable-preclean-start]
 CMS: abort preclean due to time 2434.086: [CMS-concurrent-abortable-preclean: 0.092/5.099 secs] [Times: user=0.11 sys=0.01, real=5.10 secs] 
2434.087: [GC[YG occupancy: 145859 K (249408 K)]2434.087: [Rescan (parallel) , 0.1069230 secs]2434.194: [weak refs processing, 0.0000190 secs]2434.194: [scrub string table, 0.0010410 secs] [1 CMS-remark: 183789K(554368K)] 329648K(803776K), 0.1080960 secs] [Times: user=0.22 sys=0.00, real=0.11 secs] 
2434.197: [CMS-concurrent-sweep-start]
2434.303: [CMS-concurrent-sweep: 0.107/0.107 secs] [Times: user=0.10 sys=0.00, real=0.11 secs] 
2434.303: [CMS-concurrent-reset-start]
2434.305: [CMS-concurrent-reset: 0.002/0.002 secs] [Times: user=0.00 sys=0.00, real=0.00 secs] 
2436.306: [GC [1 CMS-initial-mark: 183789K(554368K)] 329660K(803776K), 0.0504150 secs] [Times: user=0.05 sys=0.00, real=0.05 secs] 
2436.356: [CMS-concurrent-mark-start]
2436.604: [CMS-concurrent-mark: 0.247/0.247 secs] [Times: user=0.25 sys=0.00, real=0.25 secs] 
2436.604: [CMS-concurrent-preclean-start]
2436.605: [CMS-concurrent-preclean: 0.001/0.001 secs] [Times: user=0.00 sys=0.00, real=0.00 secs] 
2436.605: [CMS-concurrent-abortable-preclean-start]
 CMS: abort preclean due to time 2441.682: [CMS-concurrent-abortable-preclean: 0.070/5.077 secs] [Times: user=0.09 sys=0.01, real=5.08 secs] 
2441.683: [GC[YG occupancy: 145871 K (249408 K)]2441.684: [Rescan (parallel) , 0.1700320 secs]2441.854: [weak refs processing, 0.0000160 secs]2441.854: [scrub string table, 0.0013120 secs] [1 CMS-remark: 183789K(554368K)] 329660K(803776K), 0.1716290 secs] [Times: user=0.49 sys=0.00, real=0.17 secs] 
2441.855: [CMS-concurrent-sweep-start]
2441.951: [CMS-concurrent-sweep: 0.096/0.096 secs] [Times: user=0.10 sys=0.00, real=0.10 secs] 
2441.951: [CMS-concurrent-reset-start]
2441.954: [CMS-concurrent-reset: 0.002/0.002 secs] [Times: user=0.00 sys=0.00, real=0.00 secs] 
2443.954: [GC [1 CMS-initial-mark: 183789K(554368K)] 329698K(803776K), 0.0783070 secs] [Times: user=0.08 sys=0.00, real=0.08 secs] 
2444.033: [CMS-concurrent-mark-start]
2444.408: [CMS-concurrent-mark: 0.376/0.376 secs] [Times: user=0.38 sys=0.00, real=0.38 secs] 
2444.409: [CMS-concurrent-preclean-start]
2444.410: [CMS-concurrent-preclean: 0.002/0.002 secs] [Times: user=0.00 sys=0.00, real=0.00 secs] 
2444.410: [CMS-concurrent-abortable-preclean-start]
 CMS: abort preclean due to time 2449.494: [CMS-concurrent-abortable-preclean: 0.077/5.084 secs] [Times: user=0.11 sys=0.01, real=5.08 secs] 
2449.495: [GC[YG occupancy: 145929 K (249408 K)]2449.495: [Rescan (parallel) , 0.0804020 secs]2449.575: [weak refs processing, 0.0000110 secs]2449.575: [scrub string table, 0.0009930 secs] [1 CMS-remark: 183789K(554368K)] 329718K(803776K), 0.0814770 secs] [Times: user=0.31 sys=0.00, real=0.08 secs] 
2449.576: [CMS-concurrent-sweep-start]
2449.634: [CMS-concurrent-sweep: 0.058/0.058 secs] [Times: user=0.06 sys=0.00, real=0.06 secs] 
2449.634: [CMS-concurrent-reset-start]
2449.635: [CMS-concurrent-reset: 0.001/0.001 secs] [Times: user=0.00 sys=0.00, real=0.00 secs] 
2451.636: [GC [1 CMS-initial-mark: 183789K(554368K)] 329718K(803776K), 0.0581820 secs] [Times: user=0.06 sys=0.00, real=0.06 secs] 
2451.694: [CMS-concurrent-mark-start]
2451.936: [CMS-concurrent-mark: 0.242/0.242 secs] [Times: user=0.24 sys=0.00, real=0.24 secs] 
2451.936: [CMS-concurrent-preclean-start]
2451.938: [CMS-concurrent-preclean: 0.002/0.002 secs] [Times: user=0.00 sys=0.00, real=0.00 secs] 
2451.938: [CMS-concurrent-abortable-preclean-start]
 CMS: abort preclean due to time 2456.942: [CMS-concurrent-abortable-preclean: 0.097/5.004 secs] [Times: user=0.11 sys=0.02, real=5.01 secs] 
2456.943: [GC[YG occupancy: 145939 K (249408 K)]2456.943: [Rescan (parallel) , 0.0857070 secs]2457.028: [weak refs processing, 0.0000100 secs]2457.028: [scrub string table, 0.0008820 secs] [1 CMS-remark: 183789K(554368K)] 329729K(803776K), 0.0866750 secs] [Times: user=0.34 sys=0.00, real=0.09 secs] 
2457.030: [CMS-concurrent-sweep-start]
2457.087: [CMS-concurrent-sweep: 0.058/0.058 secs] [Times: user=0.06 sys=0.00, real=0.05 secs] 
2457.087: [CMS-concurrent-reset-start]
2457.088: [CMS-concurrent-reset: 0.001/0.001 secs] [Times: user=0.00 sys=0.00, real=0.01 secs] 
2459.089: [GC [1 CMS-initial-mark: 183789K(554368K)] 329729K(803776K), 0.0737890 secs] [Times: user=0.07 sys=0.00, real=0.07 secs] 
2459.163: [CMS-concurrent-mark-start]
2459.396: [CMS-concurrent-mark: 0.234/0.234 secs] [Times: user=0.24 sys=0.00, real=0.23 secs] 
2459.396: [CMS-concurrent-preclean-start]
2459.397: [CMS-concurrent-preclean: 0.001/0.001 secs] [Times: user=0.00 sys=0.00, real=0.00 secs] 
2459.397: [CMS-concurrent-abortable-preclean-start]
 CMS: abort preclean due to time 2464.482: [CMS-concurrent-abortable-preclean: 0.078/5.085 secs] [Times: user=0.10 sys=0.01, real=5.09 secs] 
2464.483: [GC[YG occupancy: 145976 K (249408 K)]2464.483: [Rescan (parallel) , 0.0874350 secs]2464.570: [weak refs processing, 0.0000210 secs]2464.570: [scrub string table, 0.0009710 secs] [1 CMS-remark: 183789K(554368K)] 329765K(803776K), 0.0885560 secs] [Times: user=0.34 sys=0.00, real=0.09 secs] 
2464.571: [CMS-concurrent-sweep-start]
2464.629: [CMS-concurrent-sweep: 0.057/0.057 secs] [Times: user=0.06 sys=0.00, real=0.06 secs] 
2464.629: [CMS-concurrent-reset-start]
2464.630: [CMS-concurrent-reset: 0.001/0.001 secs] [Times: user=0.00 sys=0.00, real=0.00 secs] 
2466.630: [GC [1 CMS-initial-mark: 183789K(554368K)] 329777K(803776K), 0.0484290 secs] [Times: user=0.06 sys=0.00, real=0.04 secs] 
2466.679: [CMS-concurrent-mark-start]
2466.916: [CMS-concurrent-mark: 0.237/0.237 secs] [Times: user=0.23 sys=0.00, real=0.24 secs] 
2466.916: [CMS-concurrent-preclean-start]
2466.917: [CMS-concurrent-preclean: 0.001/0.001 secs] [Times: user=0.00 sys=0.00, real=0.00 secs] 
2466.917: [CMS-concurrent-abortable-preclean-start]
 CMS: abort preclean due to time 2472.019: [CMS-concurrent-abortable-preclean: 0.094/5.102 secs] [Times: user=0.12 sys=0.00, real=5.10 secs] 
2472.019: [GC[YG occupancy: 145988 K (249408 K)]2472.019: [Rescan (parallel) , 0.0792020 secs]2472.099: [weak refs processing, 0.0000110 secs]2472.099: [scrub string table, 0.0008790 secs] [1 CMS-remark: 183789K(554368K)] 329777K(803776K), 0.0801800 secs] [Times: user=0.31 sys=0.00, real=0.09 secs] 
2472.100: [CMS-concurrent-sweep-start]
2472.157: [CMS-concurrent-sweep: 0.058/0.058 secs] [Times: user=0.06 sys=0.00, real=0.05 secs] 
2472.158: [CMS-concurrent-reset-start]
2472.159: [CMS-concurrent-reset: 0.001/0.001 secs] [Times: user=0.00 sys=0.00, real=0.00 secs] 
2474.159: [GC [1 CMS-initial-mark: 183789K(554368K)] 329800K(803776K), 0.0544630 secs] [Times: user=0.06 sys=0.00, real=0.06 secs] 
2474.214: [CMS-concurrent-mark-start]
2474.443: [CMS-concurrent-mark: 0.229/0.229 secs] [Times: user=0.23 sys=0.00, real=0.23 secs] 
2474.443: [CMS-concurrent-preclean-start]
2474.444: [CMS-concurrent-preclean: 0.001/0.001 secs] [Times: user=0.00 sys=0.00, real=0.00 secs] 
2474.444: [CMS-concurrent-abortable-preclean-start]
 CMS: abort preclean due to time 2479.542: [CMS-concurrent-abortable-preclean: 0.090/5.098 secs] [Times: user=0.12 sys=0.01, real=5.10 secs] 
2479.543: [GC[YG occupancy: 146047 K (249408 K)]2479.543: [Rescan (parallel) , 0.1107230 secs]2479.654: [weak refs processing, 0.0000140 secs]2479.654: [scrub string table, 0.0011230 secs] [1 CMS-remark: 183789K(554368K)] 329836K(803776K), 0.1119570 secs] [Times: user=0.42 sys=0.01, real=0.11 secs] 
2479.655: [CMS-concurrent-sweep-start]
2479.712: [CMS-concurrent-sweep: 0.057/0.057 secs] [Times: user=0.06 sys=0.00, real=0.06 secs] 
2479.712: [CMS-concurrent-reset-start]
2479.714: [CMS-concurrent-reset: 0.001/0.001 secs] [Times: user=0.00 sys=0.00, real=0.00 secs] 
2481.714: [GC [1 CMS-initial-mark: 183789K(554368K)] 332725K(803776K), 0.0495590 secs] [Times: user=0.06 sys=0.00, real=0.05 secs] 
2481.764: [CMS-concurrent-mark-start]
2481.994: [CMS-concurrent-mark: 0.231/0.231 secs] [Times: user=0.22 sys=0.00, real=0.23 secs] 
2481.995: [CMS-concurrent-preclean-start]
2481.996: [CMS-concurrent-preclean: 0.001/0.001 secs] [Times: user=0.00 sys=0.00, real=0.00 secs] 
2481.996: [CMS-concurrent-abortable-preclean-start]
 CMS: abort preclean due to time 2487.005: [CMS-concurrent-abortable-preclean: 0.076/5.009 secs] [Times: user=0.09 sys=0.01, real=5.01 secs] 
2487.006: [GC[YG occupancy: 148982 K (249408 K)]2487.006: [Rescan (parallel) , 0.0857820 secs]2487.091: [weak refs processing, 0.0000100 secs]2487.092: [scrub string table, 0.0008620 secs] [1 CMS-remark: 183789K(554368K)] 332771K(803776K), 0.0867330 secs] [Times: user=0.33 sys=0.00, real=0.09 secs] 
2487.093: [CMS-concurrent-sweep-start]
2487.153: [CMS-concurrent-sweep: 0.061/0.061 secs] [Times: user=0.06 sys=0.00, real=0.06 secs] 
2487.153: [CMS-concurrent-reset-start]
2487.154: [CMS-concurrent-reset: 0.001/0.001 secs] [Times: user=0.00 sys=0.00, real=0.00 secs] 
2489.155: [GC [1 CMS-initial-mark: 183789K(554368K)] 332775K(803776K), 0.0499250 secs] [Times: user=0.05 sys=0.00, real=0.05 secs] 
2489.205: [CMS-concurrent-mark-start]
2489.443: [CMS-concurrent-mark: 0.238/0.238 secs] [Times: user=0.24 sys=0.00, real=0.24 secs] 
2489.443: [CMS-concurrent-preclean-start]
2489.444: [CMS-concurrent-preclean: 0.001/0.001 secs] [Times: user=0.00 sys=0.00, real=0.00 secs] 
2489.444: [CMS-concurrent-abortable-preclean-start]
 CMS: abort preclean due to time 2494.543: [CMS-concurrent-abortable-preclean: 0.086/5.099 secs] [Times: user=0.11 sys=0.00, real=5.10 secs] 
2494.544: [GC[YG occupancy: 149018 K (249408 K)]2494.544: [Rescan (parallel) , 0.0918690 secs]2494.636: [weak refs processing, 0.0000130 secs]2494.636: [scrub string table, 0.0008720 secs] [1 CMS-remark: 183789K(554368K)] 332807K(803776K), 0.0928730 secs] [Times: user=0.36 sys=0.00, real=0.09 secs] 
2494.637: [CMS-concurrent-sweep-start]
2494.695: [CMS-concurrent-sweep: 0.058/0.058 secs] [Times: user=0.05 sys=0.00, real=0.06 secs] 
2494.695: [CMS-concurrent-reset-start]
2494.696: [CMS-concurrent-reset: 0.001/0.001 secs] [Times: user=0.00 sys=0.00, real=0.00 secs] 
2496.697: [GC [1 CMS-initial-mark: 183789K(554368K)] 332819K(803776K), 0.0585630 secs] [Times: user=0.05 sys=0.00, real=0.06 secs] 
2496.755: [CMS-concurrent-mark-start]
2496.984: [CMS-concurrent-mark: 0.228/0.228 secs] [Times: user=0.23 sys=0.00, real=0.23 secs] 
2496.984: [CMS-concurrent-preclean-start]
2496.985: [CMS-concurrent-preclean: 0.001/0.001 secs] [Times: user=0.00 sys=0.01, real=0.00 secs] 
2496.985: [CMS-concurrent-abortable-preclean-start]
 CMS: abort preclean due to time 2502.063: [CMS-concurrent-abortable-preclean: 0.072/5.078 secs] [Times: user=0.10 sys=0.00, real=5.08 secs] 
2502.063: [GC[YG occupancy: 149076 K (249408 K)]2502.063: [Rescan (parallel) , 0.0888860 secs]2502.152: [weak refs processing, 0.0000120 secs]2502.152: [scrub string table, 0.0010320 secs] [1 CMS-remark: 183789K(554368K)] 332866K(803776K), 0.0900000 secs] [Times: user=0.35 sys=0.00, real=0.09 secs] 
2502.153: [CMS-concurrent-sweep-start]
2502.216: [CMS-concurrent-sweep: 0.063/0.063 secs] [Times: user=0.06 sys=0.00, real=0.06 secs] 
2502.216: [CMS-concurrent-reset-start]
2502.218: [CMS-concurrent-reset: 0.001/0.001 secs] [Times: user=0.00 sys=0.00, real=0.00 secs] 
2502.635: [GC [1 CMS-initial-mark: 183789K(554368K)] 332933K(803776K), 0.0866140 secs] [Times: user=0.09 sys=0.00, real=0.09 secs] 
2502.722: [CMS-concurrent-mark-start]
2503.040: [CMS-concurrent-mark: 0.318/0.318 secs] [Times: user=0.32 sys=0.00, real=0.32 secs] 
2503.040: [CMS-concurrent-preclean-start]
2503.041: [CMS-concurrent-preclean: 0.001/0.001 secs] [Times: user=0.00 sys=0.00, real=0.00 secs] 
2503.041: [CMS-concurrent-abortable-preclean-start]
 CMS: abort preclean due to time 2508.117: [CMS-concurrent-abortable-preclean: 0.069/5.076 secs] [Times: user=0.09 sys=0.00, real=5.07 secs] 
2508.117: [GC[YG occupancy: 149177 K (249408 K)]2508.117: [Rescan (parallel) , 0.0873880 secs]2508.204: [weak refs processing, 0.0000130 secs]2508.205: [scrub string table, 0.0010380 secs] [1 CMS-remark: 183789K(554368K)] 332966K(803776K), 0.0885200 secs] [Times: user=0.33 sys=0.01, real=0.09 secs] 
2508.206: [CMS-concurrent-sweep-start]
2508.264: [CMS-concurrent-sweep: 0.059/0.059 secs] [Times: user=0.06 sys=0.00, real=0.06 secs] 
2508.264: [CMS-concurrent-reset-start]
2508.266: [CMS-concurrent-reset: 0.001/0.001 secs] [Times: user=0.00 sys=0.00, real=0.00 secs] 
2510.266: [GC [1 CMS-initial-mark: 183789K(554368K)] 332968K(803776K), 0.0492360 secs] [Times: user=0.05 sys=0.00, real=0.05 secs] 
2510.315: [CMS-concurrent-mark-start]
2510.603: [CMS-concurrent-mark: 0.288/0.288 secs] [Times: user=0.29 sys=0.00, real=0.29 secs] 
2510.603: [CMS-concurrent-preclean-start]
2510.605: [CMS-concurrent-preclean: 0.001/0.001 secs] [Times: user=0.00 sys=0.00, real=0.00 secs] 
2510.605: [CMS-concurrent-abortable-preclean-start]
 CMS: abort preclean due to time 2515.655: [CMS-concurrent-abortable-preclean: 0.066/5.051 secs] [Times: user=0.09 sys=0.00, real=5.05 secs] 
2515.656: [GC[YG occupancy: 149845 K (249408 K)]2515.656: [Rescan (parallel) , 0.0867520 secs]2515.743: [weak refs processing, 0.0000110 secs]2515.743: [scrub string table, 0.0009350 secs] [1 CMS-remark: 183789K(554368K)] 333635K(803776K), 0.0877940 secs] [Times: user=0.34 sys=0.00, real=0.09 secs] 
2515.744: [CMS-concurrent-sweep-start]
2515.802: [CMS-concurrent-sweep: 0.058/0.058 secs] [Times: user=0.06 sys=0.00, real=0.06 secs] 
2515.802: [CMS-concurrent-reset-start]
2515.803: [CMS-concurrent-reset: 0.001/0.001 secs] [Times: user=0.00 sys=0.00, real=0.00 secs] 
2517.804: [GC [1 CMS-initial-mark: 183789K(554368K)] 333635K(803776K), 0.0535370 secs] [Times: user=0.06 sys=0.00, real=0.05 secs] 
2517.857: [CMS-concurrent-mark-start]
2518.115: [CMS-concurrent-mark: 0.258/0.258 secs] [Times: user=0.26 sys=0.00, real=0.26 secs] 
2518.115: [CMS-concurrent-preclean-start]
2518.116: [CMS-concurrent-preclean: 0.001/0.001 secs] [Times: user=0.00 sys=0.00, real=0.00 secs] 
2518.116: [CMS-concurrent-abortable-preclean-start]
 CMS: abort preclean due to time 2523.198: [CMS-concurrent-abortable-preclean: 0.075/5.082 secs] [Times: user=0.10 sys=0.00, real=5.08 secs] 
2523.199: [GC[YG occupancy: 149947 K (249408 K)]2523.199: [Rescan (parallel) , 0.0904940 secs]2523.289: [weak refs processing, 0.0000160 secs]2523.289: [scrub string table, 0.0009650 secs] [1 CMS-remark: 183789K(554368K)] 333736K(803776K), 0.0915450 secs] [Times: user=0.35 sys=0.00, real=0.10 secs] 
2523.290: [CMS-concurrent-sweep-start]
2523.348: [CMS-concurrent-sweep: 0.058/0.058 secs] [Times: user=0.05 sys=0.00, real=0.06 secs] 
2523.348: [CMS-concurrent-reset-start]
2523.349: [CMS-concurrent-reset: 0.001/0.001 secs] [Times: user=0.01 sys=0.00, real=0.00 secs] 
2525.350: [GC [1 CMS-initial-mark: 183789K(554368K)] 333754K(803776K), 0.0492820 secs] [Times: user=0.04 sys=0.00, real=0.04 secs] 
2525.399: [CMS-concurrent-mark-start]
2525.645: [CMS-concurrent-mark: 0.246/0.246 secs] [Times: user=0.25 sys=0.00, real=0.25 secs] 
2525.645: [CMS-concurrent-preclean-start]
2525.646: [CMS-concurrent-preclean: 0.001/0.001 secs] [Times: user=0.01 sys=0.00, real=0.00 secs] 
2525.647: [CMS-concurrent-abortable-preclean-start]
 CMS: abort preclean due to time 2530.733: [CMS-concurrent-abortable-preclean: 0.080/5.086 secs] [Times: user=0.10 sys=0.00, real=5.09 secs] 
2530.733: [GC[YG occupancy: 150217 K (249408 K)]2530.733: [Rescan (parallel) , 0.0887260 secs]2530.822: [weak refs processing, 0.0000120 secs]2530.822: [scrub string table, 0.0009090 secs] [1 CMS-remark: 183789K(554368K)] 334006K(803776K), 0.0897430 secs] [Times: user=0.31 sys=0.00, real=0.09 secs] 
2530.823: [CMS-concurrent-sweep-start]
2530.882: [CMS-concurrent-sweep: 0.059/0.059 secs] [Times: user=0.05 sys=0.00, real=0.06 secs] 
2530.882: [CMS-concurrent-reset-start]
2530.883: [CMS-concurrent-reset: 0.001/0.001 secs] [Times: user=0.01 sys=0.00, real=0.00 secs] 
2532.884: [GC [1 CMS-initial-mark: 183789K(554368K)] 334013K(803776K), 0.0594230 secs] [Times: user=0.06 sys=0.00, real=0.06 secs] 
2532.943: [CMS-concurrent-mark-start]
2533.187: [CMS-concurrent-mark: 0.244/0.244 secs] [Times: user=0.25 sys=0.00, real=0.24 secs] 
2533.187: [CMS-concurrent-preclean-start]
2533.188: [CMS-concurrent-preclean: 0.001/0.001 secs] [Times: user=0.00 sys=0.00, real=0.01 secs] 
2533.188: [CMS-concurrent-abortable-preclean-start]
 CMS: abort preclean due to time 2538.267: [CMS-concurrent-abortable-preclean: 0.073/5.079 secs] [Times: user=0.09 sys=0.00, real=5.07 secs] 
2538.268: [GC[YG occupancy: 150248 K (249408 K)]2538.269: [Rescan (parallel) , 0.0916800 secs]2538.360: [weak refs processing, 0.0000200 secs]2538.360: [scrub string table, 0.0012560 secs] [1 CMS-remark: 183789K(554368K)] 334037K(803776K), 0.0937250 secs] [Times: user=0.32 sys=0.00, real=0.09 secs] 
2538.362: [CMS-concurrent-sweep-start]
2538.422: [CMS-concurrent-sweep: 0.060/0.060 secs] [Times: user=0.06 sys=0.00, real=0.06 secs] 
2538.422: [CMS-concurrent-reset-start]
2538.423: [CMS-concurrent-reset: 0.001/0.001 secs] [Times: user=0.00 sys=0.00, real=0.00 secs] 
2540.423: [GC [1 CMS-initial-mark: 183789K(554368K)] 334055K(803776K), 0.0497360 secs] [Times: user=0.05 sys=0.00, real=0.05 secs] 
2540.473: [CMS-concurrent-mark-start]
2540.702: [CMS-concurrent-mark: 0.229/0.229 secs] [Times: user=0.23 sys=0.00, real=0.23 secs] 
2540.702: [CMS-concurrent-preclean-start]
2540.703: [CMS-concurrent-preclean: 0.001/0.001 secs] [Times: user=0.00 sys=0.00, real=0.00 secs] 
2540.703: [CMS-concurrent-abortable-preclean-start]
 CMS: abort preclean due to time 2545.779: [CMS-concurrent-abortable-preclean: 0.069/5.076 secs] [Times: user=0.10 sys=0.01, real=5.07 secs] 
2545.779: [GC[YG occupancy: 153215 K (249408 K)]2545.779: [Rescan (parallel) , 0.0863190 secs]2545.866: [weak refs processing, 0.0000160 secs]2545.866: [scrub string table, 0.0008740 secs] [1 CMS-remark: 183789K(554368K)] 337004K(803776K), 0.0872720 secs] [Times: user=0.34 sys=0.00, real=0.09 secs] 
2545.867: [CMS-concurrent-sweep-start]
2545.926: [CMS-concurrent-sweep: 0.059/0.059 secs] [Times: user=0.06 sys=0.00, real=0.06 secs] 
2545.926: [CMS-concurrent-reset-start]
2545.927: [CMS-concurrent-reset: 0.001/0.001 secs] [Times: user=0.00 sys=0.00, real=0.00 secs] 
2547.927: [GC [1 CMS-initial-mark: 183789K(554368K)] 337006K(803776K), 0.0552390 secs] [Times: user=0.06 sys=0.00, real=0.06 secs] 
2547.983: [CMS-concurrent-mark-start]
2548.211: [CMS-concurrent-mark: 0.228/0.228 secs] [Times: user=0.23 sys=0.00, real=0.23 secs] 
2548.211: [CMS-concurrent-preclean-start]
2548.212: [CMS-concurrent-preclean: 0.001/0.001 secs] [Times: user=0.00 sys=0.00, real=0.00 secs] 
2548.212: [CMS-concurrent-abortable-preclean-start]
 CMS: abort preclean due to time 2553.301: [CMS-concurrent-abortable-preclean: 0.082/5.089 secs] [Times: user=0.09 sys=0.01, real=5.09 secs] 
2553.301: [GC[YG occupancy: 153222 K (249408 K)]2553.301: [Rescan (parallel) , 0.1351640 secs]2553.437: [weak refs processing, 0.0000110 secs]2553.437: [scrub string table, 0.0009280 secs] [1 CMS-remark: 183789K(554368K)] 337011K(803776K), 0.1361820 secs] [Times: user=0.43 sys=0.00, real=0.13 secs] 
2553.438: [CMS-concurrent-sweep-start]
2553.501: [CMS-concurrent-sweep: 0.063/0.063 secs] [Times: user=0.06 sys=0.00, real=0.07 secs] 
2553.501: [CMS-concurrent-reset-start]
2553.502: [CMS-concurrent-reset: 0.001/0.001 secs] [Times: user=0.00 sys=0.00, real=0.00 secs] 
2555.502: [GC [1 CMS-initial-mark: 183789K(554368K)] 337011K(803776K), 0.0541110 secs] [Times: user=0.06 sys=0.00, real=0.05 secs] 
2555.557: [CMS-concurrent-mark-start]
2555.798: [CMS-concurrent-mark: 0.241/0.241 secs] [Times: user=0.24 sys=0.00, real=0.24 secs] 
2555.798: [CMS-concurrent-preclean-start]
2555.799: [CMS-concurrent-preclean: 0.001/0.001 secs] [Times: user=0.00 sys=0.00, real=0.00 secs] 
2555.799: [CMS-concurrent-abortable-preclean-start]
 CMS: abort preclean due to time 2560.877: [CMS-concurrent-abortable-preclean: 0.072/5.078 secs] [Times: user=0.08 sys=0.02, real=5.08 secs] 
2560.877: [GC[YG occupancy: 153234 K (249408 K)]2560.877: [Rescan (parallel) , 0.1047200 secs]2560.982: [weak refs processing, 0.0000140 secs]2560.982: [scrub string table, 0.0009020 secs] [1 CMS-remark: 183789K(554368K)] 337023K(803776K), 0.1057380 secs] [Times: user=0.35 sys=0.00, real=0.11 secs] 
2560.983: [CMS-concurrent-sweep-start]
2561.041: [CMS-concurrent-sweep: 0.058/0.058 secs] [Times: user=0.06 sys=0.00, real=0.06 secs] 
2561.041: [CMS-concurrent-reset-start]
2561.042: [CMS-concurrent-reset: 0.001/0.001 secs] [Times: user=0.00 sys=0.00, real=0.00 secs] 
2563.043: [GC [1 CMS-initial-mark: 183789K(554368K)] 337023K(803776K), 0.0507140 secs] [Times: user=0.05 sys=0.00, real=0.05 secs] 
2563.093: [CMS-concurrent-mark-start]
2563.323: [CMS-concurrent-mark: 0.230/0.230 secs] [Times: user=0.23 sys=0.00, real=0.23 secs] 
2563.323: [CMS-concurrent-preclean-start]
2563.324: [CMS-concurrent-preclean: 0.001/0.001 secs] [Times: user=0.00 sys=0.00, real=0.00 secs] 
2563.324: [CMS-concurrent-abortable-preclean-start]
 CMS: abort preclean due to time 2568.405: [CMS-concurrent-abortable-preclean: 0.073/5.080 secs] [Times: user=0.09 sys=0.00, real=5.08 secs] 
2568.405: [GC[YG occupancy: 153267 K (249408 K)]2568.405: [Rescan (parallel) , 0.1018180 secs]2568.507: [weak refs processing, 0.0000150 secs]2568.507: [scrub string table, 0.0009500 secs] [1 CMS-remark: 183789K(554368K)] 337056K(803776K), 0.1029030 secs] [Times: user=0.39 sys=0.00, real=0.11 secs] 
2568.508: [CMS-concurrent-sweep-start]
2568.568: [CMS-concurrent-sweep: 0.060/0.060 secs] [Times: user=0.06 sys=0.00, real=0.06 secs] 
2568.568: [CMS-concurrent-reset-start]
2568.570: [CMS-concurrent-reset: 0.002/0.002 secs] [Times: user=0.00 sys=0.00, real=0.00 secs] 
2570.571: [GC [1 CMS-initial-mark: 183789K(554368K)] 337056K(803776K), 0.0800940 secs] [Times: user=0.08 sys=0.00, real=0.08 secs] 
2570.651: [CMS-concurrent-mark-start]
2570.884: [CMS-concurrent-mark: 0.233/0.233 secs] [Times: user=0.23 sys=0.00, real=0.23 secs] 
2570.884: [CMS-concurrent-preclean-start]
2570.885: [CMS-concurrent-preclean: 0.001/0.001 secs] [Times: user=0.00 sys=0.00, real=0.00 secs] 
2570.885: [CMS-concurrent-abortable-preclean-start]
 CMS: abort preclean due to time 2575.982: [CMS-concurrent-abortable-preclean: 0.089/5.097 secs] [Times: user=0.10 sys=0.02, real=5.10 secs] 
2575.983: [GC[YG occupancy: 153275 K (249408 K)]2575.983: [Rescan (parallel) , 0.0971150 secs]2576.080: [weak refs processing, 0.0000140 secs]2576.080: [scrub string table, 0.0037060 secs] [1 CMS-remark: 183789K(554368K)] 337064K(803776K), 0.1011100 secs] [Times: user=0.30 sys=0.01, real=0.10 secs] 
2576.085: [CMS-concurrent-sweep-start]
2576.162: [CMS-concurrent-sweep: 0.077/0.077 secs] [Times: user=0.07 sys=0.00, real=0.08 secs] 
2576.162: [CMS-concurrent-reset-start]
2576.163: [CMS-concurrent-reset: 0.001/0.001 secs] [Times: user=0.00 sys=0.00, real=0.00 secs] 
2578.164: [GC [1 CMS-initial-mark: 183789K(554368K)] 337123K(803776K), 0.0764550 secs] [Times: user=0.07 sys=0.00, real=0.08 secs] 
2578.240: [CMS-concurrent-mark-start]
2578.472: [CMS-concurrent-mark: 0.231/0.231 secs] [Times: user=0.23 sys=0.00, real=0.23 secs] 
2578.472: [CMS-concurrent-preclean-start]
2578.473: [CMS-concurrent-preclean: 0.001/0.001 secs] [Times: user=0.00 sys=0.00, real=0.00 secs] 
2578.473: [CMS-concurrent-abortable-preclean-start]
 CMS: abort preclean due to time 2583.558: [CMS-concurrent-abortable-preclean: 0.080/5.085 secs] [Times: user=0.11 sys=0.01, real=5.08 secs] 
2583.559: [GC[YG occupancy: 153345 K (249408 K)]2583.559: [Rescan (parallel) , 0.0914460 secs]2583.650: [weak refs processing, 0.0000100 secs]2583.650: [scrub string table, 0.0008820 secs] [1 CMS-remark: 183789K(554368K)] 337134K(803776K), 0.0924100 secs] [Times: user=0.35 sys=0.00, real=0.10 secs] 
2583.651: [CMS-concurrent-sweep-start]
2583.709: [CMS-concurrent-sweep: 0.058/0.058 secs] [Times: user=0.06 sys=0.00, real=0.06 secs] 
2583.710: [CMS-concurrent-reset-start]
2583.711: [CMS-concurrent-reset: 0.001/0.001 secs] [Times: user=0.00 sys=0.00, real=0.00 secs] 
2585.711: [GC [1 CMS-initial-mark: 183789K(554368K)] 337165K(803776K), 0.0539620 secs] [Times: user=0.05 sys=0.00, real=0.05 secs] 
2585.765: [CMS-concurrent-mark-start]
2586.001: [CMS-concurrent-mark: 0.236/0.236 secs] [Times: user=0.24 sys=0.00, real=0.24 secs] 
2586.001: [CMS-concurrent-preclean-start]
2586.002: [CMS-concurrent-preclean: 0.001/0.001 secs] [Times: user=0.00 sys=0.00, real=0.00 secs] 
2586.002: [CMS-concurrent-abortable-preclean-start]
 CMS: abort preclean due to time 2591.101: [CMS-concurrent-abortable-preclean: 0.076/5.098 secs] [Times: user=0.09 sys=0.01, real=5.10 secs] 
2591.102: [GC[YG occupancy: 154019 K (249408 K)]2591.102: [Rescan (parallel) , 0.1011720 secs]2591.203: [weak refs processing, 0.0000150 secs]2591.203: [scrub string table, 0.0011780 secs] [1 CMS-remark: 183789K(554368K)] 337808K(803776K), 0.1024840 secs] [Times: user=0.30 sys=0.00, real=0.10 secs] 
2591.204: [CMS-concurrent-sweep-start]
2591.286: [CMS-concurrent-sweep: 0.082/0.082 secs] [Times: user=0.08 sys=0.00, real=0.08 secs] 
2591.286: [CMS-concurrent-reset-start]
2591.287: [CMS-concurrent-reset: 0.001/0.001 secs] [Times: user=0.00 sys=0.00, real=0.00 secs] 
2593.288: [GC [1 CMS-initial-mark: 183789K(554368K)] 337808K(803776K), 0.0535320 secs] [Times: user=0.06 sys=0.00, real=0.05 secs] 
2593.342: [CMS-concurrent-mark-start]
2593.601: [CMS-concurrent-mark: 0.259/0.259 secs] [Times: user=0.26 sys=0.00, real=0.26 secs] 
2593.601: [CMS-concurrent-preclean-start]
2593.602: [CMS-concurrent-preclean: 0.001/0.001 secs] [Times: user=0.00 sys=0.00, real=0.00 secs] 
2593.602: [CMS-concurrent-abortable-preclean-start]
 CMS: abort preclean due to time 2598.690: [CMS-concurrent-abortable-preclean: 0.082/5.088 secs] [Times: user=0.10 sys=0.01, real=5.09 secs] 
2598.690: [GC[YG occupancy: 154059 K (249408 K)]2598.690: [Rescan (parallel) , 0.0847790 secs]2598.775: [weak refs processing, 0.0000110 secs]2598.775: [scrub string table, 0.0008870 secs] [1 CMS-remark: 183789K(554368K)] 337849K(803776K), 0.0857630 secs] [Times: user=0.32 sys=0.00, real=0.08 secs] 
2598.776: [CMS-concurrent-sweep-start]
2598.835: [CMS-concurrent-sweep: 0.058/0.058 secs] [Times: user=0.06 sys=0.00, real=0.06 secs] 
2598.835: [CMS-concurrent-reset-start]
2598.836: [CMS-concurrent-reset: 0.001/0.001 secs] [Times: user=0.00 sys=0.00, real=0.00 secs] 
2600.836: [GC [1 CMS-initial-mark: 183789K(554368K)] 337849K(803776K), 0.0521690 secs] [Times: user=0.05 sys=0.00, real=0.06 secs] 
2600.889: [CMS-concurrent-mark-start]
2601.117: [CMS-concurrent-mark: 0.228/0.228 secs] [Times: user=0.23 sys=0.00, real=0.22 secs] 
2601.117: [CMS-concurrent-preclean-start]
2601.118: [CMS-concurrent-preclean: 0.001/0.001 secs] [Times: user=0.01 sys=0.00, real=0.00 secs] 
2601.118: [CMS-concurrent-abortable-preclean-start]
 CMS: abort preclean due to time 2606.129: [CMS-concurrent-abortable-preclean: 0.104/5.012 secs] [Times: user=0.14 sys=0.01, real=5.02 secs] 
2606.130: [GC[YG occupancy: 156855 K (249408 K)]2606.130: [Rescan (parallel) , 0.1042030 secs]2606.235: [weak refs processing, 0.0000110 secs]2606.235: [scrub string table, 0.0012380 secs] [1 CMS-remark: 183789K(554368K)] 340644K(803776K), 0.1056390 secs] [Times: user=0.34 sys=0.00, real=0.10 secs] 
2606.236: [CMS-concurrent-sweep-start]
2606.294: [CMS-concurrent-sweep: 0.058/0.058 secs] [Times: user=0.06 sys=0.00, real=0.06 secs] 
2606.294: [CMS-concurrent-reset-start]
2606.296: [CMS-concurrent-reset: 0.001/0.001 secs] [Times: user=0.00 sys=0.00, real=0.00 secs] 
2608.296: [GC [1 CMS-initial-mark: 183789K(554368K)] 340644K(803776K), 0.0651790 secs] [Times: user=0.06 sys=0.00, real=0.07 secs] 
2608.362: [CMS-concurrent-mark-start]
2608.595: [CMS-concurrent-mark: 0.233/0.233 secs] [Times: user=0.24 sys=0.00, real=0.23 secs] 
2608.595: [CMS-concurrent-preclean-start]
2608.596: [CMS-concurrent-preclean: 0.001/0.001 secs] [Times: user=0.00 sys=0.00, real=0.00 secs] 
2608.596: [CMS-concurrent-abortable-preclean-start]
 CMS: abort preclean due to time 2613.682: [CMS-concurrent-abortable-preclean: 0.080/5.086 secs] [Times: user=0.09 sys=0.01, real=5.09 secs] 
2613.682: [GC[YG occupancy: 156866 K (249408 K)]2613.682: [Rescan (parallel) , 0.0860530 secs]2613.768: [weak refs processing, 0.0000110 secs]2613.768: [scrub string table, 0.0008980 secs] [1 CMS-remark: 183789K(554368K)] 340655K(803776K), 0.0870340 secs] [Times: user=0.33 sys=0.00, real=0.09 secs] 
2613.770: [CMS-concurrent-sweep-start]
2613.827: [CMS-concurrent-sweep: 0.058/0.058 secs] [Times: user=0.06 sys=0.00, real=0.05 secs] 
2613.828: [CMS-concurrent-reset-start]
2613.829: [CMS-concurrent-reset: 0.001/0.001 secs] [Times: user=0.00 sys=0.00, real=0.00 secs] 
2615.829: [GC [1 CMS-initial-mark: 183789K(554368K)] 340662K(803776K), 0.0559540 secs] [Times: user=0.05 sys=0.00, real=0.05 secs] 
2615.885: [CMS-concurrent-mark-start]
2616.144: [CMS-concurrent-mark: 0.259/0.259 secs] [Times: user=0.26 sys=0.00, real=0.26 secs] 
2616.144: [CMS-concurrent-preclean-start]
2616.145: [CMS-concurrent-preclean: 0.001/0.001 secs] [Times: user=0.01 sys=0.00, real=0.00 secs] 
2616.145: [CMS-concurrent-abortable-preclean-start]
 CMS: abort preclean due to time 2621.230: [CMS-concurrent-abortable-preclean: 0.077/5.084 secs] [Times: user=0.08 sys=0.02, real=5.09 secs] 
2621.230: [GC[YG occupancy: 156889 K (249408 K)]2621.230: [Rescan (parallel) , 0.0869560 secs]2621.317: [weak refs processing, 0.0000110 secs]2621.317: [scrub string table, 0.0008940 secs] [1 CMS-remark: 183789K(554368K)] 340678K(803776K), 0.0881980 secs] [Times: user=0.34 sys=0.00, real=0.08 secs] 
2621.318: [CMS-concurrent-sweep-start]
2621.379: [CMS-concurrent-sweep: 0.060/0.060 secs] [Times: user=0.06 sys=0.00, real=0.06 secs] 
2621.379: [CMS-concurrent-reset-start]
2621.380: [CMS-concurrent-reset: 0.001/0.001 secs] [Times: user=0.00 sys=0.00, real=0.01 secs] 
2623.381: [GC [1 CMS-initial-mark: 183789K(554368K)] 340700K(803776K), 0.0515140 secs] [Times: user=0.05 sys=0.00, real=0.05 secs] 
2623.432: [CMS-concurrent-mark-start]
2623.660: [CMS-concurrent-mark: 0.228/0.228 secs] [Times: user=0.23 sys=0.00, real=0.23 secs] 
2623.660: [CMS-concurrent-preclean-start]
2623.661: [CMS-concurrent-preclean: 0.001/0.001 secs] [Times: user=0.00 sys=0.00, real=0.00 secs] 
2623.661: [CMS-concurrent-abortable-preclean-start]
 CMS: abort preclean due to time 2628.748: [CMS-concurrent-abortable-preclean: 0.079/5.086 secs] [Times: user=0.10 sys=0.00, real=5.09 secs] 
2628.748: [GC[YG occupancy: 156944 K (249408 K)]2628.748: [Rescan (parallel) , 0.0919460 secs]2628.840: [weak refs processing, 0.0000110 secs]2628.840: [scrub string table, 0.0009860 secs] [1 CMS-remark: 183789K(554368K)] 340733K(803776K), 0.0930040 secs] [Times: user=0.36 sys=0.01, real=0.09 secs] 
2628.841: [CMS-concurrent-sweep-start]
2628.900: [CMS-concurrent-sweep: 0.059/0.059 secs] [Times: user=0.06 sys=0.00, real=0.06 secs] 
2628.900: [CMS-concurrent-reset-start]
2628.902: [CMS-concurrent-reset: 0.001/0.001 secs] [Times: user=0.00 sys=0.00, real=0.00 secs] 
2630.902: [GC [1 CMS-initial-mark: 183789K(554368K)] 340752K(803776K), 0.0580930 secs] [Times: user=0.06 sys=0.00, real=0.06 secs] 
2630.960: [CMS-concurrent-mark-start]
2631.188: [CMS-concurrent-mark: 0.228/0.228 secs] [Times: user=0.23 sys=0.00, real=0.23 secs] 
2631.188: [CMS-concurrent-preclean-start]
2631.190: [CMS-concurrent-preclean: 0.001/0.001 secs] [Times: user=0.00 sys=0.00, real=0.00 secs] 
2631.190: [CMS-concurrent-abortable-preclean-start]
 CMS: abort preclean due to time 2636.270: [CMS-concurrent-abortable-preclean: 0.074/5.080 secs] [Times: user=0.09 sys=0.01, real=5.08 secs] 
2636.270: [GC[YG occupancy: 157043 K (249408 K)]2636.270: [Rescan (parallel) , 0.0852680 secs]2636.355: [weak refs processing, 0.0000200 secs]2636.355: [scrub string table, 0.0010080 secs] [1 CMS-remark: 183789K(554368K)] 340832K(803776K), 0.0863890 secs] [Times: user=0.29 sys=0.00, real=0.08 secs] 
2636.357: [CMS-concurrent-sweep-start]
2636.434: [CMS-concurrent-sweep: 0.077/0.077 secs] [Times: user=0.08 sys=0.00, real=0.08 secs] 
2636.434: [CMS-concurrent-reset-start]
2636.435: [CMS-concurrent-reset: 0.001/0.001 secs] [Times: user=0.00 sys=0.00, real=0.00 secs] 
2638.435: [GC [1 CMS-initial-mark: 183789K(554368K)] 340832K(803776K), 0.0713390 secs] [Times: user=0.07 sys=0.00, real=0.07 secs] 
2638.507: [CMS-concurrent-mark-start]
2638.878: [CMS-concurrent-mark: 0.371/0.371 secs] [Times: user=0.37 sys=0.00, real=0.37 secs] 
2638.878: [CMS-concurrent-preclean-start]
2638.879: [CMS-concurrent-preclean: 0.001/0.001 secs] [Times: user=0.00 sys=0.00, real=0.00 secs] 
2638.879: [CMS-concurrent-abortable-preclean-start]
 CMS: abort preclean due to time 2643.890: [CMS-concurrent-abortable-preclean: 0.074/5.010 secs] [Times: user=0.10 sys=0.01, real=5.02 secs] 
2643.894: [GC[YG occupancy: 158388 K (249408 K)]2643.894: [Rescan (parallel) , 0.1372650 secs]2644.032: [weak refs processing, 0.0000210 secs]2644.032: [scrub string table, 0.0009540 secs] [1 CMS-remark: 183789K(554368K)] 342177K(803776K), 0.1383450 secs] [Times: user=0.33 sys=0.01, real=0.14 secs] 
2644.033: [CMS-concurrent-sweep-start]
2644.137: [CMS-concurrent-sweep: 0.105/0.105 secs] [Times: user=0.10 sys=0.00, real=0.10 secs] 
2644.137: [CMS-concurrent-reset-start]
2644.139: [CMS-concurrent-reset: 0.001/0.001 secs] [Times: user=0.01 sys=0.00, real=0.00 secs] 
2645.760: [GC [1 CMS-initial-mark: 183789K(554368K)] 342201K(803776K), 0.0948450 secs] [Times: user=0.07 sys=0.00, real=0.09 secs] 
2645.855: [CMS-concurrent-mark-start]
2646.199: [CMS-concurrent-mark: 0.344/0.344 secs] [Times: user=0.34 sys=0.00, real=0.34 secs] 
2646.199: [CMS-concurrent-preclean-start]
2646.202: [CMS-concurrent-preclean: 0.002/0.002 secs] [Times: user=0.00 sys=0.00, real=0.01 secs] 
2646.202: [CMS-concurrent-abortable-preclean-start]
 CMS: abort preclean due to time 2651.251: [CMS-concurrent-abortable-preclean: 0.081/5.049 secs] [Times: user=0.12 sys=0.01, real=5.05 secs] 
2651.251: [GC[YG occupancy: 159701 K (249408 K)]2651.251: [Rescan (parallel) , 0.1227920 secs]2651.374: [weak refs processing, 0.0000130 secs]2651.374: [scrub string table, 0.0011080 secs] [1 CMS-remark: 183789K(554368K)] 343490K(803776K), 0.1240150 secs] [Times: user=0.32 sys=0.01, real=0.12 secs] 
2651.375: [CMS-concurrent-sweep-start]
2651.443: [CMS-concurrent-sweep: 0.068/0.068 secs] [Times: user=0.07 sys=0.00, real=0.07 secs] 
2651.443: [CMS-concurrent-reset-start]
2651.445: [CMS-concurrent-reset: 0.001/0.001 secs] [Times: user=0.00 sys=0.00, real=0.00 secs] 
2653.445: [GC [1 CMS-initial-mark: 183789K(554368K)] 343515K(803776K), 0.0938880 secs] [Times: user=0.09 sys=0.00, real=0.09 secs] 
2653.539: [CMS-concurrent-mark-start]
2654.049: [CMS-concurrent-mark: 0.510/0.510 secs] [Times: user=0.39 sys=0.01, real=0.52 secs] 
2654.050: [CMS-concurrent-preclean-start]
2654.052: [CMS-concurrent-preclean: 0.002/0.002 secs] [Times: user=0.00 sys=0.00, real=0.00 secs] 
2654.052: [CMS-concurrent-abortable-preclean-start]
 CMS: abort preclean due to time 2659.133: [CMS-concurrent-abortable-preclean: 0.074/5.081 secs] [Times: user=0.08 sys=0.01, real=5.08 secs] 
2659.133: [GC[YG occupancy: 159745 K (249408 K)]2659.133: [Rescan (parallel) , 0.1025360 secs]2659.236: [weak refs processing, 0.0000130 secs]2659.236: [scrub string table, 0.0008700 secs] [1 CMS-remark: 183789K(554368K)] 343534K(803776K), 0.1035180 secs] [Times: user=0.39 sys=0.00, real=0.10 secs] 
2659.237: [CMS-concurrent-sweep-start]
2659.296: [CMS-concurrent-sweep: 0.059/0.059 secs] [Times: user=0.06 sys=0.00, real=0.06 secs] 
2659.296: [CMS-concurrent-reset-start]
2659.297: [CMS-concurrent-reset: 0.001/0.001 secs] [Times: user=0.00 sys=0.00, real=0.00 secs] 
2661.298: [GC [1 CMS-initial-mark: 183789K(554368K)] 346428K(803776K), 0.0540330 secs] [Times: user=0.06 sys=0.00, real=0.06 secs] 
2661.352: [CMS-concurrent-mark-start]
2661.580: [CMS-concurrent-mark: 0.228/0.228 secs] [Times: user=0.23 sys=0.00, real=0.23 secs] 
2661.580: [CMS-concurrent-preclean-start]
2661.581: [CMS-concurrent-preclean: 0.001/0.001 secs] [Times: user=0.00 sys=0.00, real=0.00 secs] 
2661.581: [CMS-concurrent-abortable-preclean-start]
 CMS: abort preclean due to time 2666.665: [CMS-concurrent-abortable-preclean: 0.077/5.084 secs] [Times: user=0.09 sys=0.01, real=5.08 secs] 
2666.666: [GC[YG occupancy: 162666 K (249408 K)]2666.666: [Rescan (parallel) , 0.0907620 secs]2666.757: [weak refs processing, 0.0000140 secs]2666.757: [scrub string table, 0.0009110 secs] [1 CMS-remark: 183789K(554368K)] 346455K(803776K), 0.0917560 secs] [Times: user=0.35 sys=0.01, real=0.09 secs] 
2666.758: [CMS-concurrent-sweep-start]
2666.818: [CMS-concurrent-sweep: 0.061/0.061 secs] [Times: user=0.06 sys=0.00, real=0.06 secs] 
2666.819: [CMS-concurrent-reset-start]
2666.820: [CMS-concurrent-reset: 0.001/0.001 secs] [Times: user=0.00 sys=0.00, real=0.01 secs] 
2668.820: [GC [1 CMS-initial-mark: 183789K(554368K)] 346455K(803776K), 0.0554000 secs] [Times: user=0.05 sys=0.00, real=0.05 secs] 
2668.877: [CMS-concurrent-mark-start]
2669.114: [CMS-concurrent-mark: 0.237/0.237 secs] [Times: user=0.24 sys=0.00, real=0.24 secs] 
2669.115: [CMS-concurrent-preclean-start]
2669.116: [CMS-concurrent-preclean: 0.001/0.001 secs] [Times: user=0.00 sys=0.00, real=0.00 secs] 
2669.116: [CMS-concurrent-abortable-preclean-start]
 CMS: abort preclean due to time 2674.199: [CMS-concurrent-abortable-preclean: 0.076/5.083 secs] [Times: user=0.10 sys=0.00, real=5.08 secs] 
2674.199: [GC[YG occupancy: 162666 K (249408 K)]2674.199: [Rescan (parallel) , 0.0933790 secs]2674.292: [weak refs processing, 0.0000110 secs]2674.293: [scrub string table, 0.0008980 secs] [1 CMS-remark: 183789K(554368K)] 346455K(803776K), 0.0943650 secs] [Times: user=0.36 sys=0.00, real=0.10 secs] 
2674.294: [CMS-concurrent-sweep-start]
2674.352: [CMS-concurrent-sweep: 0.059/0.059 secs] [Times: user=0.06 sys=0.00, real=0.06 secs] 
2674.353: [CMS-concurrent-reset-start]
2674.354: [CMS-concurrent-reset: 0.001/0.001 secs] [Times: user=0.00 sys=0.00, real=0.00 secs] 
2676.354: [GC [1 CMS-initial-mark: 183789K(554368K)] 346468K(803776K), 0.0542530 secs] [Times: user=0.05 sys=0.00, real=0.06 secs] 
2676.409: [CMS-concurrent-mark-start]
2676.641: [CMS-concurrent-mark: 0.232/0.232 secs] [Times: user=0.24 sys=0.00, real=0.23 secs] 
2676.641: [CMS-concurrent-preclean-start]
2676.642: [CMS-concurrent-preclean: 0.001/0.001 secs] [Times: user=0.00 sys=0.00, real=0.00 secs] 
2676.642: [CMS-concurrent-abortable-preclean-start]
 CMS: abort preclean due to time 2681.644: [CMS-concurrent-abortable-preclean: 0.094/5.001 secs] [Times: user=0.11 sys=0.01, real=5.00 secs] 
2681.644: [GC[YG occupancy: 162679 K (249408 K)]2681.644: [Rescan (parallel) , 0.0898200 secs]2681.734: [weak refs processing, 0.0000100 secs]2681.734: [scrub string table, 0.0008960 secs] [1 CMS-remark: 183789K(554368K)] 346468K(803776K), 0.0907960 secs] [Times: user=0.35 sys=0.00, real=0.09 secs] 
2681.735: [CMS-concurrent-sweep-start]
2681.793: [CMS-concurrent-sweep: 0.058/0.058 secs] [Times: user=0.06 sys=0.00, real=0.06 secs] 
2681.793: [CMS-concurrent-reset-start]
2681.794: [CMS-concurrent-reset: 0.001/0.001 secs] [Times: user=0.00 sys=0.00, real=0.00 secs] 
2683.795: [GC [1 CMS-initial-mark: 183789K(554368K)] 346468K(803776K), 0.0768790 secs] [Times: user=0.08 sys=0.00, real=0.08 secs] 
2683.872: [CMS-concurrent-mark-start]
2684.148: [CMS-concurrent-mark: 0.277/0.277 secs] [Times: user=0.28 sys=0.00, real=0.28 secs] 
2684.149: [CMS-concurrent-preclean-start]
2684.150: [CMS-concurrent-preclean: 0.001/0.001 secs] [Times: user=0.00 sys=0.00, real=0.00 secs] 
2684.150: [CMS-concurrent-abortable-preclean-start]
 CMS: abort preclean due to time 2689.235: [CMS-concurrent-abortable-preclean: 0.077/5.086 secs] [Times: user=0.11 sys=0.00, real=5.08 secs] 
2689.236: [GC[YG occupancy: 163408 K (249408 K)]2689.236: [Rescan (parallel) , 0.0974470 secs]2689.333: [weak refs processing, 0.0000110 secs]2689.333: [scrub string table, 0.0008700 secs] [1 CMS-remark: 183789K(554368K)] 347197K(803776K), 0.0983990 secs] [Times: user=0.38 sys=0.00, real=0.10 secs] 
2689.334: [CMS-concurrent-sweep-start]
2689.395: [CMS-concurrent-sweep: 0.060/0.060 secs] [Times: user=0.06 sys=0.00, real=0.06 secs] 
2689.395: [CMS-concurrent-reset-start]
2689.396: [CMS-concurrent-reset: 0.001/0.001 secs] [Times: user=0.00 sys=0.00, real=0.00 secs] 
2691.396: [GC [1 CMS-initial-mark: 183789K(554368K)] 347197K(803776K), 0.1055610 secs] [Times: user=0.11 sys=0.00, real=0.11 secs] 
2691.502: [CMS-concurrent-mark-start]
2691.733: [CMS-concurrent-mark: 0.231/0.231 secs] [Times: user=0.22 sys=0.01, real=0.23 secs] 
2691.733: [CMS-concurrent-preclean-start]
2691.734: [CMS-concurrent-preclean: 0.001/0.001 secs] [Times: user=0.01 sys=0.00, real=0.00 secs] 
2691.734: [CMS-concurrent-abortable-preclean-start]
 CMS: abort preclean due to time 2696.822: [CMS-concurrent-abortable-preclean: 0.082/5.088 secs] [Times: user=0.10 sys=0.00, real=5.09 secs] 
2696.823: [GC[YG occupancy: 163416 K (249408 K)]2696.823: [Rescan (parallel) , 0.0932650 secs]2696.916: [weak refs processing, 0.0000140 secs]2696.916: [scrub string table, 0.0009060 secs] [1 CMS-remark: 183789K(554368K)] 347205K(803776K), 0.0942550 secs] [Times: user=0.36 sys=0.00, real=0.09 secs] 
2696.917: [CMS-concurrent-sweep-start]
2696.976: [CMS-concurrent-sweep: 0.059/0.059 secs] [Times: user=0.06 sys=0.00, real=0.06 secs] 
2696.976: [CMS-concurrent-reset-start]
2696.977: [CMS-concurrent-reset: 0.001/0.001 secs] [Times: user=0.00 sys=0.00, real=0.00 secs] 
2698.978: [GC [1 CMS-initial-mark: 183789K(554368K)] 347205K(803776K), 0.0577620 secs] [Times: user=0.06 sys=0.00, real=0.06 secs] 
2699.036: [CMS-concurrent-mark-start]
2699.270: [CMS-concurrent-mark: 0.234/0.234 secs] [Times: user=0.23 sys=0.00, real=0.24 secs] 
2699.270: [CMS-concurrent-preclean-start]
2699.271: [CMS-concurrent-preclean: 0.001/0.001 secs] [Times: user=0.00 sys=0.00, real=0.00 secs] 
2699.271: [CMS-concurrent-abortable-preclean-start]
 CMS: abort preclean due to time 2704.352: [CMS-concurrent-abortable-preclean: 0.075/5.081 secs] [Times: user=0.10 sys=0.00, real=5.08 secs] 
2704.353: [GC[YG occupancy: 163435 K (249408 K)]2704.353: [Rescan (parallel) , 0.0927170 secs]2704.445: [weak refs processing, 0.0000140 secs]2704.445: [scrub string table, 0.0024180 secs] [1 CMS-remark: 183789K(554368K)] 347224K(803776K), 0.0953830 secs] [Times: user=0.27 sys=0.00, real=0.10 secs] 
2704.449: [CMS-concurrent-sweep-start]
2704.524: [CMS-concurrent-sweep: 0.075/0.075 secs] [Times: user=0.08 sys=0.00, real=0.07 secs] 
2704.524: [CMS-concurrent-reset-start]
2704.525: [CMS-concurrent-reset: 0.001/0.001 secs] [Times: user=0.00 sys=0.00, real=0.00 secs] 
2706.526: [GC [1 CMS-initial-mark: 183789K(554368K)] 347241K(803776K), 0.0585120 secs] [Times: user=0.05 sys=0.00, real=0.06 secs] 
2706.584: [CMS-concurrent-mark-start]
2706.814: [CMS-concurrent-mark: 0.230/0.230 secs] [Times: user=0.24 sys=0.00, real=0.23 secs] 
2706.814: [CMS-concurrent-preclean-start]
2706.816: [CMS-concurrent-preclean: 0.001/0.001 secs] [Times: user=0.00 sys=0.00, real=0.00 secs] 
2706.816: [CMS-concurrent-abortable-preclean-start]
 CMS: abort preclean due to time 2711.907: [CMS-concurrent-abortable-preclean: 0.085/5.092 secs] [Times: user=0.11 sys=0.00, real=5.09 secs] 
2711.908: [GC[YG occupancy: 163482 K (249408 K)]2711.908: [Rescan (parallel) , 0.0976730 secs]2712.006: [weak refs processing, 0.0000110 secs]2712.006: [scrub string table, 0.0008890 secs] [1 CMS-remark: 183789K(554368K)] 347271K(803776K), 0.0986910 secs] [Times: user=0.38 sys=0.00, real=0.09 secs] 
2712.007: [CMS-concurrent-sweep-start]
2712.073: [CMS-concurrent-sweep: 0.067/0.067 secs] [Times: user=0.07 sys=0.00, real=0.07 secs] 
2712.073: [CMS-concurrent-reset-start]
2712.075: [CMS-concurrent-reset: 0.002/0.002 secs] [Times: user=0.00 sys=0.00, real=0.00 secs] 
2714.076: [GC [1 CMS-initial-mark: 183789K(554368K)] 347345K(803776K), 0.0546010 secs] [Times: user=0.05 sys=0.00, real=0.06 secs] 
2714.130: [CMS-concurrent-mark-start]
2714.359: [CMS-concurrent-mark: 0.229/0.229 secs] [Times: user=0.24 sys=0.00, real=0.22 secs] 
2714.359: [CMS-concurrent-preclean-start]
2714.360: [CMS-concurrent-preclean: 0.001/0.001 secs] [Times: user=0.00 sys=0.00, real=0.01 secs] 
2714.360: [CMS-concurrent-abortable-preclean-start]
 CMS: abort preclean due to time 2719.374: [CMS-concurrent-abortable-preclean: 0.106/5.013 secs] [Times: user=0.13 sys=0.01, real=5.01 secs] 
2719.374: [GC[YG occupancy: 163598 K (249408 K)]2719.374: [Rescan (parallel) , 0.1201600 secs]2719.494: [weak refs processing, 0.0000160 secs]2719.494: [scrub string table, 0.0008570 secs] [1 CMS-remark: 183789K(554368K)] 347387K(803776K), 0.1211100 secs] [Times: user=0.47 sys=0.00, real=0.12 secs] 
2719.495: [CMS-concurrent-sweep-start]
2719.554: [CMS-concurrent-sweep: 0.058/0.058 secs] [Times: user=0.06 sys=0.00, real=0.06 secs] 
2719.554: [CMS-concurrent-reset-start]
2719.555: [CMS-concurrent-reset: 0.001/0.001 secs] [Times: user=0.00 sys=0.00, real=0.00 secs] 
2721.555: [GC [1 CMS-initial-mark: 183789K(554368K)] 350277K(803776K), 0.0553570 secs] [Times: user=0.06 sys=0.00, real=0.06 secs] 
2721.611: [CMS-concurrent-mark-start]
2721.839: [CMS-concurrent-mark: 0.229/0.229 secs] [Times: user=0.23 sys=0.00, real=0.22 secs] 
2721.840: [CMS-concurrent-preclean-start]
2721.841: [CMS-concurrent-preclean: 0.001/0.001 secs] [Times: user=0.00 sys=0.01, real=0.00 secs] 
2721.841: [CMS-concurrent-abortable-preclean-start]
 CMS: abort preclean due to time 2726.940: [CMS-concurrent-abortable-preclean: 0.091/5.099 secs] [Times: user=0.11 sys=0.00, real=5.10 secs] 
2726.940: [GC[YG occupancy: 166515 K (249408 K)]2726.940: [Rescan (parallel) , 0.0996260 secs]2727.040: [weak refs processing, 0.0000110 secs]2727.040: [scrub string table, 0.0009490 secs] [1 CMS-remark: 183789K(554368K)] 350304K(803776K), 0.1006730 secs] [Times: user=0.39 sys=0.01, real=0.10 secs] 
2727.041: [CMS-concurrent-sweep-start]
2727.099: [CMS-concurrent-sweep: 0.057/0.057 secs] [Times: user=0.06 sys=0.00, real=0.05 secs] 
2727.099: [CMS-concurrent-reset-start]
2727.100: [CMS-concurrent-reset: 0.001/0.001 secs] [Times: user=0.00 sys=0.00, real=0.01 secs] 
2729.100: [GC [1 CMS-initial-mark: 183789K(554368K)] 350311K(803776K), 0.0586490 secs] [Times: user=0.06 sys=0.00, real=0.05 secs] 
2729.159: [CMS-concurrent-mark-start]
2729.402: [CMS-concurrent-mark: 0.243/0.243 secs] [Times: user=0.25 sys=0.00, real=0.25 secs] 
2729.402: [CMS-concurrent-preclean-start]
2729.403: [CMS-concurrent-preclean: 0.001/0.001 secs] [Times: user=0.00 sys=0.00, real=0.00 secs] 
2729.403: [CMS-concurrent-abortable-preclean-start]
 CMS: abort preclean due to time 2734.417: [CMS-concurrent-abortable-preclean: 0.077/5.014 secs] [Times: user=0.09 sys=0.00, real=5.01 secs] 
2734.418: [GC[YG occupancy: 167156 K (249408 K)]2734.418: [Rescan (parallel) , 0.0992840 secs]2734.517: [weak refs processing, 0.0000200 secs]2734.517: [scrub string table, 0.0008720 secs] [1 CMS-remark: 183789K(554368K)] 350945K(803776K), 0.1002630 secs] [Times: user=0.39 sys=0.00, real=0.10 secs] 
2734.518: [CMS-concurrent-sweep-start]
2734.576: [CMS-concurrent-sweep: 0.058/0.058 secs] [Times: user=0.06 sys=0.00, real=0.06 secs] 
2734.576: [CMS-concurrent-reset-start]
2734.577: [CMS-concurrent-reset: 0.001/0.001 secs] [Times: user=0.00 sys=0.00, real=0.00 secs] 
2736.578: [GC [1 CMS-initial-mark: 183789K(554368K)] 350957K(803776K), 0.0719960 secs] [Times: user=0.08 sys=0.00, real=0.08 secs] 
2736.650: [CMS-concurrent-mark-start]
2736.888: [CMS-concurrent-mark: 0.238/0.238 secs] [Times: user=0.24 sys=0.00, real=0.24 secs] 
2736.888: [CMS-concurrent-preclean-start]
2736.889: [CMS-concurrent-preclean: 0.001/0.001 secs] [Times: user=0.00 sys=0.00, real=0.00 secs] 
2736.889: [CMS-concurrent-abortable-preclean-start]
 CMS: abort preclean due to time 2741.973: [CMS-concurrent-abortable-preclean: 0.077/5.084 secs] [Times: user=0.10 sys=0.00, real=5.08 secs] 
2741.974: [GC[YG occupancy: 167168 K (249408 K)]2741.974: [Rescan (parallel) , 0.1258220 secs]2742.099: [weak refs processing, 0.0000100 secs]2742.099: [scrub string table, 0.0009770 secs] [1 CMS-remark: 183789K(554368K)] 350957K(803776K), 0.1268820 secs] [Times: user=0.48 sys=0.01, real=0.13 secs] 
2742.101: [CMS-concurrent-sweep-start]
2742.158: [CMS-concurrent-sweep: 0.057/0.057 secs] [Times: user=0.06 sys=0.00, real=0.05 secs] 
2742.158: [CMS-concurrent-reset-start]
2742.159: [CMS-concurrent-reset: 0.001/0.001 secs] [Times: user=0.00 sys=0.00, real=0.00 secs] 
2744.160: [GC [1 CMS-initial-mark: 183789K(554368K)] 350975K(803776K), 0.0601230 secs] [Times: user=0.06 sys=0.00, real=0.06 secs] 
2744.220: [CMS-concurrent-mark-start]
2744.447: [CMS-concurrent-mark: 0.227/0.227 secs] [Times: user=0.22 sys=0.00, real=0.22 secs] 
2744.447: [CMS-concurrent-preclean-start]
2744.448: [CMS-concurrent-preclean: 0.001/0.001 secs] [Times: user=0.00 sys=0.00, real=0.01 secs] 
2744.448: [CMS-concurrent-abortable-preclean-start]
 CMS: abort preclean due to time 2749.534: [CMS-concurrent-abortable-preclean: 0.080/5.086 secs] [Times: user=0.10 sys=0.01, real=5.08 secs] 
2749.535: [GC[YG occupancy: 167247 K (249408 K)]2749.535: [Rescan (parallel) , 0.1119100 secs]2749.647: [weak refs processing, 0.0000200 secs]2749.647: [scrub string table, 0.0008790 secs] [1 CMS-remark: 183789K(554368K)] 351036K(803776K), 0.1128950 secs] [Times: user=0.40 sys=0.01, real=0.12 secs] 
2749.648: [CMS-concurrent-sweep-start]
2749.707: [CMS-concurrent-sweep: 0.059/0.059 secs] [Times: user=0.06 sys=0.00, real=0.05 secs] 
2749.707: [CMS-concurrent-reset-start]
2749.708: [CMS-concurrent-reset: 0.001/0.001 secs] [Times: user=0.00 sys=0.00, real=0.01 secs] 
2751.709: [GC [1 CMS-initial-mark: 183789K(554368K)] 351036K(803776K), 0.0546470 secs] [Times: user=0.05 sys=0.00, real=0.05 secs] 
2751.763: [CMS-concurrent-mark-start]
2751.993: [CMS-concurrent-mark: 0.230/0.230 secs] [Times: user=0.23 sys=0.00, real=0.23 secs] 
2751.993: [CMS-concurrent-preclean-start]
2751.994: [CMS-concurrent-preclean: 0.001/0.001 secs] [Times: user=0.00 sys=0.00, real=0.00 secs] 
2751.994: [CMS-concurrent-abortable-preclean-start]
 CMS: abort preclean due to time 2757.072: [CMS-concurrent-abortable-preclean: 0.072/5.078 secs] [Times: user=0.08 sys=0.02, real=5.08 secs] 
2757.073: [GC[YG occupancy: 167255 K (249408 K)]2757.073: [Rescan (parallel) , 0.0961160 secs]2757.169: [weak refs processing, 0.0000100 secs]2757.169: [scrub string table, 0.0008740 secs] [1 CMS-remark: 183789K(554368K)] 351044K(803776K), 0.0970820 secs] [Times: user=0.38 sys=0.00, real=0.10 secs] 
2757.170: [CMS-concurrent-sweep-start]
2757.228: [CMS-concurrent-sweep: 0.057/0.057 secs] [Times: user=0.06 sys=0.00, real=0.06 secs] 
2757.228: [CMS-concurrent-reset-start]
2757.229: [CMS-concurrent-reset: 0.001/0.001 secs] [Times: user=0.00 sys=0.00, real=0.00 secs] 
2759.229: [GC [1 CMS-initial-mark: 183789K(554368K)] 351044K(803776K), 0.0729780 secs] [Times: user=0.07 sys=0.00, real=0.07 secs] 
2759.302: [CMS-concurrent-mark-start]
2759.530: [CMS-concurrent-mark: 0.228/0.228 secs] [Times: user=0.23 sys=0.00, real=0.23 secs] 
2759.530: [CMS-concurrent-preclean-start]
2759.531: [CMS-concurrent-preclean: 0.001/0.001 secs] [Times: user=0.00 sys=0.00, real=0.00 secs] 
2759.531: [CMS-concurrent-abortable-preclean-start]
 CMS: abort preclean due to time 2764.621: [CMS-concurrent-abortable-preclean: 0.082/5.090 secs] [Times: user=0.10 sys=0.01, real=5.09 secs] 
2764.621: [GC[YG occupancy: 167363 K (249408 K)]2764.622: [Rescan (parallel) , 0.1032500 secs]2764.725: [weak refs processing, 0.0000120 secs]2764.725: [scrub string table, 0.0008830 secs] [1 CMS-remark: 183789K(554368K)] 351152K(803776K), 0.1042150 secs] [Times: user=0.39 sys=0.00, real=0.10 secs] 
2764.726: [CMS-concurrent-sweep-start]
2764.788: [CMS-concurrent-sweep: 0.062/0.062 secs] [Times: user=0.06 sys=0.00, real=0.07 secs] 
2764.788: [CMS-concurrent-reset-start]
2764.789: [CMS-concurrent-reset: 0.002/0.002 secs] [Times: user=0.00 sys=0.00, real=0.00 secs] 
2766.790: [GC [1 CMS-initial-mark: 183789K(554368K)] 351171K(803776K), 0.0551530 secs] [Times: user=0.06 sys=0.00, real=0.05 secs] 
2766.845: [CMS-concurrent-mark-start]
2767.083: [CMS-concurrent-mark: 0.238/0.238 secs] [Times: user=0.24 sys=0.00, real=0.24 secs] 
2767.083: [CMS-concurrent-preclean-start]
2767.084: [CMS-concurrent-preclean: 0.001/0.001 secs] [Times: user=0.00 sys=0.00, real=0.00 secs] 
2767.084: [CMS-concurrent-abortable-preclean-start]
 CMS: abort preclean due to time 2772.112: [CMS-concurrent-abortable-preclean: 0.079/5.029 secs] [Times: user=0.10 sys=0.00, real=5.03 secs] 
2772.113: [GC[YG occupancy: 168035 K (249408 K)]2772.113: [Rescan (parallel) , 0.1026980 secs]2772.216: [weak refs processing, 0.0000120 secs]2772.216: [scrub string table, 0.0008890 secs] [1 CMS-remark: 183789K(554368K)] 351824K(803776K), 0.1037380 secs] [Times: user=0.41 sys=0.00, real=0.10 secs] 
2772.217: [CMS-concurrent-sweep-start]
2772.275: [CMS-concurrent-sweep: 0.058/0.058 secs] [Times: user=0.06 sys=0.00, real=0.06 secs] 
2772.275: [CMS-concurrent-reset-start]
2772.276: [CMS-concurrent-reset: 0.001/0.001 secs] [Times: user=0.00 sys=0.00, real=0.00 secs] 
2774.276: [GC [1 CMS-initial-mark: 183789K(554368K)] 351833K(803776K), 0.0944720 secs] [Times: user=0.09 sys=0.00, real=0.10 secs] 
2774.371: [CMS-concurrent-mark-start]
2774.652: [CMS-concurrent-mark: 0.281/0.281 secs] [Times: user=0.29 sys=0.00, real=0.28 secs] 
2774.652: [CMS-concurrent-preclean-start]
2774.653: [CMS-concurrent-preclean: 0.001/0.001 secs] [Times: user=0.00 sys=0.00, real=0.00 secs] 
2774.653: [CMS-concurrent-abortable-preclean-start]
 CMS: abort preclean due to time 2779.748: [CMS-concurrent-abortable-preclean: 0.075/5.095 secs] [Times: user=0.09 sys=0.01, real=5.10 secs] 
2779.751: [GC[YG occupancy: 168070 K (249408 K)]2779.751: [Rescan (parallel) , 0.1693980 secs]2779.921: [weak refs processing, 0.0000140 secs]2779.921: [scrub string table, 0.0009370 secs] [1 CMS-remark: 183789K(554368K)] 351859K(803776K), 0.1704700 secs] [Times: user=0.42 sys=0.00, real=0.17 secs] 
2779.922: [CMS-concurrent-sweep-start]
2780.014: [CMS-concurrent-sweep: 0.092/0.092 secs] [Times: user=0.09 sys=0.00, real=0.09 secs] 
2780.014: [CMS-concurrent-reset-start]
2780.015: [CMS-concurrent-reset: 0.002/0.002 secs] [Times: user=0.00 sys=0.00, real=0.00 secs] 
2782.016: [GC [1 CMS-initial-mark: 183789K(554368K)] 354628K(803776K), 0.0574510 secs] [Times: user=0.06 sys=0.00, real=0.06 secs] 
2782.073: [CMS-concurrent-mark-start]
2782.302: [CMS-concurrent-mark: 0.229/0.229 secs] [Times: user=0.23 sys=0.00, real=0.23 secs] 
2782.302: [CMS-concurrent-preclean-start]
2782.303: [CMS-concurrent-preclean: 0.001/0.001 secs] [Times: user=0.00 sys=0.00, real=0.00 secs] 
2782.303: [CMS-concurrent-abortable-preclean-start]
 CMS: abort preclean due to time 2787.378: [CMS-concurrent-abortable-preclean: 0.068/5.075 secs] [Times: user=0.09 sys=0.01, real=5.07 secs] 
2787.378: [GC[YG occupancy: 170872 K (249408 K)]2787.378: [Rescan (parallel) , 0.1003920 secs]2787.479: [weak refs processing, 0.0000230 secs]2787.479: [scrub string table, 0.0008690 secs] [1 CMS-remark: 183789K(554368K)] 354661K(803776K), 0.1013560 secs] [Times: user=0.38 sys=0.00, real=0.10 secs] 
2787.480: [CMS-concurrent-sweep-start]
2787.539: [CMS-concurrent-sweep: 0.059/0.059 secs] [Times: user=0.06 sys=0.00, real=0.05 secs] 
2787.539: [CMS-concurrent-reset-start]
2787.541: [CMS-concurrent-reset: 0.002/0.002 secs] [Times: user=0.00 sys=0.00, real=0.01 secs] 
2789.542: [GC [1 CMS-initial-mark: 183789K(554368K)] 354661K(803776K), 0.0566880 secs] [Times: user=0.05 sys=0.00, real=0.05 secs] 
2789.598: [CMS-concurrent-mark-start]
2789.827: [CMS-concurrent-mark: 0.229/0.229 secs] [Times: user=0.24 sys=0.00, real=0.23 secs] 
2789.827: [CMS-concurrent-preclean-start]
2789.828: [CMS-concurrent-preclean: 0.001/0.001 secs] [Times: user=0.00 sys=0.00, real=0.01 secs] 
2789.828: [CMS-concurrent-abortable-preclean-start]
 CMS: abort preclean due to time 2794.843: [CMS-concurrent-abortable-preclean: 0.107/5.015 secs] [Times: user=0.12 sys=0.01, real=5.01 secs] 
2794.843: [GC[YG occupancy: 170872 K (249408 K)]2794.843: [Rescan (parallel) , 0.1023010 secs]2794.946: [weak refs processing, 0.0000220 secs]2794.946: [scrub string table, 0.0008730 secs] [1 CMS-remark: 183789K(554368K)] 354661K(803776K), 0.1032670 secs] [Times: user=0.40 sys=0.00, real=0.10 secs] 
2794.947: [CMS-concurrent-sweep-start]
2795.004: [CMS-concurrent-sweep: 0.057/0.057 secs] [Times: user=0.06 sys=0.00, real=0.06 secs] 
2795.004: [CMS-concurrent-reset-start]
2795.005: [CMS-concurrent-reset: 0.001/0.001 secs] [Times: user=0.00 sys=0.00, real=0.00 secs] 
2797.005: [GC [1 CMS-initial-mark: 183789K(554368K)] 354674K(803776K), 0.0572150 secs] [Times: user=0.05 sys=0.00, real=0.06 secs] 
2797.063: [CMS-concurrent-mark-start]
2797.290: [CMS-concurrent-mark: 0.227/0.227 secs] [Times: user=0.23 sys=0.00, real=0.23 secs] 
2797.290: [CMS-concurrent-preclean-start]
2797.291: [CMS-concurrent-preclean: 0.001/0.001 secs] [Times: user=0.00 sys=0.00, real=0.00 secs] 
2797.291: [CMS-concurrent-abortable-preclean-start]
 CMS: abort preclean due to time 2802.373: [CMS-concurrent-abortable-preclean: 0.075/5.082 secs] [Times: user=0.09 sys=0.01, real=5.08 secs] 
2802.374: [GC[YG occupancy: 170885 K (249408 K)]2802.374: [Rescan (parallel) , 0.1012680 secs]2802.475: [weak refs processing, 0.0000100 secs]2802.475: [scrub string table, 0.0009030 secs] [1 CMS-remark: 183789K(554368K)] 354674K(803776K), 0.1022560 secs] [Times: user=0.40 sys=0.00, real=0.10 secs] 
2802.476: [CMS-concurrent-sweep-start]
2802.536: [CMS-concurrent-sweep: 0.060/0.060 secs] [Times: user=0.06 sys=0.00, real=0.06 secs] 
2802.536: [CMS-concurrent-reset-start]
2802.537: [CMS-concurrent-reset: 0.001/0.001 secs] [Times: user=0.00 sys=0.00, real=0.00 secs] 
2804.538: [GC [1 CMS-initial-mark: 183789K(554368K)] 354692K(803776K), 0.0587190 secs] [Times: user=0.06 sys=0.00, real=0.06 secs] 
2804.597: [CMS-concurrent-mark-start]
2804.834: [CMS-concurrent-mark: 0.237/0.237 secs] [Times: user=0.23 sys=0.00, real=0.24 secs] 
2804.834: [CMS-concurrent-preclean-start]
2804.835: [CMS-concurrent-preclean: 0.001/0.001 secs] [Times: user=0.00 sys=0.00, real=0.00 secs] 
2804.835: [CMS-concurrent-abortable-preclean-start]
 CMS: abort preclean due to time 2809.917: [CMS-concurrent-abortable-preclean: 0.076/5.082 secs] [Times: user=0.10 sys=0.02, real=5.08 secs] 
2809.917: [GC[YG occupancy: 170947 K (249408 K)]2809.917: [Rescan (parallel) , 0.0895820 secs]2810.007: [weak refs processing, 0.0000120 secs]2810.007: [scrub string table, 0.0008940 secs] [1 CMS-remark: 183789K(554368K)] 354736K(803776K), 0.0905690 secs] [Times: user=0.34 sys=0.00, real=0.10 secs] 
2810.008: [CMS-concurrent-sweep-start]
2810.065: [CMS-concurrent-sweep: 0.057/0.057 secs] [Times: user=0.06 sys=0.00, real=0.05 secs] 
2810.065: [CMS-concurrent-reset-start]
2810.067: [CMS-concurrent-reset: 0.001/0.001 secs] [Times: user=0.00 sys=0.00, real=0.00 secs] 
2812.067: [GC [1 CMS-initial-mark: 183789K(554368K)] 354736K(803776K), 0.0618020 secs] [Times: user=0.06 sys=0.00, real=0.07 secs] 
2812.129: [CMS-concurrent-mark-start]
2812.358: [CMS-concurrent-mark: 0.229/0.229 secs] [Times: user=0.23 sys=0.00, real=0.22 secs] 
2812.358: [CMS-concurrent-preclean-start]
2812.359: [CMS-concurrent-preclean: 0.001/0.001 secs] [Times: user=0.00 sys=0.00, real=0.00 secs] 
2812.359: [CMS-concurrent-abortable-preclean-start]
 CMS: abort preclean due to time 2817.459: [CMS-concurrent-abortable-preclean: 0.093/5.100 secs] [Times: user=0.12 sys=0.00, real=5.10 secs] 
2817.460: [GC[YG occupancy: 170961 K (249408 K)]2817.460: [Rescan (parallel) , 0.0955830 secs]2817.555: [weak refs processing, 0.0000110 secs]2817.555: [scrub string table, 0.0008780 secs] [1 CMS-remark: 183789K(554368K)] 354750K(803776K), 0.0965370 secs] [Times: user=0.37 sys=0.00, real=0.09 secs] 
2817.556: [CMS-concurrent-sweep-start]
2817.615: [CMS-concurrent-sweep: 0.059/0.059 secs] [Times: user=0.06 sys=0.00, real=0.06 secs] 
2817.615: [CMS-concurrent-reset-start]
2817.616: [CMS-concurrent-reset: 0.001/0.001 secs] [Times: user=0.00 sys=0.00, real=0.00 secs] 
2819.617: [GC [1 CMS-initial-mark: 183789K(554368K)] 354750K(803776K), 0.0856330 secs] [Times: user=0.09 sys=0.00, real=0.09 secs] 
2819.703: [CMS-concurrent-mark-start]
2819.935: [CMS-concurrent-mark: 0.232/0.232 secs] [Times: user=0.23 sys=0.00, real=0.23 secs] 
2819.935: [CMS-concurrent-preclean-start]
2819.936: [CMS-concurrent-preclean: 0.001/0.001 secs] [Times: user=0.00 sys=0.00, real=0.00 secs] 
2819.936: [CMS-concurrent-abortable-preclean-start]
 CMS: abort preclean due to time 2825.036: [CMS-concurrent-abortable-preclean: 0.092/5.099 secs] [Times: user=0.10 sys=0.03, real=5.10 secs] 
2825.036: [GC[YG occupancy: 170998 K (249408 K)]2825.036: [Rescan (parallel) , 0.1010290 secs]2825.137: [weak refs processing, 0.0000220 secs]2825.137: [scrub string table, 0.0009080 secs] [1 CMS-remark: 183789K(554368K)] 354787K(803776K), 0.1020510 secs] [Times: user=0.40 sys=0.00, real=0.10 secs] 
2825.138: [CMS-concurrent-sweep-start]
2825.196: [CMS-concurrent-sweep: 0.057/0.057 secs] [Times: user=0.05 sys=0.00, real=0.06 secs] 
2825.196: [CMS-concurrent-reset-start]
2825.197: [CMS-concurrent-reset: 0.001/0.001 secs] [Times: user=0.00 sys=0.00, real=0.00 secs] 
2827.197: [GC [1 CMS-initial-mark: 183789K(554368K)] 354799K(803776K), 0.0995630 secs] [Times: user=0.10 sys=0.00, real=0.10 secs] 
2827.297: [CMS-concurrent-mark-start]
2827.528: [CMS-concurrent-mark: 0.231/0.231 secs] [Times: user=0.24 sys=0.00, real=0.24 secs] 
2827.528: [CMS-concurrent-preclean-start]
2827.530: [CMS-concurrent-preclean: 0.001/0.001 secs] [Times: user=0.00 sys=0.00, real=0.00 secs] 
2827.530: [CMS-concurrent-abortable-preclean-start]
 CMS: abort preclean due to time 2832.551: [CMS-concurrent-abortable-preclean: 0.114/5.022 secs] [Times: user=0.13 sys=0.02, real=5.02 secs] 
2832.552: [GC[YG occupancy: 171043 K (249408 K)]2832.552: [Rescan (parallel) , 0.1053620 secs]2832.657: [weak refs processing, 0.0000140 secs]2832.657: [scrub string table, 0.0008710 secs] [1 CMS-remark: 183789K(554368K)] 354832K(803776K), 0.1063650 secs] [Times: user=0.41 sys=0.00, real=0.10 secs] 
2832.658: [CMS-concurrent-sweep-start]
2832.716: [CMS-concurrent-sweep: 0.057/0.057 secs] [Times: user=0.06 sys=0.00, real=0.06 secs] 
2832.716: [CMS-concurrent-reset-start]
2832.717: [CMS-concurrent-reset: 0.001/0.001 secs] [Times: user=0.00 sys=0.00, real=0.00 secs] 
2834.717: [GC [1 CMS-initial-mark: 183789K(554368K)] 354832K(803776K), 0.0605170 secs] [Times: user=0.06 sys=0.00, real=0.06 secs] 
2834.778: [CMS-concurrent-mark-start]
2835.007: [CMS-concurrent-mark: 0.229/0.229 secs] [Times: user=0.24 sys=0.00, real=0.23 secs] 
2835.007: [CMS-concurrent-preclean-start]
2835.008: [CMS-concurrent-preclean: 0.001/0.001 secs] [Times: user=0.00 sys=0.00, real=0.01 secs] 
2835.008: [CMS-concurrent-abortable-preclean-start]
 CMS: abort preclean due to time 2840.084: [CMS-concurrent-abortable-preclean: 0.070/5.076 secs] [Times: user=0.07 sys=0.02, real=5.07 secs] 
2840.085: [GC[YG occupancy: 171058 K (249408 K)]2840.085: [Rescan (parallel) , 0.0954240 secs]2840.180: [weak refs processing, 0.0000110 secs]2840.180: [scrub string table, 0.0008830 secs] [1 CMS-remark: 183789K(554368K)] 354847K(803776K), 0.0964040 secs] [Times: user=0.36 sys=0.00, real=0.10 secs] 
2840.181: [CMS-concurrent-sweep-start]
2840.252: [CMS-concurrent-sweep: 0.070/0.070 secs] [Times: user=0.07 sys=0.00, real=0.07 secs] 
2840.252: [CMS-concurrent-reset-start]
2840.253: [CMS-concurrent-reset: 0.001/0.001 secs] [Times: user=0.00 sys=0.00, real=0.00 secs] 
2842.254: [GC [1 CMS-initial-mark: 183789K(554368K)] 357736K(803776K), 0.0701810 secs] [Times: user=0.07 sys=0.00, real=0.07 secs] 
2842.325: [CMS-concurrent-mark-start]
2842.554: [CMS-concurrent-mark: 0.229/0.229 secs] [Times: user=0.23 sys=0.00, real=0.23 secs] 
2842.554: [CMS-concurrent-preclean-start]
2842.555: [CMS-concurrent-preclean: 0.001/0.001 secs] [Times: user=0.00 sys=0.00, real=0.00 secs] 
2842.555: [CMS-concurrent-abortable-preclean-start]
 CMS: abort preclean due to time 2847.562: [CMS-concurrent-abortable-preclean: 0.089/5.007 secs] [Times: user=0.10 sys=0.02, real=5.01 secs] 
2847.563: [GC[YG occupancy: 174677 K (249408 K)]2847.563: [Rescan (parallel) , 0.1003780 secs]2847.663: [weak refs processing, 0.0000110 secs]2847.663: [scrub string table, 0.0009010 secs] [1 CMS-remark: 183789K(554368K)] 358466K(803776K), 0.1013740 secs] [Times: user=0.40 sys=0.00, real=0.10 secs] 
2847.664: [CMS-concurrent-sweep-start]
2847.722: [CMS-concurrent-sweep: 0.058/0.058 secs] [Times: user=0.06 sys=0.00, real=0.06 secs] 
2847.722: [CMS-concurrent-reset-start]
2847.723: [CMS-concurrent-reset: 0.001/0.001 secs] [Times: user=0.00 sys=0.00, real=0.00 secs] 
2849.724: [GC [1 CMS-initial-mark: 183789K(554368K)] 358468K(803776K), 0.0851500 secs] [Times: user=0.08 sys=0.00, real=0.09 secs] 
2849.809: [CMS-concurrent-mark-start]
2850.040: [CMS-concurrent-mark: 0.231/0.231 secs] [Times: user=0.24 sys=0.00, real=0.23 secs] 
2850.040: [CMS-concurrent-preclean-start]
2850.041: [CMS-concurrent-preclean: 0.001/0.001 secs] [Times: user=0.00 sys=0.00, real=0.00 secs] 
2850.041: [CMS-concurrent-abortable-preclean-start]
 CMS: abort preclean due to time 2855.121: [CMS-concurrent-abortable-preclean: 0.073/5.080 secs] [Times: user=0.09 sys=0.01, real=5.08 secs] 
2855.121: [GC[YG occupancy: 174684 K (249408 K)]2855.121: [Rescan (parallel) , 0.1019480 secs]2855.223: [weak refs processing, 0.0000120 secs]2855.223: [scrub string table, 0.0009810 secs] [1 CMS-remark: 183789K(554368K)] 358473K(803776K), 0.1030160 secs] [Times: user=0.39 sys=0.00, real=0.10 secs] 
2855.225: [CMS-concurrent-sweep-start]
2855.283: [CMS-concurrent-sweep: 0.058/0.058 secs] [Times: user=0.06 sys=0.00, real=0.06 secs] 
2855.283: [CMS-concurrent-reset-start]
2855.284: [CMS-concurrent-reset: 0.001/0.001 secs] [Times: user=0.00 sys=0.00, real=0.00 secs] 
2857.285: [GC [1 CMS-initial-mark: 183789K(554368K)] 358486K(803776K), 0.0870330 secs] [Times: user=0.09 sys=0.00, real=0.09 secs] 
2857.372: [CMS-concurrent-mark-start]
2857.600: [CMS-concurrent-mark: 0.229/0.229 secs] [Times: user=0.23 sys=0.00, real=0.23 secs] 
2857.601: [CMS-concurrent-preclean-start]
2857.602: [CMS-concurrent-preclean: 0.001/0.001 secs] [Times: user=0.00 sys=0.00, real=0.00 secs] 
2857.602: [CMS-concurrent-abortable-preclean-start]
 CMS: abort preclean due to time 2862.618: [CMS-concurrent-abortable-preclean: 0.097/5.016 secs] [Times: user=0.12 sys=0.01, real=5.01 secs] 
2862.619: [GC[YG occupancy: 175330 K (249408 K)]2862.619: [Rescan (parallel) , 0.0985930 secs]2862.717: [weak refs processing, 0.0000110 secs]2862.717: [scrub string table, 0.0008610 secs] [1 CMS-remark: 183789K(554368K)] 359119K(803776K), 0.0995620 secs] [Times: user=0.39 sys=0.00, real=0.10 secs] 
2862.718: [CMS-concurrent-sweep-start]
2862.776: [CMS-concurrent-sweep: 0.058/0.058 secs] [Times: user=0.06 sys=0.00, real=0.06 secs] 
2862.776: [CMS-concurrent-reset-start]
2862.777: [CMS-concurrent-reset: 0.001/0.001 secs] [Times: user=0.00 sys=0.00, real=0.00 secs] 
2864.778: [GC [1 CMS-initial-mark: 183789K(554368K)] 359137K(803776K), 0.0578510 secs] [Times: user=0.06 sys=0.00, real=0.06 secs] 
2864.836: [CMS-concurrent-mark-start]
2865.066: [CMS-concurrent-mark: 0.230/0.230 secs] [Times: user=0.23 sys=0.00, real=0.23 secs] 
2865.066: [CMS-concurrent-preclean-start]
2865.067: [CMS-concurrent-preclean: 0.001/0.001 secs] [Times: user=0.00 sys=0.00, real=0.00 secs] 
2865.067: [CMS-concurrent-abortable-preclean-start]
 CMS: abort preclean due to time 2870.088: [CMS-concurrent-abortable-preclean: 0.114/5.021 secs] [Times: user=0.14 sys=0.01, real=5.03 secs] 
2870.089: [GC[YG occupancy: 175363 K (249408 K)]2870.089: [Rescan (parallel) , 0.1066650 secs]2870.195: [weak refs processing, 0.0000230 secs]2870.195: [scrub string table, 0.0008830 secs] [1 CMS-remark: 183789K(554368K)] 359152K(803776K), 0.1076900 secs] [Times: user=0.41 sys=0.00, real=0.10 secs] 
2870.196: [CMS-concurrent-sweep-start]
2870.254: [CMS-concurrent-sweep: 0.058/0.058 secs] [Times: user=0.06 sys=0.00, real=0.06 secs] 
2870.254: [CMS-concurrent-reset-start]
2870.255: [CMS-concurrent-reset: 0.001/0.001 secs] [Times: user=0.00 sys=0.00, real=0.00 secs] 
2872.256: [GC [1 CMS-initial-mark: 183788K(554368K)] 359187K(803776K), 0.0635920 secs] [Times: user=0.07 sys=0.00, real=0.07 secs] 
2872.320: [CMS-concurrent-mark-start]
2872.548: [CMS-concurrent-mark: 0.228/0.228 secs] [Times: user=0.23 sys=0.00, real=0.23 secs] 
2872.548: [CMS-concurrent-preclean-start]
2872.549: [CMS-concurrent-preclean: 0.001/0.001 secs] [Times: user=0.00 sys=0.00, real=0.00 secs] 
2872.549: [CMS-concurrent-abortable-preclean-start]
 CMS: abort preclean due to time 2877.556: [CMS-concurrent-abortable-preclean: 0.100/5.007 secs] [Times: user=0.12 sys=0.00, real=5.00 secs] 
2877.557: [GC[YG occupancy: 175440 K (249408 K)]2877.557: [Rescan (parallel) , 0.0980870 secs]2877.655: [weak refs processing, 0.0000110 secs]2877.655: [scrub string table, 0.0009080 secs] [1 CMS-remark: 183788K(554368K)] 359229K(803776K), 0.0990880 secs] [Times: user=0.38 sys=0.01, real=0.10 secs] 
2877.656: [CMS-concurrent-sweep-start]
2877.714: [CMS-concurrent-sweep: 0.057/0.057 secs] [Times: user=0.06 sys=0.00, real=0.06 secs] 
2877.714: [CMS-concurrent-reset-start]
2877.715: [CMS-concurrent-reset: 0.001/0.001 secs] [Times: user=0.00 sys=0.00, real=0.00 secs] 
2879.715: [GC [1 CMS-initial-mark: 183788K(554368K)] 359246K(803776K), 0.0574320 secs] [Times: user=0.06 sys=0.00, real=0.06 secs] 
2879.773: [CMS-concurrent-mark-start]
2880.004: [CMS-concurrent-mark: 0.232/0.232 secs] [Times: user=0.24 sys=0.00, real=0.23 secs] 
2880.005: [CMS-concurrent-preclean-start]
2880.006: [CMS-concurrent-preclean: 0.001/0.001 secs] [Times: user=0.00 sys=0.00, real=0.00 secs] 
2880.006: [CMS-concurrent-abortable-preclean-start]
 CMS: abort preclean due to time 2885.015: [CMS-concurrent-abortable-preclean: 0.102/5.009 secs] [Times: user=0.12 sys=0.00, real=5.01 secs] 
2885.015: [GC[YG occupancy: 175476 K (249408 K)]2885.015: [Rescan (parallel) , 0.0979690 secs]2885.113: [weak refs processing, 0.0000110 secs]2885.113: [scrub string table, 0.0008770 secs] [1 CMS-remark: 183788K(554368K)] 359265K(803776K), 0.0989320 secs] [Times: user=0.39 sys=0.00, real=0.10 secs] 
2885.114: [CMS-concurrent-sweep-start]
2885.182: [CMS-concurrent-sweep: 0.068/0.068 secs] [Times: user=0.07 sys=0.00, real=0.07 secs] 
2885.182: [CMS-concurrent-reset-start]
2885.183: [CMS-concurrent-reset: 0.001/0.001 secs] [Times: user=0.00 sys=0.00, real=0.00 secs] 
2887.184: [GC [1 CMS-initial-mark: 183788K(554368K)] 359277K(803776K), 0.0627120 secs] [Times: user=0.07 sys=0.00, real=0.06 secs] 
2887.247: [CMS-concurrent-mark-start]
2887.483: [CMS-concurrent-mark: 0.236/0.236 secs] [Times: user=0.23 sys=0.00, real=0.24 secs] 
2887.483: [CMS-concurrent-preclean-start]
2887.484: [CMS-concurrent-preclean: 0.001/0.001 secs] [Times: user=0.00 sys=0.00, real=0.00 secs] 
2887.484: [CMS-concurrent-abortable-preclean-start]
 CMS: abort preclean due to time 2892.562: [CMS-concurrent-abortable-preclean: 0.071/5.078 secs] [Times: user=0.08 sys=0.03, real=5.08 secs] 
2892.562: [GC[YG occupancy: 175502 K (249408 K)]2892.562: [Rescan (parallel) , 0.1037760 secs]2892.666: [weak refs processing, 0.0000150 secs]2892.666: [scrub string table, 0.0008780 secs] [1 CMS-remark: 183788K(554368K)] 359291K(803776K), 0.1047330 secs] [Times: user=0.40 sys=0.00, real=0.10 secs] 
2892.667: [CMS-concurrent-sweep-start]
2892.727: [CMS-concurrent-sweep: 0.059/0.059 secs] [Times: user=0.06 sys=0.00, real=0.06 secs] 
2892.727: [CMS-concurrent-reset-start]
2892.728: [CMS-concurrent-reset: 0.001/0.001 secs] [Times: user=0.01 sys=0.00, real=0.01 secs] 
2894.729: [GC [1 CMS-initial-mark: 183788K(554368K)] 359381K(803776K), 0.0870610 secs] [Times: user=0.09 sys=0.00, real=0.08 secs] 
2894.816: [CMS-concurrent-mark-start]
2895.044: [CMS-concurrent-mark: 0.228/0.228 secs] [Times: user=0.23 sys=0.00, real=0.23 secs] 
2895.044: [CMS-concurrent-preclean-start]
2895.045: [CMS-concurrent-preclean: 0.001/0.001 secs] [Times: user=0.00 sys=0.00, real=0.00 secs] 
2895.046: [CMS-concurrent-abortable-preclean-start]
 CMS: abort preclean due to time 2900.136: [CMS-concurrent-abortable-preclean: 0.083/5.090 secs] [Times: user=0.11 sys=0.01, real=5.09 secs] 
2900.136: [GC[YG occupancy: 175645 K (249408 K)]2900.136: [Rescan (parallel) , 0.0952250 secs]2900.231: [weak refs processing, 0.0000130 secs]2900.231: [scrub string table, 0.0010470 secs] [1 CMS-remark: 183788K(554368K)] 359434K(803776K), 0.0963580 secs] [Times: user=0.35 sys=0.00, real=0.10 secs] 
2900.232: [CMS-concurrent-sweep-start]
2900.291: [CMS-concurrent-sweep: 0.058/0.058 secs] [Times: user=0.06 sys=0.00, real=0.06 secs] 
2900.291: [CMS-concurrent-reset-start]
2900.292: [CMS-concurrent-reset: 0.001/0.001 secs] [Times: user=0.00 sys=0.00, real=0.00 secs] 
2902.292: [GC [1 CMS-initial-mark: 183788K(554368K)] 362323K(803776K), 0.0586660 secs] [Times: user=0.06 sys=0.00, real=0.06 secs] 
2902.351: [CMS-concurrent-mark-start]
2902.582: [CMS-concurrent-mark: 0.230/0.230 secs] [Times: user=0.23 sys=0.00, real=0.23 secs] 
2902.582: [CMS-concurrent-preclean-start]
2902.583: [CMS-concurrent-preclean: 0.001/0.001 secs] [Times: user=0.00 sys=0.00, real=0.00 secs] 
2902.583: [CMS-concurrent-abortable-preclean-start]
 CMS: abort preclean due to time 2907.678: [CMS-concurrent-abortable-preclean: 0.088/5.095 secs] [Times: user=0.12 sys=0.01, real=5.09 secs] 
2907.678: [GC[YG occupancy: 178570 K (249408 K)]2907.678: [Rescan (parallel) , 0.1003220 secs]2907.778: [weak refs processing, 0.0000110 secs]2907.778: [scrub string table, 0.0008920 secs] [1 CMS-remark: 183788K(554368K)] 362359K(803776K), 0.1013220 secs] [Times: user=0.39 sys=0.00, real=0.10 secs] 
2907.779: [CMS-concurrent-sweep-start]
2907.837: [CMS-concurrent-sweep: 0.057/0.057 secs] [Times: user=0.06 sys=0.00, real=0.06 secs] 
2907.837: [CMS-concurrent-reset-start]
2907.838: [CMS-concurrent-reset: 0.001/0.001 secs] [Times: user=0.00 sys=0.00, real=0.00 secs] 
2909.839: [GC [1 CMS-initial-mark: 183788K(554368K)] 362359K(803776K), 0.0711090 secs] [Times: user=0.06 sys=0.00, real=0.08 secs] 
2909.910: [CMS-concurrent-mark-start]
2910.149: [CMS-concurrent-mark: 0.240/0.240 secs] [Times: user=0.25 sys=0.00, real=0.24 secs] 
2910.150: [CMS-concurrent-preclean-start]
2910.151: [CMS-concurrent-preclean: 0.001/0.001 secs] [Times: user=0.00 sys=0.00, real=0.00 secs] 
2910.151: [CMS-concurrent-abortable-preclean-start]
 CMS: abort preclean due to time 2915.235: [CMS-concurrent-abortable-preclean: 0.077/5.084 secs] [Times: user=0.10 sys=0.00, real=5.08 secs] 
2915.235: [GC[YG occupancy: 178587 K (249408 K)]2915.235: [Rescan (parallel) , 0.1088120 secs]2915.344: [weak refs processing, 0.0000110 secs]2915.344: [scrub string table, 0.0008770 secs] [1 CMS-remark: 183788K(554368K)] 362376K(803776K), 0.1097960 secs] [Times: user=0.42 sys=0.00, real=0.11 secs] 
2915.345: [CMS-concurrent-sweep-start]
2915.403: [CMS-concurrent-sweep: 0.058/0.058 secs] [Times: user=0.06 sys=0.00, real=0.06 secs] 
2915.403: [CMS-concurrent-reset-start]
2915.404: [CMS-concurrent-reset: 0.001/0.001 secs] [Times: user=0.00 sys=0.00, real=0.00 secs] 
2917.108: [GC [1 CMS-initial-mark: 183788K(554368K)] 363033K(803776K), 0.0900470 secs] [Times: user=0.09 sys=0.00, real=0.08 secs] 
2917.198: [CMS-concurrent-mark-start]
2917.425: [CMS-concurrent-mark: 0.227/0.227 secs] [Times: user=0.23 sys=0.00, real=0.23 secs] 
2917.425: [CMS-concurrent-preclean-start]
2917.426: [CMS-concurrent-preclean: 0.001/0.001 secs] [Times: user=0.00 sys=0.00, real=0.00 secs] 
2917.426: [CMS-concurrent-abortable-preclean-start]
 CMS: abort preclean due to time 2922.529: [CMS-concurrent-abortable-preclean: 0.095/5.102 secs] [Times: user=0.13 sys=0.00, real=5.11 secs] 
2922.529: [GC[YG occupancy: 179266 K (249408 K)]2922.529: [Rescan (parallel) , 0.0985510 secs]2922.628: [weak refs processing, 0.0000150 secs]2922.628: [scrub string table, 0.0008750 secs] [1 CMS-remark: 183788K(554368K)] 363055K(803776K), 0.0995140 secs] [Times: user=0.39 sys=0.00, real=0.10 secs] 
2922.629: [CMS-concurrent-sweep-start]
2922.687: [CMS-concurrent-sweep: 0.059/0.059 secs] [Times: user=0.06 sys=0.00, real=0.05 secs] 
2922.687: [CMS-concurrent-reset-start]
2922.689: [CMS-concurrent-reset: 0.001/0.001 secs] [Times: user=0.00 sys=0.00, real=0.01 secs] 
2924.689: [GC [1 CMS-initial-mark: 183788K(554368K)] 363073K(803776K), 0.0633480 secs] [Times: user=0.06 sys=0.00, real=0.06 secs] 
2924.753: [CMS-concurrent-mark-start]
2924.981: [CMS-concurrent-mark: 0.228/0.228 secs] [Times: user=0.23 sys=0.00, real=0.23 secs] 
2924.981: [CMS-concurrent-preclean-start]
2924.982: [CMS-concurrent-preclean: 0.001/0.001 secs] [Times: user=0.00 sys=0.00, real=0.00 secs] 
2924.982: [CMS-concurrent-abortable-preclean-start]
 CMS: abort preclean due to time 2930.064: [CMS-concurrent-abortable-preclean: 0.074/5.081 secs] [Times: user=0.09 sys=0.01, real=5.08 secs] 
2930.064: [GC[YG occupancy: 179298 K (249408 K)]2930.064: [Rescan (parallel) , 0.1078610 secs]2930.172: [weak refs processing, 0.0000130 secs]2930.172: [scrub string table, 0.0008820 secs] [1 CMS-remark: 183788K(554368K)] 363087K(803776K), 0.1088260 secs] [Times: user=0.40 sys=0.00, real=0.11 secs] 
2930.173: [CMS-concurrent-sweep-start]
2930.241: [CMS-concurrent-sweep: 0.068/0.068 secs] [Times: user=0.07 sys=0.00, real=0.07 secs] 
2930.241: [CMS-concurrent-reset-start]
2930.242: [CMS-concurrent-reset: 0.001/0.001 secs] [Times: user=0.00 sys=0.00, real=0.00 secs] 
2932.243: [GC [1 CMS-initial-mark: 183788K(554368K)] 363089K(803776K), 0.0744410 secs] [Times: user=0.07 sys=0.00, real=0.07 secs] 
2932.317: [CMS-concurrent-mark-start]
2932.546: [CMS-concurrent-mark: 0.229/0.229 secs] [Times: user=0.23 sys=0.00, real=0.23 secs] 
2932.546: [CMS-concurrent-preclean-start]
2932.547: [CMS-concurrent-preclean: 0.001/0.001 secs] [Times: user=0.00 sys=0.00, real=0.00 secs] 
2932.547: [CMS-concurrent-abortable-preclean-start]
 CMS: abort preclean due to time 2937.629: [CMS-concurrent-abortable-preclean: 0.075/5.082 secs] [Times: user=0.09 sys=0.01, real=5.09 secs] 
2937.630: [GC[YG occupancy: 179324 K (249408 K)]2937.630: [Rescan (parallel) , 0.1083060 secs]2937.738: [weak refs processing, 0.0000110 secs]2937.738: [scrub string table, 0.0008730 secs] [1 CMS-remark: 183788K(554368K)] 363113K(803776K), 0.1092670 secs] [Times: user=0.42 sys=0.01, real=0.10 secs] 
2937.739: [CMS-concurrent-sweep-start]
2937.798: [CMS-concurrent-sweep: 0.058/0.058 secs] [Times: user=0.06 sys=0.00, real=0.06 secs] 
2937.798: [CMS-concurrent-reset-start]
2937.799: [CMS-concurrent-reset: 0.001/0.001 secs] [Times: user=0.00 sys=0.00, real=0.00 secs] 
2939.799: [GC [1 CMS-initial-mark: 183788K(554368K)] 363113K(803776K), 0.0585450 secs] [Times: user=0.06 sys=0.00, real=0.06 secs] 
2939.858: [CMS-concurrent-mark-start]
2940.086: [CMS-concurrent-mark: 0.228/0.228 secs] [Times: user=0.23 sys=0.00, real=0.23 secs] 
2940.086: [CMS-concurrent-preclean-start]
2940.087: [CMS-concurrent-preclean: 0.001/0.001 secs] [Times: user=0.00 sys=0.00, real=0.00 secs] 
2940.087: [CMS-concurrent-abortable-preclean-start]
 CMS: abort preclean due to time 2945.093: [CMS-concurrent-abortable-preclean: 0.099/5.006 secs] [Times: user=0.12 sys=0.00, real=5.01 secs] 
2945.094: [GC[YG occupancy: 179343 K (249408 K)]2945.094: [Rescan (parallel) , 0.1075700 secs]2945.201: [weak refs processing, 0.0000110 secs]2945.201: [scrub string table, 0.0009650 secs] [1 CMS-remark: 183788K(554368K)] 363132K(803776K), 0.1086400 secs] [Times: user=0.42 sys=0.00, real=0.11 secs] 
2945.203: [CMS-concurrent-sweep-start]
2945.260: [CMS-concurrent-sweep: 0.058/0.058 secs] [Times: user=0.06 sys=0.00, real=0.06 secs] 
2945.260: [CMS-concurrent-reset-start]
2945.262: [CMS-concurrent-reset: 0.001/0.001 secs] [Times: user=0.00 sys=0.00, real=0.00 secs] 
2947.262: [GC [1 CMS-initial-mark: 183788K(554368K)] 363144K(803776K), 0.0640490 secs] [Times: user=0.07 sys=0.00, real=0.06 secs] 
2947.326: [CMS-concurrent-mark-start]
2947.554: [CMS-concurrent-mark: 0.228/0.228 secs] [Times: user=0.22 sys=0.00, real=0.23 secs] 
2947.554: [CMS-concurrent-preclean-start]
2947.556: [CMS-concurrent-preclean: 0.001/0.001 secs] [Times: user=0.01 sys=0.00, real=0.00 secs] 
2947.556: [CMS-concurrent-abortable-preclean-start]
 CMS: abort preclean due to time 2952.597: [CMS-concurrent-abortable-preclean: 0.071/5.042 secs] [Times: user=0.09 sys=0.01, real=5.04 secs] 
2952.598: [GC[YG occupancy: 180010 K (249408 K)]2952.598: [Rescan (parallel) , 0.1081210 secs]2952.706: [weak refs processing, 0.0000120 secs]2952.706: [scrub string table, 0.0008810 secs] [1 CMS-remark: 183788K(554368K)] 363799K(803776K), 0.1090880 secs] [Times: user=0.42 sys=0.00, real=0.11 secs] 
2952.707: [CMS-concurrent-sweep-start]
2952.765: [CMS-concurrent-sweep: 0.058/0.058 secs] [Times: user=0.06 sys=0.00, real=0.06 secs] 
2952.765: [CMS-concurrent-reset-start]
2952.766: [CMS-concurrent-reset: 0.001/0.001 secs] [Times: user=0.00 sys=0.00, real=0.00 secs] 
2954.767: [GC [1 CMS-initial-mark: 183788K(554368K)] 363799K(803776K), 0.0594940 secs] [Times: user=0.06 sys=0.00, real=0.06 secs] 
2954.826: [CMS-concurrent-mark-start]
2955.060: [CMS-concurrent-mark: 0.234/0.234 secs] [Times: user=0.23 sys=0.00, real=0.24 secs] 
2955.061: [CMS-concurrent-preclean-start]
2955.062: [CMS-concurrent-preclean: 0.001/0.001 secs] [Times: user=0.00 sys=0.00, real=0.00 secs] 
2955.062: [CMS-concurrent-abortable-preclean-start]
 CMS: abort preclean due to time 2960.153: [CMS-concurrent-abortable-preclean: 0.084/5.092 secs] [Times: user=0.10 sys=0.00, real=5.09 secs] 
2960.154: [GC[YG occupancy: 180025 K (249408 K)]2960.154: [Rescan (parallel) , 0.1088060 secs]2960.263: [weak refs processing, 0.0000110 secs]2960.263: [scrub string table, 0.0008790 secs] [1 CMS-remark: 183788K(554368K)] 363814K(803776K), 0.1098160 secs] [Times: user=0.43 sys=0.00, real=0.11 secs] 
2960.264: [CMS-concurrent-sweep-start]
2960.322: [CMS-concurrent-sweep: 0.058/0.058 secs] [Times: user=0.06 sys=0.00, real=0.06 secs] 
2960.322: [CMS-concurrent-reset-start]
2960.323: [CMS-concurrent-reset: 0.001/0.001 secs] [Times: user=0.00 sys=0.00, real=0.00 secs] 
2962.324: [GC [1 CMS-initial-mark: 183788K(554368K)] 366577K(803776K), 0.0899300 secs] [Times: user=0.09 sys=0.00, real=0.09 secs] 
2962.414: [CMS-concurrent-mark-start]
2962.642: [CMS-concurrent-mark: 0.227/0.227 secs] [Times: user=0.23 sys=0.00, real=0.23 secs] 
2962.642: [CMS-concurrent-preclean-start]
2962.643: [CMS-concurrent-preclean: 0.001/0.001 secs] [Times: user=0.00 sys=0.00, real=0.00 secs] 
2962.643: [CMS-concurrent-abortable-preclean-start]
 CMS: abort preclean due to time 2967.743: [CMS-concurrent-abortable-preclean: 0.093/5.100 secs] [Times: user=0.12 sys=0.01, real=5.10 secs] 
2967.744: [GC[YG occupancy: 182852 K (249408 K)]2967.744: [Rescan (parallel) , 0.1036590 secs]2967.847: [weak refs processing, 0.0000110 secs]2967.847: [scrub string table, 0.0009930 secs] [1 CMS-remark: 183788K(554368K)] 366641K(803776K), 0.1047390 secs] [Times: user=0.42 sys=0.00, real=0.11 secs] 
2967.849: [CMS-concurrent-sweep-start]
2967.907: [CMS-concurrent-sweep: 0.059/0.059 secs] [Times: user=0.05 sys=0.00, real=0.05 secs] 
2967.907: [CMS-concurrent-reset-start]
2967.908: [CMS-concurrent-reset: 0.001/0.001 secs] [Times: user=0.01 sys=0.00, real=0.01 secs] 
2969.909: [GC [1 CMS-initial-mark: 183788K(554368K)] 366641K(803776K), 0.0756630 secs] [Times: user=0.08 sys=0.00, real=0.07 secs] 
2969.985: [CMS-concurrent-mark-start]
2970.214: [CMS-concurrent-mark: 0.228/0.228 secs] [Times: user=0.23 sys=0.00, real=0.23 secs] 
2970.214: [CMS-concurrent-preclean-start]
2970.215: [CMS-concurrent-preclean: 0.001/0.001 secs] [Times: user=0.00 sys=0.00, real=0.00 secs] 
2970.215: [CMS-concurrent-abortable-preclean-start]
 CMS: abort preclean due to time 2975.317: [CMS-concurrent-abortable-preclean: 0.109/5.102 secs] [Times: user=0.14 sys=0.00, real=5.10 secs] 
2975.317: [GC[YG occupancy: 183504 K (249408 K)]2975.317: [Rescan (parallel) , 0.1125110 secs]2975.430: [weak refs processing, 0.0000110 secs]2975.430: [scrub string table, 0.0008540 secs] [1 CMS-remark: 183788K(554368K)] 367293K(803776K), 0.1135000 secs] [Times: user=0.44 sys=0.00, real=0.12 secs] 
2975.431: [CMS-concurrent-sweep-start]
2975.500: [CMS-concurrent-sweep: 0.069/0.069 secs] [Times: user=0.07 sys=0.00, real=0.07 secs] 
2975.500: [CMS-concurrent-reset-start]
2975.502: [CMS-concurrent-reset: 0.002/0.002 secs] [Times: user=0.00 sys=0.00, real=0.00 secs] 
2977.503: [GC [1 CMS-initial-mark: 183788K(554368K)] 367305K(803776K), 0.0880860 secs] [Times: user=0.09 sys=0.00, real=0.09 secs] 
2977.591: [CMS-concurrent-mark-start]
2977.819: [CMS-concurrent-mark: 0.229/0.229 secs] [Times: user=0.22 sys=0.00, real=0.22 secs] 
2977.819: [CMS-concurrent-preclean-start]
2977.821: [CMS-concurrent-preclean: 0.001/0.001 secs] [Times: user=0.00 sys=0.00, real=0.01 secs] 
2977.821: [CMS-concurrent-abortable-preclean-start]
 CMS: abort preclean due to time 2982.836: [CMS-concurrent-abortable-preclean: 0.108/5.016 secs] [Times: user=0.14 sys=0.01, real=5.01 secs] 
2982.837: [GC[YG occupancy: 183529 K (249408 K)]2982.837: [Rescan (parallel) , 0.1126150 secs]2982.950: [weak refs processing, 0.0000120 secs]2982.950: [scrub string table, 0.0008530 secs] [1 CMS-remark: 183788K(554368K)] 367318K(803776K), 0.1135970 secs] [Times: user=0.44 sys=0.00, real=0.12 secs] 
2982.951: [CMS-concurrent-sweep-start]
2983.009: [CMS-concurrent-sweep: 0.058/0.058 secs] [Times: user=0.06 sys=0.00, real=0.06 secs] 
2983.009: [CMS-concurrent-reset-start]
2983.010: [CMS-concurrent-reset: 0.001/0.001 secs] [Times: user=0.00 sys=0.00, real=0.00 secs] 
2985.010: [GC [1 CMS-initial-mark: 183788K(554368K)] 367336K(803776K), 0.0707500 secs] [Times: user=0.08 sys=0.00, real=0.07 secs] 
2985.081: [CMS-concurrent-mark-start]
2985.308: [CMS-concurrent-mark: 0.227/0.227 secs] [Times: user=0.22 sys=0.00, real=0.23 secs] 
2985.308: [CMS-concurrent-preclean-start]
2985.309: [CMS-concurrent-preclean: 0.001/0.001 secs] [Times: user=0.00 sys=0.00, real=0.00 secs] 
2985.309: [CMS-concurrent-abortable-preclean-start]
 CMS: abort preclean due to time 2990.399: [CMS-concurrent-abortable-preclean: 0.081/5.090 secs] [Times: user=0.12 sys=0.00, real=5.08 secs] 
2990.400: [GC[YG occupancy: 183668 K (249408 K)]2990.400: [Rescan (parallel) , 0.1119590 secs]2990.512: [weak refs processing, 0.0000110 secs]2990.512: [scrub string table, 0.0009640 secs] [1 CMS-remark: 183788K(554368K)] 367457K(803776K), 0.1130490 secs] [Times: user=0.44 sys=0.00, real=0.11 secs] 
2990.513: [CMS-concurrent-sweep-start]
2990.570: [CMS-concurrent-sweep: 0.057/0.057 secs] [Times: user=0.06 sys=0.00, real=0.06 secs] 
2990.570: [CMS-concurrent-reset-start]
2990.571: [CMS-concurrent-reset: 0.001/0.001 secs] [Times: user=0.00 sys=0.00, real=0.00 secs] 
2992.572: [GC [1 CMS-initial-mark: 183788K(554368K)] 367457K(803776K), 0.0604430 secs] [Times: user=0.06 sys=0.00, real=0.06 secs] 
2992.632: [CMS-concurrent-mark-start]
2992.859: [CMS-concurrent-mark: 0.227/0.227 secs] [Times: user=0.22 sys=0.00, real=0.22 secs] 
2992.859: [CMS-concurrent-preclean-start]
2992.860: [CMS-concurrent-preclean: 0.001/0.001 secs] [Times: user=0.01 sys=0.00, real=0.01 secs] 
2992.860: [CMS-concurrent-abortable-preclean-start]
 CMS: abort preclean due to time 2997.955: [CMS-concurrent-abortable-preclean: 0.086/5.094 secs] [Times: user=0.10 sys=0.01, real=5.09 secs] 
2997.955: [GC[YG occupancy: 183691 K (249408 K)]2997.955: [Rescan (parallel) , 0.1024270 secs]2998.058: [weak refs processing, 0.0000230 secs]2998.058: [scrub string table, 0.0008730 secs] [1 CMS-remark: 183788K(554368K)] 367480K(803776K), 0.1034020 secs] [Times: user=0.40 sys=0.00, real=0.10 secs] 
2998.059: [CMS-concurrent-sweep-start]
2998.116: [CMS-concurrent-sweep: 0.057/0.057 secs] [Times: user=0.06 sys=0.00, real=0.06 secs] 
2998.116: [CMS-concurrent-reset-start]
2998.117: [CMS-concurrent-reset: 0.001/0.001 secs] [Times: user=0.00 sys=0.00, real=0.00 secs] 
3000.118: [GC [1 CMS-initial-mark: 183788K(554368K)] 367480K(803776K), 0.0663760 secs] [Times: user=0.07 sys=0.00, real=0.07 secs] 
3000.184: [CMS-concurrent-mark-start]
3000.411: [CMS-concurrent-mark: 0.227/0.227 secs] [Times: user=0.23 sys=0.00, real=0.23 secs] 
3000.411: [CMS-concurrent-preclean-start]
3000.412: [CMS-concurrent-preclean: 0.001/0.001 secs] [Times: user=0.00 sys=0.00, real=0.00 secs] 
3000.412: [CMS-concurrent-abortable-preclean-start]
 CMS: abort preclean due to time 3005.419: [CMS-concurrent-abortable-preclean: 0.099/5.007 secs] [Times: user=0.11 sys=0.02, real=5.00 secs] 
3005.419: [GC[YG occupancy: 183710 K (249408 K)]3005.419: [Rescan (parallel) , 0.1028080 secs]3005.522: [weak refs processing, 0.0000110 secs]3005.522: [scrub string table, 0.0008840 secs] [1 CMS-remark: 183788K(554368K)] 367498K(803776K), 0.1038090 secs] [Times: user=0.40 sys=0.00, real=0.11 secs] 
3005.523: [CMS-concurrent-sweep-start]
3005.580: [CMS-concurrent-sweep: 0.057/0.057 secs] [Times: user=0.06 sys=0.00, real=0.06 secs] 
3005.581: [CMS-concurrent-reset-start]
3005.582: [CMS-concurrent-reset: 0.001/0.001 secs] [Times: user=0.00 sys=0.00, real=0.00 secs] 
3007.582: [GC [1 CMS-initial-mark: 183788K(554368K)] 367511K(803776K), 0.0595900 secs] [Times: user=0.06 sys=0.00, real=0.06 secs] 
3007.642: [CMS-concurrent-mark-start]
3007.883: [CMS-concurrent-mark: 0.241/0.241 secs] [Times: user=0.24 sys=0.00, real=0.24 secs] 
3007.883: [CMS-concurrent-preclean-start]
3007.884: [CMS-concurrent-preclean: 0.001/0.001 secs] [Times: user=0.00 sys=0.00, real=0.00 secs] 
3007.884: [CMS-concurrent-abortable-preclean-start]
 CMS: abort preclean due to time 3012.983: [CMS-concurrent-abortable-preclean: 0.092/5.099 secs] [Times: user=0.12 sys=0.01, real=5.10 secs] 
3012.984: [GC[YG occupancy: 183736 K (249408 K)]3012.984: [Rescan (parallel) , 0.1077390 secs]3013.092: [weak refs processing, 0.0000160 secs]3013.092: [scrub string table, 0.0010270 secs] [1 CMS-remark: 183788K(554368K)] 367525K(803776K), 0.1088580 secs] [Times: user=0.40 sys=0.01, real=0.11 secs] 
3013.094: [CMS-concurrent-sweep-start]
3013.171: [CMS-concurrent-sweep: 0.078/0.078 secs] [Times: user=0.08 sys=0.00, real=0.08 secs] 
3013.171: [CMS-concurrent-reset-start]
3013.172: [CMS-concurrent-reset: 0.001/0.001 secs] [Times: user=0.00 sys=0.00, real=0.00 secs] 
3015.173: [GC [1 CMS-initial-mark: 183788K(554368K)] 367525K(803776K), 0.0658670 secs] [Times: user=0.06 sys=0.00, real=0.06 secs] 
3015.239: [CMS-concurrent-mark-start]
3015.467: [CMS-concurrent-mark: 0.228/0.228 secs] [Times: user=0.23 sys=0.00, real=0.23 secs] 
3015.467: [CMS-concurrent-preclean-start]
3015.469: [CMS-concurrent-preclean: 0.001/0.001 secs] [Times: user=0.01 sys=0.00, real=0.01 secs] 
3015.469: [CMS-concurrent-abortable-preclean-start]
 CMS: abort preclean due to time 3020.564: [CMS-concurrent-abortable-preclean: 0.081/5.096 secs] [Times: user=0.10 sys=0.00, real=5.09 secs] 
3020.565: [GC[YG occupancy: 184388 K (249408 K)]3020.565: [Rescan (parallel) , 0.1014970 secs]3020.666: [weak refs processing, 0.0000110 secs]3020.666: [scrub string table, 0.0009220 secs] [1 CMS-remark: 183788K(554368K)] 368177K(803776K), 0.1025030 secs] [Times: user=0.36 sys=0.01, real=0.10 secs] 
3020.667: [CMS-concurrent-sweep-start]
3020.726: [CMS-concurrent-sweep: 0.058/0.058 secs] [Times: user=0.06 sys=0.00, real=0.06 secs] 
3020.726: [CMS-concurrent-reset-start]
3020.727: [CMS-concurrent-reset: 0.001/0.001 secs] [Times: user=0.00 sys=0.00, real=0.00 secs] 
3022.727: [GC [1 CMS-initial-mark: 183788K(554368K)] 371066K(803776K), 0.0665890 secs] [Times: user=0.06 sys=0.00, real=0.07 secs] 
3022.794: [CMS-concurrent-mark-start]
3023.023: [CMS-concurrent-mark: 0.229/0.229 secs] [Times: user=0.23 sys=0.00, real=0.23 secs] 
3023.023: [CMS-concurrent-preclean-start]
3023.024: [CMS-concurrent-preclean: 0.001/0.001 secs] [Times: user=0.01 sys=0.00, real=0.00 secs] 
3023.024: [CMS-concurrent-abortable-preclean-start]
 CMS: abort preclean due to time 3028.112: [CMS-concurrent-abortable-preclean: 0.082/5.088 secs] [Times: user=0.09 sys=0.01, real=5.09 secs] 
3028.113: [GC[YG occupancy: 187396 K (249408 K)]3028.113: [Rescan (parallel) , 0.0985350 secs]3028.211: [weak refs processing, 0.0000190 secs]3028.211: [scrub string table, 0.0009340 secs] [1 CMS-remark: 183788K(554368K)] 371185K(803776K), 0.0995740 secs] [Times: user=0.36 sys=0.00, real=0.10 secs] 
3028.213: [CMS-concurrent-sweep-start]
3028.270: [CMS-concurrent-sweep: 0.057/0.057 secs] [Times: user=0.06 sys=0.00, real=0.06 secs] 
3028.270: [CMS-concurrent-reset-start]
3028.271: [CMS-concurrent-reset: 0.001/0.001 secs] [Times: user=0.00 sys=0.00, real=0.00 secs] 
3030.272: [GC [1 CMS-initial-mark: 183788K(554368K)] 371185K(803776K), 0.0619780 secs] [Times: user=0.06 sys=0.00, real=0.06 secs] 
3030.334: [CMS-concurrent-mark-start]
3030.571: [CMS-concurrent-mark: 0.237/0.237 secs] [Times: user=0.24 sys=0.00, real=0.24 secs] 
3030.571: [CMS-concurrent-preclean-start]
3030.572: [CMS-concurrent-preclean: 0.001/0.001 secs] [Times: user=0.00 sys=0.00, real=0.00 secs] 
3030.572: [CMS-concurrent-abortable-preclean-start]
 CMS: abort preclean due to time 3035.670: [CMS-concurrent-abortable-preclean: 0.091/5.097 secs] [Times: user=0.11 sys=0.01, real=5.10 secs] 
3035.670: [GC[YG occupancy: 187427 K (249408 K)]3035.670: [Rescan (parallel) , 0.1046030 secs]3035.775: [weak refs processing, 0.0000110 secs]3035.775: [scrub string table, 0.0009780 secs] [1 CMS-remark: 183788K(554368K)] 371216K(803776K), 0.1056630 secs] [Times: user=0.40 sys=0.00, real=0.10 secs] 
3035.776: [CMS-concurrent-sweep-start]
3035.837: [CMS-concurrent-sweep: 0.061/0.061 secs] [Times: user=0.06 sys=0.00, real=0.06 secs] 
3035.837: [CMS-concurrent-reset-start]
3035.838: [CMS-concurrent-reset: 0.001/0.001 secs] [Times: user=0.00 sys=0.00, real=0.00 secs] 
3037.839: [GC [1 CMS-initial-mark: 183788K(554368K)] 371222K(803776K), 0.0642380 secs] [Times: user=0.07 sys=0.00, real=0.07 secs] 
3037.903: [CMS-concurrent-mark-start]
3038.144: [CMS-concurrent-mark: 0.241/0.241 secs] [Times: user=0.24 sys=0.00, real=0.24 secs] 
3038.144: [CMS-concurrent-preclean-start]
3038.145: [CMS-concurrent-preclean: 0.001/0.001 secs] [Times: user=0.00 sys=0.00, real=0.00 secs] 
3038.145: [CMS-concurrent-abortable-preclean-start]
 CMS: abort preclean due to time 3043.232: [CMS-concurrent-abortable-preclean: 0.080/5.087 secs] [Times: user=0.10 sys=0.00, real=5.09 secs] 
3043.233: [GC[YG occupancy: 187474 K (249408 K)]3043.233: [Rescan (parallel) , 0.1089980 secs]3043.342: [weak refs processing, 0.0000200 secs]3043.342: [scrub string table, 0.0008920 secs] [1 CMS-remark: 183788K(554368K)] 371263K(803776K), 0.1100200 secs] [Times: user=0.43 sys=0.00, real=0.11 secs] 
3043.343: [CMS-concurrent-sweep-start]
3043.400: [CMS-concurrent-sweep: 0.057/0.057 secs] [Times: user=0.06 sys=0.00, real=0.06 secs] 
3043.400: [CMS-concurrent-reset-start]
3043.401: [CMS-concurrent-reset: 0.001/0.001 secs] [Times: user=0.00 sys=0.00, real=0.00 secs] 
3045.402: [GC [1 CMS-initial-mark: 183788K(554368K)] 371292K(803776K), 0.0885190 secs] [Times: user=0.09 sys=0.00, real=0.09 secs] 
3045.490: [CMS-concurrent-mark-start]
3045.731: [CMS-concurrent-mark: 0.240/0.240 secs] [Times: user=0.24 sys=0.00, real=0.24 secs] 
3045.731: [CMS-concurrent-preclean-start]
3045.732: [CMS-concurrent-preclean: 0.001/0.001 secs] [Times: user=0.00 sys=0.00, real=0.00 secs] 
3045.732: [CMS-concurrent-abortable-preclean-start]
 CMS: abort preclean due to time 3050.826: [CMS-concurrent-abortable-preclean: 0.088/5.094 secs] [Times: user=0.10 sys=0.02, real=5.09 secs] 
3050.826: [GC[YG occupancy: 187517 K (249408 K)]3050.826: [Rescan (parallel) , 0.1122730 secs]3050.938: [weak refs processing, 0.0000110 secs]3050.938: [scrub string table, 0.0008830 secs] [1 CMS-remark: 183788K(554368K)] 371306K(803776K), 0.1132350 secs] [Times: user=0.43 sys=0.01, real=0.11 secs] 
3050.940: [CMS-concurrent-sweep-start]
3051.000: [CMS-concurrent-sweep: 0.061/0.061 secs] [Times: user=0.06 sys=0.00, real=0.06 secs] 
3051.001: [CMS-concurrent-reset-start]
3051.002: [CMS-concurrent-reset: 0.001/0.001 secs] [Times: user=0.00 sys=0.00, real=0.00 secs] 
3052.748: [GC [1 CMS-initial-mark: 183788K(554368K)] 371956K(803776K), 0.0766910 secs] [Times: user=0.08 sys=0.00, real=0.07 secs] 
3052.825: [CMS-concurrent-mark-start]
3053.054: [CMS-concurrent-mark: 0.229/0.229 secs] [Times: user=0.23 sys=0.00, real=0.23 secs] 
3053.054: [CMS-concurrent-preclean-start]
3053.055: [CMS-concurrent-preclean: 0.001/0.001 secs] [Times: user=0.00 sys=0.00, real=0.00 secs] 
3053.055: [CMS-concurrent-abortable-preclean-start]
 CMS: abort preclean due to time 3058.156: [CMS-concurrent-abortable-preclean: 0.094/5.101 secs] [Times: user=0.13 sys=0.00, real=5.10 secs] 
3058.157: [GC[YG occupancy: 188217 K (249408 K)]3058.157: [Rescan (parallel) , 0.1076940 secs]3058.264: [weak refs processing, 0.0000120 secs]3058.264: [scrub string table, 0.0008550 secs] [1 CMS-remark: 183788K(554368K)] 372006K(803776K), 0.1086400 secs] [Times: user=0.40 sys=0.00, real=0.11 secs] 
3058.265: [CMS-concurrent-sweep-start]
3058.323: [CMS-concurrent-sweep: 0.058/0.058 secs] [Times: user=0.06 sys=0.00, real=0.06 secs] 
3058.323: [CMS-concurrent-reset-start]
3058.325: [CMS-concurrent-reset: 0.001/0.001 secs] [Times: user=0.00 sys=0.00, real=0.00 secs] 
3060.325: [GC [1 CMS-initial-mark: 183788K(554368K)] 372010K(803776K), 0.0911240 secs] [Times: user=0.09 sys=0.00, real=0.09 secs] 
3060.417: [CMS-concurrent-mark-start]
3060.644: [CMS-concurrent-mark: 0.228/0.228 secs] [Times: user=0.23 sys=0.00, real=0.23 secs] 
3060.644: [CMS-concurrent-preclean-start]
3060.645: [CMS-concurrent-preclean: 0.001/0.001 secs] [Times: user=0.00 sys=0.00, real=0.00 secs] 
3060.645: [CMS-concurrent-abortable-preclean-start]
 CMS: abort preclean due to time 3065.743: [CMS-concurrent-abortable-preclean: 0.090/5.097 secs] [Times: user=0.11 sys=0.01, real=5.10 secs] 
3065.744: [GC[YG occupancy: 188246 K (249408 K)]3065.744: [Rescan (parallel) , 0.1102570 secs]3065.854: [weak refs processing, 0.0000110 secs]3065.854: [scrub string table, 0.0009590 secs] [1 CMS-remark: 183788K(554368K)] 372035K(803776K), 0.1113020 secs] [Times: user=0.41 sys=0.01, real=0.11 secs] 
3065.855: [CMS-concurrent-sweep-start]
3065.913: [CMS-concurrent-sweep: 0.058/0.058 secs] [Times: user=0.06 sys=0.00, real=0.06 secs] 
3065.913: [CMS-concurrent-reset-start]
3065.914: [CMS-concurrent-reset: 0.001/0.001 secs] [Times: user=0.00 sys=0.00, real=0.00 secs] 
3067.915: [GC [1 CMS-initial-mark: 183788K(554368K)] 372041K(803776K), 0.0621840 secs] [Times: user=0.06 sys=0.00, real=0.06 secs] 
3067.977: [CMS-concurrent-mark-start]
3068.216: [CMS-concurrent-mark: 0.238/0.238 secs] [Times: user=0.24 sys=0.00, real=0.24 secs] 
3068.216: [CMS-concurrent-preclean-start]
3068.217: [CMS-concurrent-preclean: 0.001/0.001 secs] [Times: user=0.00 sys=0.00, real=0.00 secs] 
3068.217: [CMS-concurrent-abortable-preclean-start]
 CMS: abort preclean due to time 3073.314: [CMS-concurrent-abortable-preclean: 0.091/5.098 secs] [Times: user=0.10 sys=0.02, real=5.10 secs] 
3073.315: [GC[YG occupancy: 188260 K (249408 K)]3073.315: [Rescan (parallel) , 0.1089520 secs]3073.424: [weak refs processing, 0.0000100 secs]3073.424: [scrub string table, 0.0008750 secs] [1 CMS-remark: 183788K(554368K)] 372049K(803776K), 0.1099210 secs] [Times: user=0.43 sys=0.00, real=0.11 secs] 
3073.425: [CMS-concurrent-sweep-start]
3073.482: [CMS-concurrent-sweep: 0.057/0.057 secs] [Times: user=0.06 sys=0.00, real=0.06 secs] 
3073.482: [CMS-concurrent-reset-start]
3073.483: [CMS-concurrent-reset: 0.001/0.001 secs] [Times: user=0.00 sys=0.00, real=0.00 secs] 
3074.011: [GC [1 CMS-initial-mark: 183788K(554368K)] 372686K(803776K), 0.0624850 secs] [Times: user=0.06 sys=0.00, real=0.06 secs] 
3074.073: [CMS-concurrent-mark-start]
3074.318: [CMS-concurrent-mark: 0.245/0.245 secs] [Times: user=0.25 sys=0.00, real=0.24 secs] 
3074.318: [CMS-concurrent-preclean-start]
3074.320: [CMS-concurrent-preclean: 0.002/0.002 secs] [Times: user=0.00 sys=0.00, real=0.01 secs] 
3074.320: [CMS-concurrent-abortable-preclean-start]
 CMS: abort preclean due to time 3079.323: [CMS-concurrent-abortable-preclean: 0.096/5.003 secs] [Times: user=0.12 sys=0.01, real=5.00 secs] 
3079.324: [GC[YG occupancy: 188918 K (249408 K)]3079.324: [Rescan (parallel) , 0.1085010 secs]3079.432: [weak refs processing, 0.0000110 secs]3079.432: [scrub string table, 0.0008960 secs] [1 CMS-remark: 183788K(554368K)] 372707K(803776K), 0.1094730 secs] [Times: user=0.41 sys=0.00, real=0.11 secs] 
3079.434: [CMS-concurrent-sweep-start]
3079.491: [CMS-concurrent-sweep: 0.058/0.058 secs] [Times: user=0.06 sys=0.00, real=0.06 secs] 
3079.491: [CMS-concurrent-reset-start]
3079.493: [CMS-concurrent-reset: 0.001/0.001 secs] [Times: user=0.00 sys=0.00, real=0.00 secs] 
3081.493: [GC [1 CMS-initial-mark: 183788K(554368K)] 375596K(803776K), 0.0618810 secs] [Times: user=0.06 sys=0.00, real=0.06 secs] 
3081.555: [CMS-concurrent-mark-start]
3081.781: [CMS-concurrent-mark: 0.226/0.226 secs] [Times: user=0.23 sys=0.00, real=0.23 secs] 
3081.781: [CMS-concurrent-preclean-start]
3081.782: [CMS-concurrent-preclean: 0.001/0.001 secs] [Times: user=0.00 sys=0.00, real=0.00 secs] 
3081.782: [CMS-concurrent-abortable-preclean-start]
 CMS: abort preclean due to time 3086.883: [CMS-concurrent-abortable-preclean: 0.093/5.101 secs] [Times: user=0.10 sys=0.02, real=5.10 secs] 
3086.884: [GC[YG occupancy: 191851 K (249408 K)]3086.884: [Rescan (parallel) , 0.1065630 secs]3086.991: [weak refs processing, 0.0000120 secs]3086.991: [scrub string table, 0.0008830 secs] [1 CMS-remark: 183788K(554368K)] 375640K(803776K), 0.1075360 secs] [Times: user=0.42 sys=0.01, real=0.11 secs] 
3086.992: [CMS-concurrent-sweep-start]
3087.050: [CMS-concurrent-sweep: 0.058/0.058 secs] [Times: user=0.05 sys=0.00, real=0.06 secs] 
3087.050: [CMS-concurrent-reset-start]
3087.051: [CMS-concurrent-reset: 0.001/0.001 secs] [Times: user=0.00 sys=0.00, real=0.00 secs] 
3089.052: [GC [1 CMS-initial-mark: 183788K(554368K)] 375640K(803776K), 0.0628440 secs] [Times: user=0.06 sys=0.00, real=0.06 secs] 
3089.115: [CMS-concurrent-mark-start]
3089.343: [CMS-concurrent-mark: 0.229/0.229 secs] [Times: user=0.23 sys=0.00, real=0.23 secs] 
3089.343: [CMS-concurrent-preclean-start]
3089.344: [CMS-concurrent-preclean: 0.001/0.001 secs] [Times: user=0.00 sys=0.00, real=0.00 secs] 
3089.344: [CMS-concurrent-abortable-preclean-start]
 CMS: abort preclean due to time 3094.436: [CMS-concurrent-abortable-preclean: 0.084/5.092 secs] [Times: user=0.10 sys=0.01, real=5.09 secs] 
3094.437: [GC[YG occupancy: 191856 K (249408 K)]3094.437: [Rescan (parallel) , 0.1177310 secs]3094.555: [weak refs processing, 0.0000190 secs]3094.555: [scrub string table, 0.0012520 secs] [1 CMS-remark: 183788K(554368K)] 375645K(803776K), 0.1191440 secs] [Times: user=0.43 sys=0.00, real=0.12 secs] 
3094.556: [CMS-concurrent-sweep-start]
3094.629: [CMS-concurrent-sweep: 0.073/0.073 secs] [Times: user=0.08 sys=0.00, real=0.08 secs] 
3094.629: [CMS-concurrent-reset-start]
3094.630: [CMS-concurrent-reset: 0.001/0.001 secs] [Times: user=0.00 sys=0.00, real=0.00 secs] 
3096.630: [GC [1 CMS-initial-mark: 183788K(554368K)] 375657K(803776K), 0.0664850 secs] [Times: user=0.07 sys=0.00, real=0.06 secs] 
3096.697: [CMS-concurrent-mark-start]
3096.951: [CMS-concurrent-mark: 0.254/0.254 secs] [Times: user=0.26 sys=0.00, real=0.26 secs] 
3096.951: [CMS-concurrent-preclean-start]
3096.952: [CMS-concurrent-preclean: 0.001/0.001 secs] [Times: user=0.00 sys=0.00, real=0.00 secs] 
3096.952: [CMS-concurrent-abortable-preclean-start]
 CMS: abort preclean due to time 3102.029: [CMS-concurrent-abortable-preclean: 0.070/5.077 secs] [Times: user=0.08 sys=0.01, real=5.08 secs] 
3102.029: [GC[YG occupancy: 191875 K (249408 K)]3102.029: [Rescan (parallel) , 0.1165320 secs]3102.146: [weak refs processing, 0.0000110 secs]3102.146: [scrub string table, 0.0008710 secs] [1 CMS-remark: 183788K(554368K)] 375664K(803776K), 0.1174980 secs] [Times: user=0.42 sys=0.01, real=0.11 secs] 
3102.147: [CMS-concurrent-sweep-start]
3102.226: [CMS-concurrent-sweep: 0.080/0.080 secs] [Times: user=0.08 sys=0.00, real=0.08 secs] 
3102.226: [CMS-concurrent-reset-start]
3102.228: [CMS-concurrent-reset: 0.001/0.001 secs] [Times: user=0.00 sys=0.00, real=0.01 secs] 
3104.228: [GC [1 CMS-initial-mark: 183788K(554368K)] 375682K(803776K), 0.0700630 secs] [Times: user=0.07 sys=0.00, real=0.06 secs] 
3104.298: [CMS-concurrent-mark-start]
3104.525: [CMS-concurrent-mark: 0.226/0.226 secs] [Times: user=0.22 sys=0.00, real=0.23 secs] 
3104.525: [CMS-concurrent-preclean-start]
3104.526: [CMS-concurrent-preclean: 0.001/0.001 secs] [Times: user=0.01 sys=0.00, real=0.00 secs] 
3104.526: [CMS-concurrent-abortable-preclean-start]
 CMS: abort preclean due to time 3109.622: [CMS-concurrent-abortable-preclean: 0.090/5.096 secs] [Times: user=0.11 sys=0.00, real=5.10 secs] 
3109.623: [GC[YG occupancy: 191921 K (249408 K)]3109.623: [Rescan (parallel) , 0.1096960 secs]3109.732: [weak refs processing, 0.0000110 secs]3109.732: [scrub string table, 0.0008830 secs] [1 CMS-remark: 183788K(554368K)] 375710K(803776K), 0.1106610 secs] [Times: user=0.41 sys=0.01, real=0.11 secs] 
3109.734: [CMS-concurrent-sweep-start]
3109.795: [CMS-concurrent-sweep: 0.062/0.062 secs] [Times: user=0.06 sys=0.00, real=0.06 secs] 
3109.795: [CMS-concurrent-reset-start]
3109.797: [CMS-concurrent-reset: 0.001/0.001 secs] [Times: user=0.00 sys=0.00, real=0.00 secs] 
3111.797: [GC [1 CMS-initial-mark: 183788K(554368K)] 375723K(803776K), 0.0748950 secs] [Times: user=0.08 sys=0.00, real=0.08 secs] 
3111.872: [CMS-concurrent-mark-start]
3112.116: [CMS-concurrent-mark: 0.244/0.244 secs] [Times: user=0.24 sys=0.00, real=0.24 secs] 
3112.116: [CMS-concurrent-preclean-start]
3112.117: [CMS-concurrent-preclean: 0.001/0.001 secs] [Times: user=0.00 sys=0.00, real=0.00 secs] 
3112.117: [CMS-concurrent-abortable-preclean-start]
 CMS: abort preclean due to time 3117.202: [CMS-concurrent-abortable-preclean: 0.078/5.084 secs] [Times: user=0.10 sys=0.01, real=5.09 secs] 
3117.202: [GC[YG occupancy: 191942 K (249408 K)]3117.202: [Rescan (parallel) , 0.1156200 secs]3117.318: [weak refs processing, 0.0000110 secs]3117.318: [scrub string table, 0.0009400 secs] [1 CMS-remark: 183788K(554368K)] 375731K(803776K), 0.1166580 secs] [Times: user=0.45 sys=0.00, real=0.11 secs] 
3117.319: [CMS-concurrent-sweep-start]
3117.378: [CMS-concurrent-sweep: 0.059/0.059 secs] [Times: user=0.06 sys=0.00, real=0.06 secs] 
3117.378: [CMS-concurrent-reset-start]
3117.379: [CMS-concurrent-reset: 0.001/0.001 secs] [Times: user=0.00 sys=0.00, real=0.00 secs] 
3119.380: [GC [1 CMS-initial-mark: 183788K(554368K)] 375731K(803776K), 0.0617600 secs] [Times: user=0.06 sys=0.00, real=0.06 secs] 
3119.442: [CMS-concurrent-mark-start]
3119.690: [CMS-concurrent-mark: 0.249/0.249 secs] [Times: user=0.25 sys=0.00, real=0.25 secs] 
3119.691: [CMS-concurrent-preclean-start]
3119.694: [CMS-concurrent-preclean: 0.003/0.003 secs] [Times: user=0.01 sys=0.00, real=0.00 secs] 
3119.694: [CMS-concurrent-abortable-preclean-start]
 CMS: abort preclean due to time 3124.775: [CMS-concurrent-abortable-preclean: 0.080/5.081 secs] [Times: user=0.10 sys=0.01, real=5.08 secs] 
3124.776: [GC[YG occupancy: 193245 K (249408 K)]3124.776: [Rescan (parallel) , 0.1895560 secs]3124.965: [weak refs processing, 0.0000160 secs]3124.965: [scrub string table, 0.0012530 secs] [1 CMS-remark: 183788K(554368K)] 377034K(803776K), 0.1909340 secs] [Times: user=0.47 sys=0.01, real=0.19 secs] 
3124.967: [CMS-concurrent-sweep-start]
3125.042: [CMS-concurrent-sweep: 0.075/0.075 secs] [Times: user=0.08 sys=0.00, real=0.08 secs] 
3125.042: [CMS-concurrent-reset-start]
3125.043: [CMS-concurrent-reset: 0.001/0.001 secs] [Times: user=0.00 sys=0.00, real=0.00 secs] 
3125.755: [GC [1 CMS-initial-mark: 183788K(554368K)] 377040K(803776K), 0.0690640 secs] [Times: user=0.07 sys=0.00, real=0.07 secs] 
3125.825: [CMS-concurrent-mark-start]
3126.178: [CMS-concurrent-mark: 0.353/0.353 secs] [Times: user=0.33 sys=0.00, real=0.35 secs] 
3126.178: [CMS-concurrent-preclean-start]
3126.180: [CMS-concurrent-preclean: 0.002/0.002 secs] [Times: user=0.00 sys=0.00, real=0.01 secs] 
3126.180: [CMS-concurrent-abortable-preclean-start]
 CMS: abort preclean due to time 3131.264: [CMS-concurrent-abortable-preclean: 0.091/5.084 secs] [Times: user=0.14 sys=0.00, real=5.08 secs] 
3131.265: [GC[YG occupancy: 194532 K (249408 K)]3131.265: [Rescan (parallel) , 0.1663480 secs]3131.431: [weak refs processing, 0.0000200 secs]3131.431: [scrub string table, 0.0012260 secs] [1 CMS-remark: 183788K(554368K)] 378321K(803776K), 0.1676860 secs] [Times: user=0.37 sys=0.01, real=0.17 secs] 
3131.432: [CMS-concurrent-sweep-start]
3131.502: [CMS-concurrent-sweep: 0.070/0.070 secs] [Times: user=0.07 sys=0.00, real=0.07 secs] 
3131.502: [CMS-concurrent-reset-start]
3131.503: [CMS-concurrent-reset: 0.001/0.001 secs] [Times: user=0.00 sys=0.00, real=0.00 secs] 
3132.171: [GC [1 CMS-initial-mark: 183788K(554368K)] 378321K(803776K), 0.0988650 secs] [Times: user=0.09 sys=0.00, real=0.10 secs] 
3132.270: [CMS-concurrent-mark-start]
3132.587: [CMS-concurrent-mark: 0.317/0.317 secs] [Times: user=0.31 sys=0.00, real=0.31 secs] 
3132.587: [CMS-concurrent-preclean-start]
3132.589: [CMS-concurrent-preclean: 0.002/0.002 secs] [Times: user=0.01 sys=0.00, real=0.01 secs] 
3132.590: [CMS-concurrent-abortable-preclean-start]
 CMS: abort preclean due to time 3137.655: [CMS-concurrent-abortable-preclean: 0.082/5.065 secs] [Times: user=0.11 sys=0.02, real=5.06 secs] 
3137.655: [GC[YG occupancy: 195185 K (249408 K)]3137.655: [Rescan (parallel) , 0.2571340 secs]3137.913: [weak refs processing, 0.0000170 secs]3137.913: [scrub string table, 0.0010400 secs] [1 CMS-remark: 183788K(554368K)] 378973K(803776K), 0.2582780 secs] [Times: user=0.32 sys=0.00, real=0.26 secs] 
3137.914: [CMS-concurrent-sweep-start]
3138.017: [CMS-concurrent-sweep: 0.104/0.104 secs] [Times: user=0.09 sys=0.00, real=0.10 secs] 
3138.018: [CMS-concurrent-reset-start]
3138.019: [CMS-concurrent-reset: 0.001/0.001 secs] [Times: user=0.00 sys=0.00, real=0.00 secs] 
3140.020: [GC [1 CMS-initial-mark: 183788K(554368K)] 378980K(803776K), 0.1184740 secs] [Times: user=0.11 sys=0.01, real=0.12 secs] 
3140.138: [CMS-concurrent-mark-start]
3140.625: [CMS-concurrent-mark: 0.487/0.487 secs] [Times: user=0.46 sys=0.00, real=0.49 secs] 
3140.625: [CMS-concurrent-preclean-start]
3140.627: [CMS-concurrent-preclean: 0.002/0.002 secs] [Times: user=0.00 sys=0.00, real=0.00 secs] 
3140.627: [CMS-concurrent-abortable-preclean-start]
 CMS: abort preclean due to time 3145.714: [CMS-concurrent-abortable-preclean: 0.080/5.087 secs] [Times: user=0.13 sys=0.00, real=5.09 secs] 
3145.714: [GC[YG occupancy: 197980 K (249408 K)]3145.714: [Rescan (parallel) , 0.1147090 secs]3145.829: [weak refs processing, 0.0000110 secs]3145.829: [scrub string table, 0.0009310 secs] [1 CMS-remark: 183788K(554368K)] 381769K(803776K), 0.1157230 secs] [Times: user=0.43 sys=0.01, real=0.12 secs] 
3145.830: [CMS-concurrent-sweep-start]
3145.896: [CMS-concurrent-sweep: 0.066/0.066 secs] [Times: user=0.06 sys=0.00, real=0.06 secs] 
3145.896: [CMS-concurrent-reset-start]
3145.897: [CMS-concurrent-reset: 0.001/0.001 secs] [Times: user=0.00 sys=0.00, real=0.00 secs] 
3147.898: [GC [1 CMS-initial-mark: 183788K(554368K)] 381769K(803776K), 0.0645980 secs] [Times: user=0.06 sys=0.00, real=0.07 secs] 
3147.963: [CMS-concurrent-mark-start]
3148.195: [CMS-concurrent-mark: 0.232/0.232 secs] [Times: user=0.23 sys=0.00, real=0.23 secs] 
3148.195: [CMS-concurrent-preclean-start]
3148.196: [CMS-concurrent-preclean: 0.001/0.001 secs] [Times: user=0.01 sys=0.00, real=0.00 secs] 
3148.196: [CMS-concurrent-abortable-preclean-start]
 CMS: abort preclean due to time 3153.215: [CMS-concurrent-abortable-preclean: 0.085/5.019 secs] [Times: user=0.11 sys=0.00, real=5.02 secs] 
3153.216: [GC[YG occupancy: 198139 K (249408 K)]3153.216: [Rescan (parallel) , 0.1212970 secs]3153.337: [weak refs processing, 0.0000110 secs]3153.337: [scrub string table, 0.0009300 secs] [1 CMS-remark: 183788K(554368K)] 381928K(803776K), 0.1223580 secs] [Times: user=0.47 sys=0.01, real=0.12 secs] 
3153.338: [CMS-concurrent-sweep-start]
3153.399: [CMS-concurrent-sweep: 0.060/0.060 secs] [Times: user=0.06 sys=0.00, real=0.06 secs] 
3153.399: [CMS-concurrent-reset-start]
3153.400: [CMS-concurrent-reset: 0.001/0.001 secs] [Times: user=0.00 sys=0.00, real=0.01 secs] 
3155.400: [GC [1 CMS-initial-mark: 183788K(554368K)] 381928K(803776K), 0.0645420 secs] [Times: user=0.06 sys=0.00, real=0.06 secs] 
3155.465: [CMS-concurrent-mark-start]
3155.693: [CMS-concurrent-mark: 0.228/0.228 secs] [Times: user=0.24 sys=0.00, real=0.23 secs] 
3155.693: [CMS-concurrent-preclean-start]
3155.694: [CMS-concurrent-preclean: 0.001/0.001 secs] [Times: user=0.00 sys=0.00, real=0.00 secs] 
3155.694: [CMS-concurrent-abortable-preclean-start]
 CMS: abort preclean due to time 3160.767: [CMS-concurrent-abortable-preclean: 0.067/5.073 secs] [Times: user=0.08 sys=0.00, real=5.07 secs] 
3160.768: [GC[YG occupancy: 198158 K (249408 K)]3160.768: [Rescan (parallel) , 0.1140050 secs]3160.882: [weak refs processing, 0.0000100 secs]3160.882: [scrub string table, 0.0008490 secs] [1 CMS-remark: 183788K(554368K)] 381947K(803776K), 0.1149540 secs] [Times: user=0.44 sys=0.00, real=0.11 secs] 
3160.883: [CMS-concurrent-sweep-start]
3160.947: [CMS-concurrent-sweep: 0.064/0.064 secs] [Times: user=0.07 sys=0.00, real=0.06 secs] 
3160.948: [CMS-concurrent-reset-start]
3160.949: [CMS-concurrent-reset: 0.002/0.002 secs] [Times: user=0.00 sys=0.00, real=0.00 secs] 
3161.538: [GC [1 CMS-initial-mark: 183788K(554368K)] 382588K(803776K), 0.0674790 secs] [Times: user=0.07 sys=0.00, real=0.07 secs] 
3161.605: [CMS-concurrent-mark-start]
3161.847: [CMS-concurrent-mark: 0.241/0.241 secs] [Times: user=0.24 sys=0.00, real=0.24 secs] 
3161.847: [CMS-concurrent-preclean-start]
3161.848: [CMS-concurrent-preclean: 0.001/0.001 secs] [Times: user=0.00 sys=0.00, real=0.01 secs] 
3161.848: [CMS-concurrent-abortable-preclean-start]
 CMS: abort preclean due to time 3166.928: [CMS-concurrent-abortable-preclean: 0.073/5.080 secs] [Times: user=0.09 sys=0.00, real=5.08 secs] 
3166.928: [GC[YG occupancy: 198832 K (249408 K)]3166.928: [Rescan (parallel) , 0.1121200 secs]3167.040: [weak refs processing, 0.0000120 secs]3167.040: [scrub string table, 0.0008760 secs] [1 CMS-remark: 183788K(554368K)] 382620K(803776K), 0.1131060 secs] [Times: user=0.44 sys=0.00, real=0.11 secs] 
3167.041: [CMS-concurrent-sweep-start]
3167.103: [CMS-concurrent-sweep: 0.061/0.061 secs] [Times: user=0.06 sys=0.00, real=0.06 secs] 
3167.103: [CMS-concurrent-reset-start]
3167.104: [CMS-concurrent-reset: 0.001/0.001 secs] [Times: user=0.00 sys=0.00, real=0.00 secs] 
3169.074: [GC [1 CMS-initial-mark: 183788K(554368K)] 383272K(803776K), 0.0710520 secs] [Times: user=0.07 sys=0.00, real=0.07 secs] 
3169.146: [CMS-concurrent-mark-start]
3169.373: [CMS-concurrent-mark: 0.227/0.227 secs] [Times: user=0.23 sys=0.00, real=0.23 secs] 
3169.373: [CMS-concurrent-preclean-start]
3169.374: [CMS-concurrent-preclean: 0.001/0.001 secs] [Times: user=0.00 sys=0.00, real=0.00 secs] 
3169.374: [CMS-concurrent-abortable-preclean-start]
 CMS: abort preclean due to time 3174.471: [CMS-concurrent-abortable-preclean: 0.090/5.097 secs] [Times: user=0.12 sys=0.01, real=5.10 secs] 
3174.472: [GC[YG occupancy: 199575 K (249408 K)]3174.472: [Rescan (parallel) , 0.1112710 secs]3174.583: [weak refs processing, 0.0000110 secs]3174.583: [scrub string table, 0.0008730 secs] [1 CMS-remark: 183788K(554368K)] 383364K(803776K), 0.1122410 secs] [Times: user=0.43 sys=0.01, real=0.11 secs] 
3174.584: [CMS-concurrent-sweep-start]
3174.642: [CMS-concurrent-sweep: 0.058/0.058 secs] [Times: user=0.06 sys=0.00, real=0.06 secs] 
3174.642: [CMS-concurrent-reset-start]
3174.644: [CMS-concurrent-reset: 0.001/0.001 secs] [Times: user=0.00 sys=0.00, real=0.00 secs] 
3176.644: [GC [1 CMS-initial-mark: 183788K(554368K)] 383372K(803776K), 0.0686460 secs] [Times: user=0.07 sys=0.00, real=0.07 secs] 
3176.713: [CMS-concurrent-mark-start]
3176.942: [CMS-concurrent-mark: 0.229/0.229 secs] [Times: user=0.22 sys=0.00, real=0.23 secs] 
3176.942: [CMS-concurrent-preclean-start]
3176.943: [CMS-concurrent-preclean: 0.001/0.001 secs] [Times: user=0.01 sys=0.00, real=0.00 secs] 
3176.943: [CMS-concurrent-abortable-preclean-start]
 CMS: abort preclean due to time 3182.029: [CMS-concurrent-abortable-preclean: 0.079/5.086 secs] [Times: user=0.10 sys=0.00, real=5.09 secs] 
3182.030: [GC[YG occupancy: 199588 K (249408 K)]3182.030: [Rescan (parallel) , 0.1160400 secs]3182.146: [weak refs processing, 0.0000110 secs]3182.146: [scrub string table, 0.0008730 secs] [1 CMS-remark: 183788K(554368K)] 383377K(803776K), 0.1170110 secs] [Times: user=0.43 sys=0.02, real=0.11 secs] 
3182.147: [CMS-concurrent-sweep-start]
3182.205: [CMS-concurrent-sweep: 0.059/0.059 secs] [Times: user=0.06 sys=0.00, real=0.06 secs] 
3182.205: [CMS-concurrent-reset-start]
3182.207: [CMS-concurrent-reset: 0.001/0.001 secs] [Times: user=0.00 sys=0.00, real=0.00 secs] 
3184.207: [GC [1 CMS-initial-mark: 183788K(554368K)] 383402K(803776K), 0.0647950 secs] [Times: user=0.06 sys=0.00, real=0.07 secs] 
3184.272: [CMS-concurrent-mark-start]
3184.502: [CMS-concurrent-mark: 0.230/0.230 secs] [Times: user=0.24 sys=0.00, real=0.23 secs] 
3184.502: [CMS-concurrent-preclean-start]
3184.504: [CMS-concurrent-preclean: 0.001/0.001 secs] [Times: user=0.00 sys=0.00, real=0.00 secs] 
3184.504: [CMS-concurrent-abortable-preclean-start]
 CMS: abort preclean due to time 3189.587: [CMS-concurrent-abortable-preclean: 0.076/5.083 secs] [Times: user=0.10 sys=0.00, real=5.08 secs] 
3189.587: [GC[YG occupancy: 199627 K (249408 K)]3189.587: [Rescan (parallel) , 0.1201580 secs]3189.708: [weak refs processing, 0.0000190 secs]3189.708: [scrub string table, 0.0008680 secs] [1 CMS-remark: 183788K(554368K)] 383416K(803776K), 0.1211580 secs] [Times: user=0.46 sys=0.01, real=0.13 secs] 
3189.709: [CMS-concurrent-sweep-start]
3189.766: [CMS-concurrent-sweep: 0.057/0.057 secs] [Times: user=0.06 sys=0.00, real=0.05 secs] 
3189.766: [CMS-concurrent-reset-start]
3189.767: [CMS-concurrent-reset: 0.001/0.001 secs] [Times: user=0.00 sys=0.00, real=0.00 secs] 
3191.768: [GC [1 CMS-initial-mark: 183788K(554368K)] 383420K(803776K), 0.1016780 secs] [Times: user=0.09 sys=0.00, real=0.10 secs] 
3191.870: [CMS-concurrent-mark-start]
3192.191: [CMS-concurrent-mark: 0.322/0.322 secs] [Times: user=0.31 sys=0.00, real=0.32 secs] 
3192.191: [CMS-concurrent-preclean-start]
3192.193: [CMS-concurrent-preclean: 0.001/0.001 secs] [Times: user=0.00 sys=0.00, real=0.00 secs] 
3192.193: [CMS-concurrent-abortable-preclean-start]
 CMS: abort preclean due to time 3197.221: [CMS-concurrent-abortable-preclean: 0.074/5.028 secs] [Times: user=0.10 sys=0.02, real=5.03 secs] 
3197.222: [GC[YG occupancy: 200285 K (249408 K)]3197.222: [Rescan (parallel) , 0.1315430 secs]3197.353: [weak refs processing, 0.0000120 secs]3197.353: [scrub string table, 0.0009370 secs] [1 CMS-remark: 183788K(554368K)] 384073K(803776K), 0.1325770 secs] [Times: user=0.38 sys=0.00, real=0.13 secs] 
3197.354: [CMS-concurrent-sweep-start]
3197.466: [CMS-concurrent-sweep: 0.112/0.112 secs] [Times: user=0.12 sys=0.00, real=0.11 secs] 
3197.466: [CMS-concurrent-reset-start]
3197.468: [CMS-concurrent-reset: 0.002/0.002 secs] [Times: user=0.00 sys=0.00, real=0.01 secs] 
3199.376: [GC [1 CMS-initial-mark: 183788K(554368K)] 384090K(803776K), 0.0812020 secs] [Times: user=0.08 sys=0.00, real=0.08 secs] 
3199.457: [CMS-concurrent-mark-start]
3199.799: [CMS-concurrent-mark: 0.342/0.342 secs] [Times: user=0.34 sys=0.00, real=0.34 secs] 
3199.799: [CMS-concurrent-preclean-start]
3199.801: [CMS-concurrent-preclean: 0.002/0.002 secs] [Times: user=0.00 sys=0.00, real=0.01 secs] 
3199.801: [CMS-concurrent-abortable-preclean-start]
 CMS: abort preclean due to time 3204.874: [CMS-concurrent-abortable-preclean: 0.087/5.073 secs] [Times: user=0.15 sys=0.00, real=5.07 secs] 
3204.874: [GC[YG occupancy: 204542 K (249408 K)]3204.875: [Rescan (parallel) , 0.2093430 secs]3205.084: [weak refs processing, 0.0000120 secs]3205.084: [scrub string table, 0.0010260 secs] [1 CMS-remark: 183788K(554368K)] 388331K(803776K), 0.2104590 secs] [Times: user=0.55 sys=0.00, real=0.21 secs] 
3205.085: [CMS-concurrent-sweep-start]
3205.179: [CMS-concurrent-sweep: 0.094/0.094 secs] [Times: user=0.10 sys=0.00, real=0.09 secs] 
3205.179: [CMS-concurrent-reset-start]
3205.181: [CMS-concurrent-reset: 0.001/0.001 secs] [Times: user=0.00 sys=0.00, real=0.01 secs] 
3206.375: [GC [1 CMS-initial-mark: 183788K(554368K)] 388339K(803776K), 0.0728590 secs] [Times: user=0.08 sys=0.00, real=0.07 secs] 
3206.447: [CMS-concurrent-mark-start]
3206.894: [CMS-concurrent-mark: 0.447/0.447 secs] [Times: user=0.48 sys=0.00, real=0.45 secs] 
3206.894: [CMS-concurrent-preclean-start]
3206.897: [CMS-concurrent-preclean: 0.002/0.002 secs] [Times: user=0.00 sys=0.00, real=0.00 secs] 
3206.897: [CMS-concurrent-abortable-preclean-start]
 CMS: abort preclean due to time 3211.921: [CMS-concurrent-abortable-preclean: 0.094/5.024 secs] [Times: user=0.11 sys=0.00, real=5.03 secs] 
3211.921: [GC[YG occupancy: 205862 K (249408 K)]3211.921: [Rescan (parallel) , 0.1294830 secs]3212.051: [weak refs processing, 0.0000150 secs]3212.051: [scrub string table, 0.0009970 secs] [1 CMS-remark: 183788K(554368K)] 389651K(803776K), 0.1305670 secs] [Times: user=0.51 sys=0.01, real=0.13 secs] 
3212.052: [CMS-concurrent-sweep-start]
3212.118: [CMS-concurrent-sweep: 0.066/0.066 secs] [Times: user=0.06 sys=0.00, real=0.06 secs] 
3212.118: [CMS-concurrent-reset-start]
3212.119: [CMS-concurrent-reset: 0.001/0.001 secs] [Times: user=0.00 sys=0.00, real=0.00 secs] 
3214.120: [GC [1 CMS-initial-mark: 183788K(554368K)] 389676K(803776K), 0.1088950 secs] [Times: user=0.10 sys=0.00, real=0.11 secs] 
3214.229: [CMS-concurrent-mark-start]
3214.477: [CMS-concurrent-mark: 0.248/0.248 secs] [Times: user=0.24 sys=0.01, real=0.24 secs] 
3214.477: [CMS-concurrent-preclean-start]
3214.478: [CMS-concurrent-preclean: 0.001/0.001 secs] [Times: user=0.00 sys=0.00, real=0.00 secs] 
3214.478: [CMS-concurrent-abortable-preclean-start]
 CMS: abort preclean due to time 3219.561: [CMS-concurrent-abortable-preclean: 0.076/5.083 secs] [Times: user=0.10 sys=0.00, real=5.09 secs] 
3219.562: [GC[YG occupancy: 205900 K (249408 K)]3219.562: [Rescan (parallel) , 0.1177580 secs]3219.679: [weak refs processing, 0.0000120 secs]3219.679: [scrub string table, 0.0009350 secs] [1 CMS-remark: 183788K(554368K)] 389688K(803776K), 0.1187820 secs] [Times: user=0.47 sys=0.00, real=0.12 secs] 
3219.680: [CMS-concurrent-sweep-start]
3219.739: [CMS-concurrent-sweep: 0.058/0.058 secs] [Times: user=0.06 sys=0.00, real=0.05 secs] 
3219.739: [CMS-concurrent-reset-start]
3219.740: [CMS-concurrent-reset: 0.001/0.001 secs] [Times: user=0.00 sys=0.00, real=0.01 secs] 
3221.740: [GC [1 CMS-initial-mark: 183788K(554368K)] 389688K(803776K), 0.0677960 secs] [Times: user=0.06 sys=0.00, real=0.07 secs] 
3221.808: [CMS-concurrent-mark-start]
3222.036: [CMS-concurrent-mark: 0.227/0.227 secs] [Times: user=0.23 sys=0.00, real=0.22 secs] 
3222.036: [CMS-concurrent-preclean-start]
3222.037: [CMS-concurrent-preclean: 0.001/0.001 secs] [Times: user=0.00 sys=0.00, real=0.00 secs] 
3222.037: [CMS-concurrent-abortable-preclean-start]
 CMS: abort preclean due to time 3227.126: [CMS-concurrent-abortable-preclean: 0.081/5.089 secs] [Times: user=0.10 sys=0.01, real=5.09 secs] 
3227.127: [GC[YG occupancy: 205926 K (249408 K)]3227.127: [Rescan (parallel) , 0.1231990 secs]3227.250: [weak refs processing, 0.0000160 secs]3227.250: [scrub string table, 0.0008570 secs] [1 CMS-remark: 183788K(554368K)] 389714K(803776K), 0.1241440 secs] [Times: user=0.47 sys=0.00, real=0.13 secs] 
3227.251: [CMS-concurrent-sweep-start]
3227.330: [CMS-concurrent-sweep: 0.079/0.079 secs] [Times: user=0.08 sys=0.00, real=0.08 secs] 
3227.330: [CMS-concurrent-reset-start]
3227.331: [CMS-concurrent-reset: 0.001/0.001 secs] [Times: user=0.00 sys=0.00, real=0.00 secs] 
3229.332: [GC [1 CMS-initial-mark: 183788K(554368K)] 389721K(803776K), 0.0684330 secs] [Times: user=0.06 sys=0.01, real=0.07 secs] 
3229.400: [CMS-concurrent-mark-start]
3229.642: [CMS-concurrent-mark: 0.242/0.242 secs] [Times: user=0.25 sys=0.00, real=0.24 secs] 
3229.642: [CMS-concurrent-preclean-start]
3229.643: [CMS-concurrent-preclean: 0.001/0.001 secs] [Times: user=0.00 sys=0.00, real=0.00 secs] 
3229.643: [CMS-concurrent-abortable-preclean-start]
 CMS: abort preclean due to time 3234.722: [CMS-concurrent-abortable-preclean: 0.072/5.078 secs] [Times: user=0.09 sys=0.00, real=5.08 secs] 
3234.722: [GC[YG occupancy: 205932 K (249408 K)]3234.722: [Rescan (parallel) , 0.1168510 secs]3234.839: [weak refs processing, 0.0000130 secs]3234.839: [scrub string table, 0.0010320 secs] [1 CMS-remark: 183788K(554368K)] 389721K(803776K), 0.1179670 secs] [Times: user=0.45 sys=0.00, real=0.12 secs] 
3234.840: [CMS-concurrent-sweep-start]
3234.902: [CMS-concurrent-sweep: 0.062/0.062 secs] [Times: user=0.06 sys=0.00, real=0.06 secs] 
3234.902: [CMS-concurrent-reset-start]
3234.903: [CMS-concurrent-reset: 0.001/0.001 secs] [Times: user=0.00 sys=0.00, real=0.00 secs] 
3236.903: [GC [1 CMS-initial-mark: 183788K(554368K)] 389731K(803776K), 0.0683120 secs] [Times: user=0.06 sys=0.00, real=0.07 secs] 
3236.972: [CMS-concurrent-mark-start]
3237.202: [CMS-concurrent-mark: 0.230/0.230 secs] [Times: user=0.24 sys=0.00, real=0.23 secs] 
3237.202: [CMS-concurrent-preclean-start]
3237.203: [CMS-concurrent-preclean: 0.001/0.001 secs] [Times: user=0.00 sys=0.00, real=0.00 secs] 
3237.203: [CMS-concurrent-abortable-preclean-start]
 CMS: abort preclean due to time 3242.285: [CMS-concurrent-abortable-preclean: 0.073/5.082 secs] [Times: user=0.08 sys=0.02, real=5.08 secs] 
3242.286: [GC[YG occupancy: 205975 K (249408 K)]3242.286: [Rescan (parallel) , 0.1086420 secs]3242.394: [weak refs processing, 0.0000110 secs]3242.394: [scrub string table, 0.0008940 secs] [1 CMS-remark: 183788K(554368K)] 389763K(803776K), 0.1096380 secs] [Times: user=0.40 sys=0.00, real=0.11 secs] 
3242.395: [CMS-concurrent-sweep-start]
3242.455: [CMS-concurrent-sweep: 0.060/0.060 secs] [Times: user=0.06 sys=0.00, real=0.06 secs] 
3242.456: [CMS-concurrent-reset-start]
3242.457: [CMS-concurrent-reset: 0.002/0.002 secs] [Times: user=0.00 sys=0.00, real=0.00 secs] 
3244.458: [GC [1 CMS-initial-mark: 183788K(554368K)] 389784K(803776K), 0.0960360 secs] [Times: user=0.10 sys=0.00, real=0.10 secs] 
3244.554: [CMS-concurrent-mark-start]
3244.785: [CMS-concurrent-mark: 0.231/0.231 secs] [Times: user=0.23 sys=0.01, real=0.23 secs] 
3244.785: [CMS-concurrent-preclean-start]
3244.786: [CMS-concurrent-preclean: 0.001/0.001 secs] [Times: user=0.00 sys=0.00, real=0.00 secs] 
3244.786: [CMS-concurrent-abortable-preclean-start]
 CMS: abort preclean due to time 3249.873: [CMS-concurrent-abortable-preclean: 0.080/5.087 secs] [Times: user=0.09 sys=0.00, real=5.09 secs] 
3249.873: [GC[YG occupancy: 206012 K (249408 K)]3249.873: [Rescan (parallel) , 0.1293000 secs]3250.003: [weak refs processing, 0.0000110 secs]3250.003: [scrub string table, 0.0010280 secs] [1 CMS-remark: 183788K(554368K)] 389801K(803776K), 0.1304130 secs] [Times: user=0.49 sys=0.01, real=0.13 secs] 
3250.004: [CMS-concurrent-sweep-start]
3250.063: [CMS-concurrent-sweep: 0.059/0.059 secs] [Times: user=0.05 sys=0.00, real=0.06 secs] 
3250.063: [CMS-concurrent-reset-start]
3250.064: [CMS-concurrent-reset: 0.001/0.001 secs] [Times: user=0.00 sys=0.00, real=0.00 secs] 
3252.064: [GC [1 CMS-initial-mark: 183788K(554368K)] 389828K(803776K), 0.0666220 secs] [Times: user=0.07 sys=0.00, real=0.07 secs] 
3252.131: [CMS-concurrent-mark-start]
3252.377: [CMS-concurrent-mark: 0.246/0.246 secs] [Times: user=0.25 sys=0.00, real=0.24 secs] 
3252.377: [CMS-concurrent-preclean-start]
3252.379: [CMS-concurrent-preclean: 0.002/0.002 secs] [Times: user=0.00 sys=0.00, real=0.00 secs] 
3252.379: [CMS-concurrent-abortable-preclean-start]
 CMS: abort preclean due to time 3257.461: [CMS-concurrent-abortable-preclean: 0.075/5.082 secs] [Times: user=0.08 sys=0.01, real=5.09 secs] 
3257.461: [GC[YG occupancy: 206059 K (249408 K)]3257.461: [Rescan (parallel) , 0.1183910 secs]3257.580: [weak refs processing, 0.0000110 secs]3257.580: [scrub string table, 0.0008520 secs] [1 CMS-remark: 183788K(554368K)] 389848K(803776K), 0.1193250 secs] [Times: user=0.46 sys=0.01, real=0.12 secs] 
3257.581: [CMS-concurrent-sweep-start]
3257.639: [CMS-concurrent-sweep: 0.058/0.058 secs] [Times: user=0.06 sys=0.00, real=0.05 secs] 
3257.639: [CMS-concurrent-reset-start]
3257.640: [CMS-concurrent-reset: 0.001/0.001 secs] [Times: user=0.00 sys=0.00, real=0.01 secs] 
3259.640: [GC [1 CMS-initial-mark: 183788K(554368K)] 389863K(803776K), 0.0673910 secs] [Times: user=0.07 sys=0.00, real=0.07 secs] 
3259.708: [CMS-concurrent-mark-start]
3259.935: [CMS-concurrent-mark: 0.228/0.228 secs] [Times: user=0.23 sys=0.00, real=0.22 secs] 
3259.936: [CMS-concurrent-preclean-start]
3259.937: [CMS-concurrent-preclean: 0.001/0.001 secs] [Times: user=0.00 sys=0.00, real=0.00 secs] 
3259.937: [CMS-concurrent-abortable-preclean-start]
 CMS: abort preclean due to time 3265.038: [CMS-concurrent-abortable-preclean: 0.094/5.102 secs] [Times: user=0.12 sys=0.01, real=5.10 secs] 
3265.039: [GC[YG occupancy: 208981 K (249408 K)]3265.039: [Rescan (parallel) , 0.1255030 secs]3265.165: [weak refs processing, 0.0000200 secs]3265.165: [scrub string table, 0.0008760 secs] [1 CMS-remark: 183788K(554368K)] 392769K(803776K), 0.1265160 secs] [Times: user=0.50 sys=0.00, real=0.13 secs] 
3265.166: [CMS-concurrent-sweep-start]
3265.224: [CMS-concurrent-sweep: 0.058/0.058 secs] [Times: user=0.05 sys=0.00, real=0.06 secs] 
3265.224: [CMS-concurrent-reset-start]
3265.225: [CMS-concurrent-reset: 0.001/0.001 secs] [Times: user=0.01 sys=0.00, real=0.00 secs] 
3266.555: [GC [1 CMS-initial-mark: 183788K(554368K)] 392778K(803776K), 0.0677130 secs] [Times: user=0.06 sys=0.00, real=0.07 secs] 
3266.623: [CMS-concurrent-mark-start]
3266.852: [CMS-concurrent-mark: 0.229/0.229 secs] [Times: user=0.23 sys=0.00, real=0.23 secs] 
3266.852: [CMS-concurrent-preclean-start]
3266.853: [CMS-concurrent-preclean: 0.001/0.001 secs] [Times: user=0.00 sys=0.00, real=0.00 secs] 
3266.853: [CMS-concurrent-abortable-preclean-start]
 CMS: abort preclean due to time 3271.857: [CMS-concurrent-abortable-preclean: 0.097/5.004 secs] [Times: user=0.11 sys=0.01, real=5.00 secs] 
3271.857: [GC[YG occupancy: 208993 K (249408 K)]3271.857: [Rescan (parallel) , 0.1192110 secs]3271.976: [weak refs processing, 0.0000150 secs]3271.976: [scrub string table, 0.0008750 secs] [1 CMS-remark: 183788K(554368K)] 392782K(803776K), 0.1201860 secs] [Times: user=0.46 sys=0.00, real=0.12 secs] 
3271.977: [CMS-concurrent-sweep-start]
3272.035: [CMS-concurrent-sweep: 0.058/0.058 secs] [Times: user=0.06 sys=0.01, real=0.06 secs] 
3272.035: [CMS-concurrent-reset-start]
3272.036: [CMS-concurrent-reset: 0.001/0.001 secs] [Times: user=0.00 sys=0.00, real=0.00 secs] 
3274.037: [GC [1 CMS-initial-mark: 183788K(554368K)] 392782K(803776K), 0.0676090 secs] [Times: user=0.06 sys=0.00, real=0.07 secs] 
3274.104: [CMS-concurrent-mark-start]
3274.333: [CMS-concurrent-mark: 0.229/0.229 secs] [Times: user=0.24 sys=0.00, real=0.23 secs] 
3274.333: [CMS-concurrent-preclean-start]
3274.334: [CMS-concurrent-preclean: 0.001/0.001 secs] [Times: user=0.00 sys=0.00, real=0.00 secs] 
3274.334: [CMS-concurrent-abortable-preclean-start]
 CMS: abort preclean due to time 3279.338: [CMS-concurrent-abortable-preclean: 0.096/5.003 secs] [Times: user=0.11 sys=0.00, real=5.00 secs] 
3279.338: [GC[YG occupancy: 209020 K (249408 K)]3279.338: [Rescan (parallel) , 0.1259520 secs]3279.464: [weak refs processing, 0.0000100 secs]3279.464: [scrub string table, 0.0008970 secs] [1 CMS-remark: 183788K(554368K)] 392808K(803776K), 0.1269740 secs] [Times: user=0.48 sys=0.00, real=0.13 secs] 
3279.465: [CMS-concurrent-sweep-start]
3279.523: [CMS-concurrent-sweep: 0.057/0.057 secs] [Times: user=0.06 sys=0.00, real=0.06 secs] 
3279.523: [CMS-concurrent-reset-start]
3279.524: [CMS-concurrent-reset: 0.001/0.001 secs] [Times: user=0.00 sys=0.00, real=0.00 secs] 
3281.524: [GC [1 CMS-initial-mark: 183788K(554368K)] 392808K(803776K), 0.0675600 secs] [Times: user=0.07 sys=0.00, real=0.07 secs] 
3281.592: [CMS-concurrent-mark-start]
3281.820: [CMS-concurrent-mark: 0.228/0.228 secs] [Times: user=0.22 sys=0.00, real=0.23 secs] 
3281.820: [CMS-concurrent-preclean-start]
3281.822: [CMS-concurrent-preclean: 0.001/0.001 secs] [Times: user=0.00 sys=0.00, real=0.00 secs] 
3281.822: [CMS-concurrent-abortable-preclean-start]
 CMS: abort preclean due to time 3286.909: [CMS-concurrent-abortable-preclean: 0.080/5.087 secs] [Times: user=0.11 sys=0.00, real=5.09 secs] 
3286.909: [GC[YG occupancy: 209136 K (249408 K)]3286.909: [Rescan (parallel) , 0.1257790 secs]3287.035: [weak refs processing, 0.0000130 secs]3287.035: [scrub string table, 0.0009070 secs] [1 CMS-remark: 183788K(554368K)] 392925K(803776K), 0.1267810 secs] [Times: user=0.49 sys=0.00, real=0.12 secs] 
3287.036: [CMS-concurrent-sweep-start]
3287.094: [CMS-concurrent-sweep: 0.057/0.057 secs] [Times: user=0.06 sys=0.00, real=0.06 secs] 
3287.094: [CMS-concurrent-reset-start]
3287.095: [CMS-concurrent-reset: 0.001/0.001 secs] [Times: user=0.00 sys=0.00, real=0.00 secs] 
3289.095: [GC [1 CMS-initial-mark: 183788K(554368K)] 392931K(803776K), 0.0677440 secs] [Times: user=0.07 sys=0.00, real=0.07 secs] 
3289.163: [CMS-concurrent-mark-start]
3289.391: [CMS-concurrent-mark: 0.228/0.228 secs] [Times: user=0.23 sys=0.00, real=0.23 secs] 
3289.391: [CMS-concurrent-preclean-start]
3289.392: [CMS-concurrent-preclean: 0.001/0.001 secs] [Times: user=0.00 sys=0.00, real=0.00 secs] 
3289.392: [CMS-concurrent-abortable-preclean-start]
 CMS: abort preclean due to time 3294.395: [CMS-concurrent-abortable-preclean: 0.095/5.003 secs] [Times: user=0.11 sys=0.01, real=5.00 secs] 
3294.395: [GC[YG occupancy: 209142 K (249408 K)]3294.395: [Rescan (parallel) , 0.1287250 secs]3294.524: [weak refs processing, 0.0000100 secs]3294.524: [scrub string table, 0.0009100 secs] [1 CMS-remark: 183788K(554368K)] 392931K(803776K), 0.1297140 secs] [Times: user=0.50 sys=0.00, real=0.13 secs] 
3294.525: [CMS-concurrent-sweep-start]
3294.584: [CMS-concurrent-sweep: 0.058/0.058 secs] [Times: user=0.06 sys=0.00, real=0.06 secs] 
3294.584: [CMS-concurrent-reset-start]
3294.585: [CMS-concurrent-reset: 0.001/0.001 secs] [Times: user=0.00 sys=0.00, real=0.00 secs] 
3296.585: [GC [1 CMS-initial-mark: 183788K(554368K)] 392939K(803776K), 0.0680710 secs] [Times: user=0.06 sys=0.00, real=0.07 secs] 
3296.654: [CMS-concurrent-mark-start]
3296.883: [CMS-concurrent-mark: 0.229/0.229 secs] [Times: user=0.23 sys=0.00, real=0.23 secs] 
3296.883: [CMS-concurrent-preclean-start]
3296.884: [CMS-concurrent-preclean: 0.001/0.001 secs] [Times: user=0.00 sys=0.00, real=0.00 secs] 
3296.884: [CMS-concurrent-abortable-preclean-start]
 CMS: abort preclean due to time 3301.888: [CMS-concurrent-abortable-preclean: 0.096/5.004 secs] [Times: user=0.12 sys=0.01, real=5.01 secs] 
3301.888: [GC[YG occupancy: 209160 K (249408 K)]3301.888: [Rescan (parallel) , 0.1181740 secs]3302.006: [weak refs processing, 0.0000140 secs]3302.006: [scrub string table, 0.0008630 secs] [1 CMS-remark: 183788K(554368K)] 392949K(803776K), 0.1191280 secs] [Times: user=0.46 sys=0.00, real=0.11 secs] 
3302.007: [CMS-concurrent-sweep-start]
3302.065: [CMS-concurrent-sweep: 0.057/0.057 secs] [Times: user=0.06 sys=0.00, real=0.06 secs] 
3302.065: [CMS-concurrent-reset-start]
3302.066: [CMS-concurrent-reset: 0.001/0.001 secs] [Times: user=0.00 sys=0.00, real=0.00 secs] 
3304.066: [GC [1 CMS-initial-mark: 183788K(554368K)] 392972K(803776K), 0.0983570 secs] [Times: user=0.10 sys=0.00, real=0.10 secs] 
3304.165: [CMS-concurrent-mark-start]
3304.434: [CMS-concurrent-mark: 0.269/0.269 secs] [Times: user=0.27 sys=0.00, real=0.27 secs] 
3304.434: [CMS-concurrent-preclean-start]
3304.435: [CMS-concurrent-preclean: 0.001/0.001 secs] [Times: user=0.00 sys=0.00, real=0.00 secs] 
3304.435: [CMS-concurrent-abortable-preclean-start]
 CMS: abort preclean due to time 3309.534: [CMS-concurrent-abortable-preclean: 0.092/5.099 secs] [Times: user=0.10 sys=0.02, real=5.10 secs] 
3309.534: [GC[YG occupancy: 209857 K (249408 K)]3309.534: [Rescan (parallel) , 0.1655290 secs]3309.700: [weak refs processing, 0.0000110 secs]3309.700: [scrub string table, 0.0009060 secs] [1 CMS-remark: 183788K(554368K)] 393646K(803776K), 0.1665320 secs] [Times: user=0.62 sys=0.00, real=0.17 secs] 
3309.701: [CMS-concurrent-sweep-start]
3309.763: [CMS-concurrent-sweep: 0.062/0.062 secs] [Times: user=0.07 sys=0.00, real=0.06 secs] 
3309.763: [CMS-concurrent-reset-start]
3309.764: [CMS-concurrent-reset: 0.001/0.001 secs] [Times: user=0.00 sys=0.00, real=0.00 secs] 
3311.765: [GC [1 CMS-initial-mark: 183788K(554368K)] 393646K(803776K), 0.0751370 secs] [Times: user=0.08 sys=0.00, real=0.08 secs] 
3311.840: [CMS-concurrent-mark-start]
3312.075: [CMS-concurrent-mark: 0.235/0.235 secs] [Times: user=0.23 sys=0.00, real=0.23 secs] 
3312.075: [CMS-concurrent-preclean-start]
3312.076: [CMS-concurrent-preclean: 0.001/0.001 secs] [Times: user=0.00 sys=0.00, real=0.00 secs] 
3312.076: [CMS-concurrent-abortable-preclean-start]
 CMS: abort preclean due to time 3317.172: [CMS-concurrent-abortable-preclean: 0.089/5.095 secs] [Times: user=0.12 sys=0.00, real=5.10 secs] 
3317.172: [GC[YG occupancy: 209865 K (249408 K)]3317.172: [Rescan (parallel) , 0.1238870 secs]3317.296: [weak refs processing, 0.0000110 secs]3317.296: [scrub string table, 0.0008750 secs] [1 CMS-remark: 183788K(554368K)] 393654K(803776K), 0.1248530 secs] [Times: user=0.48 sys=0.01, real=0.12 secs] 
3317.297: [CMS-concurrent-sweep-start]
3317.354: [CMS-concurrent-sweep: 0.057/0.057 secs] [Times: user=0.06 sys=0.00, real=0.06 secs] 
3317.354: [CMS-concurrent-reset-start]
3317.355: [CMS-concurrent-reset: 0.001/0.001 secs] [Times: user=0.00 sys=0.00, real=0.00 secs] 
3319.356: [GC [1 CMS-initial-mark: 183788K(554368K)] 393660K(803776K), 0.0731510 secs] [Times: user=0.08 sys=0.00, real=0.08 secs] 
3319.429: [CMS-concurrent-mark-start]
3319.656: [CMS-concurrent-mark: 0.227/0.227 secs] [Times: user=0.22 sys=0.00, real=0.22 secs] 
3319.656: [CMS-concurrent-preclean-start]
3319.657: [CMS-concurrent-preclean: 0.001/0.001 secs] [Times: user=0.01 sys=0.00, real=0.00 secs] 
3319.657: [CMS-concurrent-abortable-preclean-start]
 CMS: abort preclean due to time 3324.734: [CMS-concurrent-abortable-preclean: 0.071/5.077 secs] [Times: user=0.10 sys=0.00, real=5.08 secs] 
3324.735: [GC[YG occupancy: 212653 K (249408 K)]3324.735: [Rescan (parallel) , 0.1236290 secs]3324.858: [weak refs processing, 0.0000140 secs]3324.858: [scrub string table, 0.0011530 secs] [1 CMS-remark: 183788K(554368K)] 396442K(803776K), 0.1248780 secs] [Times: user=0.48 sys=0.00, real=0.12 secs] 
3324.860: [CMS-concurrent-sweep-start]
3324.918: [CMS-concurrent-sweep: 0.058/0.059 secs] [Times: user=0.06 sys=0.00, real=0.05 secs] 
3324.918: [CMS-concurrent-reset-start]
3324.919: [CMS-concurrent-reset: 0.001/0.001 secs] [Times: user=0.00 sys=0.00, real=0.00 secs] 
3326.920: [GC [1 CMS-initial-mark: 183788K(554368K)] 396465K(803776K), 0.0767330 secs] [Times: user=0.07 sys=0.00, real=0.07 secs] 
3326.997: [CMS-concurrent-mark-start]
3327.225: [CMS-concurrent-mark: 0.228/0.228 secs] [Times: user=0.23 sys=0.00, real=0.23 secs] 
3327.225: [CMS-concurrent-preclean-start]
3327.226: [CMS-concurrent-preclean: 0.001/0.001 secs] [Times: user=0.01 sys=0.00, real=0.00 secs] 
3327.226: [CMS-concurrent-abortable-preclean-start]
 CMS: abort preclean due to time 3332.304: [CMS-concurrent-abortable-preclean: 0.071/5.077 secs] [Times: user=0.08 sys=0.01, real=5.08 secs] 
3332.304: [GC[YG occupancy: 212719 K (249408 K)]3332.304: [Rescan (parallel) , 0.1263560 secs]3332.430: [weak refs processing, 0.0000110 secs]3332.431: [scrub string table, 0.0008660 secs] [1 CMS-remark: 183788K(554368K)] 396508K(803776K), 0.1273120 secs] [Times: user=0.48 sys=0.00, real=0.13 secs] 
3332.432: [CMS-concurrent-sweep-start]
3332.492: [CMS-concurrent-sweep: 0.060/0.060 secs] [Times: user=0.06 sys=0.00, real=0.06 secs] 
3332.492: [CMS-concurrent-reset-start]
3332.493: [CMS-concurrent-reset: 0.001/0.001 secs] [Times: user=0.00 sys=0.00, real=0.00 secs] 
3334.494: [GC [1 CMS-initial-mark: 183788K(554368K)] 396508K(803776K), 0.0773690 secs] [Times: user=0.08 sys=0.00, real=0.08 secs] 
3334.571: [CMS-concurrent-mark-start]
3334.840: [CMS-concurrent-mark: 0.269/0.269 secs] [Times: user=0.27 sys=0.00, real=0.27 secs] 
3334.840: [CMS-concurrent-preclean-start]
3334.841: [CMS-concurrent-preclean: 0.001/0.001 secs] [Times: user=0.00 sys=0.00, real=0.00 secs] 
3334.841: [CMS-concurrent-abortable-preclean-start]
 CMS: abort preclean due to time 3339.920: [CMS-concurrent-abortable-preclean: 0.073/5.079 secs] [Times: user=0.09 sys=0.01, real=5.08 secs] 
3339.920: [GC[YG occupancy: 212766 K (249408 K)]3339.920: [Rescan (parallel) , 0.1258380 secs]3340.046: [weak refs processing, 0.0000120 secs]3340.046: [scrub string table, 0.0009920 secs] [1 CMS-remark: 183788K(554368K)] 396554K(803776K), 0.1269330 secs] [Times: user=0.46 sys=0.00, real=0.12 secs] 
3340.047: [CMS-concurrent-sweep-start]
3340.105: [CMS-concurrent-sweep: 0.058/0.058 secs] [Times: user=0.05 sys=0.00, real=0.06 secs] 
3340.105: [CMS-concurrent-reset-start]
3340.106: [CMS-concurrent-reset: 0.001/0.001 secs] [Times: user=0.01 sys=0.00, real=0.00 secs] 
3342.107: [GC [1 CMS-initial-mark: 183788K(554368K)] 396554K(803776K), 0.0757540 secs] [Times: user=0.08 sys=0.00, real=0.08 secs] 
3342.183: [CMS-concurrent-mark-start]
3342.431: [CMS-concurrent-mark: 0.248/0.248 secs] [Times: user=0.25 sys=0.00, real=0.25 secs] 
3342.431: [CMS-concurrent-preclean-start]
3342.432: [CMS-concurrent-preclean: 0.001/0.001 secs] [Times: user=0.00 sys=0.00, real=0.00 secs] 
3342.432: [CMS-concurrent-abortable-preclean-start]
 CMS: abort preclean due to time 3347.442: [CMS-concurrent-abortable-preclean: 0.103/5.010 secs] [Times: user=0.12 sys=0.01, real=5.01 secs] 
3347.442: [GC[YG occupancy: 212792 K (249408 K)]3347.442: [Rescan (parallel) , 0.1319150 secs]3347.574: [weak refs processing, 0.0000110 secs]3347.574: [scrub string table, 0.0008890 secs] [1 CMS-remark: 183788K(554368K)] 396581K(803776K), 0.1329100 secs] [Times: user=0.50 sys=0.00, real=0.13 secs] 
3347.575: [CMS-concurrent-sweep-start]
3347.633: [CMS-concurrent-sweep: 0.057/0.057 secs] [Times: user=0.06 sys=0.00, real=0.06 secs] 
3347.633: [CMS-concurrent-reset-start]
3347.634: [CMS-concurrent-reset: 0.001/0.001 secs] [Times: user=0.00 sys=0.00, real=0.00 secs] 
3349.634: [GC [1 CMS-initial-mark: 183788K(554368K)] 396587K(803776K), 0.0744840 secs] [Times: user=0.08 sys=0.00, real=0.08 secs] 
3349.709: [CMS-concurrent-mark-start]
3349.947: [CMS-concurrent-mark: 0.238/0.238 secs] [Times: user=0.23 sys=0.00, real=0.23 secs] 
3349.947: [CMS-concurrent-preclean-start]
3349.948: [CMS-concurrent-preclean: 0.001/0.001 secs] [Times: user=0.01 sys=0.00, real=0.01 secs] 
3349.948: [CMS-concurrent-abortable-preclean-start]
 CMS: abort preclean due to time 3355.043: [CMS-concurrent-abortable-preclean: 0.088/5.095 secs] [Times: user=0.11 sys=0.00, real=5.09 secs] 
3355.044: [GC[YG occupancy: 212798 K (249408 K)]3355.044: [Rescan (parallel) , 0.1748160 secs]3355.218: [weak refs processing, 0.0000210 secs]3355.218: [scrub string table, 0.0056460 secs] [1 CMS-remark: 183788K(554368K)] 396587K(803776K), 0.1806200 secs] [Times: user=0.44 sys=0.01, real=0.18 secs] 
3355.224: [CMS-concurrent-sweep-start]
3355.308: [CMS-concurrent-sweep: 0.083/0.083 secs] [Times: user=0.08 sys=0.00, real=0.09 secs] 
3355.308: [CMS-concurrent-reset-start]
3355.310: [CMS-concurrent-reset: 0.002/0.002 secs] [Times: user=0.00 sys=0.00, real=0.00 secs] 
3357.310: [GC [1 CMS-initial-mark: 183788K(554368K)] 396662K(803776K), 0.1185890 secs] [Times: user=0.11 sys=0.00, real=0.12 secs] 
3357.429: [CMS-concurrent-mark-start]
3357.765: [CMS-concurrent-mark: 0.336/0.336 secs] [Times: user=0.34 sys=0.00, real=0.33 secs] 
3357.765: [CMS-concurrent-preclean-start]
3357.766: [CMS-concurrent-preclean: 0.002/0.002 secs] [Times: user=0.00 sys=0.00, real=0.00 secs] 
3357.767: [CMS-concurrent-abortable-preclean-start]
 CMS: abort preclean due to time 3362.844: [CMS-concurrent-abortable-preclean: 0.071/5.077 secs] [Times: user=0.09 sys=0.00, real=5.08 secs] 
3362.844: [GC[YG occupancy: 212873 K (249408 K)]3362.844: [Rescan (parallel) , 0.1329620 secs]3362.977: [weak refs processing, 0.0000150 secs]3362.977: [scrub string table, 0.0013990 secs] [1 CMS-remark: 183788K(554368K)] 396662K(803776K), 0.1344550 secs] [Times: user=0.50 sys=0.00, real=0.13 secs] 
3362.979: [CMS-concurrent-sweep-start]
3363.037: [CMS-concurrent-sweep: 0.059/0.059 secs] [Times: user=0.06 sys=0.00, real=0.06 secs] 
3363.038: [CMS-concurrent-reset-start]
3363.039: [CMS-concurrent-reset: 0.001/0.001 secs] [Times: user=0.00 sys=0.00, real=0.00 secs] 
3365.039: [GC [1 CMS-initial-mark: 183788K(554368K)] 396699K(803776K), 0.0762790 secs] [Times: user=0.07 sys=0.00, real=0.08 secs] 
3365.116: [CMS-concurrent-mark-start]
3365.346: [CMS-concurrent-mark: 0.230/0.230 secs] [Times: user=0.23 sys=0.01, real=0.23 secs] 
3365.346: [CMS-concurrent-preclean-start]
3365.347: [CMS-concurrent-preclean: 0.001/0.001 secs] [Times: user=0.00 sys=0.00, real=0.00 secs] 
3365.347: [CMS-concurrent-abortable-preclean-start]
 CMS: abort preclean due to time 3370.432: [CMS-concurrent-abortable-preclean: 0.078/5.085 secs] [Times: user=0.10 sys=0.00, real=5.09 secs] 
3370.433: [GC[YG occupancy: 212936 K (249408 K)]3370.433: [Rescan (parallel) , 0.1215590 secs]3370.554: [weak refs processing, 0.0000110 secs]3370.554: [scrub string table, 0.0008730 secs] [1 CMS-remark: 183788K(554368K)] 396724K(803776K), 0.1225180 secs] [Times: user=0.45 sys=0.01, real=0.12 secs] 
3370.555: [CMS-concurrent-sweep-start]
3370.615: [CMS-concurrent-sweep: 0.060/0.060 secs] [Times: user=0.06 sys=0.00, real=0.06 secs] 
3370.615: [CMS-concurrent-reset-start]
3370.616: [CMS-concurrent-reset: 0.001/0.001 secs] [Times: user=0.00 sys=0.00, real=0.00 secs] 
3372.617: [GC [1 CMS-initial-mark: 183788K(554368K)] 396724K(803776K), 0.0947590 secs] [Times: user=0.10 sys=0.00, real=0.10 secs] 
3372.712: [CMS-concurrent-mark-start]
3372.948: [CMS-concurrent-mark: 0.236/0.236 secs] [Times: user=0.23 sys=0.00, real=0.24 secs] 
3372.948: [CMS-concurrent-preclean-start]
3372.949: [CMS-concurrent-preclean: 0.001/0.001 secs] [Times: user=0.00 sys=0.00, real=0.00 secs] 
3372.949: [CMS-concurrent-abortable-preclean-start]
 CMS: abort preclean due to time 3378.031: [CMS-concurrent-abortable-preclean: 0.076/5.082 secs] [Times: user=0.10 sys=0.01, real=5.08 secs] 
3378.031: [GC[YG occupancy: 212944 K (249408 K)]3378.032: [Rescan (parallel) , 0.1171420 secs]3378.149: [weak refs processing, 0.0000120 secs]3378.149: [scrub string table, 0.0009010 secs] [1 CMS-remark: 183788K(554368K)] 396733K(803776K), 0.1181400 secs] [Times: user=0.43 sys=0.00, real=0.12 secs] 
3378.150: [CMS-concurrent-sweep-start]
3378.210: [CMS-concurrent-sweep: 0.060/0.060 secs] [Times: user=0.06 sys=0.00, real=0.06 secs] 
3378.210: [CMS-concurrent-reset-start]
3378.211: [CMS-concurrent-reset: 0.001/0.001 secs] [Times: user=0.00 sys=0.00, real=0.00 secs] 
3380.212: [GC [1 CMS-initial-mark: 183788K(554368K)] 396739K(803776K), 0.0696480 secs] [Times: user=0.07 sys=0.00, real=0.07 secs] 
3380.282: [CMS-concurrent-mark-start]
3380.513: [CMS-concurrent-mark: 0.231/0.231 secs] [Times: user=0.23 sys=0.00, real=0.23 secs] 
3380.513: [CMS-concurrent-preclean-start]
3380.514: [CMS-concurrent-preclean: 0.001/0.001 secs] [Times: user=0.00 sys=0.00, real=0.00 secs] 
3380.514: [CMS-concurrent-abortable-preclean-start]
 CMS: abort preclean due to time 3385.585: [CMS-concurrent-abortable-preclean: 0.065/5.071 secs] [Times: user=0.10 sys=0.01, real=5.07 secs] 
3385.586: [GC[YG occupancy: 215870 K (249408 K)]3385.586: [Rescan (parallel) , 0.1236140 secs]3385.709: [weak refs processing, 0.0000110 secs]3385.709: [scrub string table, 0.0008860 secs] [1 CMS-remark: 183788K(554368K)] 399659K(803776K), 0.1246080 secs] [Times: user=0.47 sys=0.00, real=0.13 secs] 
3385.710: [CMS-concurrent-sweep-start]
3385.774: [CMS-concurrent-sweep: 0.063/0.063 secs] [Times: user=0.06 sys=0.00, real=0.06 secs] 
3385.774: [CMS-concurrent-reset-start]
3385.775: [CMS-concurrent-reset: 0.001/0.001 secs] [Times: user=0.00 sys=0.00, real=0.00 secs] 
3387.775: [GC [1 CMS-initial-mark: 183788K(554368K)] 399667K(803776K), 0.0703920 secs] [Times: user=0.07 sys=0.00, real=0.07 secs] 
3387.846: [CMS-concurrent-mark-start]
3388.081: [CMS-concurrent-mark: 0.235/0.235 secs] [Times: user=0.24 sys=0.00, real=0.24 secs] 
3388.081: [CMS-concurrent-preclean-start]
3388.082: [CMS-concurrent-preclean: 0.001/0.001 secs] [Times: user=0.00 sys=0.00, real=0.00 secs] 
3388.082: [CMS-concurrent-abortable-preclean-start]
 CMS: abort preclean due to time 3393.166: [CMS-concurrent-abortable-preclean: 0.077/5.083 secs] [Times: user=0.10 sys=0.00, real=5.08 secs] 
3393.166: [GC[YG occupancy: 215879 K (249408 K)]3393.166: [Rescan (parallel) , 0.1245240 secs]3393.291: [weak refs processing, 0.0000110 secs]3393.291: [scrub string table, 0.0009170 secs] [1 CMS-remark: 183788K(554368K)] 399667K(803776K), 0.1255270 secs] [Times: user=0.47 sys=0.01, real=0.13 secs] 
3393.292: [CMS-concurrent-sweep-start]
3393.352: [CMS-concurrent-sweep: 0.061/0.061 secs] [Times: user=0.06 sys=0.00, real=0.06 secs] 
3393.353: [CMS-concurrent-reset-start]
3393.354: [CMS-concurrent-reset: 0.001/0.001 secs] [Times: user=0.00 sys=0.00, real=0.00 secs] 
3395.354: [GC [1 CMS-initial-mark: 183788K(554368K)] 399670K(803776K), 0.0731480 secs] [Times: user=0.08 sys=0.00, real=0.07 secs] 
3395.427: [CMS-concurrent-mark-start]
3395.668: [CMS-concurrent-mark: 0.240/0.240 secs] [Times: user=0.24 sys=0.00, real=0.25 secs] 
3395.668: [CMS-concurrent-preclean-start]
3395.669: [CMS-concurrent-preclean: 0.001/0.001 secs] [Times: user=0.00 sys=0.00, real=0.00 secs] 
3395.669: [CMS-concurrent-abortable-preclean-start]
 CMS: abort preclean due to time 3400.714: [CMS-concurrent-abortable-preclean: 0.072/5.045 secs] [Times: user=0.09 sys=0.01, real=5.04 secs] 
3400.715: [GC[YG occupancy: 216593 K (249408 K)]3400.715: [Rescan (parallel) , 0.1202550 secs]3400.835: [weak refs processing, 0.0000140 secs]3400.835: [scrub string table, 0.0008790 secs] [1 CMS-remark: 183788K(554368K)] 400382K(803776K), 0.1212470 secs] [Times: user=0.46 sys=0.00, real=0.12 secs] 
3400.836: [CMS-concurrent-sweep-start]
3400.896: [CMS-concurrent-sweep: 0.059/0.059 secs] [Times: user=0.06 sys=0.00, real=0.06 secs] 
3400.896: [CMS-concurrent-reset-start]
3400.897: [CMS-concurrent-reset: 0.001/0.001 secs] [Times: user=0.00 sys=0.00, real=0.00 secs] 
3402.897: [GC [1 CMS-initial-mark: 183788K(554368K)] 400384K(803776K), 0.0731240 secs] [Times: user=0.08 sys=0.00, real=0.08 secs] 
3402.971: [CMS-concurrent-mark-start]
3403.202: [CMS-concurrent-mark: 0.231/0.231 secs] [Times: user=0.23 sys=0.00, real=0.23 secs] 
3403.202: [CMS-concurrent-preclean-start]
3403.203: [CMS-concurrent-preclean: 0.001/0.001 secs] [Times: user=0.00 sys=0.00, real=0.00 secs] 
3403.203: [CMS-concurrent-abortable-preclean-start]
 CMS: abort preclean due to time 3408.288: [CMS-concurrent-abortable-preclean: 0.079/5.085 secs] [Times: user=0.10 sys=0.00, real=5.09 secs] 
3408.288: [GC[YG occupancy: 216623 K (249408 K)]3408.288: [Rescan (parallel) , 0.1230170 secs]3408.411: [weak refs processing, 0.0000160 secs]3408.411: [scrub string table, 0.0012010 secs] [1 CMS-remark: 183788K(554368K)] 400412K(803776K), 0.1243170 secs] [Times: user=0.47 sys=0.00, real=0.12 secs] 
3408.413: [CMS-concurrent-sweep-start]
3408.471: [CMS-concurrent-sweep: 0.058/0.058 secs] [Times: user=0.06 sys=0.00, real=0.06 secs] 
3408.471: [CMS-concurrent-reset-start]
3408.472: [CMS-concurrent-reset: 0.001/0.001 secs] [Times: user=0.00 sys=0.00, real=0.00 secs] 
3410.474: [GC [1 CMS-initial-mark: 183788K(554368K)] 400418K(803776K), 0.0952790 secs] [Times: user=0.10 sys=0.00, real=0.10 secs] 
3410.570: [CMS-concurrent-mark-start]
3410.806: [CMS-concurrent-mark: 0.237/0.237 secs] [Times: user=0.23 sys=0.00, real=0.23 secs] 
3410.806: [CMS-concurrent-preclean-start]
3410.807: [CMS-concurrent-preclean: 0.001/0.001 secs] [Times: user=0.00 sys=0.00, real=0.00 secs] 
3410.807: [CMS-concurrent-abortable-preclean-start]
 CMS: abort preclean due to time 3415.883: [CMS-concurrent-abortable-preclean: 0.070/5.076 secs] [Times: user=0.10 sys=0.00, real=5.08 secs] 
3415.883: [GC[YG occupancy: 216732 K (249408 K)]3415.884: [Rescan (parallel) , 0.1635290 secs]3416.047: [weak refs processing, 0.0000220 secs]3416.047: [scrub string table, 0.0015940 secs] [1 CMS-remark: 183788K(554368K)] 400521K(803776K), 0.1652860 secs] [Times: user=0.41 sys=0.00, real=0.17 secs] 
3416.049: [CMS-concurrent-sweep-start]
3416.142: [CMS-concurrent-sweep: 0.093/0.093 secs] [Times: user=0.09 sys=0.00, real=0.09 secs] 
3416.142: [CMS-concurrent-reset-start]
3416.144: [CMS-concurrent-reset: 0.001/0.001 secs] [Times: user=0.00 sys=0.00, real=0.00 secs] 
3418.144: [GC [1 CMS-initial-mark: 183788K(554368K)] 400537K(803776K), 0.0818580 secs] [Times: user=0.09 sys=0.00, real=0.08 secs] 
3418.226: [CMS-concurrent-mark-start]
3418.499: [CMS-concurrent-mark: 0.273/0.273 secs] [Times: user=0.27 sys=0.00, real=0.27 secs] 
3418.499: [CMS-concurrent-preclean-start]
3418.500: [CMS-concurrent-preclean: 0.001/0.001 secs] [Times: user=0.00 sys=0.00, real=0.01 secs] 
3418.500: [CMS-concurrent-abortable-preclean-start]
 CMS: abort preclean due to time 3423.596: [CMS-concurrent-abortable-preclean: 0.086/5.095 secs] [Times: user=0.11 sys=0.00, real=5.09 secs] 
3423.596: [GC[YG occupancy: 216767 K (249408 K)]3423.596: [Rescan (parallel) , 0.1192920 secs]3423.715: [weak refs processing, 0.0000160 secs]3423.715: [scrub string table, 0.0010550 secs] [1 CMS-remark: 183788K(554368K)] 400555K(803776K), 0.1204590 secs] [Times: user=0.44 sys=0.00, real=0.12 secs] 
3423.717: [CMS-concurrent-sweep-start]
3423.776: [CMS-concurrent-sweep: 0.059/0.059 secs] [Times: user=0.06 sys=0.00, real=0.06 secs] 
3423.776: [CMS-concurrent-reset-start]
3423.777: [CMS-concurrent-reset: 0.001/0.001 secs] [Times: user=0.00 sys=0.00, real=0.00 secs] 
3425.778: [GC [1 CMS-initial-mark: 183788K(554368K)] 400580K(803776K), 0.0763430 secs] [Times: user=0.08 sys=0.00, real=0.08 secs] 
3425.854: [CMS-concurrent-mark-start]
3426.149: [CMS-concurrent-mark: 0.295/0.295 secs] [Times: user=0.29 sys=0.00, real=0.30 secs] 
3426.149: [CMS-concurrent-preclean-start]
3426.151: [CMS-concurrent-preclean: 0.001/0.001 secs] [Times: user=0.00 sys=0.00, real=0.00 secs] 
3426.151: [CMS-concurrent-abortable-preclean-start]
 CMS: abort preclean due to time 3431.225: [CMS-concurrent-abortable-preclean: 0.069/5.074 secs] [Times: user=0.08 sys=0.01, real=5.07 secs] 
3431.225: [GC[YG occupancy: 217021 K (249408 K)]3431.225: [Rescan (parallel) , 0.1265240 secs]3431.352: [weak refs processing, 0.0000110 secs]3431.352: [scrub string table, 0.0011210 secs] [1 CMS-remark: 183788K(554368K)] 400810K(803776K), 0.1277330 secs] [Times: user=0.48 sys=0.00, real=0.13 secs] 
3431.353: [CMS-concurrent-sweep-start]
3431.412: [CMS-concurrent-sweep: 0.058/0.058 secs] [Times: user=0.06 sys=0.00, real=0.06 secs] 
3431.412: [CMS-concurrent-reset-start]
3431.413: [CMS-concurrent-reset: 0.001/0.001 secs] [Times: user=0.00 sys=0.00, real=0.00 secs] 
3433.414: [GC [1 CMS-initial-mark: 183788K(554368K)] 400818K(803776K), 0.1001400 secs] [Times: user=0.10 sys=0.00, real=0.10 secs] 
3433.514: [CMS-concurrent-mark-start]
3433.742: [CMS-concurrent-mark: 0.228/0.228 secs] [Times: user=0.22 sys=0.01, real=0.23 secs] 
3433.743: [CMS-concurrent-preclean-start]
3433.744: [CMS-concurrent-preclean: 0.001/0.001 secs] [Times: user=0.00 sys=0.00, real=0.00 secs] 
3433.744: [CMS-concurrent-abortable-preclean-start]
 CMS: abort preclean due to time 3438.822: [CMS-concurrent-abortable-preclean: 0.072/5.078 secs] [Times: user=0.09 sys=0.01, real=5.08 secs] 
3438.822: [GC[YG occupancy: 217048 K (249408 K)]3438.822: [Rescan (parallel) , 0.1401150 secs]3438.962: [weak refs processing, 0.0000120 secs]3438.962: [scrub string table, 0.0009280 secs] [1 CMS-remark: 183788K(554368K)] 400836K(803776K), 0.1411310 secs] [Times: user=0.49 sys=0.00, real=0.14 secs] 
3438.963: [CMS-concurrent-sweep-start]
3439.025: [CMS-concurrent-sweep: 0.062/0.062 secs] [Times: user=0.06 sys=0.00, real=0.06 secs] 
3439.025: [CMS-concurrent-reset-start]
3439.026: [CMS-concurrent-reset: 0.001/0.001 secs] [Times: user=0.01 sys=0.00, real=0.00 secs] 
3441.027: [GC [1 CMS-initial-mark: 183788K(554368K)] 400843K(803776K), 0.0889830 secs] [Times: user=0.09 sys=0.00, real=0.09 secs] 
3441.116: [CMS-concurrent-mark-start]
3441.352: [CMS-concurrent-mark: 0.236/0.236 secs] [Times: user=0.23 sys=0.00, real=0.24 secs] 
3441.352: [CMS-concurrent-preclean-start]
3441.353: [CMS-concurrent-preclean: 0.001/0.001 secs] [Times: user=0.01 sys=0.00, real=0.00 secs] 
3441.353: [CMS-concurrent-abortable-preclean-start]
 CMS: abort preclean due to time 3446.428: [CMS-concurrent-abortable-preclean: 0.069/5.075 secs] [Times: user=0.09 sys=0.02, real=5.08 secs] 
3446.428: [GC[YG occupancy: 219853 K (249408 K)]3446.428: [Rescan (parallel) , 0.1675800 secs]3446.596: [weak refs processing, 0.0000390 secs]3446.596: [scrub string table, 0.0022220 secs] [1 CMS-remark: 183788K(554368K)] 403642K(803776K), 0.1700400 secs] [Times: user=0.48 sys=0.01, real=0.16 secs] 
3446.598: [CMS-concurrent-sweep-start]
3446.664: [CMS-concurrent-sweep: 0.066/0.066 secs] [Times: user=0.07 sys=0.00, real=0.07 secs] 
3446.664: [CMS-concurrent-reset-start]
3446.666: [CMS-concurrent-reset: 0.001/0.001 secs] [Times: user=0.00 sys=0.00, real=0.00 secs] 
3448.666: [GC [1 CMS-initial-mark: 183788K(554368K)] 403669K(803776K), 0.1083430 secs] [Times: user=0.11 sys=0.00, real=0.11 secs] 
3448.775: [CMS-concurrent-mark-start]
3449.156: [CMS-concurrent-mark: 0.381/0.381 secs] [Times: user=0.38 sys=0.00, real=0.38 secs] 
3449.156: [CMS-concurrent-preclean-start]
3449.157: [CMS-concurrent-preclean: 0.001/0.001 secs] [Times: user=0.00 sys=0.00, real=0.00 secs] 
3449.157: [CMS-concurrent-abortable-preclean-start]
 CMS: abort preclean due to time 3454.232: [CMS-concurrent-abortable-preclean: 0.070/5.075 secs] [Times: user=0.09 sys=0.00, real=5.08 secs] 
3454.233: [GC[YG occupancy: 219880 K (249408 K)]3454.233: [Rescan (parallel) , 0.1757240 secs]3454.409: [weak refs processing, 0.0000170 secs]3454.409: [scrub string table, 0.0012210 secs] [1 CMS-remark: 183788K(554368K)] 403669K(803776K), 0.1770500 secs] [Times: user=0.48 sys=0.02, real=0.18 secs] 
3454.410: [CMS-concurrent-sweep-start]
3454.518: [CMS-concurrent-sweep: 0.108/0.108 secs] [Times: user=0.11 sys=0.00, real=0.10 secs] 
3454.518: [CMS-concurrent-reset-start]
3454.519: [CMS-concurrent-reset: 0.001/0.001 secs] [Times: user=0.00 sys=0.00, real=0.01 secs] 
3456.520: [GC [1 CMS-initial-mark: 183788K(554368K)] 403676K(803776K), 0.0764930 secs] [Times: user=0.07 sys=0.00, real=0.07 secs] 
3456.597: [CMS-concurrent-mark-start]
3456.837: [CMS-concurrent-mark: 0.240/0.240 secs] [Times: user=0.25 sys=0.00, real=0.24 secs] 
3456.837: [CMS-concurrent-preclean-start]
3456.838: [CMS-concurrent-preclean: 0.001/0.001 secs] [Times: user=0.00 sys=0.00, real=0.00 secs] 
3456.838: [CMS-concurrent-abortable-preclean-start]
 CMS: abort preclean due to time 3461.931: [CMS-concurrent-abortable-preclean: 0.087/5.093 secs] [Times: user=0.10 sys=0.01, real=5.10 secs] 
3461.932: [GC[YG occupancy: 219927 K (249408 K)]3461.932: [Rescan (parallel) , 0.1290520 secs]3462.061: [weak refs processing, 0.0000140 secs]3462.061: [scrub string table, 0.0011730 secs] [1 CMS-remark: 183788K(554368K)] 403716K(803776K), 0.1303330 secs] [Times: user=0.49 sys=0.00, real=0.13 secs] 
3462.062: [CMS-concurrent-sweep-start]
3462.123: [CMS-concurrent-sweep: 0.061/0.061 secs] [Times: user=0.07 sys=0.00, real=0.06 secs] 
3462.123: [CMS-concurrent-reset-start]
3462.124: [CMS-concurrent-reset: 0.001/0.001 secs] [Times: user=0.00 sys=0.00, real=0.00 secs] 
3464.125: [GC [1 CMS-initial-mark: 183788K(554368K)] 403734K(803776K), 0.0754800 secs] [Times: user=0.07 sys=0.00, real=0.08 secs] 
3464.200: [CMS-concurrent-mark-start]
3464.439: [CMS-concurrent-mark: 0.239/0.239 secs] [Times: user=0.24 sys=0.00, real=0.23 secs] 
3464.439: [CMS-concurrent-preclean-start]
3464.440: [CMS-concurrent-preclean: 0.001/0.001 secs] [Times: user=0.01 sys=0.00, real=0.01 secs] 
3464.440: [CMS-concurrent-abortable-preclean-start]
 CMS: abort preclean due to time 3469.522: [CMS-concurrent-abortable-preclean: 0.075/5.082 secs] [Times: user=0.08 sys=0.01, real=5.08 secs] 
3469.523: [GC[YG occupancy: 219970 K (249408 K)]3469.524: [Rescan (parallel) , 0.1275530 secs]3469.651: [weak refs processing, 0.0000110 secs]3469.651: [scrub string table, 0.0009210 secs] [1 CMS-remark: 183788K(554368K)] 403759K(803776K), 0.1295770 secs] [Times: user=0.49 sys=0.02, real=0.13 secs] 
3469.653: [CMS-concurrent-sweep-start]
3469.713: [CMS-concurrent-sweep: 0.061/0.061 secs] [Times: user=0.06 sys=0.00, real=0.06 secs] 
3469.713: [CMS-concurrent-reset-start]
3469.714: [CMS-concurrent-reset: 0.001/0.001 secs] [Times: user=0.00 sys=0.00, real=0.00 secs] 
3471.715: [GC [1 CMS-initial-mark: 183788K(554368K)] 403759K(803776K), 0.1086730 secs] [Times: user=0.11 sys=0.00, real=0.11 secs] 
3471.824: [CMS-concurrent-mark-start]
3472.056: [CMS-concurrent-mark: 0.232/0.232 secs] [Times: user=0.23 sys=0.00, real=0.23 secs] 
3472.056: [CMS-concurrent-preclean-start]
3472.057: [CMS-concurrent-preclean: 0.001/0.001 secs] [Times: user=0.00 sys=0.00, real=0.00 secs] 
3472.057: [CMS-concurrent-abortable-preclean-start]
 CMS: abort preclean due to time 3477.141: [CMS-concurrent-abortable-preclean: 0.078/5.084 secs] [Times: user=0.10 sys=0.00, real=5.09 secs] 
3477.142: [GC[YG occupancy: 220006 K (249408 K)]3477.142: [Rescan (parallel) , 0.1497960 secs]3477.292: [weak refs processing, 0.0000140 secs]3477.292: [scrub string table, 0.0008920 secs] [1 CMS-remark: 183788K(554368K)] 403795K(803776K), 0.1507780 secs] [Times: user=0.50 sys=0.01, real=0.15 secs] 
3477.293: [CMS-concurrent-sweep-start]
3477.377: [CMS-concurrent-sweep: 0.084/0.084 secs] [Times: user=0.09 sys=0.00, real=0.08 secs] 
3477.377: [CMS-concurrent-reset-start]
3477.378: [CMS-concurrent-reset: 0.001/0.001 secs] [Times: user=0.00 sys=0.00, real=0.00 secs] 
3479.379: [GC [1 CMS-initial-mark: 183788K(554368K)] 403795K(803776K), 0.0751620 secs] [Times: user=0.08 sys=0.00, real=0.08 secs] 
3479.454: [CMS-concurrent-mark-start]
3479.685: [CMS-concurrent-mark: 0.231/0.231 secs] [Times: user=0.22 sys=0.00, real=0.23 secs] 
3479.685: [CMS-concurrent-preclean-start]
3479.686: [CMS-concurrent-preclean: 0.001/0.001 secs] [Times: user=0.01 sys=0.00, real=0.00 secs] 
3479.686: [CMS-concurrent-abortable-preclean-start]
 CMS: abort preclean due to time 3484.785: [CMS-concurrent-abortable-preclean: 0.093/5.099 secs] [Times: user=0.11 sys=0.01, real=5.10 secs] 
3484.786: [GC[YG occupancy: 220025 K (249408 K)]3484.786: [Rescan (parallel) , 0.1363800 secs]3484.922: [weak refs processing, 0.0000200 secs]3484.922: [scrub string table, 0.0008720 secs] [1 CMS-remark: 183788K(554368K)] 403813K(803776K), 0.1373580 secs] [Times: user=0.51 sys=0.00, real=0.14 secs] 
3484.923: [CMS-concurrent-sweep-start]
3484.982: [CMS-concurrent-sweep: 0.059/0.059 secs] [Times: user=0.06 sys=0.00, real=0.06 secs] 
3484.982: [CMS-concurrent-reset-start]
3484.983: [CMS-concurrent-reset: 0.001/0.001 secs] [Times: user=0.00 sys=0.00, real=0.00 secs] 
3486.984: [GC [1 CMS-initial-mark: 183788K(554368K)] 403820K(803776K), 0.0757750 secs] [Times: user=0.08 sys=0.00, real=0.07 secs] 
3487.060: [CMS-concurrent-mark-start]
3487.288: [CMS-concurrent-mark: 0.229/0.229 secs] [Times: user=0.23 sys=0.00, real=0.24 secs] 
3487.289: [CMS-concurrent-preclean-start]
3487.290: [CMS-concurrent-preclean: 0.001/0.001 secs] [Times: user=0.00 sys=0.00, real=0.00 secs] 
3487.290: [CMS-concurrent-abortable-preclean-start]
 CMS: abort preclean due to time 3492.323: [CMS-concurrent-abortable-preclean: 0.085/5.034 secs] [Times: user=0.10 sys=0.01, real=5.03 secs] 
3492.324: [GC[YG occupancy: 220683 K (249408 K)]3492.324: [Rescan (parallel) , 0.1308400 secs]3492.455: [weak refs processing, 0.0000100 secs]3492.455: [scrub string table, 0.0008900 secs] [1 CMS-remark: 183788K(554368K)] 404472K(803776K), 0.1318390 secs] [Times: user=0.51 sys=0.00, real=0.13 secs] 
3492.456: [CMS-concurrent-sweep-start]
3492.513: [CMS-concurrent-sweep: 0.058/0.058 secs] [Times: user=0.06 sys=0.00, real=0.06 secs] 
3492.513: [CMS-concurrent-reset-start]
3492.514: [CMS-concurrent-reset: 0.001/0.001 secs] [Times: user=0.00 sys=0.00, real=0.00 secs] 
3494.515: [GC [1 CMS-initial-mark: 183788K(554368K)] 404474K(803776K), 0.0752300 secs] [Times: user=0.07 sys=0.00, real=0.08 secs] 
3494.590: [CMS-concurrent-mark-start]
3494.831: [CMS-concurrent-mark: 0.240/0.240 secs] [Times: user=0.25 sys=0.00, real=0.24 secs] 
3494.831: [CMS-concurrent-preclean-start]
3494.832: [CMS-concurrent-preclean: 0.001/0.001 secs] [Times: user=0.00 sys=0.00, real=0.00 secs] 
3494.832: [CMS-concurrent-abortable-preclean-start]
 CMS: abort preclean due to time 3499.919: [CMS-concurrent-abortable-preclean: 0.081/5.088 secs] [Times: user=0.10 sys=0.01, real=5.08 secs] 
3499.920: [GC[YG occupancy: 220711 K (249408 K)]3499.920: [Rescan (parallel) , 0.1514240 secs]3500.071: [weak refs processing, 0.0000120 secs]3500.071: [scrub string table, 0.0009950 secs] [1 CMS-remark: 183788K(554368K)] 404500K(803776K), 0.1525190 secs] [Times: user=0.46 sys=0.00, real=0.15 secs] 
3500.072: [CMS-concurrent-sweep-start]
3500.136: [CMS-concurrent-sweep: 0.064/0.064 secs] [Times: user=0.07 sys=0.00, real=0.06 secs] 
3500.136: [CMS-concurrent-reset-start]
3500.137: [CMS-concurrent-reset: 0.001/0.001 secs] [Times: user=0.00 sys=0.00, real=0.00 secs] 
3501.400: [GC3501.400: [ParNew: 221696K->25343K(249408K), 0.0109560 secs] 405484K->209132K(803776K), 0.0110840 secs] [Times: user=0.04 sys=0.00, real=0.01 secs] 
5457.432: [GC5457.432: [ParNew: 247039K->27712K(249408K), 0.0241410 secs] 430828K->212090K(803776K), 0.0242530 secs] [Times: user=0.07 sys=0.00, real=0.02 secs] 
5457.736: [GC5457.736: [ParNew: 249408K->27712K(249408K), 0.0686800 secs] 433786K->269183K(803776K), 0.0687820 secs] [Times: user=0.23 sys=0.00, real=0.07 secs] 
5458.076: [GC5458.076: [ParNew: 249408K->27712K(249408K), 0.0881680 secs] 490879K->356753K(803776K), 0.0882740 secs] [Times: user=0.29 sys=0.00, real=0.09 secs] 
5458.559: [GC5458.559: [ParNew: 249408K->27712K(249408K), 0.1053520 secs] 578449K->404821K(803776K), 0.1057190 secs] [Times: user=0.32 sys=0.00, real=0.11 secs] 
5459.060: [GC5459.060: [ParNew: 239272K->27712K(249408K), 0.1016050 secs] 616382K->448732K(803776K), 0.1017180 secs] [Times: user=0.32 sys=0.00, real=0.10 secs] 
5459.189: [GC [1 CMS-initial-mark: 421020K(554368K)] 552794K(803776K), 0.0181200 secs] [Times: user=0.02 sys=0.00, real=0.01 secs] 
5459.207: [CMS-concurrent-mark-start]
5459.467: [GC5459.467: [ParNew: 249408K->27663K(249408K), 0.0882810 secs] 670428K->578739K(803776K), 0.0883850 secs] [Times: user=0.29 sys=0.00, real=0.09 secs] 
5459.724: [CMS-concurrent-mark: 0.428/0.517 secs] [Times: user=1.22 sys=0.25, real=0.52 secs] 
5459.724: [CMS-concurrent-preclean-start]
5459.732: [CMS-concurrent-preclean: 0.007/0.008 secs] [Times: user=0.01 sys=0.01, real=0.01 secs] 
5459.732: [CMS-concurrent-abortable-preclean-start]
5459.732: [CMS-concurrent-abortable-preclean: 0.000/0.000 secs] [Times: user=0.00 sys=0.00, real=0.00 secs] 
5459.732: [GC[YG occupancy: 107157 K (249408 K)]5459.732: [Rescan (parallel) , 0.0559980 secs]5459.788: [weak refs processing, 0.0000300 secs]5459.788: [scrub string table, 0.0009660 secs] [1 CMS-remark: 551076K(554368K)] 658233K(803776K), 0.0570810 secs] [Times: user=0.21 sys=0.00, real=0.06 secs] 
5459.790: [CMS-concurrent-sweep-start]
5459.945: [CMS-concurrent-sweep: 0.155/0.155 secs] [Times: user=0.34 sys=0.09, real=0.15 secs] 
5459.945: [CMS-concurrent-reset-start]
5459.950: [CMS-concurrent-reset: 0.004/0.004 secs] [Times: user=0.01 sys=0.00, real=0.01 secs] 
5460.045: [Full GC5460.045: [CMS: 473468K->184208K(554368K), 0.6784130 secs] 713114K->184208K(803776K), [CMS Perm : 77609K->77429K(131072K)], 0.6785270 secs] [Times: user=0.68 sys=0.00, real=0.68 secs] 
5464.487: [GC5464.487: [ParNew: 221696K->27712K(249408K), 0.0583910 secs] 405904K->239197K(803776K), 0.0585150 secs] [Times: user=0.16 sys=0.00, real=0.06 secs] 
5465.111: [GC5465.111: [ParNew: 249408K->27712K(249408K), 0.1300110 secs] 460893K->308651K(803776K), 0.1301050 secs] [Times: user=0.29 sys=0.00, real=0.13 secs] 
5465.826: [GC5465.826: [ParNew: 249408K->27712K(249408K), 0.1518370 secs] 530347K->395852K(803776K), 0.1519630 secs] [Times: user=0.29 sys=0.00, real=0.15 secs] 
5465.979: [GC [1 CMS-initial-mark: 368140K(554368K)] 399640K(803776K), 0.0291980 secs] [Times: user=0.03 sys=0.00, real=0.04 secs] 
5466.008: [CMS-concurrent-mark-start]
5466.533: [CMS-concurrent-mark: 0.525/0.525 secs] [Times: user=0.88 sys=0.15, real=0.52 secs] 
5466.533: [CMS-concurrent-preclean-start]
5466.551: [CMS-concurrent-preclean: 0.017/0.017 secs] [Times: user=0.03 sys=0.00, real=0.02 secs] 
5466.551: [CMS-concurrent-abortable-preclean-start]
5466.971: [GC5466.971: [ParNew: 249408K->27712K(249408K), 0.1510300 secs] 617548K->445013K(803776K), 0.1511560 secs] [Times: user=0.38 sys=0.00, real=0.15 secs] 
5467.585: [CMS-concurrent-abortable-preclean: 0.782/1.035 secs] [Times: user=1.77 sys=0.35, real=1.03 secs] 
5467.589: [GC[YG occupancy: 228094 K (249408 K)]5467.589: [Rescan (parallel) , 0.0675070 secs]5467.656: [weak refs processing, 0.0000650 secs]5467.656: [scrub string table, 0.0029470 secs] [1 CMS-remark: 417301K(554368K)] 645395K(803776K), 0.0707000 secs] [Times: user=0.19 sys=0.00, real=0.06 secs] 
5467.660: [CMS-concurrent-sweep-start]
5467.740: [GC5467.740: [ParNew: 249408K->27712K(249408K), 0.1238770 secs] 666707K->575083K(803776K), 0.1239910 secs] [Times: user=0.29 sys=0.00, real=0.12 secs] 
5467.976: [CMS-concurrent-sweep: 0.191/0.315 secs] [Times: user=0.61 sys=0.07, real=0.31 secs] 
5467.976: [CMS-concurrent-reset-start]
5467.977: [CMS-concurrent-reset: 0.001/0.001 secs] [Times: user=0.01 sys=0.00, real=0.00 secs] 
5468.430: [Full GC5468.430: [CMS: 506857K->184211K(554368K), 0.9357670 secs] 712120K->184211K(803776K), [CMS Perm : 77438K->77438K(131072K)], 0.9358790 secs] [Times: user=0.94 sys=0.00, real=0.93 secs] 
5469.377: [GC [1 CMS-initial-mark: 184211K(554368K)] 187964K(803776K), 0.0103050 secs] [Times: user=0.01 sys=0.00, real=0.02 secs] 
5469.388: [CMS-concurrent-mark-start]
5469.799: [CMS-concurrent-mark: 0.411/0.411 secs] [Times: user=0.36 sys=0.00, real=0.40 secs] 
5469.799: [CMS-concurrent-preclean-start]
5469.801: [CMS-concurrent-preclean: 0.001/0.001 secs] [Times: user=0.00 sys=0.00, real=0.01 secs] 
5469.801: [CMS-concurrent-abortable-preclean-start]
 CMS: abort preclean due to time 5474.862: [CMS-concurrent-abortable-preclean: 0.072/5.061 secs] [Times: user=0.09 sys=0.01, real=5.06 secs] 
5474.863: [GC[YG occupancy: 3810 K (249408 K)]5474.863: [Rescan (parallel) , 0.0061810 secs]5474.869: [weak refs processing, 0.0000110 secs]5474.869: [scrub string table, 0.0008700 secs] [1 CMS-remark: 184211K(554368K)] 188022K(803776K), 0.0071540 secs] [Times: user=0.02 sys=0.00, real=0.01 secs] 
5474.870: [CMS-concurrent-sweep-start]
5474.943: [CMS-concurrent-sweep: 0.073/0.073 secs] [Times: user=0.08 sys=0.00, real=0.07 secs] 
5474.943: [CMS-concurrent-reset-start]
5474.944: [CMS-concurrent-reset: 0.001/0.001 secs] [Times: user=0.00 sys=0.00, real=0.00 secs] 
5476.945: [GC [1 CMS-initial-mark: 184208K(554368K)] 188075K(803776K), 0.0057390 secs] [Times: user=0.00 sys=0.00, real=0.01 secs] 
5476.951: [CMS-concurrent-mark-start]
5477.176: [CMS-concurrent-mark: 0.226/0.226 secs] [Times: user=0.23 sys=0.00, real=0.22 secs] 
5477.176: [CMS-concurrent-preclean-start]
5477.177: [CMS-concurrent-preclean: 0.001/0.001 secs] [Times: user=0.00 sys=0.00, real=0.00 secs] 
5477.177: [CMS-concurrent-abortable-preclean-start]
 CMS: abort preclean due to time 5482.257: [CMS-concurrent-abortable-preclean: 0.073/5.079 secs] [Times: user=0.10 sys=0.00, real=5.08 secs] 
5482.257: [GC[YG occupancy: 7895 K (249408 K)]5482.257: [Rescan (parallel) , 0.0060550 secs]5482.263: [weak refs processing, 0.0000140 secs]5482.264: [scrub string table, 0.0008870 secs] [1 CMS-remark: 184208K(554368K)] 192103K(803776K), 0.0070350 secs] [Times: user=0.03 sys=0.00, real=0.01 secs] 
5482.265: [CMS-concurrent-sweep-start]
5482.322: [CMS-concurrent-sweep: 0.058/0.058 secs] [Times: user=0.06 sys=0.00, real=0.06 secs] 
5482.322: [CMS-concurrent-reset-start]
5482.323: [CMS-concurrent-reset: 0.001/0.001 secs] [Times: user=0.00 sys=0.00, real=0.00 secs] 
5484.324: [GC [1 CMS-initial-mark: 184204K(554368K)] 192162K(803776K), 0.0129460 secs] [Times: user=0.02 sys=0.00, real=0.01 secs] 
5484.337: [CMS-concurrent-mark-start]
5484.592: [CMS-concurrent-mark: 0.255/0.255 secs] [Times: user=0.26 sys=0.00, real=0.26 secs] 
5484.592: [CMS-concurrent-preclean-start]
5484.594: [CMS-concurrent-preclean: 0.001/0.001 secs] [Times: user=0.00 sys=0.00, real=0.00 secs] 
5484.594: [CMS-concurrent-abortable-preclean-start]
 CMS: abort preclean due to time 5489.676: [CMS-concurrent-abortable-preclean: 0.076/5.083 secs] [Times: user=0.08 sys=0.01, real=5.08 secs] 
5489.677: [GC[YG occupancy: 7957 K (249408 K)]5489.677: [Rescan (parallel) , 0.0062010 secs]5489.683: [weak refs processing, 0.0000220 secs]5489.683: [scrub string table, 0.0008660 secs] [1 CMS-remark: 184204K(554368K)] 192162K(803776K), 0.0071640 secs] [Times: user=0.02 sys=0.00, real=0.01 secs] 
5489.684: [CMS-concurrent-sweep-start]
5489.742: [CMS-concurrent-sweep: 0.058/0.058 secs] [Times: user=0.06 sys=0.00, real=0.06 secs] 
5489.742: [CMS-concurrent-reset-start]
5489.743: [CMS-concurrent-reset: 0.001/0.001 secs] [Times: user=0.00 sys=0.00, real=0.00 secs] 
5491.744: [GC [1 CMS-initial-mark: 184180K(554368K)] 192148K(803776K), 0.0068750 secs] [Times: user=0.01 sys=0.00, real=0.01 secs] 
5491.751: [CMS-concurrent-mark-start]
5492.077: [CMS-concurrent-mark: 0.326/0.326 secs] [Times: user=0.33 sys=0.00, real=0.32 secs] 
5492.077: [CMS-concurrent-preclean-start]
5492.078: [CMS-concurrent-preclean: 0.001/0.001 secs] [Times: user=0.00 sys=0.00, real=0.00 secs] 
5492.078: [CMS-concurrent-abortable-preclean-start]
 CMS: abort preclean due to time 5497.158: [CMS-concurrent-abortable-preclean: 0.073/5.079 secs] [Times: user=0.10 sys=0.00, real=5.08 secs] 
5497.158: [GC[YG occupancy: 8075 K (249408 K)]5497.158: [Rescan (parallel) , 0.0083920 secs]5497.166: [weak refs processing, 0.0000180 secs]5497.166: [scrub string table, 0.0012080 secs] [1 CMS-remark: 184180K(554368K)] 192255K(803776K), 0.0096970 secs] [Times: user=0.03 sys=0.00, real=0.02 secs] 
5497.168: [CMS-concurrent-sweep-start]
5497.238: [CMS-concurrent-sweep: 0.070/0.070 secs] [Times: user=0.07 sys=0.00, real=0.06 secs] 
5497.238: [CMS-concurrent-reset-start]
5497.239: [CMS-concurrent-reset: 0.001/0.001 secs] [Times: user=0.01 sys=0.00, real=0.00 secs] 
5499.240: [GC [1 CMS-initial-mark: 184180K(554368K)] 192255K(803776K), 0.0090030 secs] [Times: user=0.01 sys=0.00, real=0.01 secs] 
5499.249: [CMS-concurrent-mark-start]
5499.482: [CMS-concurrent-mark: 0.233/0.233 secs] [Times: user=0.24 sys=0.00, real=0.23 secs] 
5499.482: [CMS-concurrent-preclean-start]
5499.483: [CMS-concurrent-preclean: 0.001/0.001 secs] [Times: user=0.00 sys=0.00, real=0.00 secs] 
5499.483: [CMS-concurrent-abortable-preclean-start]
 CMS: abort preclean due to time 5504.518: [CMS-concurrent-abortable-preclean: 0.078/5.035 secs] [Times: user=0.12 sys=0.01, real=5.03 secs] 
5504.518: [GC[YG occupancy: 13703 K (249408 K)]5504.518: [Rescan (parallel) , 0.0472830 secs]5504.565: [weak refs processing, 0.0000210 secs]5504.565: [scrub string table, 0.0015970 secs] [1 CMS-remark: 184180K(554368K)] 197883K(803776K), 0.0490010 secs] [Times: user=0.05 sys=0.00, real=0.05 secs] 
5504.568: [CMS-concurrent-sweep-start]
5504.699: [CMS-concurrent-sweep: 0.131/0.131 secs] [Times: user=0.11 sys=0.00, real=0.13 secs] 
5504.699: [CMS-concurrent-reset-start]
5504.700: [CMS-concurrent-reset: 0.001/0.001 secs] [Times: user=0.00 sys=0.00, real=0.01 secs] 
5506.700: [GC [1 CMS-initial-mark: 184179K(554368K)] 198161K(803776K), 0.0111140 secs] [Times: user=0.01 sys=0.00, real=0.01 secs] 
5506.712: [CMS-concurrent-mark-start]
5507.069: [CMS-concurrent-mark: 0.357/0.357 secs] [Times: user=0.35 sys=0.00, real=0.36 secs] 
5507.069: [CMS-concurrent-preclean-start]
5507.071: [CMS-concurrent-preclean: 0.002/0.002 secs] [Times: user=0.01 sys=0.00, real=0.00 secs] 
5507.071: [CMS-concurrent-abortable-preclean-start]
 CMS: abort preclean due to time 5512.097: [CMS-concurrent-abortable-preclean: 0.092/5.026 secs] [Times: user=0.12 sys=0.00, real=5.02 secs] 
5512.097: [GC[YG occupancy: 14096 K (249408 K)]5512.097: [Rescan (parallel) , 0.0103020 secs]5512.108: [weak refs processing, 0.0000260 secs]5512.108: [scrub string table, 0.0014160 secs] [1 CMS-remark: 184179K(554368K)] 198275K(803776K), 0.0118470 secs] [Times: user=0.03 sys=0.00, real=0.02 secs] 
5512.109: [CMS-concurrent-sweep-start]
5512.200: [CMS-concurrent-sweep: 0.091/0.091 secs] [Times: user=0.09 sys=0.00, real=0.09 secs] 
5512.200: [CMS-concurrent-reset-start]
5512.202: [CMS-concurrent-reset: 0.002/0.002 secs] [Times: user=0.00 sys=0.00, real=0.00 secs] 
5514.172: [GC [1 CMS-initial-mark: 184161K(554368K)] 198278K(803776K), 0.0177620 secs] [Times: user=0.02 sys=0.00, real=0.02 secs] 
5514.190: [CMS-concurrent-mark-start]
5514.748: [CMS-concurrent-mark: 0.558/0.558 secs] [Times: user=0.47 sys=0.00, real=0.56 secs] 
5514.748: [CMS-concurrent-preclean-start]
5514.750: [CMS-concurrent-preclean: 0.002/0.002 secs] [Times: user=0.01 sys=0.00, real=0.00 secs] 
