Java HotSpot(TM) 64-Bit Server VM (24.79-b02) for linux-amd64 JRE (1.7.0_79-b15), built on Apr 10 2015 11:34:48 by "java_re" with gcc 4.3.0 20080428 (Red Hat 4.3.0-8)
Memory: 4k page, physical 8079404k(865624k free), swap 3999740k(3399060k free)
CommandLine flags: -XX:+HeapDumpOnOutOfMemoryError -XX:HeapDumpPath=/sw/jboss/jboss-eap-5.2/domains/prod1/log/gclog/java_pid.hprof -XX:InitialHeapSize=536870912 -XX:MaxHeapSize=851443712 -XX:MaxNewSize=283815936 -XX:MaxPermSize=268435456 -XX:MaxTenuringThreshold=6 -XX:NewSize=283815936 -XX:OldPLABSize=16 -XX:OldSize=567627776 -XX:PermSize=134217728 -XX:+PrintGC -XX:+PrintGCTimeStamps -XX:ThreadStackSize=256 -XX:+UseCompressedOops -XX:+UseConcMarkSweepGC -XX:+UseParNewGC 
4.314: [GC 221696K->30750K(496576K), 0.0519750 secs]
7.027: [GC 252446K->63873K(496576K), 0.2317480 secs]
8.078: [Full GC 144275K->65610K(496576K), 0.2193480 secs]
10.525: [GC 287306K->95193K(496576K), 0.0439640 secs]
12.214: [GC 316889K->105220K(496576K), 0.0711730 secs]
13.487: [GC 326916K->144246K(496576K), 0.1702070 secs]
17.163: [GC 365942K->174410K(496576K), 0.1058630 secs]
17.272: [GC 178803K(496576K), 0.0187310 secs]
18.325: [GC 285793K(496576K), 0.0760710 secs]
19.054: [GC 388332K->186757K(496576K), 0.1237670 secs]
20.440: [GC 408453K->205326K(496576K), 0.0954250 secs]
21.523: [GC 427022K->221600K(496576K), 0.0790330 secs]
21.605: [GC 226054K(496576K), 0.0111660 secs]
23.988: [GC 443296K->241564K(496576K), 0.1372040 secs]
24.733: [GC 372120K(496576K), 0.1146410 secs]
25.890: [GC 439253K->239510K(565820K), 0.0661540 secs]
30.445: [GC 461206K->243724K(565820K), 0.0713400 secs]
34.138: [GC 465420K->273432K(565820K), 0.2536430 secs]
34.397: [GC 277975K(565820K), 0.0285660 secs]
40.700: [GC 330541K(565820K), 0.0854130 secs]
42.967: [GC 453837K->263076K(590124K), 0.1289860 secs]
49.351: [GC 484772K->289645K(590124K), 0.1743950 secs]
49.526: [GC 293817K(590124K), 0.0292570 secs]
55.361: [GC 322335K(590124K), 0.0515310 secs]
