Java HotSpot(TM) 64-Bit Server VM (24.79-b02) for linux-amd64 JRE (1.7.0_79-b15), built on Apr 10 2015 11:34:48 by "java_re" with gcc 4.3.0 20080428 (Red Hat 4.3.0-8)
Memory: 4k page, physical 8079404k(1399144k free), swap 3999740k(522492k free)
CommandLine flags: -XX:+HeapDumpOnOutOfMemoryError -XX:HeapDumpPath=/sw/jboss/jboss-eap-5.2/domains/prod1/log/gclog/java_pid.hprof -XX:InitialHeapSize=536870912 -XX:MaxHeapSize=851443712 -XX:MaxPermSize=268435456 -XX:PermSize=134217728 -XX:+PrintGC -XX:+PrintGCDetails -XX:+PrintGCTimeStamps -XX:+PrintHeapAtGC -XX:ThreadStackSize=256 -XX:+UseCompressedOops -XX:+UseParallelGC -XX:+UseParallelOldGC 
{Heap before GC invocations=1 (full 0):
 PSYoungGen      total 153600K, used 132096K [0x00000000ef100000, 0x00000000f9c00000, 0x0000000100000000)
  eden space 132096K, 100% used [0x00000000ef100000,0x00000000f7200000,0x00000000f7200000)
  from space 21504K, 0% used [0x00000000f8700000,0x00000000f8700000,0x00000000f9c00000)
  to   space 21504K, 0% used [0x00000000f7200000,0x00000000f7200000,0x00000000f8700000)
 ParOldGen       total 349696K, used 0K [0x00000000cd400000, 0x00000000e2980000, 0x00000000ef100000)
  object space 349696K, 0% used [0x00000000cd400000,0x00000000cd400000,0x00000000e2980000)
 PSPermGen       total 131072K, used 17007K [0x00000000bd400000, 0x00000000c5400000, 0x00000000cd400000)
  object space 131072K, 12% used [0x00000000bd400000,0x00000000be49be28,0x00000000c5400000)
2.308: [GC [PSYoungGen: 132096K->21492K(153600K)] 132096K->24004K(503296K), 0.0273800 secs] [Times: user=0.07 sys=0.02, real=0.02 secs] 
Heap after GC invocations=1 (full 0):
 PSYoungGen      total 153600K, used 21492K [0x00000000ef100000, 0x0000000100000000, 0x0000000100000000)
  eden space 132096K, 0% used [0x00000000ef100000,0x00000000ef100000,0x00000000f7200000)
  from space 21504K, 99% used [0x00000000f7200000,0x00000000f86fd1e0,0x00000000f8700000)
  to   space 21504K, 0% used [0x00000000feb00000,0x00000000feb00000,0x0000000100000000)
 ParOldGen       total 349696K, used 2512K [0x00000000cd400000, 0x00000000e2980000, 0x00000000ef100000)
  object space 349696K, 0% used [0x00000000cd400000,0x00000000cd674020,0x00000000e2980000)
 PSPermGen       total 131072K, used 17007K [0x00000000bd400000, 0x00000000c5400000, 0x00000000cd400000)
  object space 131072K, 12% used [0x00000000bd400000,0x00000000be49be28,0x00000000c5400000)
}
{Heap before GC invocations=2 (full 0):
 PSYoungGen      total 153600K, used 153588K [0x00000000ef100000, 0x0000000100000000, 0x0000000100000000)
  eden space 132096K, 100% used [0x00000000ef100000,0x00000000f7200000,0x00000000f7200000)
  from space 21504K, 99% used [0x00000000f7200000,0x00000000f86fd1e0,0x00000000f8700000)
  to   space 21504K, 0% used [0x00000000feb00000,0x00000000feb00000,0x0000000100000000)
 ParOldGen       total 349696K, used 2512K [0x00000000cd400000, 0x00000000e2980000, 0x00000000ef100000)
  object space 349696K, 0% used [0x00000000cd400000,0x00000000cd674020,0x00000000e2980000)
 PSPermGen       total 131072K, used 19616K [0x00000000bd400000, 0x00000000c5400000, 0x00000000cd400000)
  object space 131072K, 14% used [0x00000000bd400000,0x00000000be7283c8,0x00000000c5400000)
3.625: [GC [PSYoungGen: 153588K->21482K(256000K)] 156100K->26190K(605696K), 0.0315070 secs] [Times: user=0.07 sys=0.04, real=0.04 secs] 
Heap after GC invocations=2 (full 0):
 PSYoungGen      total 256000K, used 21482K [0x00000000ef100000, 0x0000000100000000, 0x0000000100000000)
  eden space 234496K, 0% used [0x00000000ef100000,0x00000000ef100000,0x00000000fd600000)
  from space 21504K, 99% used [0x00000000feb00000,0x00000000ffffa888,0x0000000100000000)
  to   space 21504K, 0% used [0x00000000fd600000,0x00000000fd600000,0x00000000feb00000)
 ParOldGen       total 349696K, used 4708K [0x00000000cd400000, 0x00000000e2980000, 0x00000000ef100000)
  object space 349696K, 1% used [0x00000000cd400000,0x00000000cd8992c0,0x00000000e2980000)
 PSPermGen       total 131072K, used 19616K [0x00000000bd400000, 0x00000000c5400000, 0x00000000cd400000)
  object space 131072K, 14% used [0x00000000bd400000,0x00000000be7283c8,0x00000000c5400000)
}
{Heap before GC invocations=3 (full 0):
 PSYoungGen      total 256000K, used 255978K [0x00000000ef100000, 0x0000000100000000, 0x0000000100000000)
  eden space 234496K, 100% used [0x00000000ef100000,0x00000000fd600000,0x00000000fd600000)
  from space 21504K, 99% used [0x00000000feb00000,0x00000000ffffa888,0x0000000100000000)
  to   space 21504K, 0% used [0x00000000fd600000,0x00000000fd600000,0x00000000feb00000)
 ParOldGen       total 349696K, used 4708K [0x00000000cd400000, 0x00000000e2980000, 0x00000000ef100000)
  object space 349696K, 1% used [0x00000000cd400000,0x00000000cd8992c0,0x00000000e2980000)
 PSPermGen       total 131072K, used 23487K [0x00000000bd400000, 0x00000000c5400000, 0x00000000cd400000)
  object space 131072K, 17% used [0x00000000bd400000,0x00000000beaeff00,0x00000000c5400000)
5.823: [GC [PSYoungGen: 255978K->21481K(256000K)] 260686K->73492K(605696K), 0.1558080 secs] [Times: user=0.22 sys=0.24, real=0.16 secs] 
Heap after GC invocations=3 (full 0):
 PSYoungGen      total 256000K, used 21481K [0x00000000ef100000, 0x0000000100000000, 0x0000000100000000)
  eden space 234496K, 0% used [0x00000000ef100000,0x00000000ef100000,0x00000000fd600000)
  from space 21504K, 99% used [0x00000000fd600000,0x00000000feafa438,0x00000000feb00000)
  to   space 21504K, 0% used [0x00000000feb00000,0x00000000feb00000,0x0000000100000000)
 ParOldGen       total 349696K, used 52011K [0x00000000cd400000, 0x00000000e2980000, 0x00000000ef100000)
  object space 349696K, 14% used [0x00000000cd400000,0x00000000d06cad10,0x00000000e2980000)
 PSPermGen       total 131072K, used 23487K [0x00000000bd400000, 0x00000000c5400000, 0x00000000cd400000)
  object space 131072K, 17% used [0x00000000bd400000,0x00000000beaeff00,0x00000000c5400000)
}
{Heap before GC invocations=4 (full 0):
 PSYoungGen      total 256000K, used 36873K [0x00000000ef100000, 0x0000000100000000, 0x0000000100000000)
  eden space 234496K, 6% used [0x00000000ef100000,0x00000000f0008340,0x00000000fd600000)
  from space 21504K, 99% used [0x00000000fd600000,0x00000000feafa438,0x00000000feb00000)
  to   space 21504K, 0% used [0x00000000feb00000,0x00000000feb00000,0x0000000100000000)
 ParOldGen       total 349696K, used 52011K [0x00000000cd400000, 0x00000000e2980000, 0x00000000ef100000)
  object space 349696K, 14% used [0x00000000cd400000,0x00000000d06cad10,0x00000000e2980000)
 PSPermGen       total 131072K, used 24608K [0x00000000bd400000, 0x00000000c5400000, 0x00000000cd400000)
  object space 131072K, 18% used [0x00000000bd400000,0x00000000bec08318,0x00000000c5400000)
6.124: [GC [PSYoungGen: 36873K->21477K(256000K)] 88885K->74537K(605696K), 0.0381430 secs] [Times: user=0.11 sys=0.00, real=0.04 secs] 
Heap after GC invocations=4 (full 0):
 PSYoungGen      total 256000K, used 21477K [0x00000000ef100000, 0x0000000100000000, 0x0000000100000000)
  eden space 234496K, 0% used [0x00000000ef100000,0x00000000ef100000,0x00000000fd600000)
  from space 21504K, 99% used [0x00000000feb00000,0x00000000ffff9628,0x0000000100000000)
  to   space 21504K, 0% used [0x00000000fd600000,0x00000000fd600000,0x00000000feb00000)
 ParOldGen       total 349696K, used 53060K [0x00000000cd400000, 0x00000000e2980000, 0x00000000ef100000)
  object space 349696K, 15% used [0x00000000cd400000,0x00000000d07d1140,0x00000000e2980000)
 PSPermGen       total 131072K, used 24608K [0x00000000bd400000, 0x00000000c5400000, 0x00000000cd400000)
  object space 131072K, 18% used [0x00000000bd400000,0x00000000bec08318,0x00000000c5400000)
}
{Heap before GC invocations=5 (full 1):
 PSYoungGen      total 256000K, used 21477K [0x00000000ef100000, 0x0000000100000000, 0x0000000100000000)
  eden space 234496K, 0% used [0x00000000ef100000,0x00000000ef100000,0x00000000fd600000)
  from space 21504K, 99% used [0x00000000feb00000,0x00000000ffff9628,0x0000000100000000)
  to   space 21504K, 0% used [0x00000000fd600000,0x00000000fd600000,0x00000000feb00000)
 ParOldGen       total 349696K, used 53060K [0x00000000cd400000, 0x00000000e2980000, 0x00000000ef100000)
  object space 349696K, 15% used [0x00000000cd400000,0x00000000d07d1140,0x00000000e2980000)
 PSPermGen       total 131072K, used 24608K [0x00000000bd400000, 0x00000000c5400000, 0x00000000cd400000)
  object space 131072K, 18% used [0x00000000bd400000,0x00000000bec08318,0x00000000c5400000)
6.162: [Full GC [PSYoungGen: 21477K->0K(256000K)] [ParOldGen: 53060K->62952K(349696K)] 74537K->62952K(605696K) [PSPermGen: 24608K->24593K(131072K)], 0.3124450 secs] [Times: user=0.92 sys=0.04, real=0.31 secs] 
Heap after GC invocations=5 (full 1):
 PSYoungGen      total 256000K, used 0K [0x00000000ef100000, 0x0000000100000000, 0x0000000100000000)
  eden space 234496K, 0% used [0x00000000ef100000,0x00000000ef100000,0x00000000fd600000)
  from space 21504K, 0% used [0x00000000feb00000,0x00000000feb00000,0x0000000100000000)
  to   space 21504K, 0% used [0x00000000fd600000,0x00000000fd600000,0x00000000feb00000)
 ParOldGen       total 349696K, used 62952K [0x00000000cd400000, 0x00000000e2980000, 0x00000000ef100000)
  object space 349696K, 18% used [0x00000000cd400000,0x00000000d117a270,0x00000000e2980000)
 PSPermGen       total 131072K, used 24593K [0x00000000bd400000, 0x00000000c5400000, 0x00000000cd400000)
  object space 131072K, 18% used [0x00000000bd400000,0x00000000bec04690,0x00000000c5400000)
}
{Heap before GC invocations=6 (full 1):
 PSYoungGen      total 256000K, used 234496K [0x00000000ef100000, 0x0000000100000000, 0x0000000100000000)
  eden space 234496K, 100% used [0x00000000ef100000,0x00000000fd600000,0x00000000fd600000)
  from space 21504K, 0% used [0x00000000feb00000,0x00000000feb00000,0x0000000100000000)
  to   space 21504K, 0% used [0x00000000fd600000,0x00000000fd600000,0x00000000feb00000)
 ParOldGen       total 349696K, used 62952K [0x00000000cd400000, 0x00000000e2980000, 0x00000000ef100000)
  object space 349696K, 18% used [0x00000000cd400000,0x00000000d117a270,0x00000000e2980000)
 PSPermGen       total 131072K, used 28745K [0x00000000bd400000, 0x00000000c5400000, 0x00000000cd400000)
  object space 131072K, 21% used [0x00000000bd400000,0x00000000bf012610,0x00000000c5400000)
8.289: [GC [PSYoungGen: 234496K->19360K(256000K)] 297448K->82313K(605696K), 0.0212840 secs] [Times: user=0.07 sys=0.00, real=0.02 secs] 
Heap after GC invocations=6 (full 1):
 PSYoungGen      total 256000K, used 19360K [0x00000000ef100000, 0x0000000100000000, 0x0000000100000000)
  eden space 234496K, 0% used [0x00000000ef100000,0x00000000ef100000,0x00000000fd600000)
  from space 21504K, 90% used [0x00000000fd600000,0x00000000fe8e8358,0x00000000feb00000)
  to   space 21504K, 0% used [0x00000000feb00000,0x00000000feb00000,0x0000000100000000)
 ParOldGen       total 349696K, used 62952K [0x00000000cd400000, 0x00000000e2980000, 0x00000000ef100000)
  object space 349696K, 18% used [0x00000000cd400000,0x00000000d117a270,0x00000000e2980000)
 PSPermGen       total 131072K, used 28745K [0x00000000bd400000, 0x00000000c5400000, 0x00000000cd400000)
  object space 131072K, 21% used [0x00000000bd400000,0x00000000bf012610,0x00000000c5400000)
}
{Heap before GC invocations=7 (full 1):
 PSYoungGen      total 256000K, used 253856K [0x00000000ef100000, 0x0000000100000000, 0x0000000100000000)
  eden space 234496K, 100% used [0x00000000ef100000,0x00000000fd600000,0x00000000fd600000)
  from space 21504K, 90% used [0x00000000fd600000,0x00000000fe8e8358,0x00000000feb00000)
  to   space 21504K, 0% used [0x00000000feb00000,0x00000000feb00000,0x0000000100000000)
 ParOldGen       total 349696K, used 62952K [0x00000000cd400000, 0x00000000e2980000, 0x00000000ef100000)
  object space 349696K, 18% used [0x00000000cd400000,0x00000000d117a270,0x00000000e2980000)
 PSPermGen       total 131072K, used 33005K [0x00000000bd400000, 0x00000000c5400000, 0x00000000cd400000)
  object space 131072K, 25% used [0x00000000bd400000,0x00000000bf43b688,0x00000000c5400000)
9.637: [GC [PSYoungGen: 253856K->21485K(180224K)] 316809K->93533K(529920K), 0.0393350 secs] [Times: user=0.12 sys=0.01, real=0.04 secs] 
Heap after GC invocations=7 (full 1):
 PSYoungGen      total 180224K, used 21485K [0x00000000ef100000, 0x0000000100000000, 0x0000000100000000)
  eden space 158720K, 0% used [0x00000000ef100000,0x00000000ef100000,0x00000000f8c00000)
  from space 21504K, 99% used [0x00000000feb00000,0x00000000ffffb438,0x0000000100000000)
  to   space 59392K, 0% used [0x00000000f8c00000,0x00000000f8c00000,0x00000000fc600000)
 ParOldGen       total 349696K, used 72048K [0x00000000cd400000, 0x00000000e2980000, 0x00000000ef100000)
  object space 349696K, 20% used [0x00000000cd400000,0x00000000d1a5c188,0x00000000e2980000)
 PSPermGen       total 131072K, used 33005K [0x00000000bd400000, 0x00000000c5400000, 0x00000000cd400000)
  object space 131072K, 25% used [0x00000000bd400000,0x00000000bf43b688,0x00000000c5400000)
}
{Heap before GC invocations=8 (full 1):
 PSYoungGen      total 180224K, used 180205K [0x00000000ef100000, 0x0000000100000000, 0x0000000100000000)
  eden space 158720K, 100% used [0x00000000ef100000,0x00000000f8c00000,0x00000000f8c00000)
  from space 21504K, 99% used [0x00000000feb00000,0x00000000ffffb438,0x0000000100000000)
  to   space 59392K, 0% used [0x00000000f8c00000,0x00000000f8c00000,0x00000000fc600000)
 ParOldGen       total 349696K, used 72048K [0x00000000cd400000, 0x00000000e2980000, 0x00000000ef100000)
  object space 349696K, 20% used [0x00000000cd400000,0x00000000d1a5c188,0x00000000e2980000)
 PSPermGen       total 131072K, used 33323K [0x00000000bd400000, 0x00000000c5400000, 0x00000000cd400000)
  object space 131072K, 25% used [0x00000000bd400000,0x00000000bf48ac58,0x00000000c5400000)
10.187: [GC [PSYoungGen: 180205K->57562K(216576K)] 252253K->129610K(566272K), 0.0438780 secs] [Times: user=0.14 sys=0.00, real=0.05 secs] 
Heap after GC invocations=8 (full 1):
 PSYoungGen      total 216576K, used 57562K [0x00000000ef100000, 0x0000000100000000, 0x0000000100000000)
  eden space 158720K, 0% used [0x00000000ef100000,0x00000000ef100000,0x00000000f8c00000)
  from space 57856K, 99% used [0x00000000f8c00000,0x00000000fc436a48,0x00000000fc480000)
  to   space 60928K, 0% used [0x00000000fc480000,0x00000000fc480000,0x0000000100000000)
 ParOldGen       total 349696K, used 72048K [0x00000000cd400000, 0x00000000e2980000, 0x00000000ef100000)
  object space 349696K, 20% used [0x00000000cd400000,0x00000000d1a5c188,0x00000000e2980000)
 PSPermGen       total 131072K, used 33323K [0x00000000bd400000, 0x00000000c5400000, 0x00000000cd400000)
  object space 131072K, 25% used [0x00000000bd400000,0x00000000bf48ac58,0x00000000c5400000)
}
{Heap before GC invocations=9 (full 1):
 PSYoungGen      total 216576K, used 216282K [0x00000000ef100000, 0x0000000100000000, 0x0000000100000000)
  eden space 158720K, 100% used [0x00000000ef100000,0x00000000f8c00000,0x00000000f8c00000)
  from space 57856K, 99% used [0x00000000f8c00000,0x00000000fc436a48,0x00000000fc480000)
  to   space 60928K, 0% used [0x00000000fc480000,0x00000000fc480000,0x0000000100000000)
 ParOldGen       total 349696K, used 72048K [0x00000000cd400000, 0x00000000e2980000, 0x00000000ef100000)
  object space 349696K, 20% used [0x00000000cd400000,0x00000000d1a5c188,0x00000000e2980000)
 PSPermGen       total 131072K, used 35038K [0x00000000bd400000, 0x00000000c5400000, 0x00000000cd400000)
  object space 131072K, 26% used [0x00000000bd400000,0x00000000bf637850,0x00000000c5400000)
12.828: [GC [PSYoungGen: 216282K->60915K(179712K)] 288330K->141259K(529408K), 0.0632860 secs] [Times: user=0.20 sys=0.02, real=0.06 secs] 
Heap after GC invocations=9 (full 1):
 PSYoungGen      total 179712K, used 60915K [0x00000000ef100000, 0x0000000100000000, 0x0000000100000000)
  eden space 118784K, 0% used [0x00000000ef100000,0x00000000ef100000,0x00000000f6500000)
  from space 60928K, 99% used [0x00000000fc480000,0x00000000ffffcd90,0x0000000100000000)
  to   space 79360K, 0% used [0x00000000f6500000,0x00000000f6500000,0x00000000fb280000)
 ParOldGen       total 349696K, used 80343K [0x00000000cd400000, 0x00000000e2980000, 0x00000000ef100000)
  object space 349696K, 22% used [0x00000000cd400000,0x00000000d2275e70,0x00000000e2980000)
 PSPermGen       total 131072K, used 35038K [0x00000000bd400000, 0x00000000c5400000, 0x00000000cd400000)
  object space 131072K, 26% used [0x00000000bd400000,0x00000000bf637850,0x00000000c5400000)
}
{Heap before GC invocations=10 (full 1):
 PSYoungGen      total 179712K, used 179699K [0x00000000ef100000, 0x0000000100000000, 0x0000000100000000)
  eden space 118784K, 100% used [0x00000000ef100000,0x00000000f6500000,0x00000000f6500000)
  from space 60928K, 99% used [0x00000000fc480000,0x00000000ffffcd90,0x0000000100000000)
  to   space 79360K, 0% used [0x00000000f6500000,0x00000000f6500000,0x00000000fb280000)
 ParOldGen       total 349696K, used 80343K [0x00000000cd400000, 0x00000000e2980000, 0x00000000ef100000)
  object space 349696K, 22% used [0x00000000cd400000,0x00000000d2275e70,0x00000000e2980000)
 PSPermGen       total 131072K, used 35971K [0x00000000bd400000, 0x00000000c5400000, 0x00000000cd400000)
  object space 131072K, 27% used [0x00000000bd400000,0x00000000bf720e28,0x00000000c5400000)
13.863: [GC [PSYoungGen: 179699K->59030K(178176K)] 260043K->150499K(527872K), 0.0627460 secs] [Times: user=0.20 sys=0.02, real=0.06 secs] 
Heap after GC invocations=10 (full 1):
 PSYoungGen      total 178176K, used 59030K [0x00000000ef100000, 0x0000000100000000, 0x0000000100000000)
  eden space 118784K, 0% used [0x00000000ef100000,0x00000000ef100000,0x00000000f6500000)
  from space 59392K, 99% used [0x00000000f6500000,0x00000000f9ea5be8,0x00000000f9f00000)
  to   space 82944K, 0% used [0x00000000faf00000,0x00000000faf00000,0x0000000100000000)
 ParOldGen       total 349696K, used 91468K [0x00000000cd400000, 0x00000000e2980000, 0x00000000ef100000)
  object space 349696K, 26% used [0x00000000cd400000,0x00000000d2d53380,0x00000000e2980000)
 PSPermGen       total 131072K, used 35971K [0x00000000bd400000, 0x00000000c5400000, 0x00000000cd400000)
  object space 131072K, 27% used [0x00000000bd400000,0x00000000bf720e28,0x00000000c5400000)
}
{Heap before GC invocations=11 (full 1):
 PSYoungGen      total 178176K, used 177814K [0x00000000ef100000, 0x0000000100000000, 0x0000000100000000)
  eden space 118784K, 100% used [0x00000000ef100000,0x00000000f6500000,0x00000000f6500000)
  from space 59392K, 99% used [0x00000000f6500000,0x00000000f9ea5be8,0x00000000f9f00000)
  to   space 82944K, 0% used [0x00000000faf00000,0x00000000faf00000,0x0000000100000000)
 ParOldGen       total 349696K, used 91468K [0x00000000cd400000, 0x00000000e2980000, 0x00000000ef100000)
  object space 349696K, 26% used [0x00000000cd400000,0x00000000d2d53380,0x00000000e2980000)
 PSPermGen       total 131072K, used 35993K [0x00000000bd400000, 0x00000000c5400000, 0x00000000cd400000)
  object space 131072K, 27% used [0x00000000bd400000,0x00000000bf726610,0x00000000c5400000)
14.501: [GC [PSYoungGen: 177814K->34542K(197120K)] 269283K->164139K(546816K), 0.0929230 secs] [Times: user=0.18 sys=0.12, real=0.09 secs] 
Heap after GC invocations=11 (full 1):
 PSYoungGen      total 197120K, used 34542K [0x00000000ef100000, 0x0000000100000000, 0x0000000100000000)
  eden space 114176K, 0% used [0x00000000ef100000,0x00000000ef100000,0x00000000f6080000)
  from space 82944K, 41% used [0x00000000faf00000,0x00000000fd0bb840,0x0000000100000000)
  to   space 80384K, 0% used [0x00000000f6080000,0x00000000f6080000,0x00000000faf00000)
 ParOldGen       total 349696K, used 129597K [0x00000000cd400000, 0x00000000e2980000, 0x00000000ef100000)
  object space 349696K, 37% used [0x00000000cd400000,0x00000000d528f6d8,0x00000000e2980000)
 PSPermGen       total 131072K, used 35993K [0x00000000bd400000, 0x00000000c5400000, 0x00000000cd400000)
  object space 131072K, 27% used [0x00000000bd400000,0x00000000bf726610,0x00000000c5400000)
}
{Heap before GC invocations=12 (full 1):
 PSYoungGen      total 197120K, used 148718K [0x00000000ef100000, 0x0000000100000000, 0x0000000100000000)
  eden space 114176K, 100% used [0x00000000ef100000,0x00000000f6080000,0x00000000f6080000)
  from space 82944K, 41% used [0x00000000faf00000,0x00000000fd0bb840,0x0000000100000000)
  to   space 80384K, 0% used [0x00000000f6080000,0x00000000f6080000,0x00000000faf00000)
 ParOldGen       total 349696K, used 129597K [0x00000000cd400000, 0x00000000e2980000, 0x00000000ef100000)
  object space 349696K, 37% used [0x00000000cd400000,0x00000000d528f6d8,0x00000000e2980000)
 PSPermGen       total 131072K, used 36143K [0x00000000bd400000, 0x00000000c5400000, 0x00000000cd400000)
  object space 131072K, 27% used [0x00000000bd400000,0x00000000bf74be00,0x00000000c5400000)
15.163: [GC [PSYoungGen: 148718K->20790K(135168K)] 278315K->164583K(484864K), 0.0342740 secs] [Times: user=0.06 sys=0.04, real=0.04 secs] 
Heap after GC invocations=12 (full 1):
 PSYoungGen      total 135168K, used 20790K [0x00000000ef100000, 0x00000000ffc80000, 0x0000000100000000)
  eden space 114176K, 0% used [0x00000000ef100000,0x00000000ef100000,0x00000000f6080000)
  from space 20992K, 99% used [0x00000000f6080000,0x00000000f74cda98,0x00000000f7500000)
  to   space 79872K, 0% used [0x00000000fae80000,0x00000000fae80000,0x00000000ffc80000)
 ParOldGen       total 349696K, used 143793K [0x00000000cd400000, 0x00000000e2980000, 0x00000000ef100000)
  object space 349696K, 41% used [0x00000000cd400000,0x00000000d606c560,0x00000000e2980000)
 PSPermGen       total 131072K, used 36143K [0x00000000bd400000, 0x00000000c5400000, 0x00000000cd400000)
  object space 131072K, 27% used [0x00000000bd400000,0x00000000bf74be00,0x00000000c5400000)
}
{Heap before GC invocations=13 (full 1):
 PSYoungGen      total 135168K, used 134966K [0x00000000ef100000, 0x00000000ffc80000, 0x0000000100000000)
  eden space 114176K, 100% used [0x00000000ef100000,0x00000000f6080000,0x00000000f6080000)
  from space 20992K, 99% used [0x00000000f6080000,0x00000000f74cda98,0x00000000f7500000)
  to   space 79872K, 0% used [0x00000000fae80000,0x00000000fae80000,0x00000000ffc80000)
 ParOldGen       total 349696K, used 143793K [0x00000000cd400000, 0x00000000e2980000, 0x00000000ef100000)
  object space 349696K, 41% used [0x00000000cd400000,0x00000000d606c560,0x00000000e2980000)
 PSPermGen       total 131072K, used 36267K [0x00000000bd400000, 0x00000000c5400000, 0x00000000cd400000)
  object space 131072K, 27% used [0x00000000bd400000,0x00000000bf76ac40,0x00000000c5400000)
15.627: [GC [PSYoungGen: 134966K->10819K(193536K)] 278759K->164597K(543232K), 0.0236350 secs] [Times: user=0.05 sys=0.03, real=0.03 secs] 
Heap after GC invocations=13 (full 1):
 PSYoungGen      total 193536K, used 10819K [0x00000000ef100000, 0x0000000100000000, 0x0000000100000000)
  eden space 113664K, 0% used [0x00000000ef100000,0x00000000ef100000,0x00000000f6000000)
  from space 79872K, 13% used [0x00000000fae80000,0x00000000fb910f50,0x00000000ffc80000)
  to   space 80384K, 0% used [0x00000000f6000000,0x00000000f6000000,0x00000000fae80000)
 ParOldGen       total 349696K, used 153777K [0x00000000cd400000, 0x00000000e2980000, 0x00000000ef100000)
  object space 349696K, 43% used [0x00000000cd400000,0x00000000d6a2c570,0x00000000e2980000)
 PSPermGen       total 131072K, used 36267K [0x00000000bd400000, 0x00000000c5400000, 0x00000000cd400000)
  object space 131072K, 27% used [0x00000000bd400000,0x00000000bf76ac40,0x00000000c5400000)
}
{Heap before GC invocations=14 (full 1):
 PSYoungGen      total 193536K, used 124483K [0x00000000ef100000, 0x0000000100000000, 0x0000000100000000)
  eden space 113664K, 100% used [0x00000000ef100000,0x00000000f6000000,0x00000000f6000000)
  from space 79872K, 13% used [0x00000000fae80000,0x00000000fb910f50,0x00000000ffc80000)
  to   space 80384K, 0% used [0x00000000f6000000,0x00000000f6000000,0x00000000fae80000)
 ParOldGen       total 349696K, used 153777K [0x00000000cd400000, 0x00000000e2980000, 0x00000000ef100000)
  object space 349696K, 43% used [0x00000000cd400000,0x00000000d6a2c570,0x00000000e2980000)
 PSPermGen       total 131072K, used 36335K [0x00000000bd400000, 0x00000000c5400000, 0x00000000cd400000)
  object space 131072K, 27% used [0x00000000bd400000,0x00000000bf77bd48,0x00000000c5400000)
16.017: [GC [PSYoungGen: 124483K->11007K(194048K)] 278261K->173602K(543744K), 0.0166100 secs] [Times: user=0.02 sys=0.02, real=0.01 secs] 
Heap after GC invocations=14 (full 1):
 PSYoungGen      total 194048K, used 11007K [0x00000000ef100000, 0x00000000fff80000, 0x0000000100000000)
  eden space 113664K, 0% used [0x00000000ef100000,0x00000000ef100000,0x00000000f6000000)
  from space 80384K, 13% used [0x00000000f6000000,0x00000000f6abfc20,0x00000000fae80000)
  to   space 79872K, 0% used [0x00000000fb180000,0x00000000fb180000,0x00000000fff80000)
 ParOldGen       total 349696K, used 162595K [0x00000000cd400000, 0x00000000e2980000, 0x00000000ef100000)
  object space 349696K, 46% used [0x00000000cd400000,0x00000000d72c8e28,0x00000000e2980000)
 PSPermGen       total 131072K, used 36335K [0x00000000bd400000, 0x00000000c5400000, 0x00000000cd400000)
  object space 131072K, 27% used [0x00000000bd400000,0x00000000bf77bd48,0x00000000c5400000)
}
{Heap before GC invocations=15 (full 1):
 PSYoungGen      total 194048K, used 124671K [0x00000000ef100000, 0x00000000fff80000, 0x0000000100000000)
  eden space 113664K, 100% used [0x00000000ef100000,0x00000000f6000000,0x00000000f6000000)
  from space 80384K, 13% used [0x00000000f6000000,0x00000000f6abfc20,0x00000000fae80000)
  to   space 79872K, 0% used [0x00000000fb180000,0x00000000fb180000,0x00000000fff80000)
 ParOldGen       total 349696K, used 162595K [0x00000000cd400000, 0x00000000e2980000, 0x00000000ef100000)
  object space 349696K, 46% used [0x00000000cd400000,0x00000000d72c8e28,0x00000000e2980000)
 PSPermGen       total 131072K, used 36400K [0x00000000bd400000, 0x00000000c5400000, 0x00000000cd400000)
  object space 131072K, 27% used [0x00000000bd400000,0x00000000bf78c138,0x00000000c5400000)
16.322: [GC [PSYoungGen: 124671K->10380K(196096K)] 287266K->181789K(545792K), 0.0154150 secs] [Times: user=0.03 sys=0.01, real=0.02 secs] 
Heap after GC invocations=15 (full 1):
 PSYoungGen      total 196096K, used 10380K [0x00000000ef100000, 0x00000000ffe80000, 0x0000000100000000)
  eden space 117248K, 0% used [0x00000000ef100000,0x00000000ef100000,0x00000000f6380000)
  from space 78848K, 13% used [0x00000000fb180000,0x00000000fbba3300,0x00000000ffe80000)
  to   space 79360K, 0% used [0x00000000f6380000,0x00000000f6380000,0x00000000fb100000)
 ParOldGen       total 349696K, used 171408K [0x00000000cd400000, 0x00000000e2980000, 0x00000000ef100000)
  object space 349696K, 49% used [0x00000000cd400000,0x00000000d7b64308,0x00000000e2980000)
 PSPermGen       total 131072K, used 36400K [0x00000000bd400000, 0x00000000c5400000, 0x00000000cd400000)
  object space 131072K, 27% used [0x00000000bd400000,0x00000000bf78c138,0x00000000c5400000)
}
{Heap before GC invocations=16 (full 1):
 PSYoungGen      total 196096K, used 127628K [0x00000000ef100000, 0x00000000ffe80000, 0x0000000100000000)
  eden space 117248K, 100% used [0x00000000ef100000,0x00000000f6380000,0x00000000f6380000)
  from space 78848K, 13% used [0x00000000fb180000,0x00000000fbba3300,0x00000000ffe80000)
  to   space 79360K, 0% used [0x00000000f6380000,0x00000000f6380000,0x00000000fb100000)
 ParOldGen       total 349696K, used 171408K [0x00000000cd400000, 0x00000000e2980000, 0x00000000ef100000)
  object space 349696K, 49% used [0x00000000cd400000,0x00000000d7b64308,0x00000000e2980000)
 PSPermGen       total 131072K, used 36482K [0x00000000bd400000, 0x00000000c5400000, 0x00000000cd400000)
  object space 131072K, 27% used [0x00000000bd400000,0x00000000bf7a0960,0x00000000c5400000)
16.634: [GC [PSYoungGen: 127628K->11867K(196608K)] 299037K->191592K(546304K), 0.0211240 secs] [Times: user=0.05 sys=0.02, real=0.02 secs] 
Heap after GC invocations=16 (full 1):
 PSYoungGen      total 196608K, used 11867K [0x00000000ef100000, 0x00000000ffd80000, 0x0000000100000000)
  eden space 117248K, 0% used [0x00000000ef100000,0x00000000ef100000,0x00000000f6380000)
  from space 79360K, 14% used [0x00000000f6380000,0x00000000f6f16f98,0x00000000fb100000)
  to   space 77824K, 0% used [0x00000000fb180000,0x00000000fb180000,0x00000000ffd80000)
 ParOldGen       total 349696K, used 179724K [0x00000000cd400000, 0x00000000e2980000, 0x00000000ef100000)
  object space 349696K, 51% used [0x00000000cd400000,0x00000000d83832a8,0x00000000e2980000)
 PSPermGen       total 131072K, used 36482K [0x00000000bd400000, 0x00000000c5400000, 0x00000000cd400000)
  object space 131072K, 27% used [0x00000000bd400000,0x00000000bf7a0960,0x00000000c5400000)
}
{Heap before GC invocations=17 (full 1):
 PSYoungGen      total 196608K, used 129115K [0x00000000ef100000, 0x00000000ffd80000, 0x0000000100000000)
  eden space 117248K, 100% used [0x00000000ef100000,0x00000000f6380000,0x00000000f6380000)
  from space 79360K, 14% used [0x00000000f6380000,0x00000000f6f16f98,0x00000000fb100000)
  to   space 77824K, 0% used [0x00000000fb180000,0x00000000fb180000,0x00000000ffd80000)
 ParOldGen       total 349696K, used 179724K [0x00000000cd400000, 0x00000000e2980000, 0x00000000ef100000)
  object space 349696K, 51% used [0x00000000cd400000,0x00000000d83832a8,0x00000000e2980000)
 PSPermGen       total 131072K, used 39973K [0x00000000bd400000, 0x00000000c5400000, 0x00000000cd400000)
  object space 131072K, 30% used [0x00000000bd400000,0x00000000bfb09660,0x00000000c5400000)
17.512: [GC [PSYoungGen: 129115K->18853K(193024K)] 308840K->208330K(542720K), 0.0246030 secs] [Times: user=0.07 sys=0.00, real=0.03 secs] 
Heap after GC invocations=17 (full 1):
 PSYoungGen      total 193024K, used 18853K [0x00000000ef100000, 0x00000000ff880000, 0x0000000100000000)
  eden space 120320K, 0% used [0x00000000ef100000,0x00000000ef100000,0x00000000f6680000)
  from space 72704K, 25% used [0x00000000fb180000,0x00000000fc3e9478,0x00000000ff880000)
  to   space 74752K, 0% used [0x00000000f6680000,0x00000000f6680000,0x00000000faf80000)
 ParOldGen       total 349696K, used 189477K [0x00000000cd400000, 0x00000000e2980000, 0x00000000ef100000)
  object space 349696K, 54% used [0x00000000cd400000,0x00000000d8d096d8,0x00000000e2980000)
 PSPermGen       total 131072K, used 39973K [0x00000000bd400000, 0x00000000c5400000, 0x00000000cd400000)
  object space 131072K, 30% used [0x00000000bd400000,0x00000000bfb09660,0x00000000c5400000)
}
{Heap before GC invocations=18 (full 1):
 PSYoungGen      total 193024K, used 139173K [0x00000000ef100000, 0x00000000ff880000, 0x0000000100000000)
  eden space 120320K, 100% used [0x00000000ef100000,0x00000000f6680000,0x00000000f6680000)
  from space 72704K, 25% used [0x00000000fb180000,0x00000000fc3e9478,0x00000000ff880000)
  to   space 74752K, 0% used [0x00000000f6680000,0x00000000f6680000,0x00000000faf80000)
 ParOldGen       total 349696K, used 189477K [0x00000000cd400000, 0x00000000e2980000, 0x00000000ef100000)
  object space 349696K, 54% used [0x00000000cd400000,0x00000000d8d096d8,0x00000000e2980000)
 PSPermGen       total 131072K, used 40311K [0x00000000bd400000, 0x00000000c5400000, 0x00000000cd400000)
  object space 131072K, 30% used [0x00000000bd400000,0x00000000bfb5de10,0x00000000c5400000)
17.941: [GC [PSYoungGen: 139173K->1286K(195072K)] 328650K->206865K(544768K), 0.0253400 secs] [Times: user=0.05 sys=0.02, real=0.02 secs] 
Heap after GC invocations=18 (full 1):
 PSYoungGen      total 195072K, used 1286K [0x00000000ef100000, 0x0000000100000000, 0x0000000100000000)
  eden space 120320K, 0% used [0x00000000ef100000,0x00000000ef100000,0x00000000f6680000)
  from space 74752K, 1% used [0x00000000f6680000,0x00000000f67c18f0,0x00000000faf80000)
  to   space 74752K, 0% used [0x00000000fb700000,0x00000000fb700000,0x0000000100000000)
 ParOldGen       total 349696K, used 205579K [0x00000000cd400000, 0x00000000e2980000, 0x00000000ef100000)
  object space 349696K, 58% used [0x00000000cd400000,0x00000000d9cc2c40,0x00000000e2980000)
 PSPermGen       total 131072K, used 40311K [0x00000000bd400000, 0x00000000c5400000, 0x00000000cd400000)
  object space 131072K, 30% used [0x00000000bd400000,0x00000000bfb5de10,0x00000000c5400000)
}
{Heap before GC invocations=19 (full 1):
 PSYoungGen      total 195072K, used 121606K [0x00000000ef100000, 0x0000000100000000, 0x0000000100000000)
  eden space 120320K, 100% used [0x00000000ef100000,0x00000000f6680000,0x00000000f6680000)
  from space 74752K, 1% used [0x00000000f6680000,0x00000000f67c18f0,0x00000000faf80000)
  to   space 74752K, 0% used [0x00000000fb700000,0x00000000fb700000,0x0000000100000000)
 ParOldGen       total 349696K, used 205579K [0x00000000cd400000, 0x00000000e2980000, 0x00000000ef100000)
  object space 349696K, 58% used [0x00000000cd400000,0x00000000d9cc2c40,0x00000000e2980000)
 PSPermGen       total 131072K, used 42974K [0x00000000bd400000, 0x00000000c5400000, 0x00000000cd400000)
  object space 131072K, 32% used [0x00000000bd400000,0x00000000bfdf7a00,0x00000000c5400000)
18.908: [GC [PSYoungGen: 121606K->11586K(197632K)] 327185K->218249K(547328K), 0.0155570 secs] [Times: user=0.05 sys=0.00, real=0.01 secs] 
Heap after GC invocations=19 (full 1):
 PSYoungGen      total 197632K, used 11586K [0x00000000ef100000, 0x00000000ffb00000, 0x0000000100000000)
  eden space 128000K, 0% used [0x00000000ef100000,0x00000000ef100000,0x00000000f6e00000)
  from space 69632K, 16% used [0x00000000fb700000,0x00000000fc250b10,0x00000000ffb00000)
  to   space 72192K, 0% used [0x00000000f6e00000,0x00000000f6e00000,0x00000000fb480000)
 ParOldGen       total 349696K, used 206662K [0x00000000cd400000, 0x00000000e2980000, 0x00000000ef100000)
  object space 349696K, 59% used [0x00000000cd400000,0x00000000d9dd1b00,0x00000000e2980000)
 PSPermGen       total 131072K, used 42974K [0x00000000bd400000, 0x00000000c5400000, 0x00000000cd400000)
  object space 131072K, 32% used [0x00000000bd400000,0x00000000bfdf7a00,0x00000000c5400000)
}
{Heap before GC invocations=20 (full 1):
 PSYoungGen      total 197632K, used 139586K [0x00000000ef100000, 0x00000000ffb00000, 0x0000000100000000)
  eden space 128000K, 100% used [0x00000000ef100000,0x00000000f6e00000,0x00000000f6e00000)
  from space 69632K, 16% used [0x00000000fb700000,0x00000000fc250b10,0x00000000ffb00000)
  to   space 72192K, 0% used [0x00000000f6e00000,0x00000000f6e00000,0x00000000fb480000)
 ParOldGen       total 349696K, used 206662K [0x00000000cd400000, 0x00000000e2980000, 0x00000000ef100000)
  object space 349696K, 59% used [0x00000000cd400000,0x00000000d9dd1b00,0x00000000e2980000)
 PSPermGen       total 131072K, used 47469K [0x00000000bd400000, 0x00000000c5400000, 0x00000000cd400000)
  object space 131072K, 36% used [0x00000000bd400000,0x00000000c025b420,0x00000000c5400000)
22.176: [GC [PSYoungGen: 139586K->11100K(200192K)] 346249K->227902K(549888K), 0.0426630 secs] [Times: user=0.09 sys=0.01, real=0.04 secs] 
Heap after GC invocations=20 (full 1):
 PSYoungGen      total 200192K, used 11100K [0x00000000ef100000, 0x00000000ffd80000, 0x0000000100000000)
  eden space 128000K, 0% used [0x00000000ef100000,0x00000000ef100000,0x00000000f6e00000)
  from space 72192K, 15% used [0x00000000f6e00000,0x00000000f78d7140,0x00000000fb480000)
  to   space 69632K, 0% used [0x00000000fb980000,0x00000000fb980000,0x00000000ffd80000)
 ParOldGen       total 349696K, used 216801K [0x00000000cd400000, 0x00000000e2980000, 0x00000000ef100000)
  object space 349696K, 61% used [0x00000000cd400000,0x00000000da7b8788,0x00000000e2980000)
 PSPermGen       total 131072K, used 47469K [0x00000000bd400000, 0x00000000c5400000, 0x00000000cd400000)
  object space 131072K, 36% used [0x00000000bd400000,0x00000000c025b420,0x00000000c5400000)
}
{Heap before GC invocations=21 (full 1):
 PSYoungGen      total 200192K, used 139100K [0x00000000ef100000, 0x00000000ffd80000, 0x0000000100000000)
  eden space 128000K, 100% used [0x00000000ef100000,0x00000000f6e00000,0x00000000f6e00000)
  from space 72192K, 15% used [0x00000000f6e00000,0x00000000f78d7140,0x00000000fb480000)
  to   space 69632K, 0% used [0x00000000fb980000,0x00000000fb980000,0x00000000ffd80000)
 ParOldGen       total 349696K, used 216801K [0x00000000cd400000, 0x00000000e2980000, 0x00000000ef100000)
  object space 349696K, 61% used [0x00000000cd400000,0x00000000da7b8788,0x00000000e2980000)
 PSPermGen       total 131072K, used 50085K [0x00000000bd400000, 0x00000000c5400000, 0x00000000cd400000)
  object space 131072K, 38% used [0x00000000bd400000,0x00000000c04e97f8,0x00000000c5400000)
23.644: [GC [PSYoungGen: 139100K->10061K(200192K)] 355902K->236583K(549888K), 0.0388520 secs] [Times: user=0.10 sys=0.01, real=0.04 secs] 
Heap after GC invocations=21 (full 1):
 PSYoungGen      total 200192K, used 10061K [0x00000000ef100000, 0x00000000ff880000, 0x0000000100000000)
  eden space 135680K, 0% used [0x00000000ef100000,0x00000000ef100000,0x00000000f7580000)
  from space 64512K, 15% used [0x00000000fb980000,0x00000000fc353528,0x00000000ff880000)
  to   space 67072K, 0% used [0x00000000f7580000,0x00000000f7580000,0x00000000fb700000)
 ParOldGen       total 349696K, used 226522K [0x00000000cd400000, 0x00000000e2980000, 0x00000000ef100000)
  object space 349696K, 64% used [0x00000000cd400000,0x00000000db136830,0x00000000e2980000)
 PSPermGen       total 131072K, used 50085K [0x00000000bd400000, 0x00000000c5400000, 0x00000000cd400000)
  object space 131072K, 38% used [0x00000000bd400000,0x00000000c04e97f8,0x00000000c5400000)
}
{Heap before GC invocations=22 (full 1):
 PSYoungGen      total 200192K, used 145741K [0x00000000ef100000, 0x00000000ff880000, 0x0000000100000000)
  eden space 135680K, 100% used [0x00000000ef100000,0x00000000f7580000,0x00000000f7580000)
  from space 64512K, 15% used [0x00000000fb980000,0x00000000fc353528,0x00000000ff880000)
  to   space 67072K, 0% used [0x00000000f7580000,0x00000000f7580000,0x00000000fb700000)
 ParOldGen       total 349696K, used 226522K [0x00000000cd400000, 0x00000000e2980000, 0x00000000ef100000)
  object space 349696K, 64% used [0x00000000cd400000,0x00000000db136830,0x00000000e2980000)
 PSPermGen       total 131072K, used 57373K [0x00000000bd400000, 0x00000000c5400000, 0x00000000cd400000)
  object space 131072K, 43% used [0x00000000bd400000,0x00000000c0c07450,0x00000000c5400000)
25.424: [GC [PSYoungGen: 145741K->21516K(202752K)] 372263K->256252K(552448K), 0.0455570 secs] [Times: user=0.13 sys=0.02, real=0.05 secs] 
Heap after GC invocations=22 (full 1):
 PSYoungGen      total 202752K, used 21516K [0x00000000ef100000, 0x00000000ff980000, 0x0000000100000000)
  eden space 135680K, 0% used [0x00000000ef100000,0x00000000ef100000,0x00000000f7580000)
  from space 67072K, 32% used [0x00000000f7580000,0x00000000f8a83260,0x00000000fb700000)
  to   space 62464K, 0% used [0x00000000fbc80000,0x00000000fbc80000,0x00000000ff980000)
 ParOldGen       total 349696K, used 234735K [0x00000000cd400000, 0x00000000e2980000, 0x00000000ef100000)
  object space 349696K, 67% used [0x00000000cd400000,0x00000000db93bfc8,0x00000000e2980000)
 PSPermGen       total 131072K, used 57373K [0x00000000bd400000, 0x00000000c5400000, 0x00000000cd400000)
  object space 131072K, 43% used [0x00000000bd400000,0x00000000c0c07450,0x00000000c5400000)
}
{Heap before GC invocations=23 (full 1):
 PSYoungGen      total 202752K, used 157196K [0x00000000ef100000, 0x00000000ff980000, 0x0000000100000000)
  eden space 135680K, 100% used [0x00000000ef100000,0x00000000f7580000,0x00000000f7580000)
  from space 67072K, 32% used [0x00000000f7580000,0x00000000f8a83260,0x00000000fb700000)
  to   space 62464K, 0% used [0x00000000fbc80000,0x00000000fbc80000,0x00000000ff980000)
 ParOldGen       total 349696K, used 234735K [0x00000000cd400000, 0x00000000e2980000, 0x00000000ef100000)
  object space 349696K, 67% used [0x00000000cd400000,0x00000000db93bfc8,0x00000000e2980000)
 PSPermGen       total 131072K, used 62827K [0x00000000bd400000, 0x00000000c5400000, 0x00000000cd400000)
  object space 131072K, 47% used [0x00000000bd400000,0x00000000c115ac98,0x00000000c5400000)
32.247: [GC [PSYoungGen: 157196K->15685K(206336K)] 391932K->267751K(556032K), 0.0560320 secs] [Times: user=0.12 sys=0.04, real=0.06 secs] 
Heap after GC invocations=23 (full 1):
 PSYoungGen      total 206336K, used 15685K [0x00000000ef100000, 0x00000000ff580000, 0x0000000100000000)
  eden space 147968K, 0% used [0x00000000ef100000,0x00000000ef100000,0x00000000f8180000)
  from space 58368K, 26% used [0x00000000fbc80000,0x00000000fcbd1678,0x00000000ff580000)
  to   space 59392K, 0% used [0x00000000f8180000,0x00000000f8180000,0x00000000fbb80000)
 ParOldGen       total 349696K, used 252065K [0x00000000cd400000, 0x00000000e2980000, 0x00000000ef100000)
  object space 349696K, 72% used [0x00000000cd400000,0x00000000dca287f0,0x00000000e2980000)
 PSPermGen       total 131072K, used 62827K [0x00000000bd400000, 0x00000000c5400000, 0x00000000cd400000)
  object space 131072K, 47% used [0x00000000bd400000,0x00000000c115ac98,0x00000000c5400000)
}
{Heap before GC invocations=24 (full 1):
 PSYoungGen      total 206336K, used 163653K [0x00000000ef100000, 0x00000000ff580000, 0x0000000100000000)
  eden space 147968K, 100% used [0x00000000ef100000,0x00000000f8180000,0x00000000f8180000)
  from space 58368K, 26% used [0x00000000fbc80000,0x00000000fcbd1678,0x00000000ff580000)
  to   space 59392K, 0% used [0x00000000f8180000,0x00000000f8180000,0x00000000fbb80000)
 ParOldGen       total 349696K, used 252065K [0x00000000cd400000, 0x00000000e2980000, 0x00000000ef100000)
  object space 349696K, 72% used [0x00000000cd400000,0x00000000dca287f0,0x00000000e2980000)
 PSPermGen       total 131072K, used 68905K [0x00000000bd400000, 0x00000000c5400000, 0x00000000cd400000)
  object space 131072K, 52% used [0x00000000bd400000,0x00000000c174a778,0x00000000c5400000)
33.924: [GC [PSYoungGen: 163653K->25007K(207360K)] 415719K->289801K(557056K), 0.0582240 secs] [Times: user=0.14 sys=0.02, real=0.06 secs] 
Heap after GC invocations=24 (full 1):
 PSYoungGen      total 207360K, used 25007K [0x00000000ef100000, 0x00000000ffd00000, 0x0000000100000000)
  eden space 147968K, 0% used [0x00000000ef100000,0x00000000ef100000,0x00000000f8180000)
  from space 59392K, 42% used [0x00000000f8180000,0x00000000f99ebe70,0x00000000fbb80000)
  to   space 57344K, 0% used [0x00000000fc500000,0x00000000fc500000,0x00000000ffd00000)
 ParOldGen       total 349696K, used 264793K [0x00000000cd400000, 0x00000000e2980000, 0x00000000ef100000)
  object space 349696K, 75% used [0x00000000cd400000,0x00000000dd696670,0x00000000e2980000)
 PSPermGen       total 131072K, used 68905K [0x00000000bd400000, 0x00000000c5400000, 0x00000000cd400000)
  object space 131072K, 52% used [0x00000000bd400000,0x00000000c174a778,0x00000000c5400000)
}
{Heap before GC invocations=25 (full 1):
 PSYoungGen      total 207360K, used 172975K [0x00000000ef100000, 0x00000000ffd00000, 0x0000000100000000)
  eden space 147968K, 100% used [0x00000000ef100000,0x00000000f8180000,0x00000000f8180000)
  from space 59392K, 42% used [0x00000000f8180000,0x00000000f99ebe70,0x00000000fbb80000)
  to   space 57344K, 0% used [0x00000000fc500000,0x00000000fc500000,0x00000000ffd00000)
 ParOldGen       total 349696K, used 264793K [0x00000000cd400000, 0x00000000e2980000, 0x00000000ef100000)
  object space 349696K, 75% used [0x00000000cd400000,0x00000000dd696670,0x00000000e2980000)
 PSPermGen       total 131072K, used 74779K [0x00000000bd400000, 0x00000000c5400000, 0x00000000cd400000)
  object space 131072K, 57% used [0x00000000bd400000,0x00000000c1d06e38,0x00000000c5400000)
37.553: [GC [PSYoungGen: 172975K->20561K(211968K)] 437769K->305491K(561664K), 0.0840400 secs] [Times: user=0.20 sys=0.03, real=0.09 secs] 
Heap after GC invocations=25 (full 1):
 PSYoungGen      total 211968K, used 20561K [0x00000000ef100000, 0x00000000ff700000, 0x0000000100000000)
  eden space 160768K, 0% used [0x00000000ef100000,0x00000000ef100000,0x00000000f8e00000)
  from space 51200K, 40% used [0x00000000fc500000,0x00000000fd914618,0x00000000ff700000)
  to   space 53760K, 0% used [0x00000000f8e00000,0x00000000f8e00000,0x00000000fc280000)
 ParOldGen       total 349696K, used 284929K [0x00000000cd400000, 0x00000000e2980000, 0x00000000ef100000)
  object space 349696K, 81% used [0x00000000cd400000,0x00000000dea405f8,0x00000000e2980000)
 PSPermGen       total 131072K, used 74779K [0x00000000bd400000, 0x00000000c5400000, 0x00000000cd400000)
  object space 131072K, 57% used [0x00000000bd400000,0x00000000c1d06e38,0x00000000c5400000)
}
{Heap before GC invocations=26 (full 1):
 PSYoungGen      total 211968K, used 181329K [0x00000000ef100000, 0x00000000ff700000, 0x0000000100000000)
  eden space 160768K, 100% used [0x00000000ef100000,0x00000000f8e00000,0x00000000f8e00000)
  from space 51200K, 40% used [0x00000000fc500000,0x00000000fd914618,0x00000000ff700000)
  to   space 53760K, 0% used [0x00000000f8e00000,0x00000000f8e00000,0x00000000fc280000)
 ParOldGen       total 349696K, used 284929K [0x00000000cd400000, 0x00000000e2980000, 0x00000000ef100000)
  object space 349696K, 81% used [0x00000000cd400000,0x00000000dea405f8,0x00000000e2980000)
 PSPermGen       total 131072K, used 77333K [0x00000000bd400000, 0x00000000c5400000, 0x00000000cd400000)
  object space 131072K, 59% used [0x00000000bd400000,0x00000000c1f857c8,0x00000000c5400000)
47.496: [GC [PSYoungGen: 181329K->28670K(214528K)] 466259K->331539K(564224K), 0.0695320 secs] [Times: user=0.14 sys=0.02, real=0.06 secs] 
Heap after GC invocations=26 (full 1):
 PSYoungGen      total 214528K, used 28670K [0x00000000ef100000, 0x0000000100000000, 0x0000000100000000)
  eden space 160768K, 0% used [0x00000000ef100000,0x00000000ef100000,0x00000000f8e00000)
  from space 53760K, 53% used [0x00000000f8e00000,0x00000000fa9ffb00,0x00000000fc280000)
  to   space 53248K, 0% used [0x00000000fcc00000,0x00000000fcc00000,0x0000000100000000)
 ParOldGen       total 349696K, used 302868K [0x00000000cd400000, 0x00000000e2980000, 0x00000000ef100000)
  object space 349696K, 86% used [0x00000000cd400000,0x00000000dfbc5398,0x00000000e2980000)
 PSPermGen       total 131072K, used 77333K [0x00000000bd400000, 0x00000000c5400000, 0x00000000cd400000)
  object space 131072K, 59% used [0x00000000bd400000,0x00000000c1f857c8,0x00000000c5400000)
}
{Heap before GC invocations=27 (full 1):
 PSYoungGen      total 214528K, used 169254K [0x00000000ef100000, 0x0000000100000000, 0x0000000100000000)
  eden space 160768K, 87% used [0x00000000ef100000,0x00000000f7a49e00,0x00000000f8e00000)
  from space 53760K, 53% used [0x00000000f8e00000,0x00000000fa9ffb00,0x00000000fc280000)
  to   space 53248K, 0% used [0x00000000fcc00000,0x00000000fcc00000,0x0000000100000000)
 ParOldGen       total 349696K, used 302868K [0x00000000cd400000, 0x00000000e2980000, 0x00000000ef100000)
  object space 349696K, 86% used [0x00000000cd400000,0x00000000dfbc5398,0x00000000e2980000)
 PSPermGen       total 131072K, used 77333K [0x00000000bd400000, 0x00000000c5400000, 0x00000000cd400000)
  object space 131072K, 59% used [0x00000000bd400000,0x00000000c1f857e8,0x00000000c5400000)
47.984: [GC [PSYoungGen: 169254K->64K(223232K)] 472123K->309775K(572928K), 0.0322620 secs] [Times: user=0.04 sys=0.01, real=0.04 secs] 
Heap after GC invocations=27 (full 1):
 PSYoungGen      total 223232K, used 64K [0x00000000ef100000, 0x0000000100000000, 0x0000000100000000)
  eden space 169984K, 0% used [0x00000000ef100000,0x00000000ef100000,0x00000000f9700000)
  from space 53248K, 0% used [0x00000000fcc00000,0x00000000fcc10000,0x0000000100000000)
  to   space 53760K, 0% used [0x00000000f9700000,0x00000000f9700000,0x00000000fcb80000)
 ParOldGen       total 349696K, used 309711K [0x00000000cd400000, 0x00000000e2980000, 0x00000000ef100000)
  object space 349696K, 88% used [0x00000000cd400000,0x00000000e0273f58,0x00000000e2980000)
 PSPermGen       total 131072K, used 77333K [0x00000000bd400000, 0x00000000c5400000, 0x00000000cd400000)
  object space 131072K, 59% used [0x00000000bd400000,0x00000000c1f857e8,0x00000000c5400000)
}
{Heap before GC invocations=28 (full 2):
 PSYoungGen      total 223232K, used 64K [0x00000000ef100000, 0x0000000100000000, 0x0000000100000000)
  eden space 169984K, 0% used [0x00000000ef100000,0x00000000ef100000,0x00000000f9700000)
  from space 53248K, 0% used [0x00000000fcc00000,0x00000000fcc10000,0x0000000100000000)
  to   space 53760K, 0% used [0x00000000f9700000,0x00000000f9700000,0x00000000fcb80000)
 ParOldGen       total 349696K, used 309711K [0x00000000cd400000, 0x00000000e2980000, 0x00000000ef100000)
  object space 349696K, 88% used [0x00000000cd400000,0x00000000e0273f58,0x00000000e2980000)
 PSPermGen       total 131072K, used 77333K [0x00000000bd400000, 0x00000000c5400000, 0x00000000cd400000)
  object space 131072K, 59% used [0x00000000bd400000,0x00000000c1f857e8,0x00000000c5400000)
48.016: [Full GC [PSYoungGen: 64K->0K(223232K)] [ParOldGen: 309711K->292170K(349696K)] 309775K->292170K(572928K) [PSPermGen: 77333K->77301K(137216K)], 1.6791600 secs] [Times: user=3.77 sys=0.01, real=1.67 secs] 
Heap after GC invocations=28 (full 2):
 PSYoungGen      total 223232K, used 0K [0x00000000ef100000, 0x0000000100000000, 0x0000000100000000)
  eden space 169984K, 0% used [0x00000000ef100000,0x00000000ef100000,0x00000000f9700000)
  from space 53248K, 0% used [0x00000000fcc00000,0x00000000fcc00000,0x0000000100000000)
  to   space 53760K, 0% used [0x00000000f9700000,0x00000000f9700000,0x00000000fcb80000)
 ParOldGen       total 349696K, used 292170K [0x00000000cd400000, 0x00000000e2980000, 0x00000000ef100000)
  object space 349696K, 83% used [0x00000000cd400000,0x00000000df152870,0x00000000e2980000)
 PSPermGen       total 137216K, used 77301K [0x00000000bd400000, 0x00000000c5a00000, 0x00000000cd400000)
  object space 137216K, 56% used [0x00000000bd400000,0x00000000c1f7d488,0x00000000c5a00000)
}
{Heap before GC invocations=29 (full 2):
 PSYoungGen      total 223232K, used 169984K [0x00000000ef100000, 0x0000000100000000, 0x0000000100000000)
  eden space 169984K, 100% used [0x00000000ef100000,0x00000000f9700000,0x00000000f9700000)
  from space 53248K, 0% used [0x00000000fcc00000,0x00000000fcc00000,0x0000000100000000)
  to   space 53760K, 0% used [0x00000000f9700000,0x00000000f9700000,0x00000000fcb80000)
 ParOldGen       total 349696K, used 292170K [0x00000000cd400000, 0x00000000e2980000, 0x00000000ef100000)
  object space 349696K, 83% used [0x00000000cd400000,0x00000000df152870,0x00000000e2980000)
 PSPermGen       total 137216K, used 77392K [0x00000000bd400000, 0x00000000c5a00000, 0x00000000cd400000)
  object space 137216K, 56% used [0x00000000bd400000,0x00000000c1f94270,0x00000000c5a00000)
114.412: [GC [PSYoungGen: 169984K->41264K(211456K)] 462154K->333434K(561152K), 0.0527520 secs] [Times: user=0.14 sys=0.00, real=0.05 secs] 
Heap after GC invocations=29 (full 2):
 PSYoungGen      total 211456K, used 41264K [0x00000000ef100000, 0x0000000100000000, 0x0000000100000000)
  eden space 169984K, 0% used [0x00000000ef100000,0x00000000ef100000,0x00000000f9700000)
  from space 41472K, 99% used [0x00000000f9700000,0x00000000fbf4c030,0x00000000fbf80000)
  to   space 58368K, 0% used [0x00000000fc700000,0x00000000fc700000,0x0000000100000000)
 ParOldGen       total 349696K, used 292170K [0x00000000cd400000, 0x00000000e2980000, 0x00000000ef100000)
  object space 349696K, 83% used [0x00000000cd400000,0x00000000df152870,0x00000000e2980000)
 PSPermGen       total 137216K, used 77392K [0x00000000bd400000, 0x00000000c5a00000, 0x00000000cd400000)
  object space 137216K, 56% used [0x00000000bd400000,0x00000000c1f94270,0x00000000c5a00000)
}
{Heap before GC invocations=30 (full 2):
 PSYoungGen      total 211456K, used 177602K [0x00000000ef100000, 0x0000000100000000, 0x0000000100000000)
  eden space 169984K, 80% used [0x00000000ef100000,0x00000000f7624950,0x00000000f9700000)
  from space 41472K, 99% used [0x00000000f9700000,0x00000000fbf4c030,0x00000000fbf80000)
  to   space 58368K, 0% used [0x00000000fc700000,0x00000000fc700000,0x0000000100000000)
 ParOldGen       total 349696K, used 292170K [0x00000000cd400000, 0x00000000e2980000, 0x00000000ef100000)
  object space 349696K, 83% used [0x00000000cd400000,0x00000000df152870,0x00000000e2980000)
 PSPermGen       total 137216K, used 77392K [0x00000000bd400000, 0x00000000c5a00000, 0x00000000cd400000)
  object space 137216K, 56% used [0x00000000bd400000,0x00000000c1f94270,0x00000000c5a00000)
114.776: [GC [PSYoungGen: 177602K->0K(219136K)] 469772K->292514K(568832K), 0.0224320 secs] [Times: user=0.03 sys=0.00, real=0.02 secs] 
Heap after GC invocations=30 (full 2):
 PSYoungGen      total 219136K, used 0K [0x00000000ef100000, 0x0000000100000000, 0x0000000100000000)
  eden space 160768K, 0% used [0x00000000ef100000,0x00000000ef100000,0x00000000f8e00000)
  from space 58368K, 0% used [0x00000000fc700000,0x00000000fc700000,0x0000000100000000)
  to   space 58368K, 0% used [0x00000000f8e00000,0x00000000f8e00000,0x00000000fc700000)
 ParOldGen       total 349696K, used 292514K [0x00000000cd400000, 0x00000000e2980000, 0x00000000ef100000)
  object space 349696K, 83% used [0x00000000cd400000,0x00000000df1a88b0,0x00000000e2980000)
 PSPermGen       total 137216K, used 77392K [0x00000000bd400000, 0x00000000c5a00000, 0x00000000cd400000)
  object space 137216K, 56% used [0x00000000bd400000,0x00000000c1f94270,0x00000000c5a00000)
}
{Heap before GC invocations=31 (full 3):
 PSYoungGen      total 219136K, used 0K [0x00000000ef100000, 0x0000000100000000, 0x0000000100000000)
  eden space 160768K, 0% used [0x00000000ef100000,0x00000000ef100000,0x00000000f8e00000)
  from space 58368K, 0% used [0x00000000fc700000,0x00000000fc700000,0x0000000100000000)
  to   space 58368K, 0% used [0x00000000f8e00000,0x00000000f8e00000,0x00000000fc700000)
 ParOldGen       total 349696K, used 292514K [0x00000000cd400000, 0x00000000e2980000, 0x00000000ef100000)
  object space 349696K, 83% used [0x00000000cd400000,0x00000000df1a88b0,0x00000000e2980000)
 PSPermGen       total 137216K, used 77392K [0x00000000bd400000, 0x00000000c5a00000, 0x00000000cd400000)
  object space 137216K, 56% used [0x00000000bd400000,0x00000000c1f94270,0x00000000c5a00000)
114.798: [Full GC [PSYoungGen: 0K->0K(219136K)] [ParOldGen: 292514K->223023K(349696K)] 292514K->223023K(568832K) [PSPermGen: 77392K->77392K(143360K)], 0.9502260 secs] [Times: user=2.18 sys=0.00, real=0.95 secs] 
Heap after GC invocations=31 (full 3):
 PSYoungGen      total 219136K, used 0K [0x00000000ef100000, 0x0000000100000000, 0x0000000100000000)
  eden space 160768K, 0% used [0x00000000ef100000,0x00000000ef100000,0x00000000f8e00000)
  from space 58368K, 0% used [0x00000000fc700000,0x00000000fc700000,0x0000000100000000)
  to   space 58368K, 0% used [0x00000000f8e00000,0x00000000f8e00000,0x00000000fc700000)
 ParOldGen       total 349696K, used 223023K [0x00000000cd400000, 0x00000000e2980000, 0x00000000ef100000)
  object space 349696K, 63% used [0x00000000cd400000,0x00000000dadcbe48,0x00000000e2980000)
 PSPermGen       total 143360K, used 77392K [0x00000000bd400000, 0x00000000c6000000, 0x00000000cd400000)
  object space 143360K, 53% used [0x00000000bd400000,0x00000000c1f94230,0x00000000c6000000)
}
{Heap before GC invocations=32 (full 3):
 PSYoungGen      total 219136K, used 160768K [0x00000000ef100000, 0x0000000100000000, 0x0000000100000000)
  eden space 160768K, 100% used [0x00000000ef100000,0x00000000f8e00000,0x00000000f8e00000)
  from space 58368K, 0% used [0x00000000fc700000,0x00000000fc700000,0x0000000100000000)
  to   space 58368K, 0% used [0x00000000f8e00000,0x00000000f8e00000,0x00000000fc700000)
 ParOldGen       total 349696K, used 223023K [0x00000000cd400000, 0x00000000e2980000, 0x00000000ef100000)
  object space 349696K, 63% used [0x00000000cd400000,0x00000000dadcbe48,0x00000000e2980000)
 PSPermGen       total 143360K, used 77412K [0x00000000bd400000, 0x00000000c6000000, 0x00000000cd400000)
  object space 143360K, 53% used [0x00000000bd400000,0x00000000c1f99220,0x00000000c6000000)
153.915: [GC [PSYoungGen: 160768K->40000K(201216K)] 383791K->263023K(550912K), 0.0313560 secs] [Times: user=0.09 sys=0.00, real=0.03 secs] 
Heap after GC invocations=32 (full 3):
 PSYoungGen      total 201216K, used 40000K [0x00000000ef100000, 0x0000000100000000, 0x0000000100000000)
  eden space 160768K, 0% used [0x00000000ef100000,0x00000000ef100000,0x00000000f8e00000)
  from space 40448K, 98% used [0x00000000f8e00000,0x00000000fb510020,0x00000000fb580000)
  to   space 61952K, 0% used [0x00000000fc380000,0x00000000fc380000,0x0000000100000000)
 ParOldGen       total 349696K, used 223023K [0x00000000cd400000, 0x00000000e2980000, 0x00000000ef100000)
  object space 349696K, 63% used [0x00000000cd400000,0x00000000dadcbe48,0x00000000e2980000)
 PSPermGen       total 143360K, used 77412K [0x00000000bd400000, 0x00000000c6000000, 0x00000000cd400000)
  object space 143360K, 53% used [0x00000000bd400000,0x00000000c1f99220,0x00000000c6000000)
}
{Heap before GC invocations=33 (full 3):
 PSYoungGen      total 201216K, used 200768K [0x00000000ef100000, 0x0000000100000000, 0x0000000100000000)
  eden space 160768K, 100% used [0x00000000ef100000,0x00000000f8e00000,0x00000000f8e00000)
  from space 40448K, 98% used [0x00000000f8e00000,0x00000000fb510020,0x00000000fb580000)
  to   space 61952K, 0% used [0x00000000fc380000,0x00000000fc380000,0x0000000100000000)
 ParOldGen       total 349696K, used 223023K [0x00000000cd400000, 0x00000000e2980000, 0x00000000ef100000)
  object space 349696K, 63% used [0x00000000cd400000,0x00000000dadcbe48,0x00000000e2980000)
 PSPermGen       total 143360K, used 77412K [0x00000000bd400000, 0x00000000c6000000, 0x00000000cd400000)
  object space 143360K, 53% used [0x00000000bd400000,0x00000000c1f99220,0x00000000c6000000)
154.386: [GC [PSYoungGen: 200768K->54784K(199168K)] 423791K->304647K(548864K), 0.0817560 secs] [Times: user=0.19 sys=0.00, real=0.09 secs] 
Heap after GC invocations=33 (full 3):
 PSYoungGen      total 199168K, used 54784K [0x00000000ef100000, 0x0000000100000000, 0x0000000100000000)
  eden space 137216K, 0% used [0x00000000ef100000,0x00000000ef100000,0x00000000f7700000)
  from space 61952K, 88% used [0x00000000fc380000,0x00000000ff900020,0x0000000100000000)
  to   space 70144K, 0% used [0x00000000f7700000,0x00000000f7700000,0x00000000fbb80000)
 ParOldGen       total 349696K, used 249863K [0x00000000cd400000, 0x00000000e2980000, 0x00000000ef100000)
  object space 349696K, 71% used [0x00000000cd400000,0x00000000dc801e48,0x00000000e2980000)
 PSPermGen       total 143360K, used 77412K [0x00000000bd400000, 0x00000000c6000000, 0x00000000cd400000)
  object space 143360K, 53% used [0x00000000bd400000,0x00000000c1f99220,0x00000000c6000000)
}
{Heap before GC invocations=34 (full 3):
 PSYoungGen      total 199168K, used 192000K [0x00000000ef100000, 0x0000000100000000, 0x0000000100000000)
  eden space 137216K, 100% used [0x00000000ef100000,0x00000000f7700000,0x00000000f7700000)
  from space 61952K, 88% used [0x00000000fc380000,0x00000000ff900020,0x0000000100000000)
  to   space 70144K, 0% used [0x00000000f7700000,0x00000000f7700000,0x00000000fbb80000)
 ParOldGen       total 349696K, used 249863K [0x00000000cd400000, 0x00000000e2980000, 0x00000000ef100000)
  object space 349696K, 71% used [0x00000000cd400000,0x00000000dc801e48,0x00000000e2980000)
 PSPermGen       total 143360K, used 77412K [0x00000000bd400000, 0x00000000c6000000, 0x00000000cd400000)
  object space 143360K, 53% used [0x00000000bd400000,0x00000000c1f99338,0x00000000c6000000)
154.904: [GC [PSYoungGen: 192000K->30144K(207360K)] 441863K->334015K(557056K), 0.0794500 secs] [Times: user=0.20 sys=0.00, real=0.08 secs] 
Heap after GC invocations=34 (full 3):
 PSYoungGen      total 207360K, used 30144K [0x00000000ef100000, 0x0000000100000000, 0x0000000100000000)
  eden space 137216K, 0% used [0x00000000ef100000,0x00000000ef100000,0x00000000f7700000)
  from space 70144K, 42% used [0x00000000f7700000,0x00000000f9470010,0x00000000fbb80000)
  to   space 67584K, 0% used [0x00000000fbe00000,0x00000000fbe00000,0x0000000100000000)
 ParOldGen       total 349696K, used 303871K [0x00000000cd400000, 0x00000000e2980000, 0x00000000ef100000)
  object space 349696K, 86% used [0x00000000cd400000,0x00000000dfcbfe58,0x00000000e2980000)
 PSPermGen       total 143360K, used 77412K [0x00000000bd400000, 0x00000000c6000000, 0x00000000cd400000)
  object space 143360K, 53% used [0x00000000bd400000,0x00000000c1f99338,0x00000000c6000000)
}
{Heap before GC invocations=35 (full 3):
 PSYoungGen      total 207360K, used 161925K [0x00000000ef100000, 0x0000000100000000, 0x0000000100000000)
  eden space 137216K, 96% used [0x00000000ef100000,0x00000000f71b1758,0x00000000f7700000)
  from space 70144K, 42% used [0x00000000f7700000,0x00000000f9470010,0x00000000fbb80000)
  to   space 67584K, 0% used [0x00000000fbe00000,0x00000000fbe00000,0x0000000100000000)
 ParOldGen       total 349696K, used 303871K [0x00000000cd400000, 0x00000000e2980000, 0x00000000ef100000)
  object space 349696K, 86% used [0x00000000cd400000,0x00000000dfcbfe58,0x00000000e2980000)
 PSPermGen       total 143360K, used 77412K [0x00000000bd400000, 0x00000000c6000000, 0x00000000cd400000)
  object space 143360K, 53% used [0x00000000bd400000,0x00000000c1f99338,0x00000000c6000000)
155.282: [GC [PSYoungGen: 161925K->67552K(163840K)] 465797K->402135K(513536K), 0.2329710 secs] [Times: user=0.28 sys=0.22, real=0.23 secs] 
Heap after GC invocations=35 (full 3):
 PSYoungGen      total 163840K, used 67552K [0x00000000ef100000, 0x0000000100000000, 0x0000000100000000)
  eden space 96256K, 0% used [0x00000000ef100000,0x00000000ef100000,0x00000000f4f00000)
  from space 67584K, 99% used [0x00000000fbe00000,0x00000000ffff8010,0x0000000100000000)
  to   space 90624K, 0% used [0x00000000f4f00000,0x00000000f4f00000,0x00000000fa780000)
 ParOldGen       total 349696K, used 334583K [0x00000000cd400000, 0x00000000e2980000, 0x00000000ef100000)
  object space 349696K, 95% used [0x00000000cd400000,0x00000000e1abde68,0x00000000e2980000)
 PSPermGen       total 143360K, used 77412K [0x00000000bd400000, 0x00000000c6000000, 0x00000000cd400000)
  object space 143360K, 53% used [0x00000000bd400000,0x00000000c1f99338,0x00000000c6000000)
}
{Heap before GC invocations=36 (full 4):
 PSYoungGen      total 163840K, used 67552K [0x00000000ef100000, 0x0000000100000000, 0x0000000100000000)
  eden space 96256K, 0% used [0x00000000ef100000,0x00000000ef100000,0x00000000f4f00000)
  from space 67584K, 99% used [0x00000000fbe00000,0x00000000ffff8010,0x0000000100000000)
  to   space 90624K, 0% used [0x00000000f4f00000,0x00000000f4f00000,0x00000000fa780000)
 ParOldGen       total 349696K, used 334583K [0x00000000cd400000, 0x00000000e2980000, 0x00000000ef100000)
  object space 349696K, 95% used [0x00000000cd400000,0x00000000e1abde68,0x00000000e2980000)
 PSPermGen       total 143360K, used 77412K [0x00000000bd400000, 0x00000000c6000000, 0x00000000cd400000)
  object space 143360K, 53% used [0x00000000bd400000,0x00000000c1f99338,0x00000000c6000000)
155.515: [Full GC [PSYoungGen: 67552K->0K(163840K)] [ParOldGen: 334583K->221261K(349696K)] 402135K->221261K(513536K) [PSPermGen: 77412K->77412K(141312K)], 0.9357350 secs] [Times: user=2.14 sys=0.00, real=0.94 secs] 
Heap after GC invocations=36 (full 4):
 PSYoungGen      total 163840K, used 0K [0x00000000ef100000, 0x0000000100000000, 0x0000000100000000)
  eden space 96256K, 0% used [0x00000000ef100000,0x00000000ef100000,0x00000000f4f00000)
  from space 67584K, 0% used [0x00000000fbe00000,0x00000000fbe00000,0x0000000100000000)
  to   space 90624K, 0% used [0x00000000f4f00000,0x00000000f4f00000,0x00000000fa780000)
 ParOldGen       total 349696K, used 221261K [0x00000000cd400000, 0x00000000e2980000, 0x00000000ef100000)
  object space 349696K, 63% used [0x00000000cd400000,0x00000000dac13740,0x00000000e2980000)
 PSPermGen       total 141312K, used 77412K [0x00000000bd400000, 0x00000000c5e00000, 0x00000000cd400000)
  object space 141312K, 54% used [0x00000000bd400000,0x00000000c1f99278,0x00000000c5e00000)
}
{Heap before GC invocations=37 (full 4):
 PSYoungGen      total 163840K, used 96256K [0x00000000ef100000, 0x0000000100000000, 0x0000000100000000)
  eden space 96256K, 100% used [0x00000000ef100000,0x00000000f4f00000,0x00000000f4f00000)
  from space 67584K, 0% used [0x00000000fbe00000,0x00000000fbe00000,0x0000000100000000)
  to   space 90624K, 0% used [0x00000000f4f00000,0x00000000f4f00000,0x00000000fa780000)
 ParOldGen       total 349696K, used 221261K [0x00000000cd400000, 0x00000000e2980000, 0x00000000ef100000)
  object space 349696K, 63% used [0x00000000cd400000,0x00000000dac13740,0x00000000e2980000)
 PSPermGen       total 141312K, used 77412K [0x00000000bd400000, 0x00000000c5e00000, 0x00000000cd400000)
  object space 141312K, 54% used [0x00000000bd400000,0x00000000c1f99298,0x00000000c5e00000)
179.285: [GC [PSYoungGen: 96256K->23872K(186880K)] 317517K->245133K(536576K), 0.0476090 secs] [Times: user=0.09 sys=0.00, real=0.05 secs] 
Heap after GC invocations=37 (full 4):
 PSYoungGen      total 186880K, used 23872K [0x00000000ef100000, 0x0000000100000000, 0x0000000100000000)
  eden space 96256K, 0% used [0x00000000ef100000,0x00000000ef100000,0x00000000f4f00000)
  from space 90624K, 26% used [0x00000000f4f00000,0x00000000f6650020,0x00000000fa780000)
  to   space 86016K, 0% used [0x00000000fac00000,0x00000000fac00000,0x0000000100000000)
 ParOldGen       total 349696K, used 221261K [0x00000000cd400000, 0x00000000e2980000, 0x00000000ef100000)
  object space 349696K, 63% used [0x00000000cd400000,0x00000000dac13740,0x00000000e2980000)
 PSPermGen       total 141312K, used 77412K [0x00000000bd400000, 0x00000000c5e00000, 0x00000000cd400000)
  object space 141312K, 54% used [0x00000000bd400000,0x00000000c1f99298,0x00000000c5e00000)
}
{Heap before GC invocations=38 (full 4):
 PSYoungGen      total 186880K, used 120128K [0x00000000ef100000, 0x0000000100000000, 0x0000000100000000)
  eden space 96256K, 100% used [0x00000000ef100000,0x00000000f4f00000,0x00000000f4f00000)
  from space 90624K, 26% used [0x00000000f4f00000,0x00000000f6650020,0x00000000fa780000)
  to   space 86016K, 0% used [0x00000000fac00000,0x00000000fac00000,0x0000000100000000)
 ParOldGen       total 349696K, used 221261K [0x00000000cd400000, 0x00000000e2980000, 0x00000000ef100000)
  object space 349696K, 63% used [0x00000000cd400000,0x00000000dac13740,0x00000000e2980000)
 PSPermGen       total 141312K, used 77412K [0x00000000bd400000, 0x00000000c5e00000, 0x00000000cd400000)
  object space 141312K, 54% used [0x00000000bd400000,0x00000000c1f99298,0x00000000c5e00000)
179.547: [GC [PSYoungGen: 120128K->31104K(172032K)] 341389K->269349K(521728K), 0.0518880 secs] [Times: user=0.13 sys=0.01, real=0.06 secs] 
Heap after GC invocations=38 (full 4):
 PSYoungGen      total 172032K, used 31104K [0x00000000ef100000, 0x00000000ff180000, 0x0000000100000000)
  eden space 100864K, 0% used [0x00000000ef100000,0x00000000ef100000,0x00000000f5380000)
  from space 71168K, 43% used [0x00000000fac00000,0x00000000fca60020,0x00000000ff180000)
  to   space 80896K, 0% used [0x00000000f5380000,0x00000000f5380000,0x00000000fa280000)
 ParOldGen       total 349696K, used 238245K [0x00000000cd400000, 0x00000000e2980000, 0x00000000ef100000)
  object space 349696K, 68% used [0x00000000cd400000,0x00000000dbca9740,0x00000000e2980000)
 PSPermGen       total 141312K, used 77412K [0x00000000bd400000, 0x00000000c5e00000, 0x00000000cd400000)
  object space 141312K, 54% used [0x00000000bd400000,0x00000000c1f99298,0x00000000c5e00000)
}
{Heap before GC invocations=39 (full 4):
 PSYoungGen      total 172032K, used 131968K [0x00000000ef100000, 0x00000000ff180000, 0x0000000100000000)
  eden space 100864K, 100% used [0x00000000ef100000,0x00000000f5380000,0x00000000f5380000)
  from space 71168K, 43% used [0x00000000fac00000,0x00000000fca60020,0x00000000ff180000)
  to   space 80896K, 0% used [0x00000000f5380000,0x00000000f5380000,0x00000000fa280000)
 ParOldGen       total 349696K, used 238245K [0x00000000cd400000, 0x00000000e2980000, 0x00000000ef100000)
  object space 349696K, 68% used [0x00000000cd400000,0x00000000dbca9740,0x00000000e2980000)
 PSPermGen       total 141312K, used 77412K [0x00000000bd400000, 0x00000000c5e00000, 0x00000000cd400000)
  object space 141312K, 54% used [0x00000000bd400000,0x00000000c1f99298,0x00000000c5e00000)
179.801: [GC [PSYoungGen: 131968K->41408K(181760K)] 370213K->298085K(531456K), 0.0559380 secs] [Times: user=0.13 sys=0.00, real=0.06 secs] 
Heap after GC invocations=39 (full 4):
 PSYoungGen      total 181760K, used 41408K [0x00000000ef100000, 0x0000000100000000, 0x0000000100000000)
  eden space 100864K, 0% used [0x00000000ef100000,0x00000000ef100000,0x00000000f5380000)
  from space 80896K, 51% used [0x00000000f5380000,0x00000000f7bf0010,0x00000000fa280000)
  to   space 79872K, 0% used [0x00000000fb200000,0x00000000fb200000,0x0000000100000000)
 ParOldGen       total 349696K, used 256677K [0x00000000cd400000, 0x00000000e2980000, 0x00000000ef100000)
  object space 349696K, 73% used [0x00000000cd400000,0x00000000dcea9750,0x00000000e2980000)
 PSPermGen       total 141312K, used 77412K [0x00000000bd400000, 0x00000000c5e00000, 0x00000000cd400000)
  object space 141312K, 54% used [0x00000000bd400000,0x00000000c1f99298,0x00000000c5e00000)
}
{Heap before GC invocations=40 (full 4):
 PSYoungGen      total 181760K, used 142272K [0x00000000ef100000, 0x0000000100000000, 0x0000000100000000)
  eden space 100864K, 100% used [0x00000000ef100000,0x00000000f5380000,0x00000000f5380000)
  from space 80896K, 51% used [0x00000000f5380000,0x00000000f7bf0010,0x00000000fa280000)
  to   space 79872K, 0% used [0x00000000fb200000,0x00000000fb200000,0x0000000100000000)
 ParOldGen       total 349696K, used 256677K [0x00000000cd400000, 0x00000000e2980000, 0x00000000ef100000)
  object space 349696K, 73% used [0x00000000cd400000,0x00000000dcea9750,0x00000000e2980000)
 PSPermGen       total 141312K, used 77412K [0x00000000bd400000, 0x00000000c5e00000, 0x00000000cd400000)
  object space 141312K, 54% used [0x00000000bd400000,0x00000000c1f99298,0x00000000c5e00000)
180.203: [GC [PSYoungGen: 142272K->22720K(189440K)] 398949K->320909K(539136K), 0.0716590 secs] [Times: user=0.16 sys=0.00, real=0.07 secs] 
Heap after GC invocations=40 (full 4):
 PSYoungGen      total 189440K, used 22720K [0x00000000ef100000, 0x00000000ff900000, 0x0000000100000000)
  eden space 116736K, 0% used [0x00000000ef100000,0x00000000ef100000,0x00000000f6300000)
  from space 72704K, 31% used [0x00000000fb200000,0x00000000fc830010,0x00000000ff900000)
  to   space 76800K, 0% used [0x00000000f6300000,0x00000000f6300000,0x00000000fae00000)
 ParOldGen       total 349696K, used 298189K [0x00000000cd400000, 0x00000000e2980000, 0x00000000ef100000)
  object space 349696K, 85% used [0x00000000cd400000,0x00000000df733760,0x00000000e2980000)
 PSPermGen       total 141312K, used 77412K [0x00000000bd400000, 0x00000000c5e00000, 0x00000000cd400000)
  object space 141312K, 54% used [0x00000000bd400000,0x00000000c1f99298,0x00000000c5e00000)
}
{Heap before GC invocations=41 (full 4):
 PSYoungGen      total 189440K, used 117319K [0x00000000ef100000, 0x00000000ff900000, 0x0000000100000000)
  eden space 116736K, 81% used [0x00000000ef100000,0x00000000f4d61cc0,0x00000000f6300000)
  from space 72704K, 31% used [0x00000000fb200000,0x00000000fc830010,0x00000000ff900000)
  to   space 76800K, 0% used [0x00000000f6300000,0x00000000f6300000,0x00000000fae00000)
 ParOldGen       total 349696K, used 298189K [0x00000000cd400000, 0x00000000e2980000, 0x00000000ef100000)
  object space 349696K, 85% used [0x00000000cd400000,0x00000000df733760,0x00000000e2980000)
 PSPermGen       total 141312K, used 77412K [0x00000000bd400000, 0x00000000c5e00000, 0x00000000cd400000)
  object space 141312K, 54% used [0x00000000bd400000,0x00000000c1f99298,0x00000000c5e00000)
180.526: [GC [PSYoungGen: 117319K->19520K(193536K)] 415509K->340661K(543232K), 0.0722970 secs] [Times: user=0.14 sys=0.00, real=0.08 secs] 
Heap after GC invocations=41 (full 4):
 PSYoungGen      total 193536K, used 19520K [0x00000000ef100000, 0x00000000fff00000, 0x0000000100000000)
  eden space 116736K, 0% used [0x00000000ef100000,0x00000000ef100000,0x00000000f6300000)
  from space 76800K, 25% used [0x00000000f6300000,0x00000000f7610000,0x00000000fae00000)
  to   space 74240K, 0% used [0x00000000fb680000,0x00000000fb680000,0x00000000fff00000)
 ParOldGen       total 349696K, used 321141K [0x00000000cd400000, 0x00000000e2980000, 0x00000000ef100000)
  object space 349696K, 91% used [0x00000000cd400000,0x00000000e0d9d770,0x00000000e2980000)
 PSPermGen       total 141312K, used 77412K [0x00000000bd400000, 0x00000000c5e00000, 0x00000000cd400000)
  object space 141312K, 54% used [0x00000000bd400000,0x00000000c1f99298,0x00000000c5e00000)
}
{Heap before GC invocations=42 (full 5):
 PSYoungGen      total 193536K, used 19520K [0x00000000ef100000, 0x00000000fff00000, 0x0000000100000000)
  eden space 116736K, 0% used [0x00000000ef100000,0x00000000ef100000,0x00000000f6300000)
  from space 76800K, 25% used [0x00000000f6300000,0x00000000f7610000,0x00000000fae00000)
  to   space 74240K, 0% used [0x00000000fb680000,0x00000000fb680000,0x00000000fff00000)
 ParOldGen       total 349696K, used 321141K [0x00000000cd400000, 0x00000000e2980000, 0x00000000ef100000)
  object space 349696K, 91% used [0x00000000cd400000,0x00000000e0d9d770,0x00000000e2980000)
 PSPermGen       total 141312K, used 77412K [0x00000000bd400000, 0x00000000c5e00000, 0x00000000cd400000)
  object space 141312K, 54% used [0x00000000bd400000,0x00000000c1f99298,0x00000000c5e00000)
180.598: [Full GC [PSYoungGen: 19520K->0K(193536K)] [ParOldGen: 321141K->338402K(542720K)] 340661K->338402K(736256K) [PSPermGen: 77412K->77412K(138240K)], 0.8917110 secs] [Times: user=1.85 sys=0.02, real=0.89 secs] 
Heap after GC invocations=42 (full 5):
 PSYoungGen      total 193536K, used 0K [0x00000000ef100000, 0x00000000fff00000, 0x0000000100000000)
  eden space 116736K, 0% used [0x00000000ef100000,0x00000000ef100000,0x00000000f6300000)
  from space 76800K, 0% used [0x00000000f6300000,0x00000000f6300000,0x00000000fae00000)
  to   space 74240K, 0% used [0x00000000fb680000,0x00000000fb680000,0x00000000fff00000)
 ParOldGen       total 542720K, used 338402K [0x00000000cd400000, 0x00000000ee600000, 0x00000000ef100000)
  object space 542720K, 62% used [0x00000000cd400000,0x00000000e1e78860,0x00000000ee600000)
 PSPermGen       total 138240K, used 77412K [0x00000000bd400000, 0x00000000c5b00000, 0x00000000cd400000)
  object space 138240K, 55% used [0x00000000bd400000,0x00000000c1f99298,0x00000000c5b00000)
}
{Heap before GC invocations=43 (full 5):
 PSYoungGen      total 193536K, used 116736K [0x00000000ef100000, 0x00000000fff00000, 0x0000000100000000)
  eden space 116736K, 100% used [0x00000000ef100000,0x00000000f6300000,0x00000000f6300000)
  from space 76800K, 0% used [0x00000000f6300000,0x00000000f6300000,0x00000000fae00000)
  to   space 74240K, 0% used [0x00000000fb680000,0x00000000fb680000,0x00000000fff00000)
 ParOldGen       total 542720K, used 338402K [0x00000000cd400000, 0x00000000ee600000, 0x00000000ef100000)
  object space 542720K, 62% used [0x00000000cd400000,0x00000000e1e78860,0x00000000ee600000)
 PSPermGen       total 138240K, used 77412K [0x00000000bd400000, 0x00000000c5b00000, 0x00000000cd400000)
  object space 138240K, 55% used [0x00000000bd400000,0x00000000c1f99298,0x00000000c5b00000)
181.668: [GC [PSYoungGen: 116736K->64928K(186880K)] 455138K->403330K(729600K), 0.0744740 secs] [Times: user=0.19 sys=0.00, real=0.07 secs] 
Heap after GC invocations=43 (full 5):
 PSYoungGen      total 186880K, used 64928K [0x00000000ef100000, 0x0000000100000000, 0x0000000100000000)
  eden space 112640K, 0% used [0x00000000ef100000,0x00000000ef100000,0x00000000f5f00000)
  from space 74240K, 87% used [0x00000000fb680000,0x00000000ff5e8010,0x00000000fff00000)
  to   space 82432K, 0% used [0x00000000f5f00000,0x00000000f5f00000,0x00000000faf80000)
 ParOldGen       total 542720K, used 338402K [0x00000000cd400000, 0x00000000ee600000, 0x00000000ef100000)
  object space 542720K, 62% used [0x00000000cd400000,0x00000000e1e78860,0x00000000ee600000)
 PSPermGen       total 138240K, used 77412K [0x00000000bd400000, 0x00000000c5b00000, 0x00000000cd400000)
  object space 138240K, 55% used [0x00000000bd400000,0x00000000c1f99298,0x00000000c5b00000)
}
{Heap before GC invocations=44 (full 5):
 PSYoungGen      total 186880K, used 177568K [0x00000000ef100000, 0x0000000100000000, 0x0000000100000000)
  eden space 112640K, 100% used [0x00000000ef100000,0x00000000f5f00000,0x00000000f5f00000)
  from space 74240K, 87% used [0x00000000fb680000,0x00000000ff5e8010,0x00000000fff00000)
  to   space 82432K, 0% used [0x00000000f5f00000,0x00000000f5f00000,0x00000000faf80000)
 ParOldGen       total 542720K, used 338402K [0x00000000cd400000, 0x00000000ee600000, 0x00000000ef100000)
  object space 542720K, 62% used [0x00000000cd400000,0x00000000e1e78860,0x00000000ee600000)
 PSPermGen       total 138240K, used 77412K [0x00000000bd400000, 0x00000000c5b00000, 0x00000000cd400000)
  object space 138240K, 55% used [0x00000000bd400000,0x00000000c1f99298,0x00000000c5b00000)
182.060: [GC [PSYoungGen: 177568K->23616K(195072K)] 515970K->426994K(737792K), 0.7750280 secs] [Times: user=1.10 sys=0.73, real=0.77 secs] 
Heap after GC invocations=44 (full 5):
 PSYoungGen      total 195072K, used 23616K [0x00000000ef100000, 0x0000000100000000, 0x0000000100000000)
  eden space 112640K, 0% used [0x00000000ef100000,0x00000000ef100000,0x00000000f5f00000)
  from space 82432K, 28% used [0x00000000f5f00000,0x00000000f7610000,0x00000000faf80000)
  to   space 79360K, 0% used [0x00000000fb280000,0x00000000fb280000,0x0000000100000000)
 ParOldGen       total 542720K, used 403378K [0x00000000cd400000, 0x00000000ee600000, 0x00000000ef100000)
  object space 542720K, 74% used [0x00000000cd400000,0x00000000e5dec870,0x00000000ee600000)
 PSPermGen       total 138240K, used 77412K [0x00000000bd400000, 0x00000000c5b00000, 0x00000000cd400000)
  object space 138240K, 55% used [0x00000000bd400000,0x00000000c1f99298,0x00000000c5b00000)
}
{Heap before GC invocations=45 (full 5):
 PSYoungGen      total 195072K, used 136256K [0x00000000ef100000, 0x0000000100000000, 0x0000000100000000)
  eden space 112640K, 100% used [0x00000000ef100000,0x00000000f5f00000,0x00000000f5f00000)
  from space 82432K, 28% used [0x00000000f5f00000,0x00000000f7610000,0x00000000faf80000)
  to   space 79360K, 0% used [0x00000000fb280000,0x00000000fb280000,0x0000000100000000)
 ParOldGen       total 542720K, used 403378K [0x00000000cd400000, 0x00000000ee600000, 0x00000000ef100000)
  object space 542720K, 74% used [0x00000000cd400000,0x00000000e5dec870,0x00000000ee600000)
 PSPermGen       total 138240K, used 77412K [0x00000000bd400000, 0x00000000c5b00000, 0x00000000cd400000)
  object space 138240K, 55% used [0x00000000bd400000,0x00000000c1f99298,0x00000000c5b00000)
183.229: [GC [PSYoungGen: 136256K->26688K(185856K)] 539634K->453882K(728576K), 0.3398270 secs] [Times: user=0.43 sys=0.37, real=0.34 secs] 
Heap after GC invocations=45 (full 5):
 PSYoungGen      total 185856K, used 26688K [0x00000000ef100000, 0x00000000ff700000, 0x0000000100000000)
  eden space 115712K, 0% used [0x00000000ef100000,0x00000000ef100000,0x00000000f6200000)
  from space 70144K, 38% used [0x00000000fb280000,0x00000000fcc90010,0x00000000ff700000)
  to   space 76288K, 0% used [0x00000000f6200000,0x00000000f6200000,0x00000000fac80000)
 ParOldGen       total 542720K, used 427194K [0x00000000cd400000, 0x00000000ee600000, 0x00000000ef100000)
  object space 542720K, 78% used [0x00000000cd400000,0x00000000e752e870,0x00000000ee600000)
 PSPermGen       total 138240K, used 77412K [0x00000000bd400000, 0x00000000c5b00000, 0x00000000cd400000)
  object space 138240K, 55% used [0x00000000bd400000,0x00000000c1f99298,0x00000000c5b00000)
}
{Heap before GC invocations=46 (full 5):
 PSYoungGen      total 185856K, used 142400K [0x00000000ef100000, 0x00000000ff700000, 0x0000000100000000)
  eden space 115712K, 100% used [0x00000000ef100000,0x00000000f6200000,0x00000000f6200000)
  from space 70144K, 38% used [0x00000000fb280000,0x00000000fcc90010,0x00000000ff700000)
  to   space 76288K, 0% used [0x00000000f6200000,0x00000000f6200000,0x00000000fac80000)
 ParOldGen       total 542720K, used 427194K [0x00000000cd400000, 0x00000000ee600000, 0x00000000ef100000)
  object space 542720K, 78% used [0x00000000cd400000,0x00000000e752e870,0x00000000ee600000)
 PSPermGen       total 138240K, used 77412K [0x00000000bd400000, 0x00000000c5b00000, 0x00000000cd400000)
  object space 138240K, 55% used [0x00000000bd400000,0x00000000c1f99298,0x00000000c5b00000)
183.943: [GC [PSYoungGen: 142400K->24128K(192000K)] 569594K->478250K(734720K), 0.1977730 secs] [Times: user=0.11 sys=0.30, real=0.20 secs] 
Heap after GC invocations=46 (full 5):
 PSYoungGen      total 192000K, used 24128K [0x00000000ef100000, 0x0000000100000000, 0x0000000100000000)
  eden space 115712K, 0% used [0x00000000ef100000,0x00000000ef100000,0x00000000f6200000)
  from space 76288K, 31% used [0x00000000f6200000,0x00000000f7990000,0x00000000fac80000)
  to   space 73216K, 0% used [0x00000000fb880000,0x00000000fb880000,0x0000000100000000)
 ParOldGen       total 542720K, used 454122K [0x00000000cd400000, 0x00000000ee600000, 0x00000000ef100000)
  object space 542720K, 83% used [0x00000000cd400000,0x00000000e8f7a880,0x00000000ee600000)
 PSPermGen       total 138240K, used 77412K [0x00000000bd400000, 0x00000000c5b00000, 0x00000000cd400000)
  object space 138240K, 55% used [0x00000000bd400000,0x00000000c1f99298,0x00000000c5b00000)
}
{Heap before GC invocations=47 (full 5):
 PSYoungGen      total 192000K, used 54555K [0x00000000ef100000, 0x0000000100000000, 0x0000000100000000)
  eden space 115712K, 26% used [0x00000000ef100000,0x00000000f0eb6ef8,0x00000000f6200000)
  from space 76288K, 31% used [0x00000000f6200000,0x00000000f7990000,0x00000000fac80000)
  to   space 73216K, 0% used [0x00000000fb880000,0x00000000fb880000,0x0000000100000000)
 ParOldGen       total 553984K, used 454122K [0x00000000cd400000, 0x00000000ef100000, 0x00000000ef100000)
  object space 553984K, 81% used [0x00000000cd400000,0x00000000e8f7a880,0x00000000ef100000)
 PSPermGen       total 138240K, used 77412K [0x00000000bd400000, 0x00000000c5b00000, 0x00000000cd400000)
  object space 138240K, 55% used [0x00000000bd400000,0x00000000c1f99298,0x00000000c5b00000)
184.239: [GC [PSYoungGen: 54555K->6272K(198144K)] 508677K->484722K(752128K), 0.2272090 secs] [Times: user=0.16 sys=0.29, real=0.22 secs] 
Heap after GC invocations=47 (full 5):
 PSYoungGen      total 198144K, used 6272K [0x00000000ef100000, 0x00000000ffd00000, 0x0000000100000000)
  eden space 128000K, 0% used [0x00000000ef100000,0x00000000ef100000,0x00000000f6e00000)
  from space 70144K, 8% used [0x00000000fb880000,0x00000000fbea0000,0x00000000ffd00000)
  to   space 73216K, 0% used [0x00000000f6e00000,0x00000000f6e00000,0x00000000fb580000)
 ParOldGen       total 553984K, used 478450K [0x00000000cd400000, 0x00000000ef100000, 0x00000000ef100000)
  object space 553984K, 86% used [0x00000000cd400000,0x00000000ea73c880,0x00000000ef100000)
 PSPermGen       total 138240K, used 77412K [0x00000000bd400000, 0x00000000c5b00000, 0x00000000cd400000)
  object space 138240K, 55% used [0x00000000bd400000,0x00000000c1f99298,0x00000000c5b00000)
}
{Heap before GC invocations=48 (full 5):
 PSYoungGen      total 198144K, used 134272K [0x00000000ef100000, 0x00000000ffd00000, 0x0000000100000000)
  eden space 128000K, 100% used [0x00000000ef100000,0x00000000f6e00000,0x00000000f6e00000)
  from space 70144K, 8% used [0x00000000fb880000,0x00000000fbea0000,0x00000000ffd00000)
  to   space 73216K, 0% used [0x00000000f6e00000,0x00000000f6e00000,0x00000000fb580000)
 ParOldGen       total 553984K, used 478450K [0x00000000cd400000, 0x00000000ef100000, 0x00000000ef100000)
  object space 553984K, 86% used [0x00000000cd400000,0x00000000ea73c880,0x00000000ef100000)
 PSPermGen       total 138240K, used 77412K [0x00000000bd400000, 0x00000000c5b00000, 0x00000000cd400000)
  object space 138240K, 55% used [0x00000000bd400000,0x00000000c1f99298,0x00000000c5b00000)
184.580: [GC-- [PSYoungGen: 134272K->134272K(198144K)] 612722K->617098K(752128K), 0.1176380 secs] [Times: user=0.09 sys=0.07, real=0.12 secs] 
Heap after GC invocations=48 (full 5):
 PSYoungGen      total 198144K, used 134272K [0x00000000ef100000, 0x00000000ffd00000, 0x0000000100000000)
  eden space 128000K, 100% used [0x00000000ef100000,0x00000000f6e00000,0x00000000f6e00000)
  from space 70144K, 8% used [0x00000000fb880000,0x00000000fbea0000,0x00000000ffd00000)
  to   space 73216K, 7% used [0x00000000f6e00000,0x00000000f7330000,0x00000000fb580000)
 ParOldGen       total 553984K, used 482826K [0x00000000cd400000, 0x00000000ef100000, 0x00000000ef100000)
  object space 553984K, 87% used [0x00000000cd400000,0x00000000eab82880,0x00000000ef100000)
 PSPermGen       total 138240K, used 77412K [0x00000000bd400000, 0x00000000c5b00000, 0x00000000cd400000)
  object space 138240K, 55% used [0x00000000bd400000,0x00000000c1f99298,0x00000000c5b00000)
}
{Heap before GC invocations=49 (full 6):
 PSYoungGen      total 198144K, used 134272K [0x00000000ef100000, 0x00000000ffd00000, 0x0000000100000000)
  eden space 128000K, 100% used [0x00000000ef100000,0x00000000f6e00000,0x00000000f6e00000)
  from space 70144K, 8% used [0x00000000fb880000,0x00000000fbea0000,0x00000000ffd00000)
  to   space 73216K, 7% used [0x00000000f6e00000,0x00000000f7330000,0x00000000fb580000)
 ParOldGen       total 553984K, used 482826K [0x00000000cd400000, 0x00000000ef100000, 0x00000000ef100000)
  object space 553984K, 87% used [0x00000000cd400000,0x00000000eab82880,0x00000000ef100000)
 PSPermGen       total 138240K, used 77412K [0x00000000bd400000, 0x00000000c5b00000, 0x00000000cd400000)
  object space 138240K, 55% used [0x00000000bd400000,0x00000000c1f99298,0x00000000c5b00000)
184.698: [Full GC [PSYoungGen: 134272K->0K(198144K)] [ParOldGen: 482826K->512046K(553984K)] 617098K->512046K(752128K) [PSPermGen: 77412K->77412K(133632K)], 1.3327630 secs] [Times: user=2.77 sys=0.22, real=1.33 secs] 
Heap after GC invocations=49 (full 6):
 PSYoungGen      total 198144K, used 0K [0x00000000ef100000, 0x00000000ffd00000, 0x0000000100000000)
  eden space 128000K, 0% used [0x00000000ef100000,0x00000000ef100000,0x00000000f6e00000)
  from space 70144K, 0% used [0x00000000fb880000,0x00000000fb880000,0x00000000ffd00000)
  to   space 73216K, 0% used [0x00000000f6e00000,0x00000000f6e00000,0x00000000fb580000)
 ParOldGen       total 553984K, used 512046K [0x00000000cd400000, 0x00000000ef100000, 0x00000000ef100000)
  object space 553984K, 92% used [0x00000000cd400000,0x00000000ec80b9a8,0x00000000ef100000)
 PSPermGen       total 133632K, used 77412K [0x00000000bd400000, 0x00000000c5680000, 0x00000000cd400000)
  object space 133632K, 57% used [0x00000000bd400000,0x00000000c1f99298,0x00000000c5680000)
}
{Heap before GC invocations=50 (full 7):
 PSYoungGen      total 198144K, used 128000K [0x00000000ef100000, 0x00000000ffd00000, 0x0000000100000000)
  eden space 128000K, 100% used [0x00000000ef100000,0x00000000f6e00000,0x00000000f6e00000)
  from space 70144K, 0% used [0x00000000fb880000,0x00000000fb880000,0x00000000ffd00000)
  to   space 73216K, 0% used [0x00000000f6e00000,0x00000000f6e00000,0x00000000fb580000)
 ParOldGen       total 553984K, used 512046K [0x00000000cd400000, 0x00000000ef100000, 0x00000000ef100000)
  object space 553984K, 92% used [0x00000000cd400000,0x00000000ec80b9a8,0x00000000ef100000)
 PSPermGen       total 133632K, used 77412K [0x00000000bd400000, 0x00000000c5680000, 0x00000000cd400000)
  object space 133632K, 57% used [0x00000000bd400000,0x00000000c1f99298,0x00000000c5680000)
186.462: [Full GC [PSYoungGen: 128000K->0K(198144K)] [ParOldGen: 512046K->538601K(553984K)] 640046K->538601K(752128K) [PSPermGen: 77412K->77412K(131072K)], 1.5269400 secs] [Times: user=2.51 sys=0.72, real=1.53 secs] 
Heap after GC invocations=50 (full 7):
 PSYoungGen      total 198144K, used 0K [0x00000000ef100000, 0x00000000ffd00000, 0x0000000100000000)
  eden space 128000K, 0% used [0x00000000ef100000,0x00000000ef100000,0x00000000f6e00000)
  from space 70144K, 0% used [0x00000000fb880000,0x00000000fb880000,0x00000000ffd00000)
  to   space 73216K, 0% used [0x00000000f6e00000,0x00000000f6e00000,0x00000000fb580000)
 ParOldGen       total 553984K, used 538601K [0x00000000cd400000, 0x00000000ef100000, 0x00000000ef100000)
  object space 553984K, 97% used [0x00000000cd400000,0x00000000ee1fa760,0x00000000ef100000)
 PSPermGen       total 131072K, used 77412K [0x00000000bd400000, 0x00000000c5400000, 0x00000000cd400000)
  object space 131072K, 59% used [0x00000000bd400000,0x00000000c1f99298,0x00000000c5400000)
}
{Heap before GC invocations=51 (full 8):
 PSYoungGen      total 198144K, used 121913K [0x00000000ef100000, 0x00000000ffd00000, 0x0000000100000000)
  eden space 128000K, 95% used [0x00000000ef100000,0x00000000f680e6c8,0x00000000f6e00000)
  from space 70144K, 0% used [0x00000000fb880000,0x00000000fb880000,0x00000000ffd00000)
  to   space 73216K, 0% used [0x00000000f6e00000,0x00000000f6e00000,0x00000000fb580000)
 ParOldGen       total 553984K, used 538601K [0x00000000cd400000, 0x00000000ef100000, 0x00000000ef100000)
  object space 553984K, 97% used [0x00000000cd400000,0x00000000ee1fa760,0x00000000ef100000)
 PSPermGen       total 131072K, used 77412K [0x00000000bd400000, 0x00000000c5400000, 0x00000000cd400000)
  object space 131072K, 59% used [0x00000000bd400000,0x00000000c1f99298,0x00000000c5400000)
188.477: [Full GC [PSYoungGen: 121913K->0K(198144K)] [ParOldGen: 538601K->221238K(553984K)] 660515K->221238K(752128K) [PSPermGen: 77412K->77412K(131072K)], 1.1703590 secs] [Times: user=2.69 sys=0.02, real=1.17 secs] 
Heap after GC invocations=51 (full 8):
 PSYoungGen      total 198144K, used 0K [0x00000000ef100000, 0x00000000ffd00000, 0x0000000100000000)
  eden space 128000K, 0% used [0x00000000ef100000,0x00000000ef100000,0x00000000f6e00000)
  from space 70144K, 0% used [0x00000000fb880000,0x00000000fb880000,0x00000000ffd00000)
  to   space 73216K, 0% used [0x00000000f6e00000,0x00000000f6e00000,0x00000000fb580000)
 ParOldGen       total 553984K, used 221238K [0x00000000cd400000, 0x00000000ef100000, 0x00000000ef100000)
  object space 553984K, 39% used [0x00000000cd400000,0x00000000dac0db58,0x00000000ef100000)
 PSPermGen       total 131072K, used 77412K [0x00000000bd400000, 0x00000000c5400000, 0x00000000cd400000)
  object space 131072K, 59% used [0x00000000bd400000,0x00000000c1f99298,0x00000000c5400000)
}
{Heap before GC invocations=52 (full 8):
 PSYoungGen      total 198144K, used 127069K [0x00000000ef100000, 0x00000000ffd00000, 0x0000000100000000)
  eden space 128000K, 99% used [0x00000000ef100000,0x00000000f6d176e0,0x00000000f6e00000)
  from space 70144K, 0% used [0x00000000fb880000,0x00000000fb880000,0x00000000ffd00000)
  to   space 73216K, 0% used [0x00000000f6e00000,0x00000000f6e00000,0x00000000fb580000)
 ParOldGen       total 553984K, used 221238K [0x00000000cd400000, 0x00000000ef100000, 0x00000000ef100000)
  object space 553984K, 39% used [0x00000000cd400000,0x00000000dac0db58,0x00000000ef100000)
 PSPermGen       total 131072K, used 77417K [0x00000000bd400000, 0x00000000c5400000, 0x00000000cd400000)
  object space 131072K, 59% used [0x00000000bd400000,0x00000000c1f9a590,0x00000000c5400000)
213.136: [GC [PSYoungGen: 127069K->29408K(201216K)] 348308K->250646K(755200K), 0.0394590 secs] [Times: user=0.08 sys=0.00, real=0.03 secs] 
Heap after GC invocations=52 (full 8):
 PSYoungGen      total 201216K, used 29408K [0x00000000ef100000, 0x00000000ffb00000, 0x0000000100000000)
  eden space 128000K, 0% used [0x00000000ef100000,0x00000000ef100000,0x00000000f6e00000)
  from space 73216K, 40% used [0x00000000f6e00000,0x00000000f8ab8020,0x00000000fb580000)
  to   space 69120K, 0% used [0x00000000fb780000,0x00000000fb780000,0x00000000ffb00000)
 ParOldGen       total 553984K, used 221238K [0x00000000cd400000, 0x00000000ef100000, 0x00000000ef100000)
  object space 553984K, 39% used [0x00000000cd400000,0x00000000dac0db58,0x00000000ef100000)
 PSPermGen       total 131072K, used 77417K [0x00000000bd400000, 0x00000000c5400000, 0x00000000cd400000)
  object space 131072K, 59% used [0x00000000bd400000,0x00000000c1f9a590,0x00000000c5400000)
}
{Heap before GC invocations=53 (full 8):
 PSYoungGen      total 201216K, used 151157K [0x00000000ef100000, 0x00000000ffb00000, 0x0000000100000000)
  eden space 128000K, 95% used [0x00000000ef100000,0x00000000f67e5458,0x00000000f6e00000)
  from space 73216K, 40% used [0x00000000f6e00000,0x00000000f8ab8020,0x00000000fb580000)
  to   space 69120K, 0% used [0x00000000fb780000,0x00000000fb780000,0x00000000ffb00000)
 ParOldGen       total 553984K, used 221238K [0x00000000cd400000, 0x00000000ef100000, 0x00000000ef100000)
  object space 553984K, 39% used [0x00000000cd400000,0x00000000dac0db58,0x00000000ef100000)
 PSPermGen       total 131072K, used 77417K [0x00000000bd400000, 0x00000000c5400000, 0x00000000cd400000)
  object space 131072K, 59% used [0x00000000bd400000,0x00000000c1f9a590,0x00000000c5400000)
213.513: [GC [PSYoungGen: 151157K->69088K(184832K)] 372395K->292742K(738816K), 0.0883910 secs] [Times: user=0.17 sys=0.01, real=0.09 secs] 
Heap after GC invocations=53 (full 8):
 PSYoungGen      total 184832K, used 69088K [0x00000000ef100000, 0x0000000100000000, 0x0000000100000000)
  eden space 115712K, 0% used [0x00000000ef100000,0x00000000ef100000,0x00000000f6200000)
  from space 69120K, 99% used [0x00000000fb780000,0x00000000ffaf8030,0x00000000ffb00000)
  to   space 80896K, 0% used [0x00000000f6200000,0x00000000f6200000,0x00000000fb100000)
 ParOldGen       total 553984K, used 223654K [0x00000000cd400000, 0x00000000ef100000, 0x00000000ef100000)
  object space 553984K, 40% used [0x00000000cd400000,0x00000000dae69b58,0x00000000ef100000)
 PSPermGen       total 131072K, used 77417K [0x00000000bd400000, 0x00000000c5400000, 0x00000000cd400000)
  object space 131072K, 59% used [0x00000000bd400000,0x00000000c1f9a590,0x00000000c5400000)
}
{Heap before GC invocations=54 (full 8):
 PSYoungGen      total 184832K, used 184800K [0x00000000ef100000, 0x0000000100000000, 0x0000000100000000)
  eden space 115712K, 100% used [0x00000000ef100000,0x00000000f6200000,0x00000000f6200000)
  from space 69120K, 99% used [0x00000000fb780000,0x00000000ffaf8030,0x00000000ffb00000)
  to   space 80896K, 0% used [0x00000000f6200000,0x00000000f6200000,0x00000000fb100000)
 ParOldGen       total 553984K, used 223654K [0x00000000cd400000, 0x00000000ef100000, 0x00000000ef100000)
  object space 553984K, 40% used [0x00000000cd400000,0x00000000dae69b58,0x00000000ef100000)
 PSPermGen       total 131072K, used 77417K [0x00000000bd400000, 0x00000000c5400000, 0x00000000cd400000)
  object space 131072K, 59% used [0x00000000bd400000,0x00000000c1f9a590,0x00000000c5400000)
213.865: [GC [PSYoungGen: 184800K->44416K(196608K)] 408454K->312062K(750592K), 0.0657250 secs] [Times: user=0.18 sys=0.00, real=0.07 secs] 
Heap after GC invocations=54 (full 8):
 PSYoungGen      total 196608K, used 44416K [0x00000000ef100000, 0x0000000100000000, 0x0000000100000000)
  eden space 115712K, 0% used [0x00000000ef100000,0x00000000ef100000,0x00000000f6200000)
  from space 80896K, 54% used [0x00000000f6200000,0x00000000f8d60010,0x00000000fb100000)
  to   space 80384K, 0% used [0x00000000fb180000,0x00000000fb180000,0x0000000100000000)
 ParOldGen       total 553984K, used 267646K [0x00000000cd400000, 0x00000000ef100000, 0x00000000ef100000)
  object space 553984K, 48% used [0x00000000cd400000,0x00000000dd95fb68,0x00000000ef100000)
 PSPermGen       total 131072K, used 77417K [0x00000000bd400000, 0x00000000c5400000, 0x00000000cd400000)
  object space 131072K, 59% used [0x00000000bd400000,0x00000000c1f9a590,0x00000000c5400000)
}
{Heap before GC invocations=55 (full 8):
 PSYoungGen      total 196608K, used 160128K [0x00000000ef100000, 0x0000000100000000, 0x0000000100000000)
  eden space 115712K, 100% used [0x00000000ef100000,0x00000000f6200000,0x00000000f6200000)
  from space 80896K, 54% used [0x00000000f6200000,0x00000000f8d60010,0x00000000fb100000)
  to   space 80384K, 0% used [0x00000000fb180000,0x00000000fb180000,0x0000000100000000)
 ParOldGen       total 553984K, used 267646K [0x00000000cd400000, 0x00000000ef100000, 0x00000000ef100000)
  object space 553984K, 48% used [0x00000000cd400000,0x00000000dd95fb68,0x00000000ef100000)
 PSPermGen       total 131072K, used 77417K [0x00000000bd400000, 0x00000000c5400000, 0x00000000cd400000)
  object space 131072K, 59% used [0x00000000bd400000,0x00000000c1f9a590,0x00000000c5400000)
214.316: [GC [PSYoungGen: 160128K->70176K(180736K)] 427774K->337822K(734720K), 0.0985820 secs] [Times: user=0.15 sys=0.00, real=0.10 secs] 
Heap after GC invocations=55 (full 8):
 PSYoungGen      total 180736K, used 70176K [0x00000000ef100000, 0x0000000100000000, 0x0000000100000000)
  eden space 100352K, 0% used [0x00000000ef100000,0x00000000ef100000,0x00000000f5300000)
  from space 80384K, 87% used [0x00000000fb180000,0x00000000ff608020,0x0000000100000000)
  to   space 88576K, 0% used [0x00000000f5300000,0x00000000f5300000,0x00000000fa980000)
 ParOldGen       total 553984K, used 267646K [0x00000000cd400000, 0x00000000ef100000, 0x00000000ef100000)
  object space 553984K, 48% used [0x00000000cd400000,0x00000000dd95fb68,0x00000000ef100000)
 PSPermGen       total 131072K, used 77417K [0x00000000bd400000, 0x00000000c5400000, 0x00000000cd400000)
  object space 131072K, 59% used [0x00000000bd400000,0x00000000c1f9a590,0x00000000c5400000)
}
{Heap before GC invocations=56 (full 8):
 PSYoungGen      total 180736K, used 170528K [0x00000000ef100000, 0x0000000100000000, 0x0000000100000000)
  eden space 100352K, 100% used [0x00000000ef100000,0x00000000f5300000,0x00000000f5300000)
  from space 80384K, 87% used [0x00000000fb180000,0x00000000ff608020,0x0000000100000000)
  to   space 88576K, 0% used [0x00000000f5300000,0x00000000f5300000,0x00000000fa980000)
 ParOldGen       total 553984K, used 267646K [0x00000000cd400000, 0x00000000ef100000, 0x00000000ef100000)
  object space 553984K, 48% used [0x00000000cd400000,0x00000000dd95fb68,0x00000000ef100000)
 PSPermGen       total 131072K, used 77417K [0x00000000bd400000, 0x00000000c5400000, 0x00000000cd400000)
  object space 131072K, 59% used [0x00000000bd400000,0x00000000c1f9a590,0x00000000c5400000)
214.575: [GC [PSYoungGen: 170528K->88544K(188928K)] 438174K->373670K(742912K), 0.0703880 secs] [Times: user=0.17 sys=0.00, real=0.07 secs] 
Heap after GC invocations=56 (full 8):
 PSYoungGen      total 188928K, used 88544K [0x00000000ef100000, 0x0000000100000000, 0x0000000100000000)
  eden space 100352K, 0% used [0x00000000ef100000,0x00000000ef100000,0x00000000f5300000)
  from space 88576K, 99% used [0x00000000f5300000,0x00000000fa978020,0x00000000fa980000)
  to   space 88576K, 0% used [0x00000000fa980000,0x00000000fa980000,0x0000000100000000)
 ParOldGen       total 553984K, used 285126K [0x00000000cd400000, 0x00000000ef100000, 0x00000000ef100000)
  object space 553984K, 51% used [0x00000000cd400000,0x00000000dea71b68,0x00000000ef100000)
 PSPermGen       total 131072K, used 77417K [0x00000000bd400000, 0x00000000c5400000, 0x00000000cd400000)
  object space 131072K, 59% used [0x00000000bd400000,0x00000000c1f9a590,0x00000000c5400000)
}
{Heap before GC invocations=57 (full 8):
 PSYoungGen      total 188928K, used 188896K [0x00000000ef100000, 0x0000000100000000, 0x0000000100000000)
  eden space 100352K, 100% used [0x00000000ef100000,0x00000000f5300000,0x00000000f5300000)
  from space 88576K, 99% used [0x00000000f5300000,0x00000000fa978020,0x00000000fa980000)
  to   space 88576K, 0% used [0x00000000fa980000,0x00000000fa980000,0x0000000100000000)
 ParOldGen       total 553984K, used 285126K [0x00000000cd400000, 0x00000000ef100000, 0x00000000ef100000)
  object space 553984K, 51% used [0x00000000cd400000,0x00000000dea71b68,0x00000000ef100000)
 PSPermGen       total 131072K, used 77417K [0x00000000bd400000, 0x00000000c5400000, 0x00000000cd400000)
  object space 131072K, 59% used [0x00000000bd400000,0x00000000c1f9a590,0x00000000c5400000)
214.935: [GC [PSYoungGen: 188896K->77536K(181760K)] 474022K->394990K(735744K), 0.1062570 secs] [Times: user=0.19 sys=0.00, real=0.11 secs] 
Heap after GC invocations=57 (full 8):
 PSYoungGen      total 181760K, used 77536K [0x00000000ef100000, 0x0000000100000000, 0x0000000100000000)
  eden space 93184K, 0% used [0x00000000ef100000,0x00000000ef100000,0x00000000f4c00000)
  from space 88576K, 87% used [0x00000000fa980000,0x00000000ff538010,0x0000000100000000)
  to   space 92160K, 0% used [0x00000000f4c00000,0x00000000f4c00000,0x00000000fa600000)
 ParOldGen       total 553984K, used 317454K [0x00000000cd400000, 0x00000000ef100000, 0x00000000ef100000)
  object space 553984K, 57% used [0x00000000cd400000,0x00000000e0a03b78,0x00000000ef100000)
 PSPermGen       total 131072K, used 77417K [0x00000000bd400000, 0x00000000c5400000, 0x00000000cd400000)
  object space 131072K, 59% used [0x00000000bd400000,0x00000000c1f9a590,0x00000000c5400000)
}
{Heap before GC invocations=58 (full 8):
 PSYoungGen      total 181760K, used 170720K [0x00000000ef100000, 0x0000000100000000, 0x0000000100000000)
  eden space 93184K, 100% used [0x00000000ef100000,0x00000000f4c00000,0x00000000f4c00000)
  from space 88576K, 87% used [0x00000000fa980000,0x00000000ff538010,0x0000000100000000)
  to   space 92160K, 0% used [0x00000000f4c00000,0x00000000f4c00000,0x00000000fa600000)
 ParOldGen       total 553984K, used 317454K [0x00000000cd400000, 0x00000000ef100000, 0x00000000ef100000)
  object space 553984K, 57% used [0x00000000cd400000,0x00000000e0a03b78,0x00000000ef100000)
 PSPermGen       total 131072K, used 77417K [0x00000000bd400000, 0x00000000c5400000, 0x00000000cd400000)
  object space 131072K, 59% used [0x00000000bd400000,0x00000000c1f9a590,0x00000000c5400000)
215.384: [GC [PSYoungGen: 170720K->22816K(185344K)] 488174K->418142K(739328K), 0.1134280 secs] [Times: user=0.23 sys=0.00, real=0.12 secs] 
Heap after GC invocations=58 (full 8):
 PSYoungGen      total 185344K, used 22816K [0x00000000ef100000, 0x0000000100000000, 0x0000000100000000)
  eden space 93184K, 0% used [0x00000000ef100000,0x00000000ef100000,0x00000000f4c00000)
  from space 92160K, 24% used [0x00000000f4c00000,0x00000000f6248010,0x00000000fa600000)
  to   space 92160K, 0% used [0x00000000fa600000,0x00000000fa600000,0x0000000100000000)
 ParOldGen       total 553984K, used 395326K [0x00000000cd400000, 0x00000000ef100000, 0x00000000ef100000)
  object space 553984K, 71% used [0x00000000cd400000,0x00000000e560fb88,0x00000000ef100000)
 PSPermGen       total 131072K, used 77417K [0x00000000bd400000, 0x00000000c5400000, 0x00000000cd400000)
  object space 131072K, 59% used [0x00000000bd400000,0x00000000c1f9a590,0x00000000c5400000)
}
{Heap before GC invocations=59 (full 8):
 PSYoungGen      total 185344K, used 116000K [0x00000000ef100000, 0x0000000100000000, 0x0000000100000000)
  eden space 93184K, 100% used [0x00000000ef100000,0x00000000f4c00000,0x00000000f4c00000)
  from space 92160K, 24% used [0x00000000f4c00000,0x00000000f6248010,0x00000000fa600000)
  to   space 92160K, 0% used [0x00000000fa600000,0x00000000fa600000,0x0000000100000000)
 ParOldGen       total 553984K, used 395326K [0x00000000cd400000, 0x00000000ef100000, 0x00000000ef100000)
  object space 553984K, 71% used [0x00000000cd400000,0x00000000e560fb88,0x00000000ef100000)
 PSPermGen       total 131072K, used 77417K [0x00000000bd400000, 0x00000000c5400000, 0x00000000cd400000)
  object space 131072K, 59% used [0x00000000bd400000,0x00000000c1f9a590,0x00000000c5400000)
215.788: [GC [PSYoungGen: 116000K->19360K(185344K)] 511326K->437654K(739328K), 0.0545580 secs] [Times: user=0.15 sys=0.00, real=0.05 secs] 
Heap after GC invocations=59 (full 8):
 PSYoungGen      total 185344K, used 19360K [0x00000000ef100000, 0x0000000100000000, 0x0000000100000000)
  eden space 93184K, 0% used [0x00000000ef100000,0x00000000ef100000,0x00000000f4c00000)
  from space 92160K, 21% used [0x00000000fa600000,0x00000000fb8e8000,0x0000000100000000)
  to   space 92160K, 0% used [0x00000000f4c00000,0x00000000f4c00000,0x00000000fa600000)
 ParOldGen       total 553984K, used 418294K [0x00000000cd400000, 0x00000000ef100000, 0x00000000ef100000)
  object space 553984K, 75% used [0x00000000cd400000,0x00000000e6c7db98,0x00000000ef100000)
 PSPermGen       total 131072K, used 77417K [0x00000000bd400000, 0x00000000c5400000, 0x00000000cd400000)
  object space 131072K, 59% used [0x00000000bd400000,0x00000000c1f9a590,0x00000000c5400000)
}
{Heap before GC invocations=60 (full 8):
 PSYoungGen      total 185344K, used 112544K [0x00000000ef100000, 0x0000000100000000, 0x0000000100000000)
  eden space 93184K, 100% used [0x00000000ef100000,0x00000000f4c00000,0x00000000f4c00000)
  from space 92160K, 21% used [0x00000000fa600000,0x00000000fb8e8000,0x0000000100000000)
  to   space 92160K, 0% used [0x00000000f4c00000,0x00000000f4c00000,0x00000000fa600000)
 ParOldGen       total 553984K, used 418294K [0x00000000cd400000, 0x00000000ef100000, 0x00000000ef100000)
  object space 553984K, 75% used [0x00000000cd400000,0x00000000e6c7db98,0x00000000ef100000)
 PSPermGen       total 131072K, used 77417K [0x00000000bd400000, 0x00000000c5400000, 0x00000000cd400000)
  object space 131072K, 59% used [0x00000000bd400000,0x00000000c1f9a590,0x00000000c5400000)
216.159: [GC [PSYoungGen: 112544K->19584K(185344K)] 530838K->457414K(739328K), 0.0786130 secs] [Times: user=0.15 sys=0.00, real=0.08 secs] 
Heap after GC invocations=60 (full 8):
 PSYoungGen      total 185344K, used 19584K [0x00000000ef100000, 0x0000000100000000, 0x0000000100000000)
  eden space 93184K, 0% used [0x00000000ef100000,0x00000000ef100000,0x00000000f4c00000)
  from space 92160K, 21% used [0x00000000f4c00000,0x00000000f5f20000,0x00000000fa600000)
  to   space 92160K, 0% used [0x00000000fa600000,0x00000000fa600000,0x0000000100000000)
 ParOldGen       total 553984K, used 437830K [0x00000000cd400000, 0x00000000ef100000, 0x00000000ef100000)
  object space 553984K, 79% used [0x00000000cd400000,0x00000000e7f91b98,0x00000000ef100000)
 PSPermGen       total 131072K, used 77417K [0x00000000bd400000, 0x00000000c5400000, 0x00000000cd400000)
  object space 131072K, 59% used [0x00000000bd400000,0x00000000c1f9a590,0x00000000c5400000)
}
{Heap before GC invocations=61 (full 9):
 PSYoungGen      total 185344K, used 107439K [0x00000000ef100000, 0x0000000100000000, 0x0000000100000000)
  eden space 93184K, 94% used [0x00000000ef100000,0x00000000f46cbd28,0x00000000f4c00000)
  from space 92160K, 21% used [0x00000000f4c00000,0x00000000f5f20000,0x00000000fa600000)
  to   space 92160K, 0% used [0x00000000fa600000,0x00000000fa600000,0x0000000100000000)
 ParOldGen       total 553984K, used 540230K [0x00000000cd400000, 0x00000000ef100000, 0x00000000ef100000)
  object space 553984K, 97% used [0x00000000cd400000,0x00000000ee391ba8,0x00000000ef100000)
 PSPermGen       total 131072K, used 77417K [0x00000000bd400000, 0x00000000c5400000, 0x00000000cd400000)
  object space 131072K, 59% used [0x00000000bd400000,0x00000000c1f9a590,0x00000000c5400000)
216.537: [Full GC [PSYoungGen: 107439K->0K(185344K)] [ParOldGen: 540230K->221241K(553984K)] 647670K->221241K(739328K) [PSPermGen: 77417K->77417K(131072K)], 0.6702640 secs] [Times: user=1.42 sys=0.00, real=0.66 secs] 
Heap after GC invocations=61 (full 9):
 PSYoungGen      total 185344K, used 0K [0x00000000ef100000, 0x0000000100000000, 0x0000000100000000)
  eden space 93184K, 0% used [0x00000000ef100000,0x00000000ef100000,0x00000000f4c00000)
  from space 92160K, 0% used [0x00000000f4c00000,0x00000000f4c00000,0x00000000fa600000)
  to   space 92160K, 0% used [0x00000000fa600000,0x00000000fa600000,0x0000000100000000)
 ParOldGen       total 553984K, used 221241K [0x00000000cd400000, 0x00000000ef100000, 0x00000000ef100000)
  object space 553984K, 39% used [0x00000000cd400000,0x00000000dac0e7c0,0x00000000ef100000)
 PSPermGen       total 131072K, used 77417K [0x00000000bd400000, 0x00000000c5400000, 0x00000000cd400000)
  object space 131072K, 59% used [0x00000000bd400000,0x00000000c1f9a590,0x00000000c5400000)
}
{Heap before GC invocations=62 (full 9):
 PSYoungGen      total 185344K, used 93184K [0x00000000ef100000, 0x0000000100000000, 0x0000000100000000)
  eden space 93184K, 100% used [0x00000000ef100000,0x00000000f4c00000,0x00000000f4c00000)
  from space 92160K, 0% used [0x00000000f4c00000,0x00000000f4c00000,0x00000000fa600000)
  to   space 92160K, 0% used [0x00000000fa600000,0x00000000fa600000,0x0000000100000000)
 ParOldGen       total 553984K, used 221241K [0x00000000cd400000, 0x00000000ef100000, 0x00000000ef100000)
  object space 553984K, 39% used [0x00000000cd400000,0x00000000dac0e7c0,0x00000000ef100000)
 PSPermGen       total 131072K, used 77417K [0x00000000bd400000, 0x00000000c5400000, 0x00000000cd400000)
  object space 131072K, 59% used [0x00000000bd400000,0x00000000c1f9a590,0x00000000c5400000)
226.441: [GC [PSYoungGen: 93184K->23360K(185344K)] 314425K->244601K(739328K), 0.0378150 secs] [Times: user=0.06 sys=0.00, real=0.04 secs] 
Heap after GC invocations=62 (full 9):
 PSYoungGen      total 185344K, used 23360K [0x00000000ef100000, 0x0000000100000000, 0x0000000100000000)
  eden space 93184K, 0% used [0x00000000ef100000,0x00000000ef100000,0x00000000f4c00000)
  from space 92160K, 25% used [0x00000000fa600000,0x00000000fbcd0020,0x0000000100000000)
  to   space 92160K, 0% used [0x00000000f4c00000,0x00000000f4c00000,0x00000000fa600000)
 ParOldGen       total 553984K, used 221241K [0x00000000cd400000, 0x00000000ef100000, 0x00000000ef100000)
  object space 553984K, 39% used [0x00000000cd400000,0x00000000dac0e7c0,0x00000000ef100000)
 PSPermGen       total 131072K, used 77417K [0x00000000bd400000, 0x00000000c5400000, 0x00000000cd400000)
  object space 131072K, 59% used [0x00000000bd400000,0x00000000c1f9a590,0x00000000c5400000)
}
{Heap before GC invocations=63 (full 9):
 PSYoungGen      total 185344K, used 116544K [0x00000000ef100000, 0x0000000100000000, 0x0000000100000000)
  eden space 93184K, 100% used [0x00000000ef100000,0x00000000f4c00000,0x00000000f4c00000)
  from space 92160K, 25% used [0x00000000fa600000,0x00000000fbcd0020,0x0000000100000000)
  to   space 92160K, 0% used [0x00000000f4c00000,0x00000000f4c00000,0x00000000fa600000)
 ParOldGen       total 553984K, used 221241K [0x00000000cd400000, 0x00000000ef100000, 0x00000000ef100000)
  object space 553984K, 39% used [0x00000000cd400000,0x00000000dac0e7c0,0x00000000ef100000)
 PSPermGen       total 131072K, used 77417K [0x00000000bd400000, 0x00000000c5400000, 0x00000000cd400000)
  object space 131072K, 59% used [0x00000000bd400000,0x00000000c1f9a590,0x00000000c5400000)
226.753: [GC [PSYoungGen: 116544K->30432K(185344K)] 337785K->268241K(739328K), 0.0814370 secs] [Times: user=0.17 sys=0.01, real=0.08 secs] 
Heap after GC invocations=63 (full 9):
 PSYoungGen      total 185344K, used 30432K [0x00000000ef100000, 0x0000000100000000, 0x0000000100000000)
  eden space 93184K, 0% used [0x00000000ef100000,0x00000000ef100000,0x00000000f4c00000)
  from space 92160K, 33% used [0x00000000f4c00000,0x00000000f69b8020,0x00000000fa600000)
  to   space 92160K, 0% used [0x00000000fa600000,0x00000000fa600000,0x0000000100000000)
 ParOldGen       total 553984K, used 237809K [0x00000000cd400000, 0x00000000ef100000, 0x00000000ef100000)
  object space 553984K, 42% used [0x00000000cd400000,0x00000000dbc3c7c0,0x00000000ef100000)
 PSPermGen       total 131072K, used 77417K [0x00000000bd400000, 0x00000000c5400000, 0x00000000cd400000)
  object space 131072K, 59% used [0x00000000bd400000,0x00000000c1f9a590,0x00000000c5400000)
}
{Heap before GC invocations=64 (full 9):
 PSYoungGen      total 185344K, used 123616K [0x00000000ef100000, 0x0000000100000000, 0x0000000100000000)
  eden space 93184K, 100% used [0x00000000ef100000,0x00000000f4c00000,0x00000000f4c00000)
  from space 92160K, 33% used [0x00000000f4c00000,0x00000000f69b8020,0x00000000fa600000)
  to   space 92160K, 0% used [0x00000000fa600000,0x00000000fa600000,0x0000000100000000)
 ParOldGen       total 553984K, used 237809K [0x00000000cd400000, 0x00000000ef100000, 0x00000000ef100000)
  object space 553984K, 42% used [0x00000000cd400000,0x00000000dbc3c7c0,0x00000000ef100000)
 PSPermGen       total 131072K, used 77417K [0x00000000bd400000, 0x00000000c5400000, 0x00000000cd400000)
  object space 131072K, 59% used [0x00000000bd400000,0x00000000c1f9a590,0x00000000c5400000)
227.074: [GC [PSYoungGen: 123616K->39744K(185344K)] 361425K->295329K(739328K), 0.0471990 secs] [Times: user=0.11 sys=0.00, real=0.05 secs] 
Heap after GC invocations=64 (full 9):
 PSYoungGen      total 185344K, used 39744K [0x00000000ef100000, 0x0000000100000000, 0x0000000100000000)
  eden space 93184K, 0% used [0x00000000ef100000,0x00000000ef100000,0x00000000f4c00000)
  from space 92160K, 43% used [0x00000000fa600000,0x00000000fccd0010,0x0000000100000000)
  to   space 92160K, 0% used [0x00000000f4c00000,0x00000000f4c00000,0x00000000fa600000)
 ParOldGen       total 553984K, used 255585K [0x00000000cd400000, 0x00000000ef100000, 0x00000000ef100000)
  object space 553984K, 46% used [0x00000000cd400000,0x00000000dcd987d0,0x00000000ef100000)
 PSPermGen       total 131072K, used 77417K [0x00000000bd400000, 0x00000000c5400000, 0x00000000cd400000)
  object space 131072K, 59% used [0x00000000bd400000,0x00000000c1f9a590,0x00000000c5400000)
}
{Heap before GC invocations=65 (full 9):
 PSYoungGen      total 185344K, used 132928K [0x00000000ef100000, 0x0000000100000000, 0x0000000100000000)
  eden space 93184K, 100% used [0x00000000ef100000,0x00000000f4c00000,0x00000000f4c00000)
  from space 92160K, 43% used [0x00000000fa600000,0x00000000fccd0010,0x0000000100000000)
  to   space 92160K, 0% used [0x00000000f4c00000,0x00000000f4c00000,0x00000000fa600000)
 ParOldGen       total 553984K, used 255585K [0x00000000cd400000, 0x00000000ef100000, 0x00000000ef100000)
  object space 553984K, 46% used [0x00000000cd400000,0x00000000dcd987d0,0x00000000ef100000)
 PSPermGen       total 131072K, used 77417K [0x00000000bd400000, 0x00000000c5400000, 0x00000000cd400000)
  object space 131072K, 59% used [0x00000000bd400000,0x00000000c1f9a590,0x00000000c5400000)
227.451: [GC [PSYoungGen: 132928K->21120K(114688K)] 388513K->316577K(668672K), 0.0753510 secs] [Times: user=0.21 sys=0.00, real=0.07 secs] 
Heap after GC invocations=65 (full 9):
 PSYoungGen      total 114688K, used 21120K [0x00000000ef100000, 0x00000000ffd00000, 0x0000000100000000)
  eden space 93184K, 0% used [0x00000000ef100000,0x00000000ef100000,0x00000000f4c00000)
  from space 21504K, 98% used [0x00000000f4c00000,0x00000000f60a0010,0x00000000f6100000)
  to   space 90624K, 0% used [0x00000000fa480000,0x00000000fa480000,0x00000000ffd00000)
 ParOldGen       total 553984K, used 295457K [0x00000000cd400000, 0x00000000ef100000, 0x00000000ef100000)
  object space 553984K, 53% used [0x00000000cd400000,0x00000000df4887e0,0x00000000ef100000)
 PSPermGen       total 131072K, used 77417K [0x00000000bd400000, 0x00000000c5400000, 0x00000000cd400000)
  object space 131072K, 59% used [0x00000000bd400000,0x00000000c1f9a590,0x00000000c5400000)
}
{Heap before GC invocations=66 (full 9):
 PSYoungGen      total 114688K, used 114304K [0x00000000ef100000, 0x00000000ffd00000, 0x0000000100000000)
  eden space 93184K, 100% used [0x00000000ef100000,0x00000000f4c00000,0x00000000f4c00000)
  from space 21504K, 98% used [0x00000000f4c00000,0x00000000f60a0010,0x00000000f6100000)
  to   space 90624K, 0% used [0x00000000fa480000,0x00000000fa480000,0x00000000ffd00000)
 ParOldGen       total 553984K, used 295457K [0x00000000cd400000, 0x00000000ef100000, 0x00000000ef100000)
  object space 553984K, 53% used [0x00000000cd400000,0x00000000df4887e0,0x00000000ef100000)
 PSPermGen       total 131072K, used 77417K [0x00000000bd400000, 0x00000000c5400000, 0x00000000cd400000)
  object space 131072K, 59% used [0x00000000bd400000,0x00000000c1f9a590,0x00000000c5400000)
227.784: [GC [PSYoungGen: 114304K->40512K(186368K)] 409761K->335969K(740352K), 0.0509870 secs] [Times: user=0.11 sys=0.01, real=0.05 secs] 
Heap after GC invocations=66 (full 9):
 PSYoungGen      total 186368K, used 40512K [0x00000000ef100000, 0x00000000ffb80000, 0x0000000100000000)
  eden space 97280K, 0% used [0x00000000ef100000,0x00000000ef100000,0x00000000f5000000)
  from space 89088K, 45% used [0x00000000fa480000,0x00000000fcc10010,0x00000000ffb80000)
  to   space 86528K, 0% used [0x00000000f5000000,0x00000000f5000000,0x00000000fa480000)
 ParOldGen       total 553984K, used 295457K [0x00000000cd400000, 0x00000000ef100000, 0x00000000ef100000)
  object space 553984K, 53% used [0x00000000cd400000,0x00000000df4887e0,0x00000000ef100000)
 PSPermGen       total 131072K, used 77417K [0x00000000bd400000, 0x00000000c5400000, 0x00000000cd400000)
  object space 131072K, 59% used [0x00000000bd400000,0x00000000c1f9a590,0x00000000c5400000)
}
{Heap before GC invocations=67 (full 9):
 PSYoungGen      total 186368K, used 137792K [0x00000000ef100000, 0x00000000ffb80000, 0x0000000100000000)
  eden space 97280K, 100% used [0x00000000ef100000,0x00000000f5000000,0x00000000f5000000)
  from space 89088K, 45% used [0x00000000fa480000,0x00000000fcc10010,0x00000000ffb80000)
  to   space 86528K, 0% used [0x00000000f5000000,0x00000000f5000000,0x00000000fa480000)
 ParOldGen       total 553984K, used 295457K [0x00000000cd400000, 0x00000000ef100000, 0x00000000ef100000)
  object space 553984K, 53% used [0x00000000cd400000,0x00000000df4887e0,0x00000000ef100000)
 PSPermGen       total 131072K, used 77417K [0x00000000bd400000, 0x00000000c5400000, 0x00000000cd400000)
  object space 131072K, 59% used [0x00000000bd400000,0x00000000c1f9a590,0x00000000c5400000)
227.986: [GC [PSYoungGen: 137792K->86496K(183808K)] 433249K->396786K(737792K), 0.0895960 secs] [Times: user=0.20 sys=0.00, real=0.10 secs] 
Heap after GC invocations=67 (full 9):
 PSYoungGen      total 183808K, used 86496K [0x00000000ef100000, 0x0000000100000000, 0x0000000100000000)
  eden space 97280K, 0% used [0x00000000ef100000,0x00000000ef100000,0x00000000f5000000)
  from space 86528K, 99% used [0x00000000f5000000,0x00000000fa478020,0x00000000fa480000)
  to   space 92160K, 0% used [0x00000000fa600000,0x00000000fa600000,0x0000000100000000)
 ParOldGen       total 553984K, used 310289K [0x00000000cd400000, 0x00000000ef100000, 0x00000000ef100000)
  object space 553984K, 56% used [0x00000000cd400000,0x00000000e03047e0,0x00000000ef100000)
 PSPermGen       total 131072K, used 77417K [0x00000000bd400000, 0x00000000c5400000, 0x00000000cd400000)
  object space 131072K, 59% used [0x00000000bd400000,0x00000000c1f9a590,0x00000000c5400000)
}
{Heap before GC invocations=68 (full 9):
 PSYoungGen      total 183808K, used 183776K [0x00000000ef100000, 0x0000000100000000, 0x0000000100000000)
  eden space 97280K, 100% used [0x00000000ef100000,0x00000000f5000000,0x00000000f5000000)
  from space 86528K, 99% used [0x00000000f5000000,0x00000000fa478020,0x00000000fa480000)
  to   space 92160K, 0% used [0x00000000fa600000,0x00000000fa600000,0x0000000100000000)
 ParOldGen       total 553984K, used 310289K [0x00000000cd400000, 0x00000000ef100000, 0x00000000ef100000)
  object space 553984K, 56% used [0x00000000cd400000,0x00000000e03047e0,0x00000000ef100000)
 PSPermGen       total 131072K, used 77417K [0x00000000bd400000, 0x00000000c5400000, 0x00000000cd400000)
  object space 131072K, 59% used [0x00000000bd400000,0x00000000c1f9a590,0x00000000c5400000)
228.424: [GC [PSYoungGen: 183776K->77088K(185344K)] 494066K->417570K(739328K), 0.0879870 secs] [Times: user=0.18 sys=0.00, real=0.09 secs] 
Heap after GC invocations=68 (full 9):
 PSYoungGen      total 185344K, used 77088K [0x00000000ef100000, 0x0000000100000000, 0x0000000100000000)
  eden space 93184K, 0% used [0x00000000ef100000,0x00000000ef100000,0x00000000f4c00000)
  from space 92160K, 83% used [0x00000000fa600000,0x00000000ff148010,0x0000000100000000)
  to   space 92160K, 0% used [0x00000000f4c00000,0x00000000f4c00000,0x00000000fa600000)
 ParOldGen       total 553984K, used 340481K [0x00000000cd400000, 0x00000000ef100000, 0x00000000ef100000)
  object space 553984K, 61% used [0x00000000cd400000,0x00000000e20807f0,0x00000000ef100000)
 PSPermGen       total 131072K, used 77417K [0x00000000bd400000, 0x00000000c5400000, 0x00000000cd400000)
  object space 131072K, 59% used [0x00000000bd400000,0x00000000c1f9a590,0x00000000c5400000)
}
{Heap before GC invocations=69 (full 9):
 PSYoungGen      total 185344K, used 170272K [0x00000000ef100000, 0x0000000100000000, 0x0000000100000000)
  eden space 93184K, 100% used [0x00000000ef100000,0x00000000f4c00000,0x00000000f4c00000)
  from space 92160K, 83% used [0x00000000fa600000,0x00000000ff148010,0x0000000100000000)
  to   space 92160K, 0% used [0x00000000f4c00000,0x00000000f4c00000,0x00000000fa600000)
 ParOldGen       total 553984K, used 340481K [0x00000000cd400000, 0x00000000ef100000, 0x00000000ef100000)
  object space 553984K, 61% used [0x00000000cd400000,0x00000000e20807f0,0x00000000ef100000)
 PSPermGen       total 131072K, used 77417K [0x00000000bd400000, 0x00000000c5400000, 0x00000000cd400000)
  object space 131072K, 59% used [0x00000000bd400000,0x00000000c1f9a590,0x00000000c5400000)
228.896: [GC [PSYoungGen: 170272K->22784K(185344K)] 510754K->440626K(739328K), 0.1219690 secs] [Times: user=0.21 sys=0.00, real=0.12 secs] 
Heap after GC invocations=69 (full 9):
 PSYoungGen      total 185344K, used 22784K [0x00000000ef100000, 0x0000000100000000, 0x0000000100000000)
  eden space 93184K, 0% used [0x00000000ef100000,0x00000000ef100000,0x00000000f4c00000)
  from space 92160K, 24% used [0x00000000f4c00000,0x00000000f6240010,0x00000000fa600000)
  to   space 92160K, 0% used [0x00000000fa600000,0x00000000fa600000,0x0000000100000000)
 ParOldGen       total 553984K, used 417842K [0x00000000cd400000, 0x00000000ef100000, 0x00000000ef100000)
  object space 553984K, 75% used [0x00000000cd400000,0x00000000e6c0c800,0x00000000ef100000)
 PSPermGen       total 131072K, used 77417K [0x00000000bd400000, 0x00000000c5400000, 0x00000000cd400000)
  object space 131072K, 59% used [0x00000000bd400000,0x00000000c1f9a590,0x00000000c5400000)
}
{Heap before GC invocations=70 (full 9):
 PSYoungGen      total 185344K, used 115968K [0x00000000ef100000, 0x0000000100000000, 0x0000000100000000)
  eden space 93184K, 100% used [0x00000000ef100000,0x00000000f4c00000,0x00000000f4c00000)
  from space 92160K, 24% used [0x00000000f4c00000,0x00000000f6240010,0x00000000fa600000)
  to   space 92160K, 0% used [0x00000000fa600000,0x00000000fa600000,0x0000000100000000)
 ParOldGen       total 553984K, used 417842K [0x00000000cd400000, 0x00000000ef100000, 0x00000000ef100000)
  object space 553984K, 75% used [0x00000000cd400000,0x00000000e6c0c800,0x00000000ef100000)
 PSPermGen       total 131072K, used 77417K [0x00000000bd400000, 0x00000000c5400000, 0x00000000cd400000)
  object space 131072K, 59% used [0x00000000bd400000,0x00000000c1f9a590,0x00000000c5400000)
229.295: [GC [PSYoungGen: 115968K->19584K(185344K)] 533810K->460378K(739328K), 0.0884100 secs] [Times: user=0.13 sys=0.00, real=0.09 secs] 
Heap after GC invocations=70 (full 9):
 PSYoungGen      total 185344K, used 19584K [0x00000000ef100000, 0x0000000100000000, 0x0000000100000000)
  eden space 93184K, 0% used [0x00000000ef100000,0x00000000ef100000,0x00000000f4c00000)
  from space 92160K, 21% used [0x00000000fa600000,0x00000000fb920000,0x0000000100000000)
  to   space 92160K, 0% used [0x00000000f4c00000,0x00000000f4c00000,0x00000000fa600000)
 ParOldGen       total 553984K, used 440794K [0x00000000cd400000, 0x00000000ef100000, 0x00000000ef100000)
  object space 553984K, 79% used [0x00000000cd400000,0x00000000e8276810,0x00000000ef100000)
 PSPermGen       total 131072K, used 77417K [0x00000000bd400000, 0x00000000c5400000, 0x00000000cd400000)
  object space 131072K, 59% used [0x00000000bd400000,0x00000000c1f9a590,0x00000000c5400000)
}
{Heap before GC invocations=71 (full 9):
 PSYoungGen      total 185344K, used 112768K [0x00000000ef100000, 0x0000000100000000, 0x0000000100000000)
  eden space 93184K, 100% used [0x00000000ef100000,0x00000000f4c00000,0x00000000f4c00000)
  from space 92160K, 21% used [0x00000000fa600000,0x00000000fb920000,0x0000000100000000)
  to   space 92160K, 0% used [0x00000000f4c00000,0x00000000f4c00000,0x00000000fa600000)
 ParOldGen       total 553984K, used 440794K [0x00000000cd400000, 0x00000000ef100000, 0x00000000ef100000)
  object space 553984K, 79% used [0x00000000cd400000,0x00000000e8276810,0x00000000ef100000)
 PSPermGen       total 131072K, used 77417K [0x00000000bd400000, 0x00000000c5400000, 0x00000000cd400000)
  object space 131072K, 59% used [0x00000000bd400000,0x00000000c1f9a590,0x00000000c5400000)
229.665: [GC [PSYoungGen: 112768K->19488K(185344K)] 553562K->479962K(739328K), 0.0846070 secs] [Times: user=0.16 sys=0.00, real=0.09 secs] 
Heap after GC invocations=71 (full 9):
 PSYoungGen      total 185344K, used 19488K [0x00000000ef100000, 0x0000000100000000, 0x0000000100000000)
  eden space 93184K, 0% used [0x00000000ef100000,0x00000000ef100000,0x00000000f4c00000)
  from space 92160K, 21% used [0x00000000f4c00000,0x00000000f5f08000,0x00000000fa600000)
  to   space 92160K, 0% used [0x00000000fa600000,0x00000000fa600000,0x0000000100000000)
 ParOldGen       total 553984K, used 460474K [0x00000000cd400000, 0x00000000ef100000, 0x00000000ef100000)
  object space 553984K, 83% used [0x00000000cd400000,0x00000000e95ae810,0x00000000ef100000)
 PSPermGen       total 131072K, used 77417K [0x00000000bd400000, 0x00000000c5400000, 0x00000000cd400000)
  object space 131072K, 59% used [0x00000000bd400000,0x00000000c1f9a590,0x00000000c5400000)
}
{Heap before GC invocations=72 (full 9):
 PSYoungGen      total 185344K, used 53580K [0x00000000ef100000, 0x0000000100000000, 0x0000000100000000)
  eden space 93184K, 36% used [0x00000000ef100000,0x00000000f124b2c0,0x00000000f4c00000)
  from space 92160K, 21% used [0x00000000f4c00000,0x00000000f5f08000,0x00000000fa600000)
  to   space 92160K, 0% used [0x00000000fa600000,0x00000000fa600000,0x0000000100000000)
 ParOldGen       total 553984K, used 460474K [0x00000000cd400000, 0x00000000ef100000, 0x00000000ef100000)
  object space 553984K, 83% used [0x00000000cd400000,0x00000000e95ae810,0x00000000ef100000)
 PSPermGen       total 131072K, used 77417K [0x00000000bd400000, 0x00000000c5400000, 0x00000000cd400000)
  object space 131072K, 59% used [0x00000000bd400000,0x00000000c1f9a590,0x00000000c5400000)
229.860: [GC [PSYoungGen: 53580K->7040K(185344K)] 514054K->487082K(739328K), 0.0646910 secs] [Times: user=0.14 sys=0.00, real=0.06 secs] 
Heap after GC invocations=72 (full 9):
 PSYoungGen      total 185344K, used 7040K [0x00000000ef100000, 0x0000000100000000, 0x0000000100000000)
  eden space 93184K, 0% used [0x00000000ef100000,0x00000000ef100000,0x00000000f4c00000)
  from space 92160K, 7% used [0x00000000fa600000,0x00000000face0000,0x0000000100000000)
  to   space 92160K, 0% used [0x00000000f4c00000,0x00000000f4c00000,0x00000000fa600000)
 ParOldGen       total 553984K, used 480042K [0x00000000cd400000, 0x00000000ef100000, 0x00000000ef100000)
  object space 553984K, 86% used [0x00000000cd400000,0x00000000ea8ca810,0x00000000ef100000)
 PSPermGen       total 131072K, used 77417K [0x00000000bd400000, 0x00000000c5400000, 0x00000000cd400000)
  object space 131072K, 59% used [0x00000000bd400000,0x00000000c1f9a590,0x00000000c5400000)
}
{Heap before GC invocations=73 (full 9):
 PSYoungGen      total 185344K, used 7040K [0x00000000ef100000, 0x0000000100000000, 0x0000000100000000)
  eden space 93184K, 0% used [0x00000000ef100000,0x00000000ef100000,0x00000000f4c00000)
  from space 92160K, 7% used [0x00000000fa600000,0x00000000face0000,0x0000000100000000)
  to   space 92160K, 0% used [0x00000000f4c00000,0x00000000f4c00000,0x00000000fa600000)
 ParOldGen       total 553984K, used 480042K [0x00000000cd400000, 0x00000000ef100000, 0x00000000ef100000)
  object space 553984K, 86% used [0x00000000cd400000,0x00000000ea8ca810,0x00000000ef100000)
 PSPermGen       total 131072K, used 77417K [0x00000000bd400000, 0x00000000c5400000, 0x00000000cd400000)
  object space 131072K, 59% used [0x00000000bd400000,0x00000000c1f9a590,0x00000000c5400000)
229.925: [GC [PSYoungGen: 7040K->0K(185344K)] 487082K->487130K(739328K), 0.0360920 secs] [Times: user=0.05 sys=0.00, real=0.04 secs] 
Heap after GC invocations=73 (full 9):
 PSYoungGen      total 185344K, used 0K [0x00000000ef100000, 0x0000000100000000, 0x0000000100000000)
  eden space 93184K, 0% used [0x00000000ef100000,0x00000000ef100000,0x00000000f4c00000)
  from space 92160K, 0% used [0x00000000f4c00000,0x00000000f4c00000,0x00000000fa600000)
  to   space 92160K, 0% used [0x00000000fa600000,0x00000000fa600000,0x0000000100000000)
 ParOldGen       total 553984K, used 487130K [0x00000000cd400000, 0x00000000ef100000, 0x00000000ef100000)
  object space 553984K, 87% used [0x00000000cd400000,0x00000000eafb6810,0x00000000ef100000)
 PSPermGen       total 131072K, used 77417K [0x00000000bd400000, 0x00000000c5400000, 0x00000000cd400000)
  object space 131072K, 59% used [0x00000000bd400000,0x00000000c1f9a590,0x00000000c5400000)
}
{Heap before GC invocations=74 (full 10):
 PSYoungGen      total 185344K, used 0K [0x00000000ef100000, 0x0000000100000000, 0x0000000100000000)
  eden space 93184K, 0% used [0x00000000ef100000,0x00000000ef100000,0x00000000f4c00000)
  from space 92160K, 0% used [0x00000000f4c00000,0x00000000f4c00000,0x00000000fa600000)
  to   space 92160K, 0% used [0x00000000fa600000,0x00000000fa600000,0x0000000100000000)
 ParOldGen       total 553984K, used 487130K [0x00000000cd400000, 0x00000000ef100000, 0x00000000ef100000)
  object space 553984K, 87% used [0x00000000cd400000,0x00000000eafb6810,0x00000000ef100000)
 PSPermGen       total 131072K, used 77417K [0x00000000bd400000, 0x00000000c5400000, 0x00000000cd400000)
  object space 131072K, 59% used [0x00000000bd400000,0x00000000c1f9a590,0x00000000c5400000)
229.961: [Full GC [PSYoungGen: 0K->0K(185344K)] [ParOldGen: 487130K->455868K(553984K)] 487130K->455868K(739328K) [PSPermGen: 77417K->77417K(131072K)], 1.4381140 secs] [Times: user=3.17 sys=0.00, real=1.44 secs] 
Heap after GC invocations=74 (full 10):
 PSYoungGen      total 185344K, used 0K [0x00000000ef100000, 0x0000000100000000, 0x0000000100000000)
  eden space 93184K, 0% used [0x00000000ef100000,0x00000000ef100000,0x00000000f4c00000)
  from space 92160K, 0% used [0x00000000f4c00000,0x00000000f4c00000,0x00000000fa600000)
  to   space 92160K, 0% used [0x00000000fa600000,0x00000000fa600000,0x0000000100000000)
 ParOldGen       total 553984K, used 455868K [0x00000000cd400000, 0x00000000ef100000, 0x00000000ef100000)
  object space 553984K, 82% used [0x00000000cd400000,0x00000000e912f278,0x00000000ef100000)
 PSPermGen       total 131072K, used 77417K [0x00000000bd400000, 0x00000000c5400000, 0x00000000cd400000)
  object space 131072K, 59% used [0x00000000bd400000,0x00000000c1f9a590,0x00000000c5400000)
}
{Heap before GC invocations=75 (full 10):
 PSYoungGen      total 185344K, used 0K [0x00000000ef100000, 0x0000000100000000, 0x0000000100000000)
  eden space 93184K, 0% used [0x00000000ef100000,0x00000000ef100000,0x00000000f4c00000)
  from space 92160K, 0% used [0x00000000f4c00000,0x00000000f4c00000,0x00000000fa600000)
  to   space 92160K, 0% used [0x00000000fa600000,0x00000000fa600000,0x0000000100000000)
 ParOldGen       total 553984K, used 455868K [0x00000000cd400000, 0x00000000ef100000, 0x00000000ef100000)
  object space 553984K, 82% used [0x00000000cd400000,0x00000000e912f278,0x00000000ef100000)
 PSPermGen       total 131072K, used 77417K [0x00000000bd400000, 0x00000000c5400000, 0x00000000cd400000)
  object space 131072K, 59% used [0x00000000bd400000,0x00000000c1f9a590,0x00000000c5400000)
231.399: [GC [PSYoungGen: 0K->0K(185344K)] 455868K->455868K(739328K), 0.0203690 secs] [Times: user=0.03 sys=0.00, real=0.02 secs] 
Heap after GC invocations=75 (full 10):
 PSYoungGen      total 185344K, used 0K [0x00000000ef100000, 0x0000000100000000, 0x0000000100000000)
  eden space 93184K, 0% used [0x00000000ef100000,0x00000000ef100000,0x00000000f4c00000)
  from space 92160K, 0% used [0x00000000fa600000,0x00000000fa600000,0x0000000100000000)
  to   space 92160K, 0% used [0x00000000f4c00000,0x00000000f4c00000,0x00000000fa600000)
 ParOldGen       total 553984K, used 455868K [0x00000000cd400000, 0x00000000ef100000, 0x00000000ef100000)
  object space 553984K, 82% used [0x00000000cd400000,0x00000000e912f278,0x00000000ef100000)
 PSPermGen       total 131072K, used 77417K [0x00000000bd400000, 0x00000000c5400000, 0x00000000cd400000)
  object space 131072K, 59% used [0x00000000bd400000,0x00000000c1f9a590,0x00000000c5400000)
}
{Heap before GC invocations=76 (full 11):
 PSYoungGen      total 185344K, used 0K [0x00000000ef100000, 0x0000000100000000, 0x0000000100000000)
  eden space 93184K, 0% used [0x00000000ef100000,0x00000000ef100000,0x00000000f4c00000)
  from space 92160K, 0% used [0x00000000fa600000,0x00000000fa600000,0x0000000100000000)
  to   space 92160K, 0% used [0x00000000f4c00000,0x00000000f4c00000,0x00000000fa600000)
 ParOldGen       total 553984K, used 455868K [0x00000000cd400000, 0x00000000ef100000, 0x00000000ef100000)
  object space 553984K, 82% used [0x00000000cd400000,0x00000000e912f278,0x00000000ef100000)
 PSPermGen       total 131072K, used 77417K [0x00000000bd400000, 0x00000000c5400000, 0x00000000cd400000)
  object space 131072K, 59% used [0x00000000bd400000,0x00000000c1f9a590,0x00000000c5400000)
231.420: [Full GC [PSYoungGen: 0K->0K(185344K)] [ParOldGen: 455868K->416197K(553984K)] 455868K->416197K(739328K) [PSPermGen: 77417K->76975K(131072K)], 1.8945580 secs] [Times: user=4.11 sys=0.02, real=1.89 secs] 
Heap after GC invocations=76 (full 11):
 PSYoungGen      total 185344K, used 0K [0x00000000ef100000, 0x0000000100000000, 0x0000000100000000)
  eden space 93184K, 0% used [0x00000000ef100000,0x00000000ef100000,0x00000000f4c00000)
  from space 92160K, 0% used [0x00000000fa600000,0x00000000fa600000,0x0000000100000000)
  to   space 92160K, 0% used [0x00000000f4c00000,0x00000000f4c00000,0x00000000fa600000)
 ParOldGen       total 553984K, used 416197K [0x00000000cd400000, 0x00000000ef100000, 0x00000000ef100000)
  object space 553984K, 75% used [0x00000000cd400000,0x00000000e6a717c8,0x00000000ef100000)
 PSPermGen       total 131072K, used 76975K [0x00000000bd400000, 0x00000000c5400000, 0x00000000cd400000)
  object space 131072K, 58% used [0x00000000bd400000,0x00000000c1f2bec8,0x00000000c5400000)
}
{Heap before GC invocations=77 (full 12):
 PSYoungGen      total 185344K, used 93184K [0x00000000ef100000, 0x0000000100000000, 0x0000000100000000)
  eden space 93184K, 100% used [0x00000000ef100000,0x00000000f4c00000,0x00000000f4c00000)
  from space 92160K, 0% used [0x00000000fa600000,0x00000000fa600000,0x0000000100000000)
  to   space 92160K, 0% used [0x00000000f4c00000,0x00000000f4c00000,0x00000000fa600000)
 ParOldGen       total 553984K, used 518597K [0x00000000cd400000, 0x00000000ef100000, 0x00000000ef100000)
  object space 553984K, 93% used [0x00000000cd400000,0x00000000ece717d8,0x00000000ef100000)
 PSPermGen       total 131072K, used 76975K [0x00000000bd400000, 0x00000000c5400000, 0x00000000cd400000)
  object space 131072K, 58% used [0x00000000bd400000,0x00000000c1f2bec8,0x00000000c5400000)
233.675: [Full GC [PSYoungGen: 93184K->0K(185344K)] [ParOldGen: 518597K->486752K(553984K)] 611781K->486752K(739328K) [PSPermGen: 76975K->76975K(131072K)], 1.2690710 secs] [Times: user=2.77 sys=0.02, real=1.27 secs] 
Heap after GC invocations=77 (full 12):
 PSYoungGen      total 185344K, used 0K [0x00000000ef100000, 0x0000000100000000, 0x0000000100000000)
  eden space 93184K, 0% used [0x00000000ef100000,0x00000000ef100000,0x00000000f4c00000)
  from space 92160K, 0% used [0x00000000fa600000,0x00000000fa600000,0x0000000100000000)
  to   space 92160K, 0% used [0x00000000f4c00000,0x00000000f4c00000,0x00000000fa600000)
 ParOldGen       total 553984K, used 486752K [0x00000000cd400000, 0x00000000ef100000, 0x00000000ef100000)
  object space 553984K, 87% used [0x00000000cd400000,0x00000000eaf58130,0x00000000ef100000)
 PSPermGen       total 131072K, used 76975K [0x00000000bd400000, 0x00000000c5400000, 0x00000000cd400000)
  object space 131072K, 58% used [0x00000000bd400000,0x00000000c1f2bec8,0x00000000c5400000)
}
{Heap before GC invocations=78 (full 13):
 PSYoungGen      total 185344K, used 93184K [0x00000000ef100000, 0x0000000100000000, 0x0000000100000000)
  eden space 93184K, 100% used [0x00000000ef100000,0x00000000f4c00000,0x00000000f4c00000)
  from space 92160K, 0% used [0x00000000fa600000,0x00000000fa600000,0x0000000100000000)
  to   space 92160K, 0% used [0x00000000f4c00000,0x00000000f4c00000,0x00000000fa600000)
 ParOldGen       total 553984K, used 486752K [0x00000000cd400000, 0x00000000ef100000, 0x00000000ef100000)
  object space 553984K, 87% used [0x00000000cd400000,0x00000000eaf58130,0x00000000ef100000)
 PSPermGen       total 131072K, used 76975K [0x00000000bd400000, 0x00000000c5400000, 0x00000000cd400000)
  object space 131072K, 58% used [0x00000000bd400000,0x00000000c1f2bec8,0x00000000c5400000)
235.264: [Full GC [PSYoungGen: 93184K->0K(185344K)] [ParOldGen: 486752K->506164K(553984K)] 579936K->506164K(739328K) [PSPermGen: 76975K->76975K(131072K)], 1.5046990 secs] [Times: user=3.15 sys=0.01, real=1.51 secs] 
Heap after GC invocations=78 (full 13):
 PSYoungGen      total 185344K, used 0K [0x00000000ef100000, 0x0000000100000000, 0x0000000100000000)
  eden space 93184K, 0% used [0x00000000ef100000,0x00000000ef100000,0x00000000f4c00000)
  from space 92160K, 0% used [0x00000000fa600000,0x00000000fa600000,0x0000000100000000)
  to   space 92160K, 0% used [0x00000000f4c00000,0x00000000f4c00000,0x00000000fa600000)
 ParOldGen       total 553984K, used 506164K [0x00000000cd400000, 0x00000000ef100000, 0x00000000ef100000)
  object space 553984K, 91% used [0x00000000cd400000,0x00000000ec24d230,0x00000000ef100000)
 PSPermGen       total 131072K, used 76975K [0x00000000bd400000, 0x00000000c5400000, 0x00000000cd400000)
  object space 131072K, 58% used [0x00000000bd400000,0x00000000c1f2bec8,0x00000000c5400000)
}
{Heap before GC invocations=79 (full 14):
 PSYoungGen      total 185344K, used 93184K [0x00000000ef100000, 0x0000000100000000, 0x0000000100000000)
  eden space 93184K, 100% used [0x00000000ef100000,0x00000000f4c00000,0x00000000f4c00000)
  from space 92160K, 0% used [0x00000000fa600000,0x00000000fa600000,0x0000000100000000)
  to   space 92160K, 0% used [0x00000000f4c00000,0x00000000f4c00000,0x00000000fa600000)
 ParOldGen       total 553984K, used 506164K [0x00000000cd400000, 0x00000000ef100000, 0x00000000ef100000)
  object space 553984K, 91% used [0x00000000cd400000,0x00000000ec24d230,0x00000000ef100000)
 PSPermGen       total 131072K, used 76975K [0x00000000bd400000, 0x00000000c5400000, 0x00000000cd400000)
  object space 131072K, 58% used [0x00000000bd400000,0x00000000c1f2bec8,0x00000000c5400000)
237.095: [Full GC [PSYoungGen: 93184K->0K(185344K)] [ParOldGen: 506164K->525527K(553984K)] 599348K->525527K(739328K) [PSPermGen: 76975K->76975K(131072K)], 1.2848760 secs] [Times: user=2.83 sys=0.02, real=1.29 secs] 
Heap after GC invocations=79 (full 14):
 PSYoungGen      total 185344K, used 0K [0x00000000ef100000, 0x0000000100000000, 0x0000000100000000)
  eden space 93184K, 0% used [0x00000000ef100000,0x00000000ef100000,0x00000000f4c00000)
  from space 92160K, 0% used [0x00000000fa600000,0x00000000fa600000,0x0000000100000000)
  to   space 92160K, 0% used [0x00000000f4c00000,0x00000000f4c00000,0x00000000fa600000)
 ParOldGen       total 553984K, used 525527K [0x00000000cd400000, 0x00000000ef100000, 0x00000000ef100000)
  object space 553984K, 94% used [0x00000000cd400000,0x00000000ed535ff0,0x00000000ef100000)
 PSPermGen       total 131072K, used 76975K [0x00000000bd400000, 0x00000000c5400000, 0x00000000cd400000)
  object space 131072K, 58% used [0x00000000bd400000,0x00000000c1f2bec8,0x00000000c5400000)
}
{Heap before GC invocations=80 (full 15):
 PSYoungGen      total 185344K, used 93184K [0x00000000ef100000, 0x0000000100000000, 0x0000000100000000)
  eden space 93184K, 100% used [0x00000000ef100000,0x00000000f4c00000,0x00000000f4c00000)
  from space 92160K, 0% used [0x00000000fa600000,0x00000000fa600000,0x0000000100000000)
  to   space 92160K, 0% used [0x00000000f4c00000,0x00000000f4c00000,0x00000000fa600000)
 ParOldGen       total 553984K, used 525527K [0x00000000cd400000, 0x00000000ef100000, 0x00000000ef100000)
  object space 553984K, 94% used [0x00000000cd400000,0x00000000ed535ff0,0x00000000ef100000)
 PSPermGen       total 131072K, used 76975K [0x00000000bd400000, 0x00000000c5400000, 0x00000000cd400000)
  object space 131072K, 58% used [0x00000000bd400000,0x00000000c1f2bec8,0x00000000c5400000)
238.703: [Full GC [PSYoungGen: 93184K->0K(185344K)] [ParOldGen: 525527K->544833K(553984K)] 618711K->544833K(739328K) [PSPermGen: 76975K->76975K(131072K)], 1.3326390 secs] [Times: user=2.88 sys=0.01, real=1.34 secs] 
Heap after GC invocations=80 (full 15):
 PSYoungGen      total 185344K, used 0K [0x00000000ef100000, 0x0000000100000000, 0x0000000100000000)
  eden space 93184K, 0% used [0x00000000ef100000,0x00000000ef100000,0x00000000f4c00000)
  from space 92160K, 0% used [0x00000000fa600000,0x00000000fa600000,0x0000000100000000)
  to   space 92160K, 0% used [0x00000000f4c00000,0x00000000f4c00000,0x00000000fa600000)
 ParOldGen       total 553984K, used 544833K [0x00000000cd400000, 0x00000000ef100000, 0x00000000ef100000)
  object space 553984K, 98% used [0x00000000cd400000,0x00000000ee810448,0x00000000ef100000)
 PSPermGen       total 131072K, used 76975K [0x00000000bd400000, 0x00000000c5400000, 0x00000000cd400000)
  object space 131072K, 58% used [0x00000000bd400000,0x00000000c1f2bec8,0x00000000c5400000)
}
{Heap before GC invocations=81 (full 16):
 PSYoungGen      total 185344K, used 93184K [0x00000000ef100000, 0x0000000100000000, 0x0000000100000000)
  eden space 93184K, 100% used [0x00000000ef100000,0x00000000f4c00000,0x00000000f4c00000)
  from space 92160K, 0% used [0x00000000fa600000,0x00000000fa600000,0x0000000100000000)
  to   space 92160K, 0% used [0x00000000f4c00000,0x00000000f4c00000,0x00000000fa600000)
 ParOldGen       total 553984K, used 544833K [0x00000000cd400000, 0x00000000ef100000, 0x00000000ef100000)
  object space 553984K, 98% used [0x00000000cd400000,0x00000000ee810448,0x00000000ef100000)
 PSPermGen       total 131072K, used 76975K [0x00000000bd400000, 0x00000000c5400000, 0x00000000cd400000)
  object space 131072K, 58% used [0x00000000bd400000,0x00000000c1f2bec8,0x00000000c5400000)
240.469: [Full GC [PSYoungGen: 93184K->12606K(185344K)] [ParOldGen: 544833K->553944K(553984K)] 638017K->566550K(739328K) [PSPermGen: 76975K->76975K(131072K)], 1.3342590 secs] [Times: user=3.12 sys=0.03, real=1.33 secs] 
Heap after GC invocations=81 (full 16):
 PSYoungGen      total 185344K, used 12606K [0x00000000ef100000, 0x0000000100000000, 0x0000000100000000)
  eden space 93184K, 13% used [0x00000000ef100000,0x00000000efd4f848,0x00000000f4c00000)
  from space 92160K, 0% used [0x00000000fa600000,0x00000000fa600000,0x0000000100000000)
  to   space 92160K, 0% used [0x00000000f4c00000,0x00000000f4c00000,0x00000000fa600000)
 ParOldGen       total 553984K, used 553944K [0x00000000cd400000, 0x00000000ef100000, 0x00000000ef100000)
  object space 553984K, 99% used [0x00000000cd400000,0x00000000ef0f61d8,0x00000000ef100000)
 PSPermGen       total 131072K, used 76975K [0x00000000bd400000, 0x00000000c5400000, 0x00000000cd400000)
  object space 131072K, 58% used [0x00000000bd400000,0x00000000c1f2bec8,0x00000000c5400000)
}
{Heap before GC invocations=82 (full 17):
 PSYoungGen      total 185344K, used 93184K [0x00000000ef100000, 0x0000000100000000, 0x0000000100000000)
  eden space 93184K, 100% used [0x00000000ef100000,0x00000000f4c00000,0x00000000f4c00000)
  from space 92160K, 0% used [0x00000000fa600000,0x00000000fa600000,0x0000000100000000)
  to   space 92160K, 0% used [0x00000000f4c00000,0x00000000f4c00000,0x00000000fa600000)
 ParOldGen       total 553984K, used 553944K [0x00000000cd400000, 0x00000000ef100000, 0x00000000ef100000)
  object space 553984K, 99% used [0x00000000cd400000,0x00000000ef0f61d8,0x00000000ef100000)
 PSPermGen       total 131072K, used 76975K [0x00000000bd400000, 0x00000000c5400000, 0x00000000cd400000)
  object space 131072K, 58% used [0x00000000bd400000,0x00000000c1f2bec8,0x00000000c5400000)
242.081: [Full GC [PSYoungGen: 93184K->29264K(185344K)] [ParOldGen: 553944K->553944K(553984K)] 647128K->583208K(739328K) [PSPermGen: 76975K->76975K(131072K)], 1.7508780 secs] [Times: user=3.90 sys=0.01, real=1.75 secs] 
Heap after GC invocations=82 (full 17):
 PSYoungGen      total 185344K, used 29264K [0x00000000ef100000, 0x0000000100000000, 0x0000000100000000)
  eden space 93184K, 31% used [0x00000000ef100000,0x00000000f0d94318,0x00000000f4c00000)
  from space 92160K, 0% used [0x00000000fa600000,0x00000000fa600000,0x0000000100000000)
  to   space 92160K, 0% used [0x00000000f4c00000,0x00000000f4c00000,0x00000000fa600000)
 ParOldGen       total 553984K, used 553944K [0x00000000cd400000, 0x00000000ef100000, 0x00000000ef100000)
  object space 553984K, 99% used [0x00000000cd400000,0x00000000ef0f6068,0x00000000ef100000)
 PSPermGen       total 131072K, used 76975K [0x00000000bd400000, 0x00000000c5400000, 0x00000000cd400000)
  object space 131072K, 58% used [0x00000000bd400000,0x00000000c1f2bec8,0x00000000c5400000)
}
{Heap before GC invocations=83 (full 18):
 PSYoungGen      total 185344K, used 93184K [0x00000000ef100000, 0x0000000100000000, 0x0000000100000000)
  eden space 93184K, 100% used [0x00000000ef100000,0x00000000f4c00000,0x00000000f4c00000)
  from space 92160K, 0% used [0x00000000fa600000,0x00000000fa600000,0x0000000100000000)
  to   space 92160K, 0% used [0x00000000f4c00000,0x00000000f4c00000,0x00000000fa600000)
 ParOldGen       total 553984K, used 553944K [0x00000000cd400000, 0x00000000ef100000, 0x00000000ef100000)
  object space 553984K, 99% used [0x00000000cd400000,0x00000000ef0f6068,0x00000000ef100000)
 PSPermGen       total 131072K, used 76975K [0x00000000bd400000, 0x00000000c5400000, 0x00000000cd400000)
  object space 131072K, 58% used [0x00000000bd400000,0x00000000c1f2bec8,0x00000000c5400000)
244.050: [Full GC [PSYoungGen: 93184K->42461K(185344K)] [ParOldGen: 553944K->553943K(553984K)] 647128K->596404K(739328K) [PSPermGen: 76975K->76975K(131072K)], 1.6872820 secs] [Times: user=3.90 sys=0.03, real=1.69 secs] 
Heap after GC invocations=83 (full 18):
 PSYoungGen      total 185344K, used 42461K [0x00000000ef100000, 0x0000000100000000, 0x0000000100000000)
  eden space 93184K, 45% used [0x00000000ef100000,0x00000000f1a77468,0x00000000f4c00000)
  from space 92160K, 0% used [0x00000000fa600000,0x00000000fa600000,0x0000000100000000)
  to   space 92160K, 0% used [0x00000000f4c00000,0x00000000f4c00000,0x00000000fa600000)
 ParOldGen       total 553984K, used 553943K [0x00000000cd400000, 0x00000000ef100000, 0x00000000ef100000)
  object space 553984K, 99% used [0x00000000cd400000,0x00000000ef0f5f50,0x00000000ef100000)
 PSPermGen       total 131072K, used 76975K [0x00000000bd400000, 0x00000000c5400000, 0x00000000cd400000)
  object space 131072K, 58% used [0x00000000bd400000,0x00000000c1f2bec8,0x00000000c5400000)
}
{Heap before GC invocations=84 (full 19):
 PSYoungGen      total 185344K, used 93184K [0x00000000ef100000, 0x0000000100000000, 0x0000000100000000)
  eden space 93184K, 100% used [0x00000000ef100000,0x00000000f4c00000,0x00000000f4c00000)
  from space 92160K, 0% used [0x00000000fa600000,0x00000000fa600000,0x0000000100000000)
  to   space 92160K, 0% used [0x00000000f4c00000,0x00000000f4c00000,0x00000000fa600000)
 ParOldGen       total 553984K, used 553943K [0x00000000cd400000, 0x00000000ef100000, 0x00000000ef100000)
  object space 553984K, 99% used [0x00000000cd400000,0x00000000ef0f5f50,0x00000000ef100000)
 PSPermGen       total 131072K, used 76975K [0x00000000bd400000, 0x00000000c5400000, 0x00000000cd400000)
  object space 131072K, 58% used [0x00000000bd400000,0x00000000c1f2bec8,0x00000000c5400000)
245.887: [Full GC [PSYoungGen: 93184K->52931K(185344K)] [ParOldGen: 553943K->553943K(553984K)] 647127K->606875K(739328K) [PSPermGen: 76975K->76975K(131072K)], 1.5832020 secs] [Times: user=3.50 sys=0.01, real=1.59 secs] 
Heap after GC invocations=84 (full 19):
 PSYoungGen      total 185344K, used 52931K [0x00000000ef100000, 0x0000000100000000, 0x0000000100000000)
  eden space 93184K, 56% used [0x00000000ef100000,0x00000000f24b0e00,0x00000000f4c00000)
  from space 92160K, 0% used [0x00000000fa600000,0x00000000fa600000,0x0000000100000000)
  to   space 92160K, 0% used [0x00000000f4c00000,0x00000000f4c00000,0x00000000fa600000)
 ParOldGen       total 553984K, used 553943K [0x00000000cd400000, 0x00000000ef100000, 0x00000000ef100000)
  object space 553984K, 99% used [0x00000000cd400000,0x00000000ef0f5f10,0x00000000ef100000)
 PSPermGen       total 131072K, used 76975K [0x00000000bd400000, 0x00000000c5400000, 0x00000000cd400000)
  object space 131072K, 58% used [0x00000000bd400000,0x00000000c1f2bec8,0x00000000c5400000)
}
{Heap before GC invocations=85 (full 20):
 PSYoungGen      total 185344K, used 93184K [0x00000000ef100000, 0x0000000100000000, 0x0000000100000000)
  eden space 93184K, 100% used [0x00000000ef100000,0x00000000f4c00000,0x00000000f4c00000)
  from space 92160K, 0% used [0x00000000fa600000,0x00000000fa600000,0x0000000100000000)
  to   space 92160K, 0% used [0x00000000f4c00000,0x00000000f4c00000,0x00000000fa600000)
 ParOldGen       total 553984K, used 553943K [0x00000000cd400000, 0x00000000ef100000, 0x00000000ef100000)
  object space 553984K, 99% used [0x00000000cd400000,0x00000000ef0f5f10,0x00000000ef100000)
 PSPermGen       total 131072K, used 76975K [0x00000000bd400000, 0x00000000c5400000, 0x00000000cd400000)
  object space 131072K, 58% used [0x00000000bd400000,0x00000000c1f2bec8,0x00000000c5400000)
247.602: [Full GC [PSYoungGen: 93184K->61296K(185344K)] [ParOldGen: 553943K->553943K(553984K)] 647127K->615239K(739328K) [PSPermGen: 76975K->76975K(131072K)], 1.8674260 secs] [Times: user=4.25 sys=0.02, real=1.87 secs] 
Heap after GC invocations=85 (full 20):
 PSYoungGen      total 185344K, used 61296K [0x00000000ef100000, 0x0000000100000000, 0x0000000100000000)
  eden space 93184K, 65% used [0x00000000ef100000,0x00000000f2cdc1a8,0x00000000f4c00000)
  from space 92160K, 0% used [0x00000000fa600000,0x00000000fa600000,0x0000000100000000)
  to   space 92160K, 0% used [0x00000000f4c00000,0x00000000f4c00000,0x00000000fa600000)
 ParOldGen       total 553984K, used 553943K [0x00000000cd400000, 0x00000000ef100000, 0x00000000ef100000)
  object space 553984K, 99% used [0x00000000cd400000,0x00000000ef0f5c10,0x00000000ef100000)
 PSPermGen       total 131072K, used 76975K [0x00000000bd400000, 0x00000000c5400000, 0x00000000cd400000)
  object space 131072K, 58% used [0x00000000bd400000,0x00000000c1f2bec8,0x00000000c5400000)
}
{Heap before GC invocations=86 (full 21):
 PSYoungGen      total 185344K, used 93184K [0x00000000ef100000, 0x0000000100000000, 0x0000000100000000)
  eden space 93184K, 100% used [0x00000000ef100000,0x00000000f4c00000,0x00000000f4c00000)
  from space 92160K, 0% used [0x00000000fa600000,0x00000000fa600000,0x0000000100000000)
  to   space 92160K, 0% used [0x00000000f4c00000,0x00000000f4c00000,0x00000000fa600000)
 ParOldGen       total 553984K, used 553943K [0x00000000cd400000, 0x00000000ef100000, 0x00000000ef100000)
  object space 553984K, 99% used [0x00000000cd400000,0x00000000ef0f5c10,0x00000000ef100000)
 PSPermGen       total 131072K, used 76975K [0x00000000bd400000, 0x00000000c5400000, 0x00000000cd400000)
  object space 131072K, 58% used [0x00000000bd400000,0x00000000c1f2bec8,0x00000000c5400000)
249.601: [Full GC [PSYoungGen: 93184K->67935K(185344K)] [ParOldGen: 553943K->553942K(553984K)] 647127K->621878K(739328K) [PSPermGen: 76975K->76975K(131072K)], 1.8146600 secs] [Times: user=4.02 sys=0.02, real=1.81 secs] 
Heap after GC invocations=86 (full 21):
 PSYoungGen      total 185344K, used 67935K [0x00000000ef100000, 0x0000000100000000, 0x0000000100000000)
  eden space 93184K, 72% used [0x00000000ef100000,0x00000000f3357e30,0x00000000f4c00000)
  from space 92160K, 0% used [0x00000000fa600000,0x00000000fa600000,0x0000000100000000)
  to   space 92160K, 0% used [0x00000000f4c00000,0x00000000f4c00000,0x00000000fa600000)
 ParOldGen       total 553984K, used 553942K [0x00000000cd400000, 0x00000000ef100000, 0x00000000ef100000)
  object space 553984K, 99% used [0x00000000cd400000,0x00000000ef0f5b90,0x00000000ef100000)
 PSPermGen       total 131072K, used 76975K [0x00000000bd400000, 0x00000000c5400000, 0x00000000cd400000)
  object space 131072K, 58% used [0x00000000bd400000,0x00000000c1f2bec8,0x00000000c5400000)
}
{Heap before GC invocations=87 (full 22):
 PSYoungGen      total 185344K, used 93184K [0x00000000ef100000, 0x0000000100000000, 0x0000000100000000)
  eden space 93184K, 100% used [0x00000000ef100000,0x00000000f4c00000,0x00000000f4c00000)
  from space 92160K, 0% used [0x00000000fa600000,0x00000000fa600000,0x0000000100000000)
  to   space 92160K, 0% used [0x00000000f4c00000,0x00000000f4c00000,0x00000000fa600000)
 ParOldGen       total 553984K, used 553942K [0x00000000cd400000, 0x00000000ef100000, 0x00000000ef100000)
  object space 553984K, 99% used [0x00000000cd400000,0x00000000ef0f5b90,0x00000000ef100000)
 PSPermGen       total 131072K, used 76975K [0x00000000bd400000, 0x00000000c5400000, 0x00000000cd400000)
  object space 131072K, 58% used [0x00000000bd400000,0x00000000c1f2bec8,0x00000000c5400000)
251.500: [Full GC [PSYoungGen: 93184K->73146K(185344K)] [ParOldGen: 553942K->553942K(553984K)] 647126K->627088K(739328K) [PSPermGen: 76975K->76975K(131072K)], 2.3260810 secs] [Times: user=4.43 sys=0.04, real=2.32 secs] 
Heap after GC invocations=87 (full 22):
 PSYoungGen      total 185344K, used 73146K [0x00000000ef100000, 0x0000000100000000, 0x0000000100000000)
  eden space 93184K, 78% used [0x00000000ef100000,0x00000000f386e960,0x00000000f4c00000)
  from space 92160K, 0% used [0x00000000fa600000,0x00000000fa600000,0x0000000100000000)
  to   space 92160K, 0% used [0x00000000f4c00000,0x00000000f4c00000,0x00000000fa600000)
 ParOldGen       total 553984K, used 553942K [0x00000000cd400000, 0x00000000ef100000, 0x00000000ef100000)
  object space 553984K, 99% used [0x00000000cd400000,0x00000000ef0f5818,0x00000000ef100000)
 PSPermGen       total 131072K, used 76975K [0x00000000bd400000, 0x00000000c5400000, 0x00000000cd400000)
  object space 131072K, 58% used [0x00000000bd400000,0x00000000c1f2bec8,0x00000000c5400000)
}
{Heap before GC invocations=88 (full 23):
 PSYoungGen      total 185344K, used 93184K [0x00000000ef100000, 0x0000000100000000, 0x0000000100000000)
  eden space 93184K, 100% used [0x00000000ef100000,0x00000000f4c00000,0x00000000f4c00000)
  from space 92160K, 0% used [0x00000000fa600000,0x00000000fa600000,0x0000000100000000)
  to   space 92160K, 0% used [0x00000000f4c00000,0x00000000f4c00000,0x00000000fa600000)
 ParOldGen       total 553984K, used 553942K [0x00000000cd400000, 0x00000000ef100000, 0x00000000ef100000)
  object space 553984K, 99% used [0x00000000cd400000,0x00000000ef0f5818,0x00000000ef100000)
 PSPermGen       total 131072K, used 76975K [0x00000000bd400000, 0x00000000c5400000, 0x00000000cd400000)
  object space 131072K, 58% used [0x00000000bd400000,0x00000000c1f2bec8,0x00000000c5400000)
253.896: [Full GC [PSYoungGen: 93184K->77280K(185344K)] [ParOldGen: 553942K->553942K(553984K)] 647126K->631222K(739328K) [PSPermGen: 76975K->76975K(131072K)], 1.6077780 secs] [Times: user=3.65 sys=0.00, real=1.60 secs] 
Heap after GC invocations=88 (full 23):
 PSYoungGen      total 185344K, used 77280K [0x00000000ef100000, 0x0000000100000000, 0x0000000100000000)
  eden space 93184K, 82% used [0x00000000ef100000,0x00000000f3c78118,0x00000000f4c00000)
  from space 92160K, 0% used [0x00000000fa600000,0x00000000fa600000,0x0000000100000000)
  to   space 92160K, 0% used [0x00000000f4c00000,0x00000000f4c00000,0x00000000fa600000)
 ParOldGen       total 553984K, used 553942K [0x00000000cd400000, 0x00000000ef100000, 0x00000000ef100000)
  object space 553984K, 99% used [0x00000000cd400000,0x00000000ef0f5818,0x00000000ef100000)
 PSPermGen       total 131072K, used 76975K [0x00000000bd400000, 0x00000000c5400000, 0x00000000cd400000)
  object space 131072K, 58% used [0x00000000bd400000,0x00000000c1f2bec8,0x00000000c5400000)
}
{Heap before GC invocations=89 (full 24):
 PSYoungGen      total 185344K, used 93184K [0x00000000ef100000, 0x0000000100000000, 0x0000000100000000)
  eden space 93184K, 100% used [0x00000000ef100000,0x00000000f4c00000,0x00000000f4c00000)
  from space 92160K, 0% used [0x00000000fa600000,0x00000000fa600000,0x0000000100000000)
  to   space 92160K, 0% used [0x00000000f4c00000,0x00000000f4c00000,0x00000000fa600000)
 ParOldGen       total 553984K, used 553942K [0x00000000cd400000, 0x00000000ef100000, 0x00000000ef100000)
  object space 553984K, 99% used [0x00000000cd400000,0x00000000ef0f5818,0x00000000ef100000)
 PSPermGen       total 131072K, used 76975K [0x00000000bd400000, 0x00000000c5400000, 0x00000000cd400000)
  object space 131072K, 58% used [0x00000000bd400000,0x00000000c1f2bec8,0x00000000c5400000)
255.556: [Full GC [PSYoungGen: 93184K->80498K(185344K)] [ParOldGen: 553942K->553942K(553984K)] 647126K->634440K(739328K) [PSPermGen: 76975K->76975K(131072K)], 1.3800170 secs] [Times: user=3.92 sys=0.02, real=1.38 secs] 
Heap after GC invocations=89 (full 24):
 PSYoungGen      total 185344K, used 80498K [0x00000000ef100000, 0x0000000100000000, 0x0000000100000000)
  eden space 93184K, 86% used [0x00000000ef100000,0x00000000f3f9cbb8,0x00000000f4c00000)
  from space 92160K, 0% used [0x00000000fa600000,0x00000000fa600000,0x0000000100000000)
  to   space 92160K, 0% used [0x00000000f4c00000,0x00000000f4c00000,0x00000000fa600000)
 ParOldGen       total 553984K, used 553942K [0x00000000cd400000, 0x00000000ef100000, 0x00000000ef100000)
  object space 553984K, 99% used [0x00000000cd400000,0x00000000ef0f5818,0x00000000ef100000)
 PSPermGen       total 131072K, used 76975K [0x00000000bd400000, 0x00000000c5400000, 0x00000000cd400000)
  object space 131072K, 58% used [0x00000000bd400000,0x00000000c1f2bec8,0x00000000c5400000)
}
{Heap before GC invocations=90 (full 25):
 PSYoungGen      total 185344K, used 93184K [0x00000000ef100000, 0x0000000100000000, 0x0000000100000000)
  eden space 93184K, 100% used [0x00000000ef100000,0x00000000f4c00000,0x00000000f4c00000)
  from space 92160K, 0% used [0x00000000fa600000,0x00000000fa600000,0x0000000100000000)
  to   space 92160K, 0% used [0x00000000f4c00000,0x00000000f4c00000,0x00000000fa600000)
 ParOldGen       total 553984K, used 553942K [0x00000000cd400000, 0x00000000ef100000, 0x00000000ef100000)
  object space 553984K, 99% used [0x00000000cd400000,0x00000000ef0f5818,0x00000000ef100000)
 PSPermGen       total 131072K, used 76975K [0x00000000bd400000, 0x00000000c5400000, 0x00000000cd400000)
  object space 131072K, 58% used [0x00000000bd400000,0x00000000c1f2bec8,0x00000000c5400000)
256.995: [Full GC [PSYoungGen: 93184K->83179K(185344K)] [ParOldGen: 553942K->553941K(553984K)] 647126K->637121K(739328K) [PSPermGen: 76975K->76975K(131072K)], 1.4050310 secs] [Times: user=3.77 sys=0.01, real=1.41 secs] 
Heap after GC invocations=90 (full 25):
 PSYoungGen      total 185344K, used 83179K [0x00000000ef100000, 0x0000000100000000, 0x0000000100000000)
  eden space 93184K, 89% used [0x00000000ef100000,0x00000000f423ae18,0x00000000f4c00000)
  from space 92160K, 0% used [0x00000000fa600000,0x00000000fa600000,0x0000000100000000)
  to   space 92160K, 0% used [0x00000000f4c00000,0x00000000f4c00000,0x00000000fa600000)
 ParOldGen       total 553984K, used 553941K [0x00000000cd400000, 0x00000000ef100000, 0x00000000ef100000)
  object space 553984K, 99% used [0x00000000cd400000,0x00000000ef0f57f8,0x00000000ef100000)
 PSPermGen       total 131072K, used 76975K [0x00000000bd400000, 0x00000000c5400000, 0x00000000cd400000)
  object space 131072K, 58% used [0x00000000bd400000,0x00000000c1f2bec8,0x00000000c5400000)
}
{Heap before GC invocations=91 (full 26):
 PSYoungGen      total 185344K, used 93184K [0x00000000ef100000, 0x0000000100000000, 0x0000000100000000)
  eden space 93184K, 100% used [0x00000000ef100000,0x00000000f4c00000,0x00000000f4c00000)
  from space 92160K, 0% used [0x00000000fa600000,0x00000000fa600000,0x0000000100000000)
  to   space 92160K, 0% used [0x00000000f4c00000,0x00000000f4c00000,0x00000000fa600000)
 ParOldGen       total 553984K, used 553941K [0x00000000cd400000, 0x00000000ef100000, 0x00000000ef100000)
  object space 553984K, 99% used [0x00000000cd400000,0x00000000ef0f57f8,0x00000000ef100000)
 PSPermGen       total 131072K, used 76975K [0x00000000bd400000, 0x00000000c5400000, 0x00000000cd400000)
  object space 131072K, 58% used [0x00000000bd400000,0x00000000c1f2bec8,0x00000000c5400000)
258.438: [Full GC [PSYoungGen: 93184K->85212K(185344K)] [ParOldGen: 553941K->553941K(553984K)] 647125K->639154K(739328K) [PSPermGen: 76975K->76975K(131072K)], 1.3118640 secs] [Times: user=3.82 sys=0.02, real=1.31 secs] 
Heap after GC invocations=91 (full 26):
 PSYoungGen      total 185344K, used 85212K [0x00000000ef100000, 0x0000000100000000, 0x0000000100000000)
  eden space 93184K, 91% used [0x00000000ef100000,0x00000000f44370f8,0x00000000f4c00000)
  from space 92160K, 0% used [0x00000000fa600000,0x00000000fa600000,0x0000000100000000)
  to   space 92160K, 0% used [0x00000000f4c00000,0x00000000f4c00000,0x00000000fa600000)
 ParOldGen       total 553984K, used 553941K [0x00000000cd400000, 0x00000000ef100000, 0x00000000ef100000)
  object space 553984K, 99% used [0x00000000cd400000,0x00000000ef0f57f8,0x00000000ef100000)
 PSPermGen       total 131072K, used 76975K [0x00000000bd400000, 0x00000000c5400000, 0x00000000cd400000)
  object space 131072K, 58% used [0x00000000bd400000,0x00000000c1f2bec8,0x00000000c5400000)
}
{Heap before GC invocations=92 (full 27):
 PSYoungGen      total 185344K, used 93184K [0x00000000ef100000, 0x0000000100000000, 0x0000000100000000)
  eden space 93184K, 100% used [0x00000000ef100000,0x00000000f4c00000,0x00000000f4c00000)
  from space 92160K, 0% used [0x00000000fa600000,0x00000000fa600000,0x0000000100000000)
  to   space 92160K, 0% used [0x00000000f4c00000,0x00000000f4c00000,0x00000000fa600000)
 ParOldGen       total 553984K, used 553941K [0x00000000cd400000, 0x00000000ef100000, 0x00000000ef100000)
  object space 553984K, 99% used [0x00000000cd400000,0x00000000ef0f57f8,0x00000000ef100000)
 PSPermGen       total 131072K, used 76975K [0x00000000bd400000, 0x00000000c5400000, 0x00000000cd400000)
  object space 131072K, 58% used [0x00000000bd400000,0x00000000c1f2bec8,0x00000000c5400000)
259.782: [Full GC [PSYoungGen: 93184K->86876K(185344K)] [ParOldGen: 553941K->553941K(553984K)] 647125K->640818K(739328K) [PSPermGen: 76975K->76975K(131072K)], 1.4916510 secs] [Times: user=4.45 sys=0.01, real=1.49 secs] 
Heap after GC invocations=92 (full 27):
 PSYoungGen      total 185344K, used 86876K [0x00000000ef100000, 0x0000000100000000, 0x0000000100000000)
  eden space 93184K, 93% used [0x00000000ef100000,0x00000000f45d70f0,0x00000000f4c00000)
  from space 92160K, 0% used [0x00000000fa600000,0x00000000fa600000,0x0000000100000000)
  to   space 92160K, 0% used [0x00000000f4c00000,0x00000000f4c00000,0x00000000fa600000)
 ParOldGen       total 553984K, used 553941K [0x00000000cd400000, 0x00000000ef100000, 0x00000000ef100000)
  object space 553984K, 99% used [0x00000000cd400000,0x00000000ef0f5728,0x00000000ef100000)
 PSPermGen       total 131072K, used 76975K [0x00000000bd400000, 0x00000000c5400000, 0x00000000cd400000)
  object space 131072K, 58% used [0x00000000bd400000,0x00000000c1f2bec8,0x00000000c5400000)
}
{Heap before GC invocations=93 (full 28):
 PSYoungGen      total 185344K, used 93184K [0x00000000ef100000, 0x0000000100000000, 0x0000000100000000)
  eden space 93184K, 100% used [0x00000000ef100000,0x00000000f4c00000,0x00000000f4c00000)
  from space 92160K, 0% used [0x00000000fa600000,0x00000000fa600000,0x0000000100000000)
  to   space 92160K, 0% used [0x00000000f4c00000,0x00000000f4c00000,0x00000000fa600000)
 ParOldGen       total 553984K, used 553941K [0x00000000cd400000, 0x00000000ef100000, 0x00000000ef100000)
  object space 553984K, 99% used [0x00000000cd400000,0x00000000ef0f5728,0x00000000ef100000)
 PSPermGen       total 131072K, used 76975K [0x00000000bd400000, 0x00000000c5400000, 0x00000000cd400000)
  object space 131072K, 58% used [0x00000000bd400000,0x00000000c1f2bec8,0x00000000c5400000)
261.299: [Full GC [PSYoungGen: 93184K->88159K(185344K)] [ParOldGen: 553941K->553940K(553984K)] 647125K->642100K(739328K) [PSPermGen: 76975K->76975K(131072K)], 1.4680570 secs] [Times: user=4.32 sys=0.03, real=1.46 secs] 
Heap after GC invocations=93 (full 28):
 PSYoungGen      total 185344K, used 88159K [0x00000000ef100000, 0x0000000100000000, 0x0000000100000000)
  eden space 93184K, 94% used [0x00000000ef100000,0x00000000f4717c88,0x00000000f4c00000)
  from space 92160K, 0% used [0x00000000fa600000,0x00000000fa600000,0x0000000100000000)
  to   space 92160K, 0% used [0x00000000f4c00000,0x00000000f4c00000,0x00000000fa600000)
 ParOldGen       total 553984K, used 553940K [0x00000000cd400000, 0x00000000ef100000, 0x00000000ef100000)
  object space 553984K, 99% used [0x00000000cd400000,0x00000000ef0f53b0,0x00000000ef100000)
 PSPermGen       total 131072K, used 76975K [0x00000000bd400000, 0x00000000c5400000, 0x00000000cd400000)
  object space 131072K, 58% used [0x00000000bd400000,0x00000000c1f2bec8,0x00000000c5400000)
}
{Heap before GC invocations=94 (full 29):
 PSYoungGen      total 185344K, used 93184K [0x00000000ef100000, 0x0000000100000000, 0x0000000100000000)
  eden space 93184K, 100% used [0x00000000ef100000,0x00000000f4c00000,0x00000000f4c00000)
  from space 92160K, 0% used [0x00000000fa600000,0x00000000fa600000,0x0000000100000000)
  to   space 92160K, 0% used [0x00000000f4c00000,0x00000000f4c00000,0x00000000fa600000)
 ParOldGen       total 553984K, used 553940K [0x00000000cd400000, 0x00000000ef100000, 0x00000000ef100000)
  object space 553984K, 99% used [0x00000000cd400000,0x00000000ef0f53b0,0x00000000ef100000)
 PSPermGen       total 131072K, used 76975K [0x00000000bd400000, 0x00000000c5400000, 0x00000000cd400000)
  object space 131072K, 58% used [0x00000000bd400000,0x00000000c1f2bec8,0x00000000c5400000)
262.787: [Full GC [PSYoungGen: 93184K->88862K(185344K)] [ParOldGen: 553940K->553933K(553984K)] 647124K->642796K(739328K) [PSPermGen: 76975K->76975K(131072K)], 1.4875610 secs] [Times: user=4.34 sys=0.05, real=1.49 secs] 
Heap after GC invocations=94 (full 29):
 PSYoungGen      total 185344K, used 88862K [0x00000000ef100000, 0x0000000100000000, 0x0000000100000000)
  eden space 93184K, 95% used [0x00000000ef100000,0x00000000f47c7a98,0x00000000f4c00000)
  from space 92160K, 0% used [0x00000000fa600000,0x00000000fa600000,0x0000000100000000)
  to   space 92160K, 0% used [0x00000000f4c00000,0x00000000f4c00000,0x00000000fa600000)
 ParOldGen       total 553984K, used 553933K [0x00000000cd400000, 0x00000000ef100000, 0x00000000ef100000)
  object space 553984K, 99% used [0x00000000cd400000,0x00000000ef0f3798,0x00000000ef100000)
 PSPermGen       total 131072K, used 76975K [0x00000000bd400000, 0x00000000c5400000, 0x00000000cd400000)
  object space 131072K, 58% used [0x00000000bd400000,0x00000000c1f2bec8,0x00000000c5400000)
}
{Heap before GC invocations=95 (full 30):
 PSYoungGen      total 185344K, used 93184K [0x00000000ef100000, 0x0000000100000000, 0x0000000100000000)
  eden space 93184K, 100% used [0x00000000ef100000,0x00000000f4c00000,0x00000000f4c00000)
  from space 92160K, 0% used [0x00000000fa600000,0x00000000fa600000,0x0000000100000000)
  to   space 92160K, 0% used [0x00000000f4c00000,0x00000000f4c00000,0x00000000fa600000)
 ParOldGen       total 553984K, used 553933K [0x00000000cd400000, 0x00000000ef100000, 0x00000000ef100000)
  object space 553984K, 99% used [0x00000000cd400000,0x00000000ef0f3798,0x00000000ef100000)
 PSPermGen       total 131072K, used 76975K [0x00000000bd400000, 0x00000000c5400000, 0x00000000cd400000)
  object space 131072K, 58% used [0x00000000bd400000,0x00000000c1f2bec8,0x00000000c5400000)
264.288: [Full GC [PSYoungGen: 93184K->89509K(185344K)] [ParOldGen: 553933K->553919K(553984K)] 647117K->643429K(739328K) [PSPermGen: 76975K->76975K(131072K)], 1.4865000 secs] [Times: user=4.37 sys=0.03, real=1.48 secs] 
Heap after GC invocations=95 (full 30):
 PSYoungGen      total 185344K, used 89509K [0x00000000ef100000, 0x0000000100000000, 0x0000000100000000)
  eden space 93184K, 96% used [0x00000000ef100000,0x00000000f48696c8,0x00000000f4c00000)
  from space 92160K, 0% used [0x00000000fa600000,0x00000000fa600000,0x0000000100000000)
  to   space 92160K, 0% used [0x00000000f4c00000,0x00000000f4c00000,0x00000000fa600000)
 ParOldGen       total 553984K, used 553919K [0x00000000cd400000, 0x00000000ef100000, 0x00000000ef100000)
  object space 553984K, 99% used [0x00000000cd400000,0x00000000ef0efd88,0x00000000ef100000)
 PSPermGen       total 131072K, used 76975K [0x00000000bd400000, 0x00000000c5400000, 0x00000000cd400000)
  object space 131072K, 58% used [0x00000000bd400000,0x00000000c1f2bec8,0x00000000c5400000)
}
{Heap before GC invocations=96 (full 31):
 PSYoungGen      total 185344K, used 93184K [0x00000000ef100000, 0x0000000100000000, 0x0000000100000000)
  eden space 93184K, 100% used [0x00000000ef100000,0x00000000f4c00000,0x00000000f4c00000)
  from space 92160K, 0% used [0x00000000fa600000,0x00000000fa600000,0x0000000100000000)
  to   space 92160K, 0% used [0x00000000f4c00000,0x00000000f4c00000,0x00000000fa600000)
 ParOldGen       total 553984K, used 553919K [0x00000000cd400000, 0x00000000ef100000, 0x00000000ef100000)
  object space 553984K, 99% used [0x00000000cd400000,0x00000000ef0efd88,0x00000000ef100000)
 PSPermGen       total 131072K, used 76975K [0x00000000bd400000, 0x00000000c5400000, 0x00000000cd400000)
  object space 131072K, 58% used [0x00000000bd400000,0x00000000c1f2bec8,0x00000000c5400000)
265.790: [Full GC [PSYoungGen: 93184K->90218K(185344K)] [ParOldGen: 553919K->553916K(553984K)] 647103K->644134K(739328K) [PSPermGen: 76975K->76975K(131072K)], 1.4774920 secs] [Times: user=4.20 sys=0.02, real=1.48 secs] 
Heap after GC invocations=96 (full 31):
 PSYoungGen      total 185344K, used 90218K [0x00000000ef100000, 0x0000000100000000, 0x0000000100000000)
  eden space 93184K, 96% used [0x00000000ef100000,0x00000000f491a9d0,0x00000000f4c00000)
  from space 92160K, 0% used [0x00000000fa600000,0x00000000fa600000,0x0000000100000000)
  to   space 92160K, 0% used [0x00000000f4c00000,0x00000000f4c00000,0x00000000fa600000)
 ParOldGen       total 553984K, used 553916K [0x00000000cd400000, 0x00000000ef100000, 0x00000000ef100000)
  object space 553984K, 99% used [0x00000000cd400000,0x00000000ef0ef200,0x00000000ef100000)
 PSPermGen       total 131072K, used 76975K [0x00000000bd400000, 0x00000000c5400000, 0x00000000cd400000)
  object space 131072K, 58% used [0x00000000bd400000,0x00000000c1f2bec8,0x00000000c5400000)
}
{Heap before GC invocations=97 (full 32):
 PSYoungGen      total 185344K, used 93184K [0x00000000ef100000, 0x0000000100000000, 0x0000000100000000)
  eden space 93184K, 100% used [0x00000000ef100000,0x00000000f4c00000,0x00000000f4c00000)
  from space 92160K, 0% used [0x00000000fa600000,0x00000000fa600000,0x0000000100000000)
  to   space 92160K, 0% used [0x00000000f4c00000,0x00000000f4c00000,0x00000000fa600000)
 ParOldGen       total 553984K, used 553916K [0x00000000cd400000, 0x00000000ef100000, 0x00000000ef100000)
  object space 553984K, 99% used [0x00000000cd400000,0x00000000ef0ef200,0x00000000ef100000)
 PSPermGen       total 131072K, used 76975K [0x00000000bd400000, 0x00000000c5400000, 0x00000000cd400000)
  object space 131072K, 58% used [0x00000000bd400000,0x00000000c1f2bfb8,0x00000000c5400000)
267.276: [Full GC [PSYoungGen: 93184K->90802K(185344K)] [ParOldGen: 553916K->553916K(553984K)] 647100K->644719K(739328K) [PSPermGen: 76975K->76975K(131072K)], 1.5679980 secs] [Times: user=4.76 sys=0.03, real=1.56 secs] 
Heap after GC invocations=97 (full 32):
 PSYoungGen      total 185344K, used 90802K [0x00000000ef100000, 0x0000000100000000, 0x0000000100000000)
  eden space 93184K, 97% used [0x00000000ef100000,0x00000000f49acab8,0x00000000f4c00000)
  from space 92160K, 0% used [0x00000000fa600000,0x00000000fa600000,0x0000000100000000)
  to   space 92160K, 0% used [0x00000000f4c00000,0x00000000f4c00000,0x00000000fa600000)
 ParOldGen       total 553984K, used 553916K [0x00000000cd400000, 0x00000000ef100000, 0x00000000ef100000)
  object space 553984K, 99% used [0x00000000cd400000,0x00000000ef0ef1e0,0x00000000ef100000)
 PSPermGen       total 131072K, used 76975K [0x00000000bd400000, 0x00000000c5400000, 0x00000000cd400000)
  object space 131072K, 58% used [0x00000000bd400000,0x00000000c1f2bfb8,0x00000000c5400000)
}
{Heap before GC invocations=98 (full 33):
 PSYoungGen      total 185344K, used 93184K [0x00000000ef100000, 0x0000000100000000, 0x0000000100000000)
  eden space 93184K, 100% used [0x00000000ef100000,0x00000000f4c00000,0x00000000f4c00000)
  from space 92160K, 0% used [0x00000000fa600000,0x00000000fa600000,0x0000000100000000)
  to   space 92160K, 0% used [0x00000000f4c00000,0x00000000f4c00000,0x00000000fa600000)
 ParOldGen       total 553984K, used 553916K [0x00000000cd400000, 0x00000000ef100000, 0x00000000ef100000)
  object space 553984K, 99% used [0x00000000cd400000,0x00000000ef0ef1e0,0x00000000ef100000)
 PSPermGen       total 131072K, used 76975K [0x00000000bd400000, 0x00000000c5400000, 0x00000000cd400000)
  object space 131072K, 58% used [0x00000000bd400000,0x00000000c1f2bfb8,0x00000000c5400000)
268.853: [Full GC [PSYoungGen: 93184K->91271K(185344K)] [ParOldGen: 553916K->553916K(553984K)] 647100K->645187K(739328K) [PSPermGen: 76975K->76975K(131072K)], 1.5268330 secs] [Times: user=4.54 sys=0.03, real=1.53 secs] 
Heap after GC invocations=98 (full 33):
 PSYoungGen      total 185344K, used 91271K [0x00000000ef100000, 0x0000000100000000, 0x0000000100000000)
  eden space 93184K, 97% used [0x00000000ef100000,0x00000000f4a21d68,0x00000000f4c00000)
  from space 92160K, 0% used [0x00000000fa600000,0x00000000fa600000,0x0000000100000000)
  to   space 92160K, 0% used [0x00000000f4c00000,0x00000000f4c00000,0x00000000fa600000)
 ParOldGen       total 553984K, used 553916K [0x00000000cd400000, 0x00000000ef100000, 0x00000000ef100000)
  object space 553984K, 99% used [0x00000000cd400000,0x00000000ef0ef0a8,0x00000000ef100000)
 PSPermGen       total 131072K, used 76975K [0x00000000bd400000, 0x00000000c5400000, 0x00000000cd400000)
  object space 131072K, 58% used [0x00000000bd400000,0x00000000c1f2bfb8,0x00000000c5400000)
}
{Heap before GC invocations=99 (full 34):
 PSYoungGen      total 185344K, used 93184K [0x00000000ef100000, 0x0000000100000000, 0x0000000100000000)
  eden space 93184K, 100% used [0x00000000ef100000,0x00000000f4c00000,0x00000000f4c00000)
  from space 92160K, 0% used [0x00000000fa600000,0x00000000fa600000,0x0000000100000000)
  to   space 92160K, 0% used [0x00000000f4c00000,0x00000000f4c00000,0x00000000fa600000)
 ParOldGen       total 553984K, used 553916K [0x00000000cd400000, 0x00000000ef100000, 0x00000000ef100000)
  object space 553984K, 99% used [0x00000000cd400000,0x00000000ef0ef0a8,0x00000000ef100000)
 PSPermGen       total 131072K, used 76975K [0x00000000bd400000, 0x00000000c5400000, 0x00000000cd400000)
  object space 131072K, 58% used [0x00000000bd400000,0x00000000c1f2bfb8,0x00000000c5400000)
270.384: [Full GC [PSYoungGen: 93184K->91629K(185344K)] [ParOldGen: 553916K->553916K(553984K)] 647100K->645545K(739328K) [PSPermGen: 76975K->76975K(131072K)], 1.2925270 secs] [Times: user=3.77 sys=0.00, real=1.30 secs] 
Heap after GC invocations=99 (full 34):
 PSYoungGen      total 185344K, used 91629K [0x00000000ef100000, 0x0000000100000000, 0x0000000100000000)
  eden space 93184K, 98% used [0x00000000ef100000,0x00000000f4a7b4b8,0x00000000f4c00000)
  from space 92160K, 0% used [0x00000000fa600000,0x00000000fa600000,0x0000000100000000)
  to   space 92160K, 0% used [0x00000000f4c00000,0x00000000f4c00000,0x00000000fa600000)
 ParOldGen       total 553984K, used 553916K [0x00000000cd400000, 0x00000000ef100000, 0x00000000ef100000)
  object space 553984K, 99% used [0x00000000cd400000,0x00000000ef0ef0a8,0x00000000ef100000)
 PSPermGen       total 131072K, used 76975K [0x00000000bd400000, 0x00000000c5400000, 0x00000000cd400000)
  object space 131072K, 58% used [0x00000000bd400000,0x00000000c1f2bfb8,0x00000000c5400000)
}
{Heap before GC invocations=100 (full 35):
 PSYoungGen      total 185344K, used 93184K [0x00000000ef100000, 0x0000000100000000, 0x0000000100000000)
  eden space 93184K, 100% used [0x00000000ef100000,0x00000000f4c00000,0x00000000f4c00000)
  from space 92160K, 0% used [0x00000000fa600000,0x00000000fa600000,0x0000000100000000)
  to   space 92160K, 0% used [0x00000000f4c00000,0x00000000f4c00000,0x00000000fa600000)
 ParOldGen       total 553984K, used 553916K [0x00000000cd400000, 0x00000000ef100000, 0x00000000ef100000)
  object space 553984K, 99% used [0x00000000cd400000,0x00000000ef0ef0a8,0x00000000ef100000)
 PSPermGen       total 131072K, used 76975K [0x00000000bd400000, 0x00000000c5400000, 0x00000000cd400000)
  object space 131072K, 58% used [0x00000000bd400000,0x00000000c1f2bfb8,0x00000000c5400000)
271.681: [Full GC [PSYoungGen: 93184K->91985K(185344K)] [ParOldGen: 553916K->553916K(553984K)] 647100K->645901K(739328K) [PSPermGen: 76975K->76975K(131072K)], 1.2491750 secs] [Times: user=3.82 sys=0.03, real=1.25 secs] 
Heap after GC invocations=100 (full 35):
 PSYoungGen      total 185344K, used 91985K [0x00000000ef100000, 0x0000000100000000, 0x0000000100000000)
  eden space 93184K, 98% used [0x00000000ef100000,0x00000000f4ad4430,0x00000000f4c00000)
  from space 92160K, 0% used [0x00000000fa600000,0x00000000fa600000,0x0000000100000000)
  to   space 92160K, 0% used [0x00000000f4c00000,0x00000000f4c00000,0x00000000fa600000)
 ParOldGen       total 553984K, used 553916K [0x00000000cd400000, 0x00000000ef100000, 0x00000000ef100000)
  object space 553984K, 99% used [0x00000000cd400000,0x00000000ef0ef0a8,0x00000000ef100000)
 PSPermGen       total 131072K, used 76975K [0x00000000bd400000, 0x00000000c5400000, 0x00000000cd400000)
  object space 131072K, 58% used [0x00000000bd400000,0x00000000c1f2bfb8,0x00000000c5400000)
}
{Heap before GC invocations=101 (full 36):
 PSYoungGen      total 185344K, used 93184K [0x00000000ef100000, 0x0000000100000000, 0x0000000100000000)
  eden space 93184K, 100% used [0x00000000ef100000,0x00000000f4c00000,0x00000000f4c00000)
  from space 92160K, 0% used [0x00000000fa600000,0x00000000fa600000,0x0000000100000000)
  to   space 92160K, 0% used [0x00000000f4c00000,0x00000000f4c00000,0x00000000fa600000)
 ParOldGen       total 553984K, used 553916K [0x00000000cd400000, 0x00000000ef100000, 0x00000000ef100000)
  object space 553984K, 99% used [0x00000000cd400000,0x00000000ef0ef0a8,0x00000000ef100000)
 PSPermGen       total 131072K, used 76976K [0x00000000bd400000, 0x00000000c5400000, 0x00000000cd400000)
  object space 131072K, 58% used [0x00000000bd400000,0x00000000c1f2c098,0x00000000c5400000)
272.935: [Full GC [PSYoungGen: 93184K->92165K(185344K)] [ParOldGen: 553916K->553916K(553984K)] 647100K->646081K(739328K) [PSPermGen: 76976K->76976K(131072K)], 1.4103330 secs] [Times: user=3.90 sys=0.02, real=1.41 secs] 
Heap after GC invocations=101 (full 36):
 PSYoungGen      total 185344K, used 92165K [0x00000000ef100000, 0x0000000100000000, 0x0000000100000000)
  eden space 93184K, 98% used [0x00000000ef100000,0x00000000f4b01400,0x00000000f4c00000)
  from space 92160K, 0% used [0x00000000fa600000,0x00000000fa600000,0x0000000100000000)
  to   space 92160K, 0% used [0x00000000f4c00000,0x00000000f4c00000,0x00000000fa600000)
 ParOldGen       total 553984K, used 553916K [0x00000000cd400000, 0x00000000ef100000, 0x00000000ef100000)
  object space 553984K, 99% used [0x00000000cd400000,0x00000000ef0ef0a8,0x00000000ef100000)
 PSPermGen       total 131072K, used 76976K [0x00000000bd400000, 0x00000000c5400000, 0x00000000cd400000)
  object space 131072K, 58% used [0x00000000bd400000,0x00000000c1f2c098,0x00000000c5400000)
}
{Heap before GC invocations=102 (full 37):
 PSYoungGen      total 185344K, used 93184K [0x00000000ef100000, 0x0000000100000000, 0x0000000100000000)
  eden space 93184K, 100% used [0x00000000ef100000,0x00000000f4c00000,0x00000000f4c00000)
  from space 92160K, 0% used [0x00000000fa600000,0x00000000fa600000,0x0000000100000000)
  to   space 92160K, 0% used [0x00000000f4c00000,0x00000000f4c00000,0x00000000fa600000)
 ParOldGen       total 553984K, used 553916K [0x00000000cd400000, 0x00000000ef100000, 0x00000000ef100000)
  object space 553984K, 99% used [0x00000000cd400000,0x00000000ef0ef0a8,0x00000000ef100000)
 PSPermGen       total 131072K, used 76976K [0x00000000bd400000, 0x00000000c5400000, 0x00000000cd400000)
  object space 131072K, 58% used [0x00000000bd400000,0x00000000c1f2c098,0x00000000c5400000)
274.348: [Full GC [PSYoungGen: 93184K->92392K(185344K)] [ParOldGen: 553916K->553915K(553984K)] 647100K->646308K(739328K) [PSPermGen: 76976K->76976K(131072K)], 1.3926820 secs] [Times: user=4.27 sys=0.01, real=1.39 secs] 
Heap after GC invocations=102 (full 37):
 PSYoungGen      total 185344K, used 92392K [0x00000000ef100000, 0x0000000100000000, 0x0000000100000000)
  eden space 93184K, 99% used [0x00000000ef100000,0x00000000f4b3a228,0x00000000f4c00000)
  from space 92160K, 0% used [0x00000000fa600000,0x00000000fa600000,0x0000000100000000)
  to   space 92160K, 0% used [0x00000000f4c00000,0x00000000f4c00000,0x00000000fa600000)
 ParOldGen       total 553984K, used 553915K [0x00000000cd400000, 0x00000000ef100000, 0x00000000ef100000)
  object space 553984K, 99% used [0x00000000cd400000,0x00000000ef0eefd8,0x00000000ef100000)
 PSPermGen       total 131072K, used 76976K [0x00000000bd400000, 0x00000000c5400000, 0x00000000cd400000)
  object space 131072K, 58% used [0x00000000bd400000,0x00000000c1f2c098,0x00000000c5400000)
}
{Heap before GC invocations=103 (full 38):
 PSYoungGen      total 185344K, used 93184K [0x00000000ef100000, 0x0000000100000000, 0x0000000100000000)
  eden space 93184K, 100% used [0x00000000ef100000,0x00000000f4c00000,0x00000000f4c00000)
  from space 92160K, 0% used [0x00000000fa600000,0x00000000fa600000,0x0000000100000000)
  to   space 92160K, 0% used [0x00000000f4c00000,0x00000000f4c00000,0x00000000fa600000)
 ParOldGen       total 553984K, used 553915K [0x00000000cd400000, 0x00000000ef100000, 0x00000000ef100000)
  object space 553984K, 99% used [0x00000000cd400000,0x00000000ef0eefd8,0x00000000ef100000)
 PSPermGen       total 131072K, used 76976K [0x00000000bd400000, 0x00000000c5400000, 0x00000000cd400000)
  object space 131072K, 58% used [0x00000000bd400000,0x00000000c1f2c098,0x00000000c5400000)
275.743: [Full GC [PSYoungGen: 93184K->92552K(185344K)] [ParOldGen: 553915K->553915K(553984K)] 647099K->646468K(739328K) [PSPermGen: 76976K->76976K(131072K)], 1.3550940 secs] [Times: user=3.77 sys=0.02, real=1.36 secs] 
Heap after GC invocations=103 (full 38):
 PSYoungGen      total 185344K, used 92552K [0x00000000ef100000, 0x0000000100000000, 0x0000000100000000)
  eden space 93184K, 99% used [0x00000000ef100000,0x00000000f4b62070,0x00000000f4c00000)
  from space 92160K, 0% used [0x00000000fa600000,0x00000000fa600000,0x0000000100000000)
  to   space 92160K, 0% used [0x00000000f4c00000,0x00000000f4c00000,0x00000000fa600000)
 ParOldGen       total 553984K, used 553915K [0x00000000cd400000, 0x00000000ef100000, 0x00000000ef100000)
  object space 553984K, 99% used [0x00000000cd400000,0x00000000ef0eefd8,0x00000000ef100000)
 PSPermGen       total 131072K, used 76976K [0x00000000bd400000, 0x00000000c5400000, 0x00000000cd400000)
  object space 131072K, 58% used [0x00000000bd400000,0x00000000c1f2c098,0x00000000c5400000)
}
{Heap before GC invocations=104 (full 39):
 PSYoungGen      total 185344K, used 93184K [0x00000000ef100000, 0x0000000100000000, 0x0000000100000000)
  eden space 93184K, 100% used [0x00000000ef100000,0x00000000f4c00000,0x00000000f4c00000)
  from space 92160K, 0% used [0x00000000fa600000,0x00000000fa600000,0x0000000100000000)
  to   space 92160K, 0% used [0x00000000f4c00000,0x00000000f4c00000,0x00000000fa600000)
 ParOldGen       total 553984K, used 553915K [0x00000000cd400000, 0x00000000ef100000, 0x00000000ef100000)
  object space 553984K, 99% used [0x00000000cd400000,0x00000000ef0eefd8,0x00000000ef100000)
 PSPermGen       total 131072K, used 76976K [0x00000000bd400000, 0x00000000c5400000, 0x00000000cd400000)
  object space 131072K, 58% used [0x00000000bd400000,0x00000000c1f2c098,0x00000000c5400000)
277.101: [Full GC [PSYoungGen: 93184K->92681K(185344K)] [ParOldGen: 553915K->553915K(553984K)] 647099K->646597K(739328K) [PSPermGen: 76976K->76976K(131072K)], 1.3390220 secs] [Times: user=3.90 sys=0.02, real=1.34 secs] 
Heap after GC invocations=104 (full 39):
 PSYoungGen      total 185344K, used 92681K [0x00000000ef100000, 0x0000000100000000, 0x0000000100000000)
  eden space 93184K, 99% used [0x00000000ef100000,0x00000000f4b825d8,0x00000000f4c00000)
  from space 92160K, 0% used [0x00000000fa600000,0x00000000fa600000,0x0000000100000000)
  to   space 92160K, 0% used [0x00000000f4c00000,0x00000000f4c00000,0x00000000fa600000)
 ParOldGen       total 553984K, used 553915K [0x00000000cd400000, 0x00000000ef100000, 0x00000000ef100000)
  object space 553984K, 99% used [0x00000000cd400000,0x00000000ef0eefd8,0x00000000ef100000)
 PSPermGen       total 131072K, used 76976K [0x00000000bd400000, 0x00000000c5400000, 0x00000000cd400000)
  object space 131072K, 58% used [0x00000000bd400000,0x00000000c1f2c098,0x00000000c5400000)
}
{Heap before GC invocations=105 (full 40):
 PSYoungGen      total 185344K, used 93184K [0x00000000ef100000, 0x0000000100000000, 0x0000000100000000)
  eden space 93184K, 100% used [0x00000000ef100000,0x00000000f4c00000,0x00000000f4c00000)
  from space 92160K, 0% used [0x00000000fa600000,0x00000000fa600000,0x0000000100000000)
  to   space 92160K, 0% used [0x00000000f4c00000,0x00000000f4c00000,0x00000000fa600000)
 ParOldGen       total 553984K, used 553915K [0x00000000cd400000, 0x00000000ef100000, 0x00000000ef100000)
  object space 553984K, 99% used [0x00000000cd400000,0x00000000ef0eefd8,0x00000000ef100000)
 PSPermGen       total 131072K, used 76976K [0x00000000bd400000, 0x00000000c5400000, 0x00000000cd400000)
  object space 131072K, 58% used [0x00000000bd400000,0x00000000c1f2c098,0x00000000c5400000)
278.441: [Full GC [PSYoungGen: 93184K->92744K(185344K)] [ParOldGen: 553915K->553915K(553984K)] 647099K->646660K(739328K) [PSPermGen: 76976K->76976K(131072K)], 1.5012870 secs] [Times: user=4.37 sys=0.04, real=1.50 secs] 
Heap after GC invocations=105 (full 40):
 PSYoungGen      total 185344K, used 92744K [0x00000000ef100000, 0x0000000100000000, 0x0000000100000000)
  eden space 93184K, 99% used [0x00000000ef100000,0x00000000f4b92300,0x00000000f4c00000)
  from space 92160K, 0% used [0x00000000fa600000,0x00000000fa600000,0x0000000100000000)
  to   space 92160K, 0% used [0x00000000f4c00000,0x00000000f4c00000,0x00000000fa600000)
 ParOldGen       total 553984K, used 553915K [0x00000000cd400000, 0x00000000ef100000, 0x00000000ef100000)
  object space 553984K, 99% used [0x00000000cd400000,0x00000000ef0eef30,0x00000000ef100000)
 PSPermGen       total 131072K, used 76976K [0x00000000bd400000, 0x00000000c5400000, 0x00000000cd400000)
  object space 131072K, 58% used [0x00000000bd400000,0x00000000c1f2c098,0x00000000c5400000)
}
{Heap before GC invocations=106 (full 41):
 PSYoungGen      total 185344K, used 93184K [0x00000000ef100000, 0x0000000100000000, 0x0000000100000000)
  eden space 93184K, 100% used [0x00000000ef100000,0x00000000f4c00000,0x00000000f4c00000)
  from space 92160K, 0% used [0x00000000fa600000,0x00000000fa600000,0x0000000100000000)
  to   space 92160K, 0% used [0x00000000f4c00000,0x00000000f4c00000,0x00000000fa600000)
 ParOldGen       total 553984K, used 553915K [0x00000000cd400000, 0x00000000ef100000, 0x00000000ef100000)
  object space 553984K, 99% used [0x00000000cd400000,0x00000000ef0eef30,0x00000000ef100000)
 PSPermGen       total 131072K, used 76976K [0x00000000bd400000, 0x00000000c5400000, 0x00000000cd400000)
  object space 131072K, 58% used [0x00000000bd400000,0x00000000c1f2c098,0x00000000c5400000)
279.946: [Full GC [PSYoungGen: 93184K->92722K(185344K)] [ParOldGen: 553915K->553914K(553984K)] 647099K->646637K(739328K) [PSPermGen: 76976K->76976K(131072K)], 1.4370020 secs] [Times: user=4.24 sys=0.03, real=1.44 secs] 
Heap after GC invocations=106 (full 41):
 PSYoungGen      total 185344K, used 92722K [0x00000000ef100000, 0x0000000100000000, 0x0000000100000000)
  eden space 93184K, 99% used [0x00000000ef100000,0x00000000f4b8c858,0x00000000f4c00000)
  from space 92160K, 0% used [0x00000000fa600000,0x00000000fa600000,0x0000000100000000)
  to   space 92160K, 0% used [0x00000000f4c00000,0x00000000f4c00000,0x00000000fa600000)
 ParOldGen       total 553984K, used 553914K [0x00000000cd400000, 0x00000000ef100000, 0x00000000ef100000)
  object space 553984K, 99% used [0x00000000cd400000,0x00000000ef0eebb8,0x00000000ef100000)
 PSPermGen       total 131072K, used 76976K [0x00000000bd400000, 0x00000000c5400000, 0x00000000cd400000)
  object space 131072K, 58% used [0x00000000bd400000,0x00000000c1f2c098,0x00000000c5400000)
}
{Heap before GC invocations=107 (full 42):
 PSYoungGen      total 185344K, used 93184K [0x00000000ef100000, 0x0000000100000000, 0x0000000100000000)
  eden space 93184K, 100% used [0x00000000ef100000,0x00000000f4c00000,0x00000000f4c00000)
  from space 92160K, 0% used [0x00000000fa600000,0x00000000fa600000,0x0000000100000000)
  to   space 92160K, 0% used [0x00000000f4c00000,0x00000000f4c00000,0x00000000fa600000)
 ParOldGen       total 553984K, used 553914K [0x00000000cd400000, 0x00000000ef100000, 0x00000000ef100000)
  object space 553984K, 99% used [0x00000000cd400000,0x00000000ef0eebb8,0x00000000ef100000)
 PSPermGen       total 131072K, used 76976K [0x00000000bd400000, 0x00000000c5400000, 0x00000000cd400000)
  object space 131072K, 58% used [0x00000000bd400000,0x00000000c1f2c098,0x00000000c5400000)
281.384: [Full GC [PSYoungGen: 93184K->92760K(185344K)] [ParOldGen: 553914K->553914K(553984K)] 647098K->646675K(739328K) [PSPermGen: 76976K->76976K(131072K)], 1.2607650 secs] [Times: user=3.73 sys=0.04, real=1.26 secs] 
Heap after GC invocations=107 (full 42):
 PSYoungGen      total 185344K, used 92760K [0x00000000ef100000, 0x0000000100000000, 0x0000000100000000)
  eden space 93184K, 99% used [0x00000000ef100000,0x00000000f4b962b0,0x00000000f4c00000)
  from space 92160K, 0% used [0x00000000fa600000,0x00000000fa600000,0x0000000100000000)
  to   space 92160K, 0% used [0x00000000f4c00000,0x00000000f4c00000,0x00000000fa600000)
 ParOldGen       total 553984K, used 553914K [0x00000000cd400000, 0x00000000ef100000, 0x00000000ef100000)
  object space 553984K, 99% used [0x00000000cd400000,0x00000000ef0eebb8,0x00000000ef100000)
 PSPermGen       total 131072K, used 76976K [0x00000000bd400000, 0x00000000c5400000, 0x00000000cd400000)
  object space 131072K, 58% used [0x00000000bd400000,0x00000000c1f2c098,0x00000000c5400000)
}
{Heap before GC invocations=108 (full 43):
 PSYoungGen      total 185344K, used 93184K [0x00000000ef100000, 0x0000000100000000, 0x0000000100000000)
  eden space 93184K, 100% used [0x00000000ef100000,0x00000000f4c00000,0x00000000f4c00000)
  from space 92160K, 0% used [0x00000000fa600000,0x00000000fa600000,0x0000000100000000)
  to   space 92160K, 0% used [0x00000000f4c00000,0x00000000f4c00000,0x00000000fa600000)
 ParOldGen       total 553984K, used 553914K [0x00000000cd400000, 0x00000000ef100000, 0x00000000ef100000)
  object space 553984K, 99% used [0x00000000cd400000,0x00000000ef0eebb8,0x00000000ef100000)
 PSPermGen       total 131072K, used 76976K [0x00000000bd400000, 0x00000000c5400000, 0x00000000cd400000)
  object space 131072K, 58% used [0x00000000bd400000,0x00000000c1f2c098,0x00000000c5400000)
282.648: [Full GC [PSYoungGen: 93184K->92798K(185344K)] [ParOldGen: 553914K->553914K(553984K)] 647098K->646713K(739328K) [PSPermGen: 76976K->76976K(131072K)], 1.3907360 secs] [Times: user=4.22 sys=0.03, real=1.39 secs] 
Heap after GC invocations=108 (full 43):
 PSYoungGen      total 185344K, used 92798K [0x00000000ef100000, 0x0000000100000000, 0x0000000100000000)
  eden space 93184K, 99% used [0x00000000ef100000,0x00000000f4b9f8f8,0x00000000f4c00000)
  from space 92160K, 0% used [0x00000000fa600000,0x00000000fa600000,0x0000000100000000)
  to   space 92160K, 0% used [0x00000000f4c00000,0x00000000f4c00000,0x00000000fa600000)
 ParOldGen       total 553984K, used 553914K [0x00000000cd400000, 0x00000000ef100000, 0x00000000ef100000)
  object space 553984K, 99% used [0x00000000cd400000,0x00000000ef0eebb8,0x00000000ef100000)
 PSPermGen       total 131072K, used 76976K [0x00000000bd400000, 0x00000000c5400000, 0x00000000cd400000)
  object space 131072K, 58% used [0x00000000bd400000,0x00000000c1f2c098,0x00000000c5400000)
}
{Heap before GC invocations=109 (full 44):
 PSYoungGen      total 185344K, used 93184K [0x00000000ef100000, 0x0000000100000000, 0x0000000100000000)
  eden space 93184K, 100% used [0x00000000ef100000,0x00000000f4c00000,0x00000000f4c00000)
  from space 92160K, 0% used [0x00000000fa600000,0x00000000fa600000,0x0000000100000000)
  to   space 92160K, 0% used [0x00000000f4c00000,0x00000000f4c00000,0x00000000fa600000)
 ParOldGen       total 553984K, used 553914K [0x00000000cd400000, 0x00000000ef100000, 0x00000000ef100000)
  object space 553984K, 99% used [0x00000000cd400000,0x00000000ef0eebb8,0x00000000ef100000)
 PSPermGen       total 131072K, used 76976K [0x00000000bd400000, 0x00000000c5400000, 0x00000000cd400000)
  object space 131072K, 58% used [0x00000000bd400000,0x00000000c1f2c098,0x00000000c5400000)
284.048: [Full GC [PSYoungGen: 93184K->92883K(185344K)] [ParOldGen: 553914K->553914K(553984K)] 647098K->646797K(739328K) [PSPermGen: 76976K->76976K(131072K)], 1.5633700 secs] [Times: user=4.69 sys=0.02, real=1.56 secs] 
Heap after GC invocations=109 (full 44):
 PSYoungGen      total 185344K, used 92883K [0x00000000ef100000, 0x0000000100000000, 0x0000000100000000)
  eden space 93184K, 99% used [0x00000000ef100000,0x00000000f4bb4d10,0x00000000f4c00000)
  from space 92160K, 0% used [0x00000000fa600000,0x00000000fa600000,0x0000000100000000)
  to   space 92160K, 0% used [0x00000000f4c00000,0x00000000f4c00000,0x00000000fa600000)
 ParOldGen       total 553984K, used 553914K [0x00000000cd400000, 0x00000000ef100000, 0x00000000ef100000)
  object space 553984K, 99% used [0x00000000cd400000,0x00000000ef0ee8c0,0x00000000ef100000)
 PSPermGen       total 131072K, used 76976K [0x00000000bd400000, 0x00000000c5400000, 0x00000000cd400000)
  object space 131072K, 58% used [0x00000000bd400000,0x00000000c1f2c098,0x00000000c5400000)
}
{Heap before GC invocations=110 (full 45):
 PSYoungGen      total 185344K, used 93184K [0x00000000ef100000, 0x0000000100000000, 0x0000000100000000)
  eden space 93184K, 100% used [0x00000000ef100000,0x00000000f4c00000,0x00000000f4c00000)
  from space 92160K, 0% used [0x00000000fa600000,0x00000000fa600000,0x0000000100000000)
  to   space 92160K, 0% used [0x00000000f4c00000,0x00000000f4c00000,0x00000000fa600000)
 ParOldGen       total 553984K, used 553914K [0x00000000cd400000, 0x00000000ef100000, 0x00000000ef100000)
  object space 553984K, 99% used [0x00000000cd400000,0x00000000ef0ee8c0,0x00000000ef100000)
 PSPermGen       total 131072K, used 76976K [0x00000000bd400000, 0x00000000c5400000, 0x00000000cd400000)
  object space 131072K, 58% used [0x00000000bd400000,0x00000000c1f2c098,0x00000000c5400000)
285.613: [Full GC [PSYoungGen: 93184K->92900K(185344K)] [ParOldGen: 553914K->553913K(553984K)] 647098K->646814K(739328K) [PSPermGen: 76976K->76976K(131072K)], 1.5589580 secs] [Times: user=4.35 sys=0.02, real=1.56 secs] 
Heap after GC invocations=110 (full 45):
 PSYoungGen      total 185344K, used 92900K [0x00000000ef100000, 0x0000000100000000, 0x0000000100000000)
  eden space 93184K, 99% used [0x00000000ef100000,0x00000000f4bb9260,0x00000000f4c00000)
  from space 92160K, 0% used [0x00000000fa600000,0x00000000fa600000,0x0000000100000000)
  to   space 92160K, 0% used [0x00000000f4c00000,0x00000000f4c00000,0x00000000fa600000)
 ParOldGen       total 553984K, used 553913K [0x00000000cd400000, 0x00000000ef100000, 0x00000000ef100000)
  object space 553984K, 99% used [0x00000000cd400000,0x00000000ef0ee610,0x00000000ef100000)
 PSPermGen       total 131072K, used 76976K [0x00000000bd400000, 0x00000000c5400000, 0x00000000cd400000)
  object space 131072K, 58% used [0x00000000bd400000,0x00000000c1f2c098,0x00000000c5400000)
}
{Heap before GC invocations=111 (full 46):
 PSYoungGen      total 185344K, used 93183K [0x00000000ef100000, 0x0000000100000000, 0x0000000100000000)
  eden space 93184K, 99% used [0x00000000ef100000,0x00000000f4bfff58,0x00000000f4c00000)
  from space 92160K, 0% used [0x00000000fa600000,0x00000000fa600000,0x0000000100000000)
  to   space 92160K, 0% used [0x00000000f4c00000,0x00000000f4c00000,0x00000000fa600000)
 ParOldGen       total 553984K, used 553913K [0x00000000cd400000, 0x00000000ef100000, 0x00000000ef100000)
  object space 553984K, 99% used [0x00000000cd400000,0x00000000ef0ee610,0x00000000ef100000)
 PSPermGen       total 131072K, used 76976K [0x00000000bd400000, 0x00000000c5400000, 0x00000000cd400000)
  object space 131072K, 58% used [0x00000000bd400000,0x00000000c1f2c098,0x00000000c5400000)
287.174: [Full GC [PSYoungGen: 93183K->93042K(185344K)] [ParOldGen: 553913K->553913K(553984K)] 647097K->646955K(739328K) [PSPermGen: 76976K->76976K(131072K)], 1.2627850 secs] [Times: user=3.83 sys=0.02, real=1.27 secs] 
Heap after GC invocations=111 (full 46):
 PSYoungGen      total 185344K, used 93042K [0x00000000ef100000, 0x0000000100000000, 0x0000000100000000)
  eden space 93184K, 99% used [0x00000000ef100000,0x00000000f4bdc810,0x00000000f4c00000)
  from space 92160K, 0% used [0x00000000fa600000,0x00000000fa600000,0x0000000100000000)
  to   space 92160K, 0% used [0x00000000f4c00000,0x00000000f4c00000,0x00000000fa600000)
 ParOldGen       total 553984K, used 553913K [0x00000000cd400000, 0x00000000ef100000, 0x00000000ef100000)
  object space 553984K, 99% used [0x00000000cd400000,0x00000000ef0ee610,0x00000000ef100000)
 PSPermGen       total 131072K, used 76976K [0x00000000bd400000, 0x00000000c5400000, 0x00000000cd400000)
  object space 131072K, 58% used [0x00000000bd400000,0x00000000c1f2c098,0x00000000c5400000)
}
{Heap before GC invocations=112 (full 47):
 PSYoungGen      total 185344K, used 93184K [0x00000000ef100000, 0x0000000100000000, 0x0000000100000000)
  eden space 93184K, 100% used [0x00000000ef100000,0x00000000f4c00000,0x00000000f4c00000)
  from space 92160K, 0% used [0x00000000fa600000,0x00000000fa600000,0x0000000100000000)
  to   space 92160K, 0% used [0x00000000f4c00000,0x00000000f4c00000,0x00000000fa600000)
 ParOldGen       total 553984K, used 553913K [0x00000000cd400000, 0x00000000ef100000, 0x00000000ef100000)
  object space 553984K, 99% used [0x00000000cd400000,0x00000000ef0ee610,0x00000000ef100000)
 PSPermGen       total 131072K, used 76976K [0x00000000bd400000, 0x00000000c5400000, 0x00000000cd400000)
  object space 131072K, 58% used [0x00000000bd400000,0x00000000c1f2c098,0x00000000c5400000)
288.438: [Full GC [PSYoungGen: 93184K->93066K(185344K)] [ParOldGen: 553913K->553913K(553984K)] 647097K->646979K(739328K) [PSPermGen: 76976K->76976K(131072K)], 1.2734790 secs] [Times: user=3.83 sys=0.01, real=1.27 secs] 
Heap after GC invocations=112 (full 47):
 PSYoungGen      total 185344K, used 93066K [0x00000000ef100000, 0x0000000100000000, 0x0000000100000000)
  eden space 93184K, 99% used [0x00000000ef100000,0x00000000f4be2838,0x00000000f4c00000)
  from space 92160K, 0% used [0x00000000fa600000,0x00000000fa600000,0x0000000100000000)
  to   space 92160K, 0% used [0x00000000f4c00000,0x00000000f4c00000,0x00000000fa600000)
 ParOldGen       total 553984K, used 553913K [0x00000000cd400000, 0x00000000ef100000, 0x00000000ef100000)
  object space 553984K, 99% used [0x00000000cd400000,0x00000000ef0ee610,0x00000000ef100000)
 PSPermGen       total 131072K, used 76976K [0x00000000bd400000, 0x00000000c5400000, 0x00000000cd400000)
  object space 131072K, 58% used [0x00000000bd400000,0x00000000c1f2c098,0x00000000c5400000)
}
{Heap before GC invocations=113 (full 48):
 PSYoungGen      total 185344K, used 93184K [0x00000000ef100000, 0x0000000100000000, 0x0000000100000000)
  eden space 93184K, 100% used [0x00000000ef100000,0x00000000f4c00000,0x00000000f4c00000)
  from space 92160K, 0% used [0x00000000fa600000,0x00000000fa600000,0x0000000100000000)
  to   space 92160K, 0% used [0x00000000f4c00000,0x00000000f4c00000,0x00000000fa600000)
 ParOldGen       total 553984K, used 553913K [0x00000000cd400000, 0x00000000ef100000, 0x00000000ef100000)
  object space 553984K, 99% used [0x00000000cd400000,0x00000000ef0ee610,0x00000000ef100000)
 PSPermGen       total 131072K, used 76976K [0x00000000bd400000, 0x00000000c5400000, 0x00000000cd400000)
  object space 131072K, 58% used [0x00000000bd400000,0x00000000c1f2c098,0x00000000c5400000)
289.713: [Full GC [PSYoungGen: 93184K->93052K(185344K)] [ParOldGen: 553913K->553913K(553984K)] 647097K->646966K(739328K) [PSPermGen: 76976K->76976K(131072K)], 1.2935620 secs] [Times: user=3.91 sys=0.02, real=1.29 secs] 
Heap after GC invocations=113 (full 48):
 PSYoungGen      total 185344K, used 93052K [0x00000000ef100000, 0x0000000100000000, 0x0000000100000000)
  eden space 93184K, 99% used [0x00000000ef100000,0x00000000f4bdf350,0x00000000f4c00000)
  from space 92160K, 0% used [0x00000000fa600000,0x00000000fa600000,0x0000000100000000)
  to   space 92160K, 0% used [0x00000000f4c00000,0x00000000f4c00000,0x00000000fa600000)
 ParOldGen       total 553984K, used 553913K [0x00000000cd400000, 0x00000000ef100000, 0x00000000ef100000)
  object space 553984K, 99% used [0x00000000cd400000,0x00000000ef0ee610,0x00000000ef100000)
 PSPermGen       total 131072K, used 76976K [0x00000000bd400000, 0x00000000c5400000, 0x00000000cd400000)
  object space 131072K, 58% used [0x00000000bd400000,0x00000000c1f2c098,0x00000000c5400000)
}
{Heap before GC invocations=114 (full 49):
 PSYoungGen      total 185344K, used 93184K [0x00000000ef100000, 0x0000000100000000, 0x0000000100000000)
  eden space 93184K, 100% used [0x00000000ef100000,0x00000000f4c00000,0x00000000f4c00000)
  from space 92160K, 0% used [0x00000000fa600000,0x00000000fa600000,0x0000000100000000)
  to   space 92160K, 0% used [0x00000000f4c00000,0x00000000f4c00000,0x00000000fa600000)
 ParOldGen       total 553984K, used 553913K [0x00000000cd400000, 0x00000000ef100000, 0x00000000ef100000)
  object space 553984K, 99% used [0x00000000cd400000,0x00000000ef0ee610,0x00000000ef100000)
 PSPermGen       total 131072K, used 76977K [0x00000000bd400000, 0x00000000c5400000, 0x00000000cd400000)
  object space 131072K, 58% used [0x00000000bd400000,0x00000000c1f2c488,0x00000000c5400000)
291.008: [Full GC [PSYoungGen: 93184K->93091K(185344K)] [ParOldGen: 553913K->553913K(553984K)] 647097K->647004K(739328K) [PSPermGen: 76977K->76977K(131072K)], 1.2958780 secs] [Times: user=3.82 sys=0.02, real=1.29 secs] 
Heap after GC invocations=114 (full 49):
 PSYoungGen      total 185344K, used 93091K [0x00000000ef100000, 0x0000000100000000, 0x0000000100000000)
  eden space 93184K, 99% used [0x00000000ef100000,0x00000000f4be8c70,0x00000000f4c00000)
  from space 92160K, 0% used [0x00000000fa600000,0x00000000fa600000,0x0000000100000000)
  to   space 92160K, 0% used [0x00000000f4c00000,0x00000000f4c00000,0x00000000fa600000)
 ParOldGen       total 553984K, used 553913K [0x00000000cd400000, 0x00000000ef100000, 0x00000000ef100000)
  object space 553984K, 99% used [0x00000000cd400000,0x00000000ef0ee610,0x00000000ef100000)
 PSPermGen       total 131072K, used 76977K [0x00000000bd400000, 0x00000000c5400000, 0x00000000cd400000)
  object space 131072K, 58% used [0x00000000bd400000,0x00000000c1f2c488,0x00000000c5400000)
}
{Heap before GC invocations=115 (full 50):
 PSYoungGen      total 185344K, used 93184K [0x00000000ef100000, 0x0000000100000000, 0x0000000100000000)
  eden space 93184K, 100% used [0x00000000ef100000,0x00000000f4c00000,0x00000000f4c00000)
  from space 92160K, 0% used [0x00000000fa600000,0x00000000fa600000,0x0000000100000000)
  to   space 92160K, 0% used [0x00000000f4c00000,0x00000000f4c00000,0x00000000fa600000)
 ParOldGen       total 553984K, used 553913K [0x00000000cd400000, 0x00000000ef100000, 0x00000000ef100000)
  object space 553984K, 99% used [0x00000000cd400000,0x00000000ef0ee610,0x00000000ef100000)
 PSPermGen       total 131072K, used 76977K [0x00000000bd400000, 0x00000000c5400000, 0x00000000cd400000)
  object space 131072K, 58% used [0x00000000bd400000,0x00000000c1f2c488,0x00000000c5400000)
292.306: [Full GC [PSYoungGen: 93184K->93126K(185344K)] [ParOldGen: 553913K->553913K(553984K)] 647097K->647040K(739328K) [PSPermGen: 76977K->76977K(131072K)], 1.2830720 secs] [Times: user=3.91 sys=0.00, real=1.29 secs] 
Heap after GC invocations=115 (full 50):
 PSYoungGen      total 185344K, used 93126K [0x00000000ef100000, 0x0000000100000000, 0x0000000100000000)
  eden space 93184K, 99% used [0x00000000ef100000,0x00000000f4bf1aa0,0x00000000f4c00000)
  from space 92160K, 0% used [0x00000000fa600000,0x00000000fa600000,0x0000000100000000)
  to   space 92160K, 0% used [0x00000000f4c00000,0x00000000f4c00000,0x00000000fa600000)
 ParOldGen       total 553984K, used 553913K [0x00000000cd400000, 0x00000000ef100000, 0x00000000ef100000)
  object space 553984K, 99% used [0x00000000cd400000,0x00000000ef0ee610,0x00000000ef100000)
 PSPermGen       total 131072K, used 76977K [0x00000000bd400000, 0x00000000c5400000, 0x00000000cd400000)
  object space 131072K, 58% used [0x00000000bd400000,0x00000000c1f2c488,0x00000000c5400000)
}
{Heap before GC invocations=116 (full 51):
 PSYoungGen      total 185344K, used 93184K [0x00000000ef100000, 0x0000000100000000, 0x0000000100000000)
  eden space 93184K, 100% used [0x00000000ef100000,0x00000000f4c00000,0x00000000f4c00000)
  from space 92160K, 0% used [0x00000000fa600000,0x00000000fa600000,0x0000000100000000)
  to   space 92160K, 0% used [0x00000000f4c00000,0x00000000f4c00000,0x00000000fa600000)
 ParOldGen       total 553984K, used 553913K [0x00000000cd400000, 0x00000000ef100000, 0x00000000ef100000)
  object space 553984K, 99% used [0x00000000cd400000,0x00000000ef0ee610,0x00000000ef100000)
 PSPermGen       total 131072K, used 76977K [0x00000000bd400000, 0x00000000c5400000, 0x00000000cd400000)
  object space 131072K, 58% used [0x00000000bd400000,0x00000000c1f2c488,0x00000000c5400000)
293.590: [Full GC [PSYoungGen: 93184K->93095K(185344K)] [ParOldGen: 553913K->553913K(553984K)] 647097K->647009K(739328K) [PSPermGen: 76977K->76977K(131072K)], 1.3086120 secs] [Times: user=3.95 sys=0.05, real=1.31 secs] 
Heap after GC invocations=116 (full 51):
 PSYoungGen      total 185344K, used 93095K [0x00000000ef100000, 0x0000000100000000, 0x0000000100000000)
  eden space 93184K, 99% used [0x00000000ef100000,0x00000000f4be9e00,0x00000000f4c00000)
  from space 92160K, 0% used [0x00000000fa600000,0x00000000fa600000,0x0000000100000000)
  to   space 92160K, 0% used [0x00000000f4c00000,0x00000000f4c00000,0x00000000fa600000)
 ParOldGen       total 553984K, used 553913K [0x00000000cd400000, 0x00000000ef100000, 0x00000000ef100000)
  object space 553984K, 99% used [0x00000000cd400000,0x00000000ef0ee610,0x00000000ef100000)
 PSPermGen       total 131072K, used 76977K [0x00000000bd400000, 0x00000000c5400000, 0x00000000cd400000)
  object space 131072K, 58% used [0x00000000bd400000,0x00000000c1f2c488,0x00000000c5400000)
}
{Heap before GC invocations=117 (full 52):
 PSYoungGen      total 185344K, used 93184K [0x00000000ef100000, 0x0000000100000000, 0x0000000100000000)
  eden space 93184K, 100% used [0x00000000ef100000,0x00000000f4c00000,0x00000000f4c00000)
  from space 92160K, 0% used [0x00000000fa600000,0x00000000fa600000,0x0000000100000000)
  to   space 92160K, 0% used [0x00000000f4c00000,0x00000000f4c00000,0x00000000fa600000)
 ParOldGen       total 553984K, used 553913K [0x00000000cd400000, 0x00000000ef100000, 0x00000000ef100000)
  object space 553984K, 99% used [0x00000000cd400000,0x00000000ef0ee610,0x00000000ef100000)
 PSPermGen       total 131072K, used 76977K [0x00000000bd400000, 0x00000000c5400000, 0x00000000cd400000)
  object space 131072K, 58% used [0x00000000bd400000,0x00000000c1f2c488,0x00000000c5400000)
294.899: [Full GC [PSYoungGen: 93184K->93095K(185344K)] [ParOldGen: 553913K->553913K(553984K)] 647097K->647008K(739328K) [PSPermGen: 76977K->76977K(131072K)], 1.3480720 secs] [Times: user=4.04 sys=0.03, real=1.34 secs] 
Heap after GC invocations=117 (full 52):
 PSYoungGen      total 185344K, used 93095K [0x00000000ef100000, 0x0000000100000000, 0x0000000100000000)
  eden space 93184K, 99% used [0x00000000ef100000,0x00000000f4be9cc8,0x00000000f4c00000)
  from space 92160K, 0% used [0x00000000fa600000,0x00000000fa600000,0x0000000100000000)
  to   space 92160K, 0% used [0x00000000f4c00000,0x00000000f4c00000,0x00000000fa600000)
 ParOldGen       total 553984K, used 553913K [0x00000000cd400000, 0x00000000ef100000, 0x00000000ef100000)
  object space 553984K, 99% used [0x00000000cd400000,0x00000000ef0ee610,0x00000000ef100000)
 PSPermGen       total 131072K, used 76977K [0x00000000bd400000, 0x00000000c5400000, 0x00000000cd400000)
  object space 131072K, 58% used [0x00000000bd400000,0x00000000c1f2c488,0x00000000c5400000)
}
{Heap before GC invocations=118 (full 53):
 PSYoungGen      total 185344K, used 93184K [0x00000000ef100000, 0x0000000100000000, 0x0000000100000000)
  eden space 93184K, 100% used [0x00000000ef100000,0x00000000f4c00000,0x00000000f4c00000)
  from space 92160K, 0% used [0x00000000fa600000,0x00000000fa600000,0x0000000100000000)
  to   space 92160K, 0% used [0x00000000f4c00000,0x00000000f4c00000,0x00000000fa600000)
 ParOldGen       total 553984K, used 553913K [0x00000000cd400000, 0x00000000ef100000, 0x00000000ef100000)
  object space 553984K, 99% used [0x00000000cd400000,0x00000000ef0ee610,0x00000000ef100000)
 PSPermGen       total 131072K, used 76977K [0x00000000bd400000, 0x00000000c5400000, 0x00000000cd400000)
  object space 131072K, 58% used [0x00000000bd400000,0x00000000c1f2c488,0x00000000c5400000)
296.249: [Full GC [PSYoungGen: 93184K->93098K(185344K)] [ParOldGen: 553913K->553913K(553984K)] 647097K->647011K(739328K) [PSPermGen: 76977K->76977K(131072K)], 1.3395220 secs] [Times: user=4.04 sys=0.02, real=1.34 secs] 
Heap after GC invocations=118 (full 53):
 PSYoungGen      total 185344K, used 93098K [0x00000000ef100000, 0x0000000100000000, 0x0000000100000000)
  eden space 93184K, 99% used [0x00000000ef100000,0x00000000f4bea868,0x00000000f4c00000)
  from space 92160K, 0% used [0x00000000fa600000,0x00000000fa600000,0x0000000100000000)
  to   space 92160K, 0% used [0x00000000f4c00000,0x00000000f4c00000,0x00000000fa600000)
 ParOldGen       total 553984K, used 553913K [0x00000000cd400000, 0x00000000ef100000, 0x00000000ef100000)
  object space 553984K, 99% used [0x00000000cd400000,0x00000000ef0ee5d0,0x00000000ef100000)
 PSPermGen       total 131072K, used 76977K [0x00000000bd400000, 0x00000000c5400000, 0x00000000cd400000)
  object space 131072K, 58% used [0x00000000bd400000,0x00000000c1f2c488,0x00000000c5400000)
}
{Heap before GC invocations=119 (full 54):
 PSYoungGen      total 185344K, used 93184K [0x00000000ef100000, 0x0000000100000000, 0x0000000100000000)
  eden space 93184K, 100% used [0x00000000ef100000,0x00000000f4c00000,0x00000000f4c00000)
  from space 92160K, 0% used [0x00000000fa600000,0x00000000fa600000,0x0000000100000000)
  to   space 92160K, 0% used [0x00000000f4c00000,0x00000000f4c00000,0x00000000fa600000)
 ParOldGen       total 553984K, used 553913K [0x00000000cd400000, 0x00000000ef100000, 0x00000000ef100000)
  object space 553984K, 99% used [0x00000000cd400000,0x00000000ef0ee5d0,0x00000000ef100000)
 PSPermGen       total 131072K, used 76977K [0x00000000bd400000, 0x00000000c5400000, 0x00000000cd400000)
  object space 131072K, 58% used [0x00000000bd400000,0x00000000c1f2c488,0x00000000c5400000)
297.589: [Full GC [PSYoungGen: 93184K->93101K(185344K)] [ParOldGen: 553913K->553913K(553984K)] 647097K->647015K(739328K) [PSPermGen: 76977K->76977K(131072K)], 1.3240360 secs] [Times: user=3.82 sys=0.03, real=1.32 secs] 
Heap after GC invocations=119 (full 54):
 PSYoungGen      total 185344K, used 93101K [0x00000000ef100000, 0x0000000100000000, 0x0000000100000000)
  eden space 93184K, 99% used [0x00000000ef100000,0x00000000f4beb6b8,0x00000000f4c00000)
  from space 92160K, 0% used [0x00000000fa600000,0x00000000fa600000,0x0000000100000000)
  to   space 92160K, 0% used [0x00000000f4c00000,0x00000000f4c00000,0x00000000fa600000)
 ParOldGen       total 553984K, used 553913K [0x00000000cd400000, 0x00000000ef100000, 0x00000000ef100000)
  object space 553984K, 99% used [0x00000000cd400000,0x00000000ef0ee5d0,0x00000000ef100000)
 PSPermGen       total 131072K, used 76977K [0x00000000bd400000, 0x00000000c5400000, 0x00000000cd400000)
  object space 131072K, 58% used [0x00000000bd400000,0x00000000c1f2c488,0x00000000c5400000)
}
{Heap before GC invocations=120 (full 55):
 PSYoungGen      total 185344K, used 93183K [0x00000000ef100000, 0x0000000100000000, 0x0000000100000000)
  eden space 93184K, 99% used [0x00000000ef100000,0x00000000f4bfff70,0x00000000f4c00000)
  from space 92160K, 0% used [0x00000000fa600000,0x00000000fa600000,0x0000000100000000)
  to   space 92160K, 0% used [0x00000000f4c00000,0x00000000f4c00000,0x00000000fa600000)
 ParOldGen       total 553984K, used 553913K [0x00000000cd400000, 0x00000000ef100000, 0x00000000ef100000)
  object space 553984K, 99% used [0x00000000cd400000,0x00000000ef0ee5d0,0x00000000ef100000)
 PSPermGen       total 131072K, used 76978K [0x00000000bd400000, 0x00000000c5400000, 0x00000000cd400000)
  object space 131072K, 58% used [0x00000000bd400000,0x00000000c1f2cbc0,0x00000000c5400000)
298.916: [Full GC [PSYoungGen: 93183K->93147K(185344K)] [ParOldGen: 553913K->553912K(553984K)] 647097K->647059K(739328K) [PSPermGen: 76978K->76978K(131072K)], 1.5879120 secs] [Times: user=4.78 sys=0.02, real=1.58 secs] 
Heap after GC invocations=120 (full 55):
 PSYoungGen      total 185344K, used 93147K [0x00000000ef100000, 0x0000000100000000, 0x0000000100000000)
  eden space 93184K, 99% used [0x00000000ef100000,0x00000000f4bf6d50,0x00000000f4c00000)
  from space 92160K, 0% used [0x00000000fa600000,0x00000000fa600000,0x0000000100000000)
  to   space 92160K, 0% used [0x00000000f4c00000,0x00000000f4c00000,0x00000000fa600000)
 ParOldGen       total 553984K, used 553912K [0x00000000cd400000, 0x00000000ef100000, 0x00000000ef100000)
  object space 553984K, 99% used [0x00000000cd400000,0x00000000ef0ee1f8,0x00000000ef100000)
 PSPermGen       total 131072K, used 76978K [0x00000000bd400000, 0x00000000c5400000, 0x00000000cd400000)
  object space 131072K, 58% used [0x00000000bd400000,0x00000000c1f2cbc0,0x00000000c5400000)
}
{Heap before GC invocations=121 (full 56):
 PSYoungGen      total 185344K, used 93184K [0x00000000ef100000, 0x0000000100000000, 0x0000000100000000)
  eden space 93184K, 100% used [0x00000000ef100000,0x00000000f4c00000,0x00000000f4c00000)
  from space 92160K, 0% used [0x00000000fa600000,0x00000000fa600000,0x0000000100000000)
  to   space 92160K, 0% used [0x00000000f4c00000,0x00000000f4c00000,0x00000000fa600000)
 ParOldGen       total 553984K, used 553912K [0x00000000cd400000, 0x00000000ef100000, 0x00000000ef100000)
  object space 553984K, 99% used [0x00000000cd400000,0x00000000ef0ee1f8,0x00000000ef100000)
 PSPermGen       total 131072K, used 76978K [0x00000000bd400000, 0x00000000c5400000, 0x00000000cd400000)
  object space 131072K, 58% used [0x00000000bd400000,0x00000000c1f2cbc0,0x00000000c5400000)
300.505: [Full GC [PSYoungGen: 93184K->93149K(185344K)] [ParOldGen: 553912K->553912K(553984K)] 647096K->647062K(739328K) [PSPermGen: 76978K->76978K(131072K)], 1.2120460 secs] [Times: user=3.69 sys=0.01, real=1.22 secs] 
Heap after GC invocations=121 (full 56):
 PSYoungGen      total 185344K, used 93149K [0x00000000ef100000, 0x0000000100000000, 0x0000000100000000)
  eden space 93184K, 99% used [0x00000000ef100000,0x00000000f4bf77c8,0x00000000f4c00000)
  from space 92160K, 0% used [0x00000000fa600000,0x00000000fa600000,0x0000000100000000)
  to   space 92160K, 0% used [0x00000000f4c00000,0x00000000f4c00000,0x00000000fa600000)
 ParOldGen       total 553984K, used 553912K [0x00000000cd400000, 0x00000000ef100000, 0x00000000ef100000)
  object space 553984K, 99% used [0x00000000cd400000,0x00000000ef0ee1f8,0x00000000ef100000)
 PSPermGen       total 131072K, used 76978K [0x00000000bd400000, 0x00000000c5400000, 0x00000000cd400000)
  object space 131072K, 58% used [0x00000000bd400000,0x00000000c1f2cbc0,0x00000000c5400000)
}
{Heap before GC invocations=122 (full 57):
 PSYoungGen      total 185344K, used 93184K [0x00000000ef100000, 0x0000000100000000, 0x0000000100000000)
  eden space 93184K, 100% used [0x00000000ef100000,0x00000000f4c00000,0x00000000f4c00000)
  from space 92160K, 0% used [0x00000000fa600000,0x00000000fa600000,0x0000000100000000)
  to   space 92160K, 0% used [0x00000000f4c00000,0x00000000f4c00000,0x00000000fa600000)
 ParOldGen       total 553984K, used 553912K [0x00000000cd400000, 0x00000000ef100000, 0x00000000ef100000)
  object space 553984K, 99% used [0x00000000cd400000,0x00000000ef0ee1f8,0x00000000ef100000)
 PSPermGen       total 131072K, used 76978K [0x00000000bd400000, 0x00000000c5400000, 0x00000000cd400000)
  object space 131072K, 58% used [0x00000000bd400000,0x00000000c1f2cbc0,0x00000000c5400000)
301.717: [Full GC [PSYoungGen: 93184K->93148K(185344K)] [ParOldGen: 553912K->553912K(553984K)] 647096K->647060K(739328K) [PSPermGen: 76978K->76978K(131072K)], 1.2894860 secs] [Times: user=3.93 sys=0.02, real=1.28 secs] 
Heap after GC invocations=122 (full 57):
 PSYoungGen      total 185344K, used 93148K [0x00000000ef100000, 0x0000000100000000, 0x0000000100000000)
  eden space 93184K, 99% used [0x00000000ef100000,0x00000000f4bf7170,0x00000000f4c00000)
  from space 92160K, 0% used [0x00000000fa600000,0x00000000fa600000,0x0000000100000000)
  to   space 92160K, 0% used [0x00000000f4c00000,0x00000000f4c00000,0x00000000fa600000)
 ParOldGen       total 553984K, used 553912K [0x00000000cd400000, 0x00000000ef100000, 0x00000000ef100000)
  object space 553984K, 99% used [0x00000000cd400000,0x00000000ef0ee1f8,0x00000000ef100000)
 PSPermGen       total 131072K, used 76978K [0x00000000bd400000, 0x00000000c5400000, 0x00000000cd400000)
  object space 131072K, 58% used [0x00000000bd400000,0x00000000c1f2cbc0,0x00000000c5400000)
}
{Heap before GC invocations=123 (full 58):
 PSYoungGen      total 185344K, used 93184K [0x00000000ef100000, 0x0000000100000000, 0x0000000100000000)
  eden space 93184K, 100% used [0x00000000ef100000,0x00000000f4c00000,0x00000000f4c00000)
  from space 92160K, 0% used [0x00000000fa600000,0x00000000fa600000,0x0000000100000000)
  to   space 92160K, 0% used [0x00000000f4c00000,0x00000000f4c00000,0x00000000fa600000)
 ParOldGen       total 553984K, used 553912K [0x00000000cd400000, 0x00000000ef100000, 0x00000000ef100000)
  object space 553984K, 99% used [0x00000000cd400000,0x00000000ef0ee1f8,0x00000000ef100000)
 PSPermGen       total 131072K, used 76978K [0x00000000bd400000, 0x00000000c5400000, 0x00000000cd400000)
  object space 131072K, 58% used [0x00000000bd400000,0x00000000c1f2cbc0,0x00000000c5400000)
303.008: [Full GC [PSYoungGen: 93184K->93147K(185344K)] [ParOldGen: 553912K->553911K(553984K)] 647096K->647059K(739328K) [PSPermGen: 76978K->76978K(131072K)], 1.5770130 secs] [Times: user=4.55 sys=0.02, real=1.57 secs] 
Heap after GC invocations=123 (full 58):
 PSYoungGen      total 185344K, used 93147K [0x00000000ef100000, 0x0000000100000000, 0x0000000100000000)
  eden space 93184K, 99% used [0x00000000ef100000,0x00000000f4bf6f58,0x00000000f4c00000)
  from space 92160K, 0% used [0x00000000fa600000,0x00000000fa600000,0x0000000100000000)
  to   space 92160K, 0% used [0x00000000f4c00000,0x00000000f4c00000,0x00000000fa600000)
 ParOldGen       total 553984K, used 553911K [0x00000000cd400000, 0x00000000ef100000, 0x00000000ef100000)
  object space 553984K, 99% used [0x00000000cd400000,0x00000000ef0ede60,0x00000000ef100000)
 PSPermGen       total 131072K, used 76978K [0x00000000bd400000, 0x00000000c5400000, 0x00000000cd400000)
  object space 131072K, 58% used [0x00000000bd400000,0x00000000c1f2cbc0,0x00000000c5400000)
}
{Heap before GC invocations=124 (full 59):
 PSYoungGen      total 185344K, used 93184K [0x00000000ef100000, 0x0000000100000000, 0x0000000100000000)
  eden space 93184K, 100% used [0x00000000ef100000,0x00000000f4c00000,0x00000000f4c00000)
  from space 92160K, 0% used [0x00000000fa600000,0x00000000fa600000,0x0000000100000000)
  to   space 92160K, 0% used [0x00000000f4c00000,0x00000000f4c00000,0x00000000fa600000)
 ParOldGen       total 553984K, used 553911K [0x00000000cd400000, 0x00000000ef100000, 0x00000000ef100000)
  object space 553984K, 99% used [0x00000000cd400000,0x00000000ef0ede60,0x00000000ef100000)
 PSPermGen       total 131072K, used 76978K [0x00000000bd400000, 0x00000000c5400000, 0x00000000cd400000)
  object space 131072K, 58% used [0x00000000bd400000,0x00000000c1f2cbc0,0x00000000c5400000)
304.586: [Full GC [PSYoungGen: 93184K->93148K(185344K)] [ParOldGen: 553911K->553911K(553984K)] 647095K->647060K(739328K) [PSPermGen: 76978K->76978K(131072K)], 1.2376970 secs] [Times: user=3.80 sys=0.00, real=1.24 secs] 
Heap after GC invocations=124 (full 59):
 PSYoungGen      total 185344K, used 93148K [0x00000000ef100000, 0x0000000100000000, 0x0000000100000000)
  eden space 93184K, 99% used [0x00000000ef100000,0x00000000f4bf71a8,0x00000000f4c00000)
  from space 92160K, 0% used [0x00000000fa600000,0x00000000fa600000,0x0000000100000000)
  to   space 92160K, 0% used [0x00000000f4c00000,0x00000000f4c00000,0x00000000fa600000)
 ParOldGen       total 553984K, used 553911K [0x00000000cd400000, 0x00000000ef100000, 0x00000000ef100000)
  object space 553984K, 99% used [0x00000000cd400000,0x00000000ef0ede60,0x00000000ef100000)
 PSPermGen       total 131072K, used 76978K [0x00000000bd400000, 0x00000000c5400000, 0x00000000cd400000)
  object space 131072K, 58% used [0x00000000bd400000,0x00000000c1f2cbc0,0x00000000c5400000)
}
{Heap before GC invocations=125 (full 60):
 PSYoungGen      total 185344K, used 93184K [0x00000000ef100000, 0x0000000100000000, 0x0000000100000000)
  eden space 93184K, 100% used [0x00000000ef100000,0x00000000f4c00000,0x00000000f4c00000)
  from space 92160K, 0% used [0x00000000fa600000,0x00000000fa600000,0x0000000100000000)
  to   space 92160K, 0% used [0x00000000f4c00000,0x00000000f4c00000,0x00000000fa600000)
 ParOldGen       total 553984K, used 553911K [0x00000000cd400000, 0x00000000ef100000, 0x00000000ef100000)
  object space 553984K, 99% used [0x00000000cd400000,0x00000000ef0ede60,0x00000000ef100000)
 PSPermGen       total 131072K, used 76978K [0x00000000bd400000, 0x00000000c5400000, 0x00000000cd400000)
  object space 131072K, 58% used [0x00000000bd400000,0x00000000c1f2cbc0,0x00000000c5400000)
305.826: [Full GC [PSYoungGen: 93184K->93156K(185344K)] [ParOldGen: 553911K->553911K(553984K)] 647095K->647067K(739328K) [PSPermGen: 76978K->76978K(131072K)], 1.2876310 secs] [Times: user=3.77 sys=0.01, real=1.29 secs] 
Heap after GC invocations=125 (full 60):
 PSYoungGen      total 185344K, used 93156K [0x00000000ef100000, 0x0000000100000000, 0x0000000100000000)
  eden space 93184K, 99% used [0x00000000ef100000,0x00000000f4bf9140,0x00000000f4c00000)
  from space 92160K, 0% used [0x00000000fa600000,0x00000000fa600000,0x0000000100000000)
  to   space 92160K, 0% used [0x00000000f4c00000,0x00000000f4c00000,0x00000000fa600000)
 ParOldGen       total 553984K, used 553911K [0x00000000cd400000, 0x00000000ef100000, 0x00000000ef100000)
  object space 553984K, 99% used [0x00000000cd400000,0x00000000ef0ede60,0x00000000ef100000)
 PSPermGen       total 131072K, used 76978K [0x00000000bd400000, 0x00000000c5400000, 0x00000000cd400000)
  object space 131072K, 58% used [0x00000000bd400000,0x00000000c1f2cbc0,0x00000000c5400000)
}
{Heap before GC invocations=126 (full 61):
 PSYoungGen      total 185344K, used 93183K [0x00000000ef100000, 0x0000000100000000, 0x0000000100000000)
  eden space 93184K, 99% used [0x00000000ef100000,0x00000000f4bfffb0,0x00000000f4c00000)
  from space 92160K, 0% used [0x00000000fa600000,0x00000000fa600000,0x0000000100000000)
  to   space 92160K, 0% used [0x00000000f4c00000,0x00000000f4c00000,0x00000000fa600000)
 ParOldGen       total 553984K, used 553911K [0x00000000cd400000, 0x00000000ef100000, 0x00000000ef100000)
  object space 553984K, 99% used [0x00000000cd400000,0x00000000ef0ede60,0x00000000ef100000)
 PSPermGen       total 131072K, used 76978K [0x00000000bd400000, 0x00000000c5400000, 0x00000000cd400000)
  object space 131072K, 58% used [0x00000000bd400000,0x00000000c1f2cbc0,0x00000000c5400000)
307.114: [Full GC [PSYoungGen: 93183K->93169K(185344K)] [ParOldGen: 553911K->553911K(553984K)] 647095K->647081K(739328K) [PSPermGen: 76978K->76978K(131072K)], 1.3302550 secs] [Times: user=3.98 sys=0.01, real=1.33 secs] 
Heap after GC invocations=126 (full 61):
 PSYoungGen      total 185344K, used 93169K [0x00000000ef100000, 0x0000000100000000, 0x0000000100000000)
  eden space 93184K, 99% used [0x00000000ef100000,0x00000000f4bfc5b8,0x00000000f4c00000)
  from space 92160K, 0% used [0x00000000fa600000,0x00000000fa600000,0x0000000100000000)
  to   space 92160K, 0% used [0x00000000f4c00000,0x00000000f4c00000,0x00000000fa600000)
 ParOldGen       total 553984K, used 553911K [0x00000000cd400000, 0x00000000ef100000, 0x00000000ef100000)
  object space 553984K, 99% used [0x00000000cd400000,0x00000000ef0ede60,0x00000000ef100000)
 PSPermGen       total 131072K, used 76978K [0x00000000bd400000, 0x00000000c5400000, 0x00000000cd400000)
  object space 131072K, 58% used [0x00000000bd400000,0x00000000c1f2cbc0,0x00000000c5400000)
}
{Heap before GC invocations=127 (full 62):
 PSYoungGen      total 185344K, used 93184K [0x00000000ef100000, 0x0000000100000000, 0x0000000100000000)
  eden space 93184K, 100% used [0x00000000ef100000,0x00000000f4c00000,0x00000000f4c00000)
  from space 92160K, 0% used [0x00000000fa600000,0x00000000fa600000,0x0000000100000000)
  to   space 92160K, 0% used [0x00000000f4c00000,0x00000000f4c00000,0x00000000fa600000)
 ParOldGen       total 553984K, used 553911K [0x00000000cd400000, 0x00000000ef100000, 0x00000000ef100000)
  object space 553984K, 99% used [0x00000000cd400000,0x00000000ef0ede60,0x00000000ef100000)
 PSPermGen       total 131072K, used 76978K [0x00000000bd400000, 0x00000000c5400000, 0x00000000cd400000)
  object space 131072K, 58% used [0x00000000bd400000,0x00000000c1f2cbc0,0x00000000c5400000)
308.445: [Full GC [PSYoungGen: 93184K->93178K(185344K)] [ParOldGen: 553911K->553911K(553984K)] 647095K->647090K(739328K) [PSPermGen: 76978K->76978K(131072K)], 1.2987230 secs] [Times: user=3.91 sys=0.00, real=1.30 secs] 
Heap after GC invocations=127 (full 62):
 PSYoungGen      total 185344K, used 93178K [0x00000000ef100000, 0x0000000100000000, 0x0000000100000000)
  eden space 93184K, 99% used [0x00000000ef100000,0x00000000f4bfead0,0x00000000f4c00000)
  from space 92160K, 0% used [0x00000000fa600000,0x00000000fa600000,0x0000000100000000)
  to   space 92160K, 0% used [0x00000000f4c00000,0x00000000f4c00000,0x00000000fa600000)
 ParOldGen       total 553984K, used 553911K [0x00000000cd400000, 0x00000000ef100000, 0x00000000ef100000)
  object space 553984K, 99% used [0x00000000cd400000,0x00000000ef0ede60,0x00000000ef100000)
 PSPermGen       total 131072K, used 76978K [0x00000000bd400000, 0x00000000c5400000, 0x00000000cd400000)
  object space 131072K, 58% used [0x00000000bd400000,0x00000000c1f2cbc0,0x00000000c5400000)
}
{Heap before GC invocations=128 (full 63):
 PSYoungGen      total 185344K, used 93184K [0x00000000ef100000, 0x0000000100000000, 0x0000000100000000)
  eden space 93184K, 100% used [0x00000000ef100000,0x00000000f4c00000,0x00000000f4c00000)
  from space 92160K, 0% used [0x00000000fa600000,0x00000000fa600000,0x0000000100000000)
  to   space 92160K, 0% used [0x00000000f4c00000,0x00000000f4c00000,0x00000000fa600000)
 ParOldGen       total 553984K, used 553911K [0x00000000cd400000, 0x00000000ef100000, 0x00000000ef100000)
  object space 553984K, 99% used [0x00000000cd400000,0x00000000ef0ede60,0x00000000ef100000)
 PSPermGen       total 131072K, used 76978K [0x00000000bd400000, 0x00000000c5400000, 0x00000000cd400000)
  object space 131072K, 58% used [0x00000000bd400000,0x00000000c1f2cbc0,0x00000000c5400000)
309.744: [Full GC [PSYoungGen: 93184K->93181K(185344K)] [ParOldGen: 553911K->553911K(553984K)] 647095K->647092K(739328K) [PSPermGen: 76978K->76978K(131072K)], 1.3317910 secs] [Times: user=3.84 sys=0.02, real=1.34 secs] 
Heap after GC invocations=128 (full 63):
 PSYoungGen      total 185344K, used 93181K [0x00000000ef100000, 0x0000000100000000, 0x0000000100000000)
  eden space 93184K, 99% used [0x00000000ef100000,0x00000000f4bff5f8,0x00000000f4c00000)
  from space 92160K, 0% used [0x00000000fa600000,0x00000000fa600000,0x0000000100000000)
  to   space 92160K, 0% used [0x00000000f4c00000,0x00000000f4c00000,0x00000000fa600000)
 ParOldGen       total 553984K, used 553911K [0x00000000cd400000, 0x00000000ef100000, 0x00000000ef100000)
  object space 553984K, 99% used [0x00000000cd400000,0x00000000ef0eddb0,0x00000000ef100000)
 PSPermGen       total 131072K, used 76978K [0x00000000bd400000, 0x00000000c5400000, 0x00000000cd400000)
  object space 131072K, 58% used [0x00000000bd400000,0x00000000c1f2cbc0,0x00000000c5400000)
}
{Heap before GC invocations=129 (full 64):
 PSYoungGen      total 185344K, used 93184K [0x00000000ef100000, 0x0000000100000000, 0x0000000100000000)
  eden space 93184K, 100% used [0x00000000ef100000,0x00000000f4c00000,0x00000000f4c00000)
  from space 92160K, 0% used [0x00000000fa600000,0x00000000fa600000,0x0000000100000000)
  to   space 92160K, 0% used [0x00000000f4c00000,0x00000000f4c00000,0x00000000fa600000)
 ParOldGen       total 553984K, used 553911K [0x00000000cd400000, 0x00000000ef100000, 0x00000000ef100000)
  object space 553984K, 99% used [0x00000000cd400000,0x00000000ef0eddb0,0x00000000ef100000)
 PSPermGen       total 131072K, used 76978K [0x00000000bd400000, 0x00000000c5400000, 0x00000000cd400000)
  object space 131072K, 58% used [0x00000000bd400000,0x00000000c1f2cbc0,0x00000000c5400000)
311.077: [Full GC [PSYoungGen: 93184K->93181K(185344K)] [ParOldGen: 553911K->553911K(553984K)] 647095K->647093K(739328K) [PSPermGen: 76978K->76978K(131072K)], 1.2554310 secs] [Times: user=3.85 sys=0.01, real=1.25 secs] 
Heap after GC invocations=129 (full 64):
 PSYoungGen      total 185344K, used 93181K [0x00000000ef100000, 0x0000000100000000, 0x0000000100000000)
  eden space 93184K, 99% used [0x00000000ef100000,0x00000000f4bff758,0x00000000f4c00000)
  from space 92160K, 0% used [0x00000000fa600000,0x00000000fa600000,0x0000000100000000)
  to   space 92160K, 0% used [0x00000000f4c00000,0x00000000f4c00000,0x00000000fa600000)
 ParOldGen       total 553984K, used 553911K [0x00000000cd400000, 0x00000000ef100000, 0x00000000ef100000)
  object space 553984K, 99% used [0x00000000cd400000,0x00000000ef0eddb0,0x00000000ef100000)
 PSPermGen       total 131072K, used 76978K [0x00000000bd400000, 0x00000000c5400000, 0x00000000cd400000)
  object space 131072K, 58% used [0x00000000bd400000,0x00000000c1f2cbc0,0x00000000c5400000)
}
{Heap before GC invocations=130 (full 65):
 PSYoungGen      total 185344K, used 93183K [0x00000000ef100000, 0x0000000100000000, 0x0000000100000000)
  eden space 93184K, 99% used [0x00000000ef100000,0x00000000f4bffff8,0x00000000f4c00000)
  from space 92160K, 0% used [0x00000000fa600000,0x00000000fa600000,0x0000000100000000)
  to   space 92160K, 0% used [0x00000000f4c00000,0x00000000f4c00000,0x00000000fa600000)
 ParOldGen       total 553984K, used 553911K [0x00000000cd400000, 0x00000000ef100000, 0x00000000ef100000)
  object space 553984K, 99% used [0x00000000cd400000,0x00000000ef0eddb0,0x00000000ef100000)
 PSPermGen       total 131072K, used 76978K [0x00000000bd400000, 0x00000000c5400000, 0x00000000cd400000)
  object space 131072K, 58% used [0x00000000bd400000,0x00000000c1f2cbc0,0x00000000c5400000)
319.807: [Full GC [PSYoungGen: 93183K->93183K(185344K)] [ParOldGen: 553911K->553911K(553984K)] 647095K->647094K(739328K) [PSPermGen: 76978K->76978K(131072K)], 1.2756000 secs] [Times: user=3.76 sys=0.01, real=1.28 secs] 
Heap after GC invocations=130 (full 65):
 PSYoungGen      total 185344K, used 93183K [0x00000000ef100000, 0x0000000100000000, 0x0000000100000000)
  eden space 93184K, 99% used [0x00000000ef100000,0x00000000f4bffd48,0x00000000f4c00000)
  from space 92160K, 0% used [0x00000000fa600000,0x00000000fa600000,0x0000000100000000)
  to   space 92160K, 0% used [0x00000000f4c00000,0x00000000f4c00000,0x00000000fa600000)
 ParOldGen       total 553984K, used 553911K [0x00000000cd400000, 0x00000000ef100000, 0x00000000ef100000)
  object space 553984K, 99% used [0x00000000cd400000,0x00000000ef0eddb0,0x00000000ef100000)
 PSPermGen       total 131072K, used 76978K [0x00000000bd400000, 0x00000000c5400000, 0x00000000cd400000)
  object space 131072K, 58% used [0x00000000bd400000,0x00000000c1f2cbc0,0x00000000c5400000)
}
{Heap before GC invocations=131 (full 66):
 PSYoungGen      total 185344K, used 93184K [0x00000000ef100000, 0x0000000100000000, 0x0000000100000000)
  eden space 93184K, 100% used [0x00000000ef100000,0x00000000f4c00000,0x00000000f4c00000)
  from space 92160K, 0% used [0x00000000fa600000,0x00000000fa600000,0x0000000100000000)
  to   space 92160K, 0% used [0x00000000f4c00000,0x00000000f4c00000,0x00000000fa600000)
 ParOldGen       total 553984K, used 553911K [0x00000000cd400000, 0x00000000ef100000, 0x00000000ef100000)
  object space 553984K, 99% used [0x00000000cd400000,0x00000000ef0eddb0,0x00000000ef100000)
 PSPermGen       total 131072K, used 76978K [0x00000000bd400000, 0x00000000c5400000, 0x00000000cd400000)
  object space 131072K, 58% used [0x00000000bd400000,0x00000000c1f2cbc0,0x00000000c5400000)
321.083: [Full GC [PSYoungGen: 93184K->93183K(185344K)] [ParOldGen: 553911K->553911K(553984K)] 647095K->647094K(739328K) [PSPermGen: 76978K->76978K(131072K)], 1.3500780 secs] [Times: user=4.05 sys=0.03, real=1.35 secs] 
Heap after GC invocations=131 (full 66):
 PSYoungGen      total 185344K, used 93183K [0x00000000ef100000, 0x0000000100000000, 0x0000000100000000)
  eden space 93184K, 99% used [0x00000000ef100000,0x00000000f4bffdc8,0x00000000f4c00000)
  from space 92160K, 0% used [0x00000000fa600000,0x00000000fa600000,0x0000000100000000)
  to   space 92160K, 0% used [0x00000000f4c00000,0x00000000f4c00000,0x00000000fa600000)
 ParOldGen       total 553984K, used 553911K [0x00000000cd400000, 0x00000000ef100000, 0x00000000ef100000)
  object space 553984K, 99% used [0x00000000cd400000,0x00000000ef0eddb0,0x00000000ef100000)
 PSPermGen       total 131072K, used 76978K [0x00000000bd400000, 0x00000000c5400000, 0x00000000cd400000)
  object space 131072K, 58% used [0x00000000bd400000,0x00000000c1f2cbc0,0x00000000c5400000)
}
{Heap before GC invocations=132 (full 67):
 PSYoungGen      total 185344K, used 93184K [0x00000000ef100000, 0x0000000100000000, 0x0000000100000000)
  eden space 93184K, 100% used [0x00000000ef100000,0x00000000f4c00000,0x00000000f4c00000)
  from space 92160K, 0% used [0x00000000fa600000,0x00000000fa600000,0x0000000100000000)
  to   space 92160K, 0% used [0x00000000f4c00000,0x00000000f4c00000,0x00000000fa600000)
 ParOldGen       total 553984K, used 553911K [0x00000000cd400000, 0x00000000ef100000, 0x00000000ef100000)
  object space 553984K, 99% used [0x00000000cd400000,0x00000000ef0eddb0,0x00000000ef100000)
 PSPermGen       total 131072K, used 76978K [0x00000000bd400000, 0x00000000c5400000, 0x00000000cd400000)
  object space 131072K, 58% used [0x00000000bd400000,0x00000000c1f2cbc0,0x00000000c5400000)
322.434: [Full GC [PSYoungGen: 93184K->0K(185344K)] [ParOldGen: 553911K->181820K(408064K)] 647095K->181820K(593408K) [PSPermGen: 76978K->76978K(131072K)], 0.4658440 secs] [Times: user=1.20 sys=0.02, real=0.47 secs] 
Heap after GC invocations=132 (full 67):
 PSYoungGen      total 185344K, used 0K [0x00000000ef100000, 0x0000000100000000, 0x0000000100000000)
  eden space 93184K, 0% used [0x00000000ef100000,0x00000000ef100000,0x00000000f4c00000)
  from space 92160K, 0% used [0x00000000fa600000,0x00000000fa600000,0x0000000100000000)
  to   space 92160K, 0% used [0x00000000f4c00000,0x00000000f4c00000,0x00000000fa600000)
 ParOldGen       total 408064K, used 181820K [0x00000000cd400000, 0x00000000e6280000, 0x00000000ef100000)
  object space 408064K, 44% used [0x00000000cd400000,0x00000000d858f0b0,0x00000000e6280000)
 PSPermGen       total 131072K, used 76978K [0x00000000bd400000, 0x00000000c5400000, 0x00000000cd400000)
  object space 131072K, 58% used [0x00000000bd400000,0x00000000c1f2cbc0,0x00000000c5400000)
}
{Heap before GC invocations=133 (full 67):
 PSYoungGen      total 185344K, used 93184K [0x00000000ef100000, 0x0000000100000000, 0x0000000100000000)
  eden space 93184K, 100% used [0x00000000ef100000,0x00000000f4c00000,0x00000000f4c00000)
  from space 92160K, 0% used [0x00000000fa600000,0x00000000fa600000,0x0000000100000000)
  to   space 92160K, 0% used [0x00000000f4c00000,0x00000000f4c00000,0x00000000fa600000)
 ParOldGen       total 408064K, used 181820K [0x00000000cd400000, 0x00000000e6280000, 0x00000000ef100000)
  object space 408064K, 44% used [0x00000000cd400000,0x00000000d858f0b0,0x00000000e6280000)
 PSPermGen       total 131072K, used 77308K [0x00000000bd400000, 0x00000000c5400000, 0x00000000cd400000)
  object space 131072K, 58% used [0x00000000bd400000,0x00000000c1f7f0f8,0x00000000c5400000)
333.870: [GC [PSYoungGen: 93184K->21664K(185344K)] 275004K->203484K(593408K), 0.0486810 secs] [Times: user=0.09 sys=0.00, real=0.05 secs] 
Heap after GC invocations=133 (full 67):
 PSYoungGen      total 185344K, used 21664K [0x00000000ef100000, 0x0000000100000000, 0x0000000100000000)
  eden space 93184K, 0% used [0x00000000ef100000,0x00000000ef100000,0x00000000f4c00000)
  from space 92160K, 23% used [0x00000000f4c00000,0x00000000f6128020,0x00000000fa600000)
  to   space 92160K, 0% used [0x00000000fa600000,0x00000000fa600000,0x0000000100000000)
 ParOldGen       total 408064K, used 181820K [0x00000000cd400000, 0x00000000e6280000, 0x00000000ef100000)
  object space 408064K, 44% used [0x00000000cd400000,0x00000000d858f0b0,0x00000000e6280000)
 PSPermGen       total 131072K, used 77308K [0x00000000bd400000, 0x00000000c5400000, 0x00000000cd400000)
  object space 131072K, 58% used [0x00000000bd400000,0x00000000c1f7f0f8,0x00000000c5400000)
}
{Heap before GC invocations=134 (full 67):
 PSYoungGen      total 185344K, used 114848K [0x00000000ef100000, 0x0000000100000000, 0x0000000100000000)
  eden space 93184K, 100% used [0x00000000ef100000,0x00000000f4c00000,0x00000000f4c00000)
  from space 92160K, 23% used [0x00000000f4c00000,0x00000000f6128020,0x00000000fa600000)
  to   space 92160K, 0% used [0x00000000fa600000,0x00000000fa600000,0x0000000100000000)
 ParOldGen       total 408064K, used 181820K [0x00000000cd400000, 0x00000000e6280000, 0x00000000ef100000)
  object space 408064K, 44% used [0x00000000cd400000,0x00000000d858f0b0,0x00000000e6280000)
 PSPermGen       total 131072K, used 77308K [0x00000000bd400000, 0x00000000c5400000, 0x00000000cd400000)
  object space 131072K, 58% used [0x00000000bd400000,0x00000000c1f7f0f8,0x00000000c5400000)
334.198: [GC [PSYoungGen: 114848K->30080K(180224K)] 296668K->226540K(588288K), 0.0493050 secs] [Times: user=0.11 sys=0.00, real=0.04 secs] 
Heap after GC invocations=134 (full 67):
 PSYoungGen      total 180224K, used 30080K [0x00000000ef100000, 0x00000000ffb00000, 0x0000000100000000)
  eden space 93184K, 0% used [0x00000000ef100000,0x00000000ef100000,0x00000000f4c00000)
  from space 87040K, 34% used [0x00000000fa600000,0x00000000fc360020,0x00000000ffb00000)
  to   space 89600K, 0% used [0x00000000f4c00000,0x00000000f4c00000,0x00000000fa380000)
 ParOldGen       total 408064K, used 196460K [0x00000000cd400000, 0x00000000e6280000, 0x00000000ef100000)
  object space 408064K, 48% used [0x00000000cd400000,0x00000000d93db0e0,0x00000000e6280000)
 PSPermGen       total 131072K, used 77308K [0x00000000bd400000, 0x00000000c5400000, 0x00000000cd400000)
  object space 131072K, 58% used [0x00000000bd400000,0x00000000c1f7f0f8,0x00000000c5400000)
}
{Heap before GC invocations=135 (full 67):
 PSYoungGen      total 180224K, used 102270K [0x00000000ef100000, 0x00000000ffb00000, 0x0000000100000000)
  eden space 93184K, 77% used [0x00000000ef100000,0x00000000f377f820,0x00000000f4c00000)
  from space 87040K, 34% used [0x00000000fa600000,0x00000000fc360020,0x00000000ffb00000)
  to   space 89600K, 0% used [0x00000000f4c00000,0x00000000f4c00000,0x00000000fa380000)
 ParOldGen       total 408064K, used 196460K [0x00000000cd400000, 0x00000000e6280000, 0x00000000ef100000)
  object space 408064K, 48% used [0x00000000cd400000,0x00000000d93db0e0,0x00000000e6280000)
 PSPermGen       total 131072K, used 77308K [0x00000000bd400000, 0x00000000c5400000, 0x00000000cd400000)
  object space 131072K, 58% used [0x00000000bd400000,0x00000000c1f7f0f8,0x00000000c5400000)
334.498: [GC [PSYoungGen: 102270K->58112K(182784K)] 298730K->254572K(590848K), 0.0591290 secs] [Times: user=0.12 sys=0.00, real=0.06 secs] 
Heap after GC invocations=135 (full 67):
 PSYoungGen      total 182784K, used 58112K [0x00000000ef100000, 0x0000000100000000, 0x0000000100000000)
  eden space 93184K, 0% used [0x00000000ef100000,0x00000000ef100000,0x00000000f4c00000)
  from space 89600K, 64% used [0x00000000f4c00000,0x00000000f84c0030,0x00000000fa380000)
  to   space 92160K, 0% used [0x00000000fa600000,0x00000000fa600000,0x0000000100000000)
 ParOldGen       total 408064K, used 196460K [0x00000000cd400000, 0x00000000e6280000, 0x00000000ef100000)
  object space 408064K, 48% used [0x00000000cd400000,0x00000000d93db0e0,0x00000000e6280000)
 PSPermGen       total 131072K, used 77308K [0x00000000bd400000, 0x00000000c5400000, 0x00000000cd400000)
  object space 131072K, 58% used [0x00000000bd400000,0x00000000c1f7f0f8,0x00000000c5400000)
}
{Heap before GC invocations=136 (full 67):
 PSYoungGen      total 182784K, used 151296K [0x00000000ef100000, 0x0000000100000000, 0x0000000100000000)
  eden space 93184K, 100% used [0x00000000ef100000,0x00000000f4c00000,0x00000000f4c00000)
  from space 89600K, 64% used [0x00000000f4c00000,0x00000000f84c0030,0x00000000fa380000)
  to   space 92160K, 0% used [0x00000000fa600000,0x00000000fa600000,0x0000000100000000)
 ParOldGen       total 408064K, used 196460K [0x00000000cd400000, 0x00000000e6280000, 0x00000000ef100000)
  object space 408064K, 48% used [0x00000000cd400000,0x00000000d93db0e0,0x00000000e6280000)
 PSPermGen       total 131072K, used 77308K [0x00000000bd400000, 0x00000000c5400000, 0x00000000cd400000)
  object space 131072K, 58% used [0x00000000bd400000,0x00000000c1f7f0f8,0x00000000c5400000)
334.785: [GC [PSYoungGen: 151296K->39744K(186368K)] 347756K->269100K(594432K), 0.0702670 secs] [Times: user=0.16 sys=0.00, real=0.08 secs] 
Heap after GC invocations=136 (full 67):
 PSYoungGen      total 186368K, used 39744K [0x00000000ef100000, 0x0000000100000000, 0x0000000100000000)
  eden space 94208K, 0% used [0x00000000ef100000,0x00000000ef100000,0x00000000f4d00000)
  from space 92160K, 43% used [0x00000000fa600000,0x00000000fccd0010,0x0000000100000000)
  to   space 91136K, 0% used [0x00000000f4d00000,0x00000000f4d00000,0x00000000fa600000)
 ParOldGen       total 408064K, used 229356K [0x00000000cd400000, 0x00000000e6280000, 0x00000000ef100000)
  object space 408064K, 56% used [0x00000000cd400000,0x00000000db3fb0f0,0x00000000e6280000)
 PSPermGen       total 131072K, used 77308K [0x00000000bd400000, 0x00000000c5400000, 0x00000000cd400000)
  object space 131072K, 58% used [0x00000000bd400000,0x00000000c1f7f0f8,0x00000000c5400000)
}
{Heap before GC invocations=137 (full 67):
 PSYoungGen      total 186368K, used 133952K [0x00000000ef100000, 0x0000000100000000, 0x0000000100000000)
  eden space 94208K, 100% used [0x00000000ef100000,0x00000000f4d00000,0x00000000f4d00000)
  from space 92160K, 43% used [0x00000000fa600000,0x00000000fccd0010,0x0000000100000000)
  to   space 91136K, 0% used [0x00000000f4d00000,0x00000000f4d00000,0x00000000fa600000)
 ParOldGen       total 408064K, used 229356K [0x00000000cd400000, 0x00000000e6280000, 0x00000000ef100000)
  object space 408064K, 56% used [0x00000000cd400000,0x00000000db3fb0f0,0x00000000e6280000)
 PSPermGen       total 131072K, used 77308K [0x00000000bd400000, 0x00000000c5400000, 0x00000000cd400000)
  object space 131072K, 58% used [0x00000000bd400000,0x00000000c1f7f0f8,0x00000000c5400000)
335.177: [GC [PSYoungGen: 133952K->61024K(185344K)] 363308K->290380K(593408K), 0.0595970 secs] [Times: user=0.13 sys=0.00, real=0.06 secs] 
Heap after GC invocations=137 (full 67):
 PSYoungGen      total 185344K, used 61024K [0x00000000ef100000, 0x0000000100000000, 0x0000000100000000)
  eden space 94208K, 0% used [0x00000000ef100000,0x00000000ef100000,0x00000000f4d00000)
  from space 91136K, 66% used [0x00000000f4d00000,0x00000000f8898020,0x00000000fa600000)
  to   space 92160K, 0% used [0x00000000fa600000,0x00000000fa600000,0x0000000100000000)
 ParOldGen       total 408064K, used 229356K [0x00000000cd400000, 0x00000000e6280000, 0x00000000ef100000)
  object space 408064K, 56% used [0x00000000cd400000,0x00000000db3fb0f0,0x00000000e6280000)
 PSPermGen       total 131072K, used 77308K [0x00000000bd400000, 0x00000000c5400000, 0x00000000cd400000)
  object space 131072K, 58% used [0x00000000bd400000,0x00000000c1f7f0f8,0x00000000c5400000)
}
{Heap before GC invocations=138 (full 67):
 PSYoungGen      total 185344K, used 155232K [0x00000000ef100000, 0x0000000100000000, 0x0000000100000000)
  eden space 94208K, 100% used [0x00000000ef100000,0x00000000f4d00000,0x00000000f4d00000)
  from space 91136K, 66% used [0x00000000f4d00000,0x00000000f8898020,0x00000000fa600000)
  to   space 92160K, 0% used [0x00000000fa600000,0x00000000fa600000,0x0000000100000000)
 ParOldGen       total 408064K, used 280556K [0x00000000cd400000, 0x00000000e6280000, 0x00000000ef100000)
  object space 408064K, 68% used [0x00000000cd400000,0x00000000de5fb100,0x00000000e6280000)
 PSPermGen       total 131072K, used 77308K [0x00000000bd400000, 0x00000000c5400000, 0x00000000cd400000)
  object space 131072K, 58% used [0x00000000bd400000,0x00000000c1f7f0f8,0x00000000c5400000)
335.550: [GC [PSYoungGen: 155232K->19712K(185344K)] 435788K->336068K(593408K), 0.0647270 secs] [Times: user=0.16 sys=0.00, real=0.06 secs] 
Heap after GC invocations=138 (full 67):
 PSYoungGen      total 185344K, used 19712K [0x00000000ef100000, 0x0000000100000000, 0x0000000100000000)
  eden space 93184K, 0% used [0x00000000ef100000,0x00000000ef100000,0x00000000f4c00000)
  from space 92160K, 21% used [0x00000000fa600000,0x00000000fb940000,0x0000000100000000)
  to   space 92160K, 0% used [0x00000000f4c00000,0x00000000f4c00000,0x00000000fa600000)
 ParOldGen       total 408064K, used 316356K [0x00000000cd400000, 0x00000000e6280000, 0x00000000ef100000)
  object space 408064K, 77% used [0x00000000cd400000,0x00000000e08f1110,0x00000000e6280000)
 PSPermGen       total 131072K, used 77308K [0x00000000bd400000, 0x00000000c5400000, 0x00000000cd400000)
  object space 131072K, 58% used [0x00000000bd400000,0x00000000c1f7f0f8,0x00000000c5400000)
}
{Heap before GC invocations=139 (full 67):
 PSYoungGen      total 185344K, used 112896K [0x00000000ef100000, 0x0000000100000000, 0x0000000100000000)
  eden space 93184K, 100% used [0x00000000ef100000,0x00000000f4c00000,0x00000000f4c00000)
  from space 92160K, 21% used [0x00000000fa600000,0x00000000fb940000,0x0000000100000000)
  to   space 92160K, 0% used [0x00000000f4c00000,0x00000000f4c00000,0x00000000fa600000)
 ParOldGen       total 408064K, used 316356K [0x00000000cd400000, 0x00000000e6280000, 0x00000000ef100000)
  object space 408064K, 77% used [0x00000000cd400000,0x00000000e08f1110,0x00000000e6280000)
 PSPermGen       total 131072K, used 77308K [0x00000000bd400000, 0x00000000c5400000, 0x00000000cd400000)
  object space 131072K, 58% used [0x00000000bd400000,0x00000000c1f7f0f8,0x00000000c5400000)
335.943: [GC [PSYoungGen: 112896K->19520K(113152K)] 429252K->355676K(521216K), 0.0748770 secs] [Times: user=0.16 sys=0.00, real=0.08 secs] 
Heap after GC invocations=139 (full 67):
 PSYoungGen      total 113152K, used 19520K [0x00000000ef100000, 0x00000000ffa00000, 0x0000000100000000)
  eden space 93184K, 0% used [0x00000000ef100000,0x00000000ef100000,0x00000000f4c00000)
  from space 19968K, 97% used [0x00000000f4c00000,0x00000000f5f10000,0x00000000f5f80000)
  to   space 89088K, 0% used [0x00000000fa300000,0x00000000fa300000,0x00000000ffa00000)
 ParOldGen       total 408064K, used 336156K [0x00000000cd400000, 0x00000000e6280000, 0x00000000ef100000)
  object space 408064K, 82% used [0x00000000cd400000,0x00000000e1c47110,0x00000000e6280000)
 PSPermGen       total 131072K, used 77308K [0x00000000bd400000, 0x00000000c5400000, 0x00000000cd400000)
  object space 131072K, 58% used [0x00000000bd400000,0x00000000c1f7f0f8,0x00000000c5400000)
}
{Heap before GC invocations=140 (full 67):
 PSYoungGen      total 113152K, used 93086K [0x00000000ef100000, 0x00000000ffa00000, 0x0000000100000000)
  eden space 93184K, 78% used [0x00000000ef100000,0x00000000f38d7858,0x00000000f4c00000)
  from space 19968K, 97% used [0x00000000f4c00000,0x00000000f5f10000,0x00000000f5f80000)
  to   space 89088K, 0% used [0x00000000fa300000,0x00000000fa300000,0x00000000ffa00000)
 ParOldGen       total 408064K, used 336156K [0x00000000cd400000, 0x00000000e6280000, 0x00000000ef100000)
  object space 408064K, 82% used [0x00000000cd400000,0x00000000e1c47110,0x00000000e6280000)
 PSPermGen       total 131072K, used 77308K [0x00000000bd400000, 0x00000000c5400000, 0x00000000cd400000)
  object space 131072K, 58% used [0x00000000bd400000,0x00000000c1f7f0f8,0x00000000c5400000)
336.275: [GC [PSYoungGen: 93086K->37792K(175104K)] 429242K->373948K(583168K), 0.0717660 secs] [Times: user=0.18 sys=0.00, real=0.07 secs] 
Heap after GC invocations=140 (full 67):
 PSYoungGen      total 175104K, used 37792K [0x00000000ef100000, 0x00000000ff300000, 0x0000000100000000)
  eden space 93184K, 0% used [0x00000000ef100000,0x00000000ef100000,0x00000000f4c00000)
  from space 81920K, 46% used [0x00000000fa300000,0x00000000fc7e8010,0x00000000ff300000)
  to   space 85504K, 0% used [0x00000000f4c00000,0x00000000f4c00000,0x00000000f9f80000)
 ParOldGen       total 408064K, used 336156K [0x00000000cd400000, 0x00000000e6280000, 0x00000000ef100000)
  object space 408064K, 82% used [0x00000000cd400000,0x00000000e1c47110,0x00000000e6280000)
 PSPermGen       total 131072K, used 77308K [0x00000000bd400000, 0x00000000c5400000, 0x00000000cd400000)
  object space 131072K, 58% used [0x00000000bd400000,0x00000000c1f7f0f8,0x00000000c5400000)
}
{Heap before GC invocations=141 (full 68):
 PSYoungGen      total 175104K, used 37792K [0x00000000ef100000, 0x00000000ff300000, 0x0000000100000000)
  eden space 93184K, 0% used [0x00000000ef100000,0x00000000ef100000,0x00000000f4c00000)
  from space 81920K, 46% used [0x00000000fa300000,0x00000000fc7e8010,0x00000000ff300000)
  to   space 85504K, 0% used [0x00000000f4c00000,0x00000000f4c00000,0x00000000f9f80000)
 ParOldGen       total 408064K, used 336156K [0x00000000cd400000, 0x00000000e6280000, 0x00000000ef100000)
  object space 408064K, 82% used [0x00000000cd400000,0x00000000e1c47110,0x00000000e6280000)
 PSPermGen       total 131072K, used 77308K [0x00000000bd400000, 0x00000000c5400000, 0x00000000cd400000)
  object space 131072K, 58% used [0x00000000bd400000,0x00000000c1f7f0f8,0x00000000c5400000)
336.347: [Full GC [PSYoungGen: 37792K->0K(175104K)] [ParOldGen: 336156K->181880K(408064K)] 373948K->181880K(583168K) [PSPermGen: 77308K->77302K(131072K)], 1.7137290 secs] [Times: user=3.69 sys=0.03, real=1.72 secs] 
