Java HotSpot(TM) 64-Bit Server VM (24.79-b02) for linux-amd64 JRE (1.7.0_79-b15), built on Apr 10 2015 11:34:48 by "java_re" with gcc 4.3.0 20080428 (Red Hat 4.3.0-8)
Memory: 4k page, physical 8079404k(1220220k free), swap 3999740k(539440k free)
CommandLine flags: -XX:+HeapDumpOnOutOfMemoryError -XX:HeapDumpPath=/sw/jboss/jboss-eap-5.2/domains/prod1/log/gclog/java_pid.hprof -XX:InitialHeapSize=536870912 -XX:MaxHeapSize=851443712 -XX:MaxPermSize=268435456 -XX:PermSize=134217728 -XX:+PrintGC -XX:+PrintGCDetails -XX:+PrintGCTimeStamps -XX:+PrintHeapAtGC -XX:ThreadStackSize=256 -XX:+UseCompressedOops -XX:+UseParallelGC 
{Heap before GC invocations=1 (full 0):
 PSYoungGen      total 153600K, used 132096K [0x00000000ef100000, 0x00000000f9c00000, 0x0000000100000000)
  eden space 132096K, 100% used [0x00000000ef100000,0x00000000f7200000,0x00000000f7200000)
  from space 21504K, 0% used [0x00000000f8700000,0x00000000f8700000,0x00000000f9c00000)
  to   space 21504K, 0% used [0x00000000f7200000,0x00000000f7200000,0x00000000f8700000)
 ParOldGen       total 349696K, used 0K [0x00000000cd400000, 0x00000000e2980000, 0x00000000ef100000)
  object space 349696K, 0% used [0x00000000cd400000,0x00000000cd400000,0x00000000e2980000)
 PSPermGen       total 131072K, used 16977K [0x00000000bd400000, 0x00000000c5400000, 0x00000000cd400000)
  object space 131072K, 12% used [0x00000000bd400000,0x00000000be4946d0,0x00000000c5400000)
2.657: [GC [PSYoungGen: 132096K->21483K(153600K)] 132096K->23987K(503296K), 0.0257040 secs] [Times: user=0.07 sys=0.01, real=0.03 secs] 
Heap after GC invocations=1 (full 0):
 PSYoungGen      total 153600K, used 21483K [0x00000000ef100000, 0x00000000f9c00000, 0x0000000100000000)
  eden space 132096K, 0% used [0x00000000ef100000,0x00000000ef100000,0x00000000f7200000)
  from space 21504K, 99% used [0x00000000f7200000,0x00000000f86fae70,0x00000000f8700000)
  to   space 21504K, 0% used [0x00000000f8700000,0x00000000f8700000,0x00000000f9c00000)
 ParOldGen       total 349696K, used 2504K [0x00000000cd400000, 0x00000000e2980000, 0x00000000ef100000)
  object space 349696K, 0% used [0x00000000cd400000,0x00000000cd672150,0x00000000e2980000)
 PSPermGen       total 131072K, used 16977K [0x00000000bd400000, 0x00000000c5400000, 0x00000000cd400000)
  object space 131072K, 12% used [0x00000000bd400000,0x00000000be4946d0,0x00000000c5400000)
}
{Heap before GC invocations=2 (full 0):
 PSYoungGen      total 153600K, used 153579K [0x00000000ef100000, 0x00000000f9c00000, 0x0000000100000000)
  eden space 132096K, 100% used [0x00000000ef100000,0x00000000f7200000,0x00000000f7200000)
  from space 21504K, 99% used [0x00000000f7200000,0x00000000f86fae70,0x00000000f8700000)
  to   space 21504K, 0% used [0x00000000f8700000,0x00000000f8700000,0x00000000f9c00000)
 ParOldGen       total 349696K, used 2504K [0x00000000cd400000, 0x00000000e2980000, 0x00000000ef100000)
  object space 349696K, 0% used [0x00000000cd400000,0x00000000cd672150,0x00000000e2980000)
 PSPermGen       total 131072K, used 19598K [0x00000000bd400000, 0x00000000c5400000, 0x00000000cd400000)
  object space 131072K, 14% used [0x00000000bd400000,0x00000000be723938,0x00000000c5400000)
3.934: [GC [PSYoungGen: 153579K->21499K(153600K)] 156083K->26167K(503296K), 0.0290170 secs] [Times: user=0.07 sys=0.03, real=0.03 secs] 
Heap after GC invocations=2 (full 0):
 PSYoungGen      total 153600K, used 21499K [0x00000000ef100000, 0x0000000100000000, 0x0000000100000000)
  eden space 132096K, 0% used [0x00000000ef100000,0x00000000ef100000,0x00000000f7200000)
  from space 21504K, 99% used [0x00000000f8700000,0x00000000f9bfec40,0x00000000f9c00000)
  to   space 21504K, 0% used [0x00000000f7200000,0x00000000f7200000,0x00000000f8700000)
 ParOldGen       total 349696K, used 4668K [0x00000000cd400000, 0x00000000e2980000, 0x00000000ef100000)
  object space 349696K, 1% used [0x00000000cd400000,0x00000000cd88f180,0x00000000e2980000)
 PSPermGen       total 131072K, used 19598K [0x00000000bd400000, 0x00000000c5400000, 0x00000000cd400000)
  object space 131072K, 14% used [0x00000000bd400000,0x00000000be723938,0x00000000c5400000)
}
{Heap before GC invocations=3 (full 0):
 PSYoungGen      total 153600K, used 153595K [0x00000000ef100000, 0x0000000100000000, 0x0000000100000000)
  eden space 132096K, 100% used [0x00000000ef100000,0x00000000f7200000,0x00000000f7200000)
  from space 21504K, 99% used [0x00000000f8700000,0x00000000f9bfec40,0x00000000f9c00000)
  to   space 21504K, 0% used [0x00000000f7200000,0x00000000f7200000,0x00000000f8700000)
 ParOldGen       total 349696K, used 4668K [0x00000000cd400000, 0x00000000e2980000, 0x00000000ef100000)
  object space 349696K, 1% used [0x00000000cd400000,0x00000000cd88f180,0x00000000e2980000)
 PSPermGen       total 131072K, used 22355K [0x00000000bd400000, 0x00000000c5400000, 0x00000000cd400000)
  object space 131072K, 17% used [0x00000000bd400000,0x00000000be9d4f70,0x00000000c5400000)
5.403: [GC [PSYoungGen: 153595K->21474K(153600K)] 158263K->48898K(503296K), 0.0586860 secs] [Times: user=0.22 sys=0.00, real=0.06 secs] 
Heap after GC invocations=3 (full 0):
 PSYoungGen      total 153600K, used 21474K [0x00000000ef100000, 0x0000000100000000, 0x0000000100000000)
  eden space 132096K, 0% used [0x00000000ef100000,0x00000000ef100000,0x00000000f7200000)
  from space 21504K, 99% used [0x00000000f7200000,0x00000000f86f8968,0x00000000f8700000)
  to   space 21504K, 0% used [0x00000000feb00000,0x00000000feb00000,0x0000000100000000)
 ParOldGen       total 349696K, used 27424K [0x00000000cd400000, 0x00000000e2980000, 0x00000000ef100000)
  object space 349696K, 7% used [0x00000000cd400000,0x00000000ceec8130,0x00000000e2980000)
 PSPermGen       total 131072K, used 22355K [0x00000000bd400000, 0x00000000c5400000, 0x00000000cd400000)
  object space 131072K, 17% used [0x00000000bd400000,0x00000000be9d4f70,0x00000000c5400000)
}
{Heap before GC invocations=4 (full 0):
 PSYoungGen      total 153600K, used 134706K [0x00000000ef100000, 0x0000000100000000, 0x0000000100000000)
  eden space 132096K, 85% used [0x00000000ef100000,0x00000000f5f94218,0x00000000f7200000)
  from space 21504K, 99% used [0x00000000f7200000,0x00000000f86f8968,0x00000000f8700000)
  to   space 21504K, 0% used [0x00000000feb00000,0x00000000feb00000,0x0000000100000000)
 ParOldGen       total 349696K, used 27424K [0x00000000cd400000, 0x00000000e2980000, 0x00000000ef100000)
  object space 349696K, 7% used [0x00000000cd400000,0x00000000ceec8130,0x00000000e2980000)
 PSPermGen       total 131072K, used 24616K [0x00000000bd400000, 0x00000000c5400000, 0x00000000cd400000)
  object space 131072K, 18% used [0x00000000bd400000,0x00000000bec0a250,0x00000000c5400000)
6.403: [GC [PSYoungGen: 134706K->21501K(256000K)] 162131K->74418K(605696K), 0.0635350 secs] [Times: user=0.17 sys=0.01, real=0.06 secs] 
Heap after GC invocations=4 (full 0):
 PSYoungGen      total 256000K, used 21501K [0x00000000ef100000, 0x0000000100000000, 0x0000000100000000)
  eden space 234496K, 0% used [0x00000000ef100000,0x00000000ef100000,0x00000000fd600000)
  from space 21504K, 99% used [0x00000000feb00000,0x00000000fffff560,0x0000000100000000)
  to   space 21504K, 0% used [0x00000000fd600000,0x00000000fd600000,0x00000000feb00000)
 ParOldGen       total 349696K, used 52917K [0x00000000cd400000, 0x00000000e2980000, 0x00000000ef100000)
  object space 349696K, 15% used [0x00000000cd400000,0x00000000d07ad5b0,0x00000000e2980000)
 PSPermGen       total 131072K, used 24616K [0x00000000bd400000, 0x00000000c5400000, 0x00000000cd400000)
  object space 131072K, 18% used [0x00000000bd400000,0x00000000bec0a250,0x00000000c5400000)
}
{Heap before GC invocations=5 (full 1):
 PSYoungGen      total 256000K, used 21501K [0x00000000ef100000, 0x0000000100000000, 0x0000000100000000)
  eden space 234496K, 0% used [0x00000000ef100000,0x00000000ef100000,0x00000000fd600000)
  from space 21504K, 99% used [0x00000000feb00000,0x00000000fffff560,0x0000000100000000)
  to   space 21504K, 0% used [0x00000000fd600000,0x00000000fd600000,0x00000000feb00000)
 ParOldGen       total 349696K, used 52917K [0x00000000cd400000, 0x00000000e2980000, 0x00000000ef100000)
  object space 349696K, 15% used [0x00000000cd400000,0x00000000d07ad5b0,0x00000000e2980000)
 PSPermGen       total 131072K, used 24616K [0x00000000bd400000, 0x00000000c5400000, 0x00000000cd400000)
  object space 131072K, 18% used [0x00000000bd400000,0x00000000bec0a250,0x00000000c5400000)
6.467: [Full GC [PSYoungGen: 21501K->0K(256000K)] [ParOldGen: 52917K->66173K(349696K)] 74418K->66173K(605696K) [PSPermGen: 24616K->24601K(131072K)], 0.3010820 secs] [Times: user=0.91 sys=0.02, real=0.30 secs] 
Heap after GC invocations=5 (full 1):
 PSYoungGen      total 256000K, used 0K [0x00000000ef100000, 0x0000000100000000, 0x0000000100000000)
  eden space 234496K, 0% used [0x00000000ef100000,0x00000000ef100000,0x00000000fd600000)
  from space 21504K, 0% used [0x00000000feb00000,0x00000000feb00000,0x0000000100000000)
  to   space 21504K, 0% used [0x00000000fd600000,0x00000000fd600000,0x00000000feb00000)
 ParOldGen       total 349696K, used 66173K [0x00000000cd400000, 0x00000000e2980000, 0x00000000ef100000)
  object space 349696K, 18% used [0x00000000cd400000,0x00000000d149f668,0x00000000e2980000)
 PSPermGen       total 131072K, used 24601K [0x00000000bd400000, 0x00000000c5400000, 0x00000000cd400000)
  object space 131072K, 18% used [0x00000000bd400000,0x00000000bec06748,0x00000000c5400000)
}
{Heap before GC invocations=6 (full 1):
 PSYoungGen      total 256000K, used 234496K [0x00000000ef100000, 0x0000000100000000, 0x0000000100000000)
  eden space 234496K, 100% used [0x00000000ef100000,0x00000000fd600000,0x00000000fd600000)
  from space 21504K, 0% used [0x00000000feb00000,0x00000000feb00000,0x0000000100000000)
  to   space 21504K, 0% used [0x00000000fd600000,0x00000000fd600000,0x00000000feb00000)
 ParOldGen       total 349696K, used 66173K [0x00000000cd400000, 0x00000000e2980000, 0x00000000ef100000)
  object space 349696K, 18% used [0x00000000cd400000,0x00000000d149f668,0x00000000e2980000)
 PSPermGen       total 131072K, used 28753K [0x00000000bd400000, 0x00000000c5400000, 0x00000000cd400000)
  object space 131072K, 21% used [0x00000000bd400000,0x00000000bf014658,0x00000000c5400000)
8.543: [GC [PSYoungGen: 234496K->19373K(256000K)] 300669K->85547K(605696K), 0.0334050 secs] [Times: user=0.07 sys=0.04, real=0.03 secs] 
Heap after GC invocations=6 (full 1):
 PSYoungGen      total 256000K, used 19373K [0x00000000ef100000, 0x0000000100000000, 0x0000000100000000)
  eden space 234496K, 0% used [0x00000000ef100000,0x00000000ef100000,0x00000000fd600000)
  from space 21504K, 90% used [0x00000000fd600000,0x00000000fe8eb618,0x00000000feb00000)
  to   space 21504K, 0% used [0x00000000feb00000,0x00000000feb00000,0x0000000100000000)
 ParOldGen       total 349696K, used 66173K [0x00000000cd400000, 0x00000000e2980000, 0x00000000ef100000)
  object space 349696K, 18% used [0x00000000cd400000,0x00000000d149f668,0x00000000e2980000)
 PSPermGen       total 131072K, used 28753K [0x00000000bd400000, 0x00000000c5400000, 0x00000000cd400000)
  object space 131072K, 21% used [0x00000000bd400000,0x00000000bf014658,0x00000000c5400000)
}
{Heap before GC invocations=7 (full 1):
 PSYoungGen      total 256000K, used 253869K [0x00000000ef100000, 0x0000000100000000, 0x0000000100000000)
  eden space 234496K, 100% used [0x00000000ef100000,0x00000000fd600000,0x00000000fd600000)
  from space 21504K, 90% used [0x00000000fd600000,0x00000000fe8eb618,0x00000000feb00000)
  to   space 21504K, 0% used [0x00000000feb00000,0x00000000feb00000,0x0000000100000000)
 ParOldGen       total 349696K, used 66173K [0x00000000cd400000, 0x00000000e2980000, 0x00000000ef100000)
  object space 349696K, 18% used [0x00000000cd400000,0x00000000d149f668,0x00000000e2980000)
 PSPermGen       total 131072K, used 33007K [0x00000000bd400000, 0x00000000c5400000, 0x00000000cd400000)
  object space 131072K, 25% used [0x00000000bd400000,0x00000000bf43bd40,0x00000000c5400000)
9.919: [GC [PSYoungGen: 253869K->21475K(195584K)] 320043K->96452K(545280K), 0.0322440 secs] [Times: user=0.10 sys=0.01, real=0.03 secs] 
Heap after GC invocations=7 (full 1):
 PSYoungGen      total 195584K, used 21475K [0x00000000ef100000, 0x0000000100000000, 0x0000000100000000)
  eden space 174080K, 0% used [0x00000000ef100000,0x00000000ef100000,0x00000000f9b00000)
  from space 21504K, 99% used [0x00000000feb00000,0x00000000ffff8c10,0x0000000100000000)
  to   space 51712K, 0% used [0x00000000f9b00000,0x00000000f9b00000,0x00000000fcd80000)
 ParOldGen       total 349696K, used 74977K [0x00000000cd400000, 0x00000000e2980000, 0x00000000ef100000)
  object space 349696K, 21% used [0x00000000cd400000,0x00000000d1d38730,0x00000000e2980000)
 PSPermGen       total 131072K, used 33007K [0x00000000bd400000, 0x00000000c5400000, 0x00000000cd400000)
  object space 131072K, 25% used [0x00000000bd400000,0x00000000bf43bd40,0x00000000c5400000)
}
{Heap before GC invocations=8 (full 1):
 PSYoungGen      total 195584K, used 195555K [0x00000000ef100000, 0x0000000100000000, 0x0000000100000000)
  eden space 174080K, 100% used [0x00000000ef100000,0x00000000f9b00000,0x00000000f9b00000)
  from space 21504K, 99% used [0x00000000feb00000,0x00000000ffff8c10,0x0000000100000000)
  to   space 51712K, 0% used [0x00000000f9b00000,0x00000000f9b00000,0x00000000fcd80000)
 ParOldGen       total 349696K, used 74977K [0x00000000cd400000, 0x00000000e2980000, 0x00000000ef100000)
  object space 349696K, 21% used [0x00000000cd400000,0x00000000d1d38730,0x00000000e2980000)
 PSPermGen       total 131072K, used 33602K [0x00000000bd400000, 0x00000000c5400000, 0x00000000cd400000)
  object space 131072K, 25% used [0x00000000bd400000,0x00000000bf4d08e0,0x00000000c5400000)
10.662: [GC [PSYoungGen: 195555K->51696K(225792K)] 270532K->134874K(575488K), 0.0630940 secs] [Times: user=0.20 sys=0.02, real=0.06 secs] 
Heap after GC invocations=8 (full 1):
 PSYoungGen      total 225792K, used 51696K [0x00000000ef100000, 0x0000000100000000, 0x0000000100000000)
  eden space 174080K, 0% used [0x00000000ef100000,0x00000000ef100000,0x00000000f9b00000)
  from space 51712K, 99% used [0x00000000f9b00000,0x00000000fcd7c180,0x00000000fcd80000)
  to   space 51712K, 0% used [0x00000000fcd80000,0x00000000fcd80000,0x0000000100000000)
 ParOldGen       total 349696K, used 83178K [0x00000000cd400000, 0x00000000e2980000, 0x00000000ef100000)
  object space 349696K, 23% used [0x00000000cd400000,0x00000000d253a850,0x00000000e2980000)
 PSPermGen       total 131072K, used 33602K [0x00000000bd400000, 0x00000000c5400000, 0x00000000cd400000)
  object space 131072K, 25% used [0x00000000bd400000,0x00000000bf4d08e0,0x00000000c5400000)
}
{Heap before GC invocations=9 (full 1):
 PSYoungGen      total 225792K, used 225776K [0x00000000ef100000, 0x0000000100000000, 0x0000000100000000)
  eden space 174080K, 100% used [0x00000000ef100000,0x00000000f9b00000,0x00000000f9b00000)
  from space 51712K, 99% used [0x00000000f9b00000,0x00000000fcd7c180,0x00000000fcd80000)
  to   space 51712K, 0% used [0x00000000fcd80000,0x00000000fcd80000,0x0000000100000000)
 ParOldGen       total 349696K, used 83178K [0x00000000cd400000, 0x00000000e2980000, 0x00000000ef100000)
  object space 349696K, 23% used [0x00000000cd400000,0x00000000d253a850,0x00000000e2980000)
 PSPermGen       total 131072K, used 35241K [0x00000000bd400000, 0x00000000c5400000, 0x00000000cd400000)
  object space 131072K, 26% used [0x00000000bd400000,0x00000000bf66a5d8,0x00000000c5400000)
13.074: [GC [PSYoungGen: 225776K->51706K(183808K)] 308954K->148109K(533504K), 0.0713610 secs] [Times: user=0.18 sys=0.05, real=0.07 secs] 
Heap after GC invocations=9 (full 1):
 PSYoungGen      total 183808K, used 51706K [0x00000000ef100000, 0x0000000100000000, 0x0000000100000000)
  eden space 132096K, 0% used [0x00000000ef100000,0x00000000ef100000,0x00000000f7200000)
  from space 51712K, 99% used [0x00000000fcd80000,0x00000000ffffe838,0x0000000100000000)
  to   space 72704K, 0% used [0x00000000f7200000,0x00000000f7200000,0x00000000fb900000)
 ParOldGen       total 349696K, used 96403K [0x00000000cd400000, 0x00000000e2980000, 0x00000000ef100000)
  object space 349696K, 27% used [0x00000000cd400000,0x00000000d3224dc8,0x00000000e2980000)
 PSPermGen       total 131072K, used 35241K [0x00000000bd400000, 0x00000000c5400000, 0x00000000cd400000)
  object space 131072K, 26% used [0x00000000bd400000,0x00000000bf66a5d8,0x00000000c5400000)
}
{Heap before GC invocations=10 (full 1):
 PSYoungGen      total 183808K, used 183802K [0x00000000ef100000, 0x0000000100000000, 0x0000000100000000)
  eden space 132096K, 100% used [0x00000000ef100000,0x00000000f7200000,0x00000000f7200000)
  from space 51712K, 99% used [0x00000000fcd80000,0x00000000ffffe838,0x0000000100000000)
  to   space 72704K, 0% used [0x00000000f7200000,0x00000000f7200000,0x00000000fb900000)
 ParOldGen       total 349696K, used 96403K [0x00000000cd400000, 0x00000000e2980000, 0x00000000ef100000)
  object space 349696K, 27% used [0x00000000cd400000,0x00000000d3224dc8,0x00000000e2980000)
 PSPermGen       total 131072K, used 35998K [0x00000000bd400000, 0x00000000c5400000, 0x00000000cd400000)
  object space 131072K, 27% used [0x00000000bd400000,0x00000000bf7279d0,0x00000000c5400000)
14.164: [GC [PSYoungGen: 183802K->56892K(189440K)] 280205K->162397K(539136K), 0.0817130 secs] [Times: user=0.20 sys=0.01, real=0.08 secs] 
Heap after GC invocations=10 (full 1):
 PSYoungGen      total 189440K, used 56892K [0x00000000ef100000, 0x0000000100000000, 0x0000000100000000)
  eden space 132096K, 0% used [0x00000000ef100000,0x00000000ef100000,0x00000000f7200000)
  from space 57344K, 99% used [0x00000000f7200000,0x00000000fa98f208,0x00000000faa00000)
  to   space 76288K, 0% used [0x00000000fb580000,0x00000000fb580000,0x0000000100000000)
 ParOldGen       total 349696K, used 105504K [0x00000000cd400000, 0x00000000e2980000, 0x00000000ef100000)
  object space 349696K, 30% used [0x00000000cd400000,0x00000000d3b08230,0x00000000e2980000)
 PSPermGen       total 131072K, used 35998K [0x00000000bd400000, 0x00000000c5400000, 0x00000000cd400000)
  object space 131072K, 27% used [0x00000000bd400000,0x00000000bf7279d0,0x00000000c5400000)
}
{Heap before GC invocations=11 (full 1):
 PSYoungGen      total 189440K, used 188988K [0x00000000ef100000, 0x0000000100000000, 0x0000000100000000)
  eden space 132096K, 100% used [0x00000000ef100000,0x00000000f7200000,0x00000000f7200000)
  from space 57344K, 99% used [0x00000000f7200000,0x00000000fa98f208,0x00000000faa00000)
  to   space 76288K, 0% used [0x00000000fb580000,0x00000000fb580000,0x0000000100000000)
 ParOldGen       total 349696K, used 105504K [0x00000000cd400000, 0x00000000e2980000, 0x00000000ef100000)
  object space 349696K, 30% used [0x00000000cd400000,0x00000000d3b08230,0x00000000e2980000)
 PSPermGen       total 131072K, used 36146K [0x00000000bd400000, 0x00000000c5400000, 0x00000000cd400000)
  object space 131072K, 27% used [0x00000000bd400000,0x00000000bf74cbe8,0x00000000c5400000)
14.769: [GC [PSYoungGen: 188988K->32589K(203264K)] 294493K->173969K(552960K), 0.0716120 secs] [Times: user=0.15 sys=0.08, real=0.08 secs] 
Heap after GC invocations=11 (full 1):
 PSYoungGen      total 203264K, used 32589K [0x00000000ef100000, 0x0000000100000000, 0x0000000100000000)
  eden space 126976K, 0% used [0x00000000ef100000,0x00000000ef100000,0x00000000f6d00000)
  from space 76288K, 42% used [0x00000000fb580000,0x00000000fd5535d0,0x0000000100000000)
  to   space 74240K, 0% used [0x00000000f6d00000,0x00000000f6d00000,0x00000000fb580000)
 ParOldGen       total 349696K, used 141379K [0x00000000cd400000, 0x00000000e2980000, 0x00000000ef100000)
  object space 349696K, 40% used [0x00000000cd400000,0x00000000d5e10f20,0x00000000e2980000)
 PSPermGen       total 131072K, used 36146K [0x00000000bd400000, 0x00000000c5400000, 0x00000000cd400000)
  object space 131072K, 27% used [0x00000000bd400000,0x00000000bf74cbe8,0x00000000c5400000)
}
{Heap before GC invocations=12 (full 1):
 PSYoungGen      total 203264K, used 159565K [0x00000000ef100000, 0x0000000100000000, 0x0000000100000000)
  eden space 126976K, 100% used [0x00000000ef100000,0x00000000f6d00000,0x00000000f6d00000)
  from space 76288K, 42% used [0x00000000fb580000,0x00000000fd5535d0,0x0000000100000000)
  to   space 74240K, 0% used [0x00000000f6d00000,0x00000000f6d00000,0x00000000fb580000)
 ParOldGen       total 349696K, used 141379K [0x00000000cd400000, 0x00000000e2980000, 0x00000000ef100000)
  object space 349696K, 40% used [0x00000000cd400000,0x00000000d5e10f20,0x00000000e2980000)
 PSPermGen       total 131072K, used 36246K [0x00000000bd400000, 0x00000000c5400000, 0x00000000cd400000)
  object space 131072K, 27% used [0x00000000bd400000,0x00000000bf765830,0x00000000c5400000)
15.336: [GC [PSYoungGen: 159565K->22543K(150016K)] 300945K->173069K(499712K), 0.0272060 secs] [Times: user=0.08 sys=0.00, real=0.03 secs] 
Heap after GC invocations=12 (full 1):
 PSYoungGen      total 150016K, used 22543K [0x00000000ef100000, 0x00000000ffd00000, 0x0000000100000000)
  eden space 126976K, 0% used [0x00000000ef100000,0x00000000ef100000,0x00000000f6d00000)
  from space 23040K, 97% used [0x00000000f6d00000,0x00000000f8303d80,0x00000000f8380000)
  to   space 73728K, 0% used [0x00000000fb500000,0x00000000fb500000,0x00000000ffd00000)
 ParOldGen       total 349696K, used 150525K [0x00000000cd400000, 0x00000000e2980000, 0x00000000ef100000)
  object space 349696K, 43% used [0x00000000cd400000,0x00000000d66ff7b0,0x00000000e2980000)
 PSPermGen       total 131072K, used 36246K [0x00000000bd400000, 0x00000000c5400000, 0x00000000cd400000)
  object space 131072K, 27% used [0x00000000bd400000,0x00000000bf765830,0x00000000c5400000)
}
{Heap before GC invocations=13 (full 1):
 PSYoungGen      total 150016K, used 149519K [0x00000000ef100000, 0x00000000ffd00000, 0x0000000100000000)
  eden space 126976K, 100% used [0x00000000ef100000,0x00000000f6d00000,0x00000000f6d00000)
  from space 23040K, 97% used [0x00000000f6d00000,0x00000000f8303d80,0x00000000f8380000)
  to   space 73728K, 0% used [0x00000000fb500000,0x00000000fb500000,0x00000000ffd00000)
 ParOldGen       total 349696K, used 150525K [0x00000000cd400000, 0x00000000e2980000, 0x00000000ef100000)
  object space 349696K, 43% used [0x00000000cd400000,0x00000000d66ff7b0,0x00000000e2980000)
 PSPermGen       total 131072K, used 36355K [0x00000000bd400000, 0x00000000c5400000, 0x00000000cd400000)
  object space 131072K, 27% used [0x00000000bd400000,0x00000000bf780d50,0x00000000c5400000)
15.806: [GC [PSYoungGen: 149519K->11991K(199680K)] 300045K->174303K(549376K), 0.0198980 secs] [Times: user=0.04 sys=0.01, real=0.02 secs] 
Heap after GC invocations=13 (full 1):
 PSYoungGen      total 199680K, used 11991K [0x00000000ef100000, 0x0000000100000000, 0x0000000100000000)
  eden space 125952K, 0% used [0x00000000ef100000,0x00000000ef100000,0x00000000f6c00000)
  from space 73728K, 16% used [0x00000000fb500000,0x00000000fc0b5d90,0x00000000ffd00000)
  to   space 74752K, 0% used [0x00000000f6c00000,0x00000000f6c00000,0x00000000fb500000)
 ParOldGen       total 349696K, used 162311K [0x00000000cd400000, 0x00000000e2980000, 0x00000000ef100000)
  object space 349696K, 46% used [0x00000000cd400000,0x00000000d7281f60,0x00000000e2980000)
 PSPermGen       total 131072K, used 36355K [0x00000000bd400000, 0x00000000c5400000, 0x00000000cd400000)
  object space 131072K, 27% used [0x00000000bd400000,0x00000000bf780d50,0x00000000c5400000)
}
{Heap before GC invocations=14 (full 1):
 PSYoungGen      total 199680K, used 137943K [0x00000000ef100000, 0x0000000100000000, 0x0000000100000000)
  eden space 125952K, 100% used [0x00000000ef100000,0x00000000f6c00000,0x00000000f6c00000)
  from space 73728K, 16% used [0x00000000fb500000,0x00000000fc0b5d90,0x00000000ffd00000)
  to   space 74752K, 0% used [0x00000000f6c00000,0x00000000f6c00000,0x00000000fb500000)
 ParOldGen       total 349696K, used 162311K [0x00000000cd400000, 0x00000000e2980000, 0x00000000ef100000)
  object space 349696K, 46% used [0x00000000cd400000,0x00000000d7281f60,0x00000000e2980000)
 PSPermGen       total 131072K, used 36414K [0x00000000bd400000, 0x00000000c5400000, 0x00000000cd400000)
  object space 131072K, 27% used [0x00000000bd400000,0x00000000bf78fa40,0x00000000c5400000)
16.144: [GC [PSYoungGen: 137943K->11683K(200704K)] 300255K->183429K(550400K), 0.0171020 secs] [Times: user=0.01 sys=0.02, real=0.02 secs] 
Heap after GC invocations=14 (full 1):
 PSYoungGen      total 200704K, used 11683K [0x00000000ef100000, 0x0000000100000000, 0x0000000100000000)
  eden space 125952K, 0% used [0x00000000ef100000,0x00000000ef100000,0x00000000f6c00000)
  from space 74752K, 15% used [0x00000000f6c00000,0x00000000f7768fb8,0x00000000fb500000)
  to   space 74752K, 0% used [0x00000000fb700000,0x00000000fb700000,0x0000000100000000)
 ParOldGen       total 349696K, used 171745K [0x00000000cd400000, 0x00000000e2980000, 0x00000000ef100000)
  object space 349696K, 49% used [0x00000000cd400000,0x00000000d7bb85c0,0x00000000e2980000)
 PSPermGen       total 131072K, used 36414K [0x00000000bd400000, 0x00000000c5400000, 0x00000000cd400000)
  object space 131072K, 27% used [0x00000000bd400000,0x00000000bf78fa40,0x00000000c5400000)
}
{Heap before GC invocations=15 (full 1):
 PSYoungGen      total 200704K, used 137635K [0x00000000ef100000, 0x0000000100000000, 0x0000000100000000)
  eden space 125952K, 100% used [0x00000000ef100000,0x00000000f6c00000,0x00000000f6c00000)
  from space 74752K, 15% used [0x00000000f6c00000,0x00000000f7768fb8,0x00000000fb500000)
  to   space 74752K, 0% used [0x00000000fb700000,0x00000000fb700000,0x0000000100000000)
 ParOldGen       total 349696K, used 171745K [0x00000000cd400000, 0x00000000e2980000, 0x00000000ef100000)
  object space 349696K, 49% used [0x00000000cd400000,0x00000000d7bb85c0,0x00000000e2980000)
 PSPermGen       total 131072K, used 36501K [0x00000000bd400000, 0x00000000c5400000, 0x00000000cd400000)
  object space 131072K, 27% used [0x00000000bd400000,0x00000000bf7a5740,0x00000000c5400000)
16.488: [GC [PSYoungGen: 137635K->12461K(201728K)] 309381K->193409K(551424K), 0.0223470 secs] [Times: user=0.04 sys=0.02, real=0.02 secs] 
Heap after GC invocations=15 (full 1):
 PSYoungGen      total 201728K, used 12461K [0x00000000ef100000, 0x00000000fff00000, 0x0000000100000000)
  eden space 128000K, 0% used [0x00000000ef100000,0x00000000ef100000,0x00000000f6e00000)
  from space 73728K, 16% used [0x00000000fb700000,0x00000000fc32b5e0,0x00000000fff00000)
  to   space 74240K, 0% used [0x00000000f6e00000,0x00000000f6e00000,0x00000000fb680000)
 ParOldGen       total 349696K, used 180948K [0x00000000cd400000, 0x00000000e2980000, 0x00000000ef100000)
  object space 349696K, 51% used [0x00000000cd400000,0x00000000d84b5098,0x00000000e2980000)
 PSPermGen       total 131072K, used 36501K [0x00000000bd400000, 0x00000000c5400000, 0x00000000cd400000)
  object space 131072K, 27% used [0x00000000bd400000,0x00000000bf7a5740,0x00000000c5400000)
}
{Heap before GC invocations=16 (full 1):
 PSYoungGen      total 201728K, used 140461K [0x00000000ef100000, 0x00000000fff00000, 0x0000000100000000)
  eden space 128000K, 100% used [0x00000000ef100000,0x00000000f6e00000,0x00000000f6e00000)
  from space 73728K, 16% used [0x00000000fb700000,0x00000000fc32b5e0,0x00000000fff00000)
  to   space 74240K, 0% used [0x00000000f6e00000,0x00000000f6e00000,0x00000000fb680000)
 ParOldGen       total 349696K, used 180948K [0x00000000cd400000, 0x00000000e2980000, 0x00000000ef100000)
  object space 349696K, 51% used [0x00000000cd400000,0x00000000d84b5098,0x00000000e2980000)
 PSPermGen       total 131072K, used 39990K [0x00000000bd400000, 0x00000000c5400000, 0x00000000cd400000)
  object space 131072K, 30% used [0x00000000bd400000,0x00000000bfb0d8e0,0x00000000c5400000)
17.346: [GC [PSYoungGen: 140461K->19349K(147456K)] 321409K->210574K(497152K), 0.0245020 secs] [Times: user=0.07 sys=0.01, real=0.02 secs] 
Heap after GC invocations=16 (full 1):
 PSYoungGen      total 147456K, used 19349K [0x00000000ef100000, 0x00000000ffc80000, 0x0000000100000000)
  eden space 128000K, 0% used [0x00000000ef100000,0x00000000ef100000,0x00000000f6e00000)
  from space 19456K, 99% used [0x00000000f6e00000,0x00000000f80e54c8,0x00000000f8100000)
  to   space 72192K, 0% used [0x00000000fb600000,0x00000000fb600000,0x00000000ffc80000)
 ParOldGen       total 349696K, used 191225K [0x00000000cd400000, 0x00000000e2980000, 0x00000000ef100000)
  object space 349696K, 54% used [0x00000000cd400000,0x00000000d8ebe648,0x00000000e2980000)
 PSPermGen       total 131072K, used 39990K [0x00000000bd400000, 0x00000000c5400000, 0x00000000cd400000)
  object space 131072K, 30% used [0x00000000bd400000,0x00000000bfb0d8e0,0x00000000c5400000)
}
{Heap before GC invocations=17 (full 1):
 PSYoungGen      total 147456K, used 147349K [0x00000000ef100000, 0x00000000ffc80000, 0x0000000100000000)
  eden space 128000K, 100% used [0x00000000ef100000,0x00000000f6e00000,0x00000000f6e00000)
  from space 19456K, 99% used [0x00000000f6e00000,0x00000000f80e54c8,0x00000000f8100000)
  to   space 72192K, 0% used [0x00000000fb600000,0x00000000fb600000,0x00000000ffc80000)
 ParOldGen       total 349696K, used 191225K [0x00000000cd400000, 0x00000000e2980000, 0x00000000ef100000)
  object space 349696K, 54% used [0x00000000cd400000,0x00000000d8ebe648,0x00000000e2980000)
 PSPermGen       total 131072K, used 40354K [0x00000000bd400000, 0x00000000c5400000, 0x00000000cd400000)
  object space 131072K, 30% used [0x00000000bd400000,0x00000000bfb68be8,0x00000000c5400000)
17.821: [GC [PSYoungGen: 147349K->1350K(201216K)] 338574K->209181K(550912K), 0.0241940 secs] [Times: user=0.08 sys=0.02, real=0.02 secs] 
Heap after GC invocations=17 (full 1):
 PSYoungGen      total 201216K, used 1350K [0x00000000ef100000, 0x0000000100000000, 0x0000000100000000)
  eden space 129024K, 0% used [0x00000000ef100000,0x00000000ef100000,0x00000000f6f00000)
  from space 72192K, 1% used [0x00000000fb600000,0x00000000fb7518f0,0x00000000ffc80000)
  to   space 72704K, 0% used [0x00000000f6f00000,0x00000000f6f00000,0x00000000fb600000)
 ParOldGen       total 349696K, used 207831K [0x00000000cd400000, 0x00000000e2980000, 0x00000000ef100000)
  object space 349696K, 59% used [0x00000000cd400000,0x00000000d9ef5eb0,0x00000000e2980000)
 PSPermGen       total 131072K, used 40354K [0x00000000bd400000, 0x00000000c5400000, 0x00000000cd400000)
  object space 131072K, 30% used [0x00000000bd400000,0x00000000bfb68be8,0x00000000c5400000)
}
{Heap before GC invocations=18 (full 1):
 PSYoungGen      total 201216K, used 130374K [0x00000000ef100000, 0x0000000100000000, 0x0000000100000000)
  eden space 129024K, 100% used [0x00000000ef100000,0x00000000f6f00000,0x00000000f6f00000)
  from space 72192K, 1% used [0x00000000fb600000,0x00000000fb7518f0,0x00000000ffc80000)
  to   space 72704K, 0% used [0x00000000f6f00000,0x00000000f6f00000,0x00000000fb600000)
 ParOldGen       total 349696K, used 207831K [0x00000000cd400000, 0x00000000e2980000, 0x00000000ef100000)
  object space 349696K, 59% used [0x00000000cd400000,0x00000000d9ef5eb0,0x00000000e2980000)
 PSPermGen       total 131072K, used 43185K [0x00000000bd400000, 0x00000000c5400000, 0x00000000cd400000)
  object space 131072K, 32% used [0x00000000bd400000,0x00000000bfe2c4f0,0x00000000c5400000)
18.932: [GC [PSYoungGen: 130374K->12324K(201728K)] 338205K->221339K(551424K), 0.0176090 secs] [Times: user=0.06 sys=0.01, real=0.01 secs] 
Heap after GC invocations=18 (full 1):
 PSYoungGen      total 201728K, used 12324K [0x00000000ef100000, 0x00000000ffc80000, 0x0000000100000000)
  eden space 129024K, 0% used [0x00000000ef100000,0x00000000ef100000,0x00000000f6f00000)
  from space 72704K, 16% used [0x00000000f6f00000,0x00000000f7b09088,0x00000000fb600000)
  to   space 70656K, 0% used [0x00000000fb780000,0x00000000fb780000,0x00000000ffc80000)
 ParOldGen       total 349696K, used 209015K [0x00000000cd400000, 0x00000000e2980000, 0x00000000ef100000)
  object space 349696K, 59% used [0x00000000cd400000,0x00000000da01dd80,0x00000000e2980000)
 PSPermGen       total 131072K, used 43185K [0x00000000bd400000, 0x00000000c5400000, 0x00000000cd400000)
  object space 131072K, 32% used [0x00000000bd400000,0x00000000bfe2c4f0,0x00000000c5400000)
}
{Heap before GC invocations=19 (full 1):
 PSYoungGen      total 201728K, used 141348K [0x00000000ef100000, 0x00000000ffc80000, 0x0000000100000000)
  eden space 129024K, 100% used [0x00000000ef100000,0x00000000f6f00000,0x00000000f6f00000)
  from space 72704K, 16% used [0x00000000f6f00000,0x00000000f7b09088,0x00000000fb600000)
  to   space 70656K, 0% used [0x00000000fb780000,0x00000000fb780000,0x00000000ffc80000)
 ParOldGen       total 349696K, used 209015K [0x00000000cd400000, 0x00000000e2980000, 0x00000000ef100000)
  object space 349696K, 59% used [0x00000000cd400000,0x00000000da01dd80,0x00000000e2980000)
 PSPermGen       total 131072K, used 47668K [0x00000000bd400000, 0x00000000c5400000, 0x00000000cd400000)
  object space 131072K, 36% used [0x00000000bd400000,0x00000000c028d0f8,0x00000000c5400000)
22.363: [GC [PSYoungGen: 141348K->11300K(202240K)] 350363K->231103K(551936K), 0.0291450 secs] [Times: user=0.09 sys=0.02, real=0.02 secs] 
Heap after GC invocations=19 (full 1):
 PSYoungGen      total 202240K, used 11300K [0x00000000ef100000, 0x00000000ffa00000, 0x0000000100000000)
  eden space 134144K, 0% used [0x00000000ef100000,0x00000000ef100000,0x00000000f7400000)
  from space 68096K, 16% used [0x00000000fb780000,0x00000000fc2890c8,0x00000000ffa00000)
  to   space 68608K, 0% used [0x00000000f7400000,0x00000000f7400000,0x00000000fb700000)
 ParOldGen       total 349696K, used 219802K [0x00000000cd400000, 0x00000000e2980000, 0x00000000ef100000)
  object space 349696K, 62% used [0x00000000cd400000,0x00000000daaa6b40,0x00000000e2980000)
 PSPermGen       total 131072K, used 47668K [0x00000000bd400000, 0x00000000c5400000, 0x00000000cd400000)
  object space 131072K, 36% used [0x00000000bd400000,0x00000000c028d0f8,0x00000000c5400000)
}
{Heap before GC invocations=20 (full 1):
 PSYoungGen      total 202240K, used 145444K [0x00000000ef100000, 0x00000000ffa00000, 0x0000000100000000)
  eden space 134144K, 100% used [0x00000000ef100000,0x00000000f7400000,0x00000000f7400000)
  from space 68096K, 16% used [0x00000000fb780000,0x00000000fc2890c8,0x00000000ffa00000)
  to   space 68608K, 0% used [0x00000000f7400000,0x00000000f7400000,0x00000000fb700000)
 ParOldGen       total 349696K, used 219802K [0x00000000cd400000, 0x00000000e2980000, 0x00000000ef100000)
  object space 349696K, 62% used [0x00000000cd400000,0x00000000daaa6b40,0x00000000e2980000)
 PSPermGen       total 131072K, used 51785K [0x00000000bd400000, 0x00000000c5400000, 0x00000000cd400000)
  object space 131072K, 39% used [0x00000000bd400000,0x00000000c06924c0,0x00000000c5400000)
23.884: [GC [PSYoungGen: 145444K->12482K(202752K)] 365247K->242155K(552448K), 0.0833820 secs] [Times: user=0.22 sys=0.06, real=0.08 secs] 
Heap after GC invocations=20 (full 1):
 PSYoungGen      total 202752K, used 12482K [0x00000000ef100000, 0x00000000ffb80000, 0x0000000100000000)
  eden space 134144K, 0% used [0x00000000ef100000,0x00000000ef100000,0x00000000f7400000)
  from space 68608K, 18% used [0x00000000f7400000,0x00000000f8030b68,0x00000000fb700000)
  to   space 66048K, 0% used [0x00000000fbb00000,0x00000000fbb00000,0x00000000ffb80000)
 ParOldGen       total 349696K, used 229672K [0x00000000cd400000, 0x00000000e2980000, 0x00000000ef100000)
  object space 349696K, 65% used [0x00000000cd400000,0x00000000db44a398,0x00000000e2980000)
 PSPermGen       total 131072K, used 51785K [0x00000000bd400000, 0x00000000c5400000, 0x00000000cd400000)
  object space 131072K, 39% used [0x00000000bd400000,0x00000000c06924c0,0x00000000c5400000)
}
{Heap before GC invocations=21 (full 1):
 PSYoungGen      total 202752K, used 146626K [0x00000000ef100000, 0x00000000ffb80000, 0x0000000100000000)
  eden space 134144K, 100% used [0x00000000ef100000,0x00000000f7400000,0x00000000f7400000)
  from space 68608K, 18% used [0x00000000f7400000,0x00000000f8030b68,0x00000000fb700000)
  to   space 66048K, 0% used [0x00000000fbb00000,0x00000000fbb00000,0x00000000ffb80000)
 ParOldGen       total 349696K, used 229672K [0x00000000cd400000, 0x00000000e2980000, 0x00000000ef100000)
  object space 349696K, 65% used [0x00000000cd400000,0x00000000db44a398,0x00000000e2980000)
 PSPermGen       total 131072K, used 59973K [0x00000000bd400000, 0x00000000c5400000, 0x00000000cd400000)
  object space 131072K, 45% used [0x00000000bd400000,0x00000000c0e914d0,0x00000000c5400000)
25.960: [GC [PSYoungGen: 146626K->21830K(202752K)] 376299K->261723K(552448K), 0.0471860 secs] [Times: user=0.15 sys=0.02, real=0.05 secs] 
Heap after GC invocations=21 (full 1):
 PSYoungGen      total 202752K, used 21830K [0x00000000ef100000, 0x00000000ff580000, 0x0000000100000000)
  eden space 142848K, 0% used [0x00000000ef100000,0x00000000ef100000,0x00000000f7c80000)
  from space 59904K, 36% used [0x00000000fbb00000,0x00000000fd051ac8,0x00000000ff580000)
  to   space 61952K, 0% used [0x00000000f7c80000,0x00000000f7c80000,0x00000000fb900000)
 ParOldGen       total 349696K, used 239892K [0x00000000cd400000, 0x00000000e2980000, 0x00000000ef100000)
  object space 349696K, 68% used [0x00000000cd400000,0x00000000dbe45308,0x00000000e2980000)
 PSPermGen       total 131072K, used 59973K [0x00000000bd400000, 0x00000000c5400000, 0x00000000cd400000)
  object space 131072K, 45% used [0x00000000bd400000,0x00000000c0e914d0,0x00000000c5400000)
}
{Heap before GC invocations=22 (full 1):
 PSYoungGen      total 202752K, used 164678K [0x00000000ef100000, 0x00000000ff580000, 0x0000000100000000)
  eden space 142848K, 100% used [0x00000000ef100000,0x00000000f7c80000,0x00000000f7c80000)
  from space 59904K, 36% used [0x00000000fbb00000,0x00000000fd051ac8,0x00000000ff580000)
  to   space 61952K, 0% used [0x00000000f7c80000,0x00000000f7c80000,0x00000000fb900000)
 ParOldGen       total 349696K, used 239892K [0x00000000cd400000, 0x00000000e2980000, 0x00000000ef100000)
  object space 349696K, 68% used [0x00000000cd400000,0x00000000dbe45308,0x00000000e2980000)
 PSPermGen       total 131072K, used 63107K [0x00000000bd400000, 0x00000000c5400000, 0x00000000cd400000)
  object space 131072K, 48% used [0x00000000bd400000,0x00000000c11a0e20,0x00000000c5400000)
32.521: [GC [PSYoungGen: 164678K->15351K(204800K)] 404571K->273017K(554496K), 0.0765360 secs] [Times: user=0.21 sys=0.02, real=0.07 secs] 
Heap after GC invocations=22 (full 1):
 PSYoungGen      total 204800K, used 15351K [0x00000000ef100000, 0x00000000ffd00000, 0x0000000100000000)
  eden space 142848K, 0% used [0x00000000ef100000,0x00000000ef100000,0x00000000f7c80000)
  from space 61952K, 24% used [0x00000000f7c80000,0x00000000f8b7de78,0x00000000fb900000)
  to   space 59392K, 0% used [0x00000000fc300000,0x00000000fc300000,0x00000000ffd00000)
 ParOldGen       total 349696K, used 257666K [0x00000000cd400000, 0x00000000e2980000, 0x00000000ef100000)
  object space 349696K, 73% used [0x00000000cd400000,0x00000000dcfa0870,0x00000000e2980000)
 PSPermGen       total 131072K, used 63107K [0x00000000bd400000, 0x00000000c5400000, 0x00000000cd400000)
  object space 131072K, 48% used [0x00000000bd400000,0x00000000c11a0e20,0x00000000c5400000)
}
{Heap before GC invocations=23 (full 1):
 PSYoungGen      total 204800K, used 158199K [0x00000000ef100000, 0x00000000ffd00000, 0x0000000100000000)
  eden space 142848K, 100% used [0x00000000ef100000,0x00000000f7c80000,0x00000000f7c80000)
  from space 61952K, 24% used [0x00000000f7c80000,0x00000000f8b7de78,0x00000000fb900000)
  to   space 59392K, 0% used [0x00000000fc300000,0x00000000fc300000,0x00000000ffd00000)
 ParOldGen       total 349696K, used 257666K [0x00000000cd400000, 0x00000000e2980000, 0x00000000ef100000)
  object space 349696K, 73% used [0x00000000cd400000,0x00000000dcfa0870,0x00000000e2980000)
 PSPermGen       total 131072K, used 70045K [0x00000000bd400000, 0x00000000c5400000, 0x00000000cd400000)
  object space 131072K, 53% used [0x00000000bd400000,0x00000000c1867428,0x00000000c5400000)
34.148: [GC [PSYoungGen: 158199K->24157K(210944K)] 415865K->294208K(560640K), 0.1211930 secs] [Times: user=0.27 sys=0.09, real=0.12 secs] 
Heap after GC invocations=23 (full 1):
 PSYoungGen      total 210944K, used 24157K [0x00000000ef100000, 0x00000000ff880000, 0x0000000100000000)
  eden space 156160K, 0% used [0x00000000ef100000,0x00000000ef100000,0x00000000f8980000)
  from space 54784K, 44% used [0x00000000fc300000,0x00000000fda97710,0x00000000ff880000)
  to   space 56832K, 0% used [0x00000000f8980000,0x00000000f8980000,0x00000000fc100000)
 ParOldGen       total 349696K, used 270051K [0x00000000cd400000, 0x00000000e2980000, 0x00000000ef100000)
  object space 349696K, 77% used [0x00000000cd400000,0x00000000ddbb8cd8,0x00000000e2980000)
 PSPermGen       total 131072K, used 70045K [0x00000000bd400000, 0x00000000c5400000, 0x00000000cd400000)
  object space 131072K, 53% used [0x00000000bd400000,0x00000000c1867428,0x00000000c5400000)
}
{Heap before GC invocations=24 (full 1):
 PSYoungGen      total 210944K, used 180317K [0x00000000ef100000, 0x00000000ff880000, 0x0000000100000000)
  eden space 156160K, 100% used [0x00000000ef100000,0x00000000f8980000,0x00000000f8980000)
  from space 54784K, 44% used [0x00000000fc300000,0x00000000fda97710,0x00000000ff880000)
  to   space 56832K, 0% used [0x00000000f8980000,0x00000000f8980000,0x00000000fc100000)
 ParOldGen       total 349696K, used 270051K [0x00000000cd400000, 0x00000000e2980000, 0x00000000ef100000)
  object space 349696K, 77% used [0x00000000cd400000,0x00000000ddbb8cd8,0x00000000e2980000)
 PSPermGen       total 131072K, used 76478K [0x00000000bd400000, 0x00000000c5400000, 0x00000000cd400000)
  object space 131072K, 58% used [0x00000000bd400000,0x00000000c1eaf878,0x00000000c5400000)
38.357: [GC [PSYoungGen: 180317K->20397K(212992K)] 450368K->310988K(562688K), 0.0680850 secs] [Times: user=0.16 sys=0.07, real=0.07 secs] 
Heap after GC invocations=24 (full 1):
 PSYoungGen      total 212992K, used 20397K [0x00000000ef100000, 0x00000000ffc00000, 0x0000000100000000)
  eden space 156160K, 0% used [0x00000000ef100000,0x00000000ef100000,0x00000000f8980000)
  from space 56832K, 35% used [0x00000000f8980000,0x00000000f9d6b550,0x00000000fc100000)
  to   space 53760K, 0% used [0x00000000fc780000,0x00000000fc780000,0x00000000ffc00000)
 ParOldGen       total 349696K, used 290591K [0x00000000cd400000, 0x00000000e2980000, 0x00000000ef100000)
  object space 349696K, 83% used [0x00000000cd400000,0x00000000defc7de0,0x00000000e2980000)
 PSPermGen       total 131072K, used 76478K [0x00000000bd400000, 0x00000000c5400000, 0x00000000cd400000)
  object space 131072K, 58% used [0x00000000bd400000,0x00000000c1eaf878,0x00000000c5400000)
}
{Heap before GC invocations=25 (full 1):
 PSYoungGen      total 212992K, used 176557K [0x00000000ef100000, 0x00000000ffc00000, 0x0000000100000000)
  eden space 156160K, 100% used [0x00000000ef100000,0x00000000f8980000,0x00000000f8980000)
  from space 56832K, 35% used [0x00000000f8980000,0x00000000f9d6b550,0x00000000fc100000)
  to   space 53760K, 0% used [0x00000000fc780000,0x00000000fc780000,0x00000000ffc00000)
 ParOldGen       total 349696K, used 290591K [0x00000000cd400000, 0x00000000e2980000, 0x00000000ef100000)
  object space 349696K, 83% used [0x00000000cd400000,0x00000000defc7de0,0x00000000e2980000)
 PSPermGen       total 131072K, used 77353K [0x00000000bd400000, 0x00000000c5400000, 0x00000000cd400000)
  object space 131072K, 59% used [0x00000000bd400000,0x00000000c1f8a5c8,0x00000000c5400000)
58.429: [GC [PSYoungGen: 176557K->32178K(219136K)] 467148K->340806K(568832K), 0.1191170 secs] [Times: user=0.20 sys=0.13, real=0.12 secs] 
Heap after GC invocations=25 (full 1):
 PSYoungGen      total 219136K, used 32178K [0x00000000ef100000, 0x00000000ffe00000, 0x0000000100000000)
  eden space 165376K, 0% used [0x00000000ef100000,0x00000000ef100000,0x00000000f9280000)
  from space 53760K, 59% used [0x00000000fc780000,0x00000000fe6ecbf8,0x00000000ffc00000)
  to   space 54272K, 0% used [0x00000000f9280000,0x00000000f9280000,0x00000000fc780000)
 ParOldGen       total 349696K, used 308627K [0x00000000cd400000, 0x00000000e2980000, 0x00000000ef100000)
  object space 349696K, 88% used [0x00000000cd400000,0x00000000e0164f68,0x00000000e2980000)
 PSPermGen       total 131072K, used 77353K [0x00000000bd400000, 0x00000000c5400000, 0x00000000cd400000)
  object space 131072K, 59% used [0x00000000bd400000,0x00000000c1f8a5c8,0x00000000c5400000)
}
{Heap before GC invocations=26 (full 1):
 PSYoungGen      total 219136K, used 191916K [0x00000000ef100000, 0x00000000ffe00000, 0x0000000100000000)
  eden space 165376K, 96% used [0x00000000ef100000,0x00000000f8cfe4b0,0x00000000f9280000)
  from space 53760K, 59% used [0x00000000fc780000,0x00000000fe6ecbf8,0x00000000ffc00000)
  to   space 54272K, 0% used [0x00000000f9280000,0x00000000f9280000,0x00000000fc780000)
 ParOldGen       total 349696K, used 308627K [0x00000000cd400000, 0x00000000e2980000, 0x00000000ef100000)
  object space 349696K, 88% used [0x00000000cd400000,0x00000000e0164f68,0x00000000e2980000)
 PSPermGen       total 131072K, used 77353K [0x00000000bd400000, 0x00000000c5400000, 0x00000000cd400000)
  object space 131072K, 59% used [0x00000000bd400000,0x00000000c1f8a5c8,0x00000000c5400000)
58.769: [GC [PSYoungGen: 191916K->0K(219648K)] 500544K->312866K(569344K), 0.1542590 secs] [Times: user=0.18 sys=0.21, real=0.16 secs] 
Heap after GC invocations=26 (full 1):
 PSYoungGen      total 219648K, used 0K [0x00000000ef100000, 0x00000000fff00000, 0x0000000100000000)
  eden space 165376K, 0% used [0x00000000ef100000,0x00000000ef100000,0x00000000f9280000)
  from space 54272K, 0% used [0x00000000f9280000,0x00000000f9280000,0x00000000fc780000)
  to   space 54784K, 0% used [0x00000000fc980000,0x00000000fc980000,0x00000000fff00000)
 ParOldGen       total 349696K, used 312866K [0x00000000cd400000, 0x00000000e2980000, 0x00000000ef100000)
  object space 349696K, 89% used [0x00000000cd400000,0x00000000e05888f0,0x00000000e2980000)
 PSPermGen       total 131072K, used 77353K [0x00000000bd400000, 0x00000000c5400000, 0x00000000cd400000)
  object space 131072K, 59% used [0x00000000bd400000,0x00000000c1f8a5c8,0x00000000c5400000)
}
{Heap before GC invocations=27 (full 2):
 PSYoungGen      total 219648K, used 0K [0x00000000ef100000, 0x00000000fff00000, 0x0000000100000000)
  eden space 165376K, 0% used [0x00000000ef100000,0x00000000ef100000,0x00000000f9280000)
  from space 54272K, 0% used [0x00000000f9280000,0x00000000f9280000,0x00000000fc780000)
  to   space 54784K, 0% used [0x00000000fc980000,0x00000000fc980000,0x00000000fff00000)
 ParOldGen       total 349696K, used 312866K [0x00000000cd400000, 0x00000000e2980000, 0x00000000ef100000)
  object space 349696K, 89% used [0x00000000cd400000,0x00000000e05888f0,0x00000000e2980000)
 PSPermGen       total 131072K, used 77353K [0x00000000bd400000, 0x00000000c5400000, 0x00000000cd400000)
  object space 131072K, 59% used [0x00000000bd400000,0x00000000c1f8a5c8,0x00000000c5400000)
58.924: [Full GC [PSYoungGen: 0K->0K(219648K)] [ParOldGen: 312866K->294069K(349696K)] 312866K->294069K(569344K) [PSPermGen: 77353K->77320K(137216K)], 1.2812730 secs] [Times: user=3.57 sys=0.02, real=1.28 secs] 
Heap after GC invocations=27 (full 2):
 PSYoungGen      total 219648K, used 0K [0x00000000ef100000, 0x00000000fff00000, 0x0000000100000000)
  eden space 165376K, 0% used [0x00000000ef100000,0x00000000ef100000,0x00000000f9280000)
  from space 54272K, 0% used [0x00000000f9280000,0x00000000f9280000,0x00000000fc780000)
  to   space 54784K, 0% used [0x00000000fc980000,0x00000000fc980000,0x00000000fff00000)
 ParOldGen       total 349696K, used 294069K [0x00000000cd400000, 0x00000000e2980000, 0x00000000ef100000)
  object space 349696K, 84% used [0x00000000cd400000,0x00000000df32d5f0,0x00000000e2980000)
 PSPermGen       total 137216K, used 77320K [0x00000000bd400000, 0x00000000c5a00000, 0x00000000cd400000)
  object space 137216K, 56% used [0x00000000bd400000,0x00000000c1f82068,0x00000000c5a00000)
}
{Heap before GC invocations=28 (full 2):
 PSYoungGen      total 219648K, used 165376K [0x00000000ef100000, 0x00000000fff00000, 0x0000000100000000)
  eden space 165376K, 100% used [0x00000000ef100000,0x00000000f9280000,0x00000000f9280000)
  from space 54272K, 0% used [0x00000000f9280000,0x00000000f9280000,0x00000000fc780000)
  to   space 54784K, 0% used [0x00000000fc980000,0x00000000fc980000,0x00000000fff00000)
 ParOldGen       total 349696K, used 294069K [0x00000000cd400000, 0x00000000e2980000, 0x00000000ef100000)
  object space 349696K, 84% used [0x00000000cd400000,0x00000000df32d5f0,0x00000000e2980000)
 PSPermGen       total 137216K, used 77403K [0x00000000bd400000, 0x00000000c5a00000, 0x00000000cd400000)
  object space 137216K, 56% used [0x00000000bd400000,0x00000000c1f96f08,0x00000000c5a00000)
74.397: [GC [PSYoungGen: 165376K->41312K(213504K)] 459445K->335381K(563200K), 0.0358380 secs] [Times: user=0.11 sys=0.00, real=0.04 secs] 
Heap after GC invocations=28 (full 2):
 PSYoungGen      total 213504K, used 41312K [0x00000000ef100000, 0x0000000100000000, 0x0000000100000000)
  eden space 158720K, 0% used [0x00000000ef100000,0x00000000ef100000,0x00000000f8c00000)
  from space 54784K, 75% used [0x00000000fc980000,0x00000000ff1d8020,0x00000000fff00000)
  to   space 59392K, 0% used [0x00000000f8c00000,0x00000000f8c00000,0x00000000fc600000)
 ParOldGen       total 349696K, used 294069K [0x00000000cd400000, 0x00000000e2980000, 0x00000000ef100000)
  object space 349696K, 84% used [0x00000000cd400000,0x00000000df32d5f0,0x00000000e2980000)
 PSPermGen       total 137216K, used 77403K [0x00000000bd400000, 0x00000000c5a00000, 0x00000000cd400000)
  object space 137216K, 56% used [0x00000000bd400000,0x00000000c1f96f08,0x00000000c5a00000)
}
{Heap before GC invocations=29 (full 2):
 PSYoungGen      total 213504K, used 177201K [0x00000000ef100000, 0x0000000100000000, 0x0000000100000000)
  eden space 158720K, 85% used [0x00000000ef100000,0x00000000f75b4548,0x00000000f8c00000)
  from space 54784K, 75% used [0x00000000fc980000,0x00000000ff1d8020,0x00000000fff00000)
  to   space 59392K, 0% used [0x00000000f8c00000,0x00000000f8c00000,0x00000000fc600000)
 ParOldGen       total 349696K, used 294069K [0x00000000cd400000, 0x00000000e2980000, 0x00000000ef100000)
  object space 349696K, 84% used [0x00000000cd400000,0x00000000df32d5f0,0x00000000e2980000)
 PSPermGen       total 137216K, used 77403K [0x00000000bd400000, 0x00000000c5a00000, 0x00000000cd400000)
  object space 137216K, 56% used [0x00000000bd400000,0x00000000c1f96f08,0x00000000c5a00000)
74.633: [GC [PSYoungGen: 177201K->64K(218112K)] 471270K->294301K(567808K), 0.0122950 secs] [Times: user=0.02 sys=0.00, real=0.01 secs] 
Heap after GC invocations=29 (full 2):
 PSYoungGen      total 218112K, used 64K [0x00000000ef100000, 0x0000000100000000, 0x0000000100000000)
  eden space 158720K, 0% used [0x00000000ef100000,0x00000000ef100000,0x00000000f8c00000)
  from space 59392K, 0% used [0x00000000f8c00000,0x00000000f8c10000,0x00000000fc600000)
  to   space 59392K, 0% used [0x00000000fc600000,0x00000000fc600000,0x0000000100000000)
 ParOldGen       total 349696K, used 294237K [0x00000000cd400000, 0x00000000e2980000, 0x00000000ef100000)
  object space 349696K, 84% used [0x00000000cd400000,0x00000000df3575f0,0x00000000e2980000)
 PSPermGen       total 137216K, used 77403K [0x00000000bd400000, 0x00000000c5a00000, 0x00000000cd400000)
  object space 137216K, 56% used [0x00000000bd400000,0x00000000c1f96f08,0x00000000c5a00000)
}
{Heap before GC invocations=30 (full 3):
 PSYoungGen      total 218112K, used 64K [0x00000000ef100000, 0x0000000100000000, 0x0000000100000000)
  eden space 158720K, 0% used [0x00000000ef100000,0x00000000ef100000,0x00000000f8c00000)
  from space 59392K, 0% used [0x00000000f8c00000,0x00000000f8c10000,0x00000000fc600000)
  to   space 59392K, 0% used [0x00000000fc600000,0x00000000fc600000,0x0000000100000000)
 ParOldGen       total 349696K, used 294237K [0x00000000cd400000, 0x00000000e2980000, 0x00000000ef100000)
  object space 349696K, 84% used [0x00000000cd400000,0x00000000df3575f0,0x00000000e2980000)
 PSPermGen       total 137216K, used 77403K [0x00000000bd400000, 0x00000000c5a00000, 0x00000000cd400000)
  object space 137216K, 56% used [0x00000000bd400000,0x00000000c1f96f08,0x00000000c5a00000)
74.646: [Full GC [PSYoungGen: 64K->0K(218112K)] [ParOldGen: 294237K->221829K(349696K)] 294301K->221829K(567808K) [PSPermGen: 77403K->77403K(143360K)], 0.7688310 secs] [Times: user=2.27 sys=0.02, real=0.77 secs] 
Heap after GC invocations=30 (full 3):
 PSYoungGen      total 218112K, used 0K [0x00000000ef100000, 0x0000000100000000, 0x0000000100000000)
  eden space 158720K, 0% used [0x00000000ef100000,0x00000000ef100000,0x00000000f8c00000)
  from space 59392K, 0% used [0x00000000f8c00000,0x00000000f8c00000,0x00000000fc600000)
  to   space 59392K, 0% used [0x00000000fc600000,0x00000000fc600000,0x0000000100000000)
 ParOldGen       total 349696K, used 221829K [0x00000000cd400000, 0x00000000e2980000, 0x00000000ef100000)
  object space 349696K, 63% used [0x00000000cd400000,0x00000000daca1578,0x00000000e2980000)
 PSPermGen       total 143360K, used 77403K [0x00000000bd400000, 0x00000000c6000000, 0x00000000cd400000)
  object space 143360K, 53% used [0x00000000bd400000,0x00000000c1f96ec8,0x00000000c6000000)
}
{Heap before GC invocations=31 (full 3):
 PSYoungGen      total 218112K, used 158720K [0x00000000ef100000, 0x0000000100000000, 0x0000000100000000)
  eden space 158720K, 100% used [0x00000000ef100000,0x00000000f8c00000,0x00000000f8c00000)
  from space 59392K, 0% used [0x00000000f8c00000,0x00000000f8c00000,0x00000000fc600000)
  to   space 59392K, 0% used [0x00000000fc600000,0x00000000fc600000,0x0000000100000000)
 ParOldGen       total 349696K, used 221829K [0x00000000cd400000, 0x00000000e2980000, 0x00000000ef100000)
  object space 349696K, 63% used [0x00000000cd400000,0x00000000daca1578,0x00000000e2980000)
 PSPermGen       total 143360K, used 77403K [0x00000000bd400000, 0x00000000c6000000, 0x00000000cd400000)
  object space 143360K, 53% used [0x00000000bd400000,0x00000000c1f96ec8,0x00000000c6000000)
79.477: [GC [PSYoungGen: 158720K->40736K(210944K)] 380549K->262565K(560640K), 0.0326720 secs] [Times: user=0.11 sys=0.00, real=0.03 secs] 
Heap after GC invocations=31 (full 3):
 PSYoungGen      total 210944K, used 40736K [0x00000000ef100000, 0x0000000100000000, 0x0000000100000000)
  eden space 151552K, 0% used [0x00000000ef100000,0x00000000ef100000,0x00000000f8500000)
  from space 59392K, 68% used [0x00000000fc600000,0x00000000fedc8020,0x0000000100000000)
  to   space 62976K, 0% used [0x00000000f8500000,0x00000000f8500000,0x00000000fc280000)
 ParOldGen       total 349696K, used 221829K [0x00000000cd400000, 0x00000000e2980000, 0x00000000ef100000)
  object space 349696K, 63% used [0x00000000cd400000,0x00000000daca1578,0x00000000e2980000)
 PSPermGen       total 143360K, used 77403K [0x00000000bd400000, 0x00000000c6000000, 0x00000000cd400000)
  object space 143360K, 53% used [0x00000000bd400000,0x00000000c1f96ec8,0x00000000c6000000)
}
{Heap before GC invocations=32 (full 3):
 PSYoungGen      total 210944K, used 192288K [0x00000000ef100000, 0x0000000100000000, 0x0000000100000000)
  eden space 151552K, 100% used [0x00000000ef100000,0x00000000f8500000,0x00000000f8500000)
  from space 59392K, 68% used [0x00000000fc600000,0x00000000fedc8020,0x0000000100000000)
  to   space 62976K, 0% used [0x00000000f8500000,0x00000000f8500000,0x00000000fc280000)
 ParOldGen       total 349696K, used 221829K [0x00000000cd400000, 0x00000000e2980000, 0x00000000ef100000)
  object space 349696K, 63% used [0x00000000cd400000,0x00000000daca1578,0x00000000e2980000)
 PSPermGen       total 143360K, used 77403K [0x00000000bd400000, 0x00000000c6000000, 0x00000000cd400000)
  object space 143360K, 53% used [0x00000000bd400000,0x00000000c1f96ec8,0x00000000c6000000)
79.735: [GC [PSYoungGen: 192288K->52768K(204800K)] 414117K->302238K(554496K), 0.0466630 secs] [Times: user=0.16 sys=0.00, real=0.05 secs] 
Heap after GC invocations=32 (full 3):
 PSYoungGen      total 204800K, used 52768K [0x00000000ef100000, 0x0000000100000000, 0x0000000100000000)
  eden space 151552K, 0% used [0x00000000ef100000,0x00000000ef100000,0x00000000f8500000)
  from space 53248K, 99% used [0x00000000f8500000,0x00000000fb888020,0x00000000fb900000)
  to   space 70144K, 0% used [0x00000000fbb80000,0x00000000fbb80000,0x0000000100000000)
 ParOldGen       total 349696K, used 249470K [0x00000000cd400000, 0x00000000e2980000, 0x00000000ef100000)
  object space 349696K, 71% used [0x00000000cd400000,0x00000000dc79f8d0,0x00000000e2980000)
 PSPermGen       total 143360K, used 77403K [0x00000000bd400000, 0x00000000c6000000, 0x00000000cd400000)
  object space 143360K, 53% used [0x00000000bd400000,0x00000000c1f96ec8,0x00000000c6000000)
}
{Heap before GC invocations=33 (full 3):
 PSYoungGen      total 204800K, used 204320K [0x00000000ef100000, 0x0000000100000000, 0x0000000100000000)
  eden space 151552K, 100% used [0x00000000ef100000,0x00000000f8500000,0x00000000f8500000)
  from space 53248K, 99% used [0x00000000f8500000,0x00000000fb888020,0x00000000fb900000)
  to   space 70144K, 0% used [0x00000000fbb80000,0x00000000fbb80000,0x0000000100000000)
 ParOldGen       total 349696K, used 249470K [0x00000000cd400000, 0x00000000e2980000, 0x00000000ef100000)
  object space 349696K, 71% used [0x00000000cd400000,0x00000000dc79f8d0,0x00000000e2980000)
 PSPermGen       total 143360K, used 77403K [0x00000000bd400000, 0x00000000c6000000, 0x00000000cd400000)
  object space 143360K, 53% used [0x00000000bd400000,0x00000000c1f96ec8,0x00000000c6000000)
80.050: [GC [PSYoungGen: 204320K->33312K(208896K)] 453790K->334766K(558592K), 0.0616550 secs] [Times: user=0.19 sys=0.00, real=0.06 secs] 
Heap after GC invocations=33 (full 3):
 PSYoungGen      total 208896K, used 33312K [0x00000000ef100000, 0x0000000100000000, 0x0000000100000000)
  eden space 138752K, 0% used [0x00000000ef100000,0x00000000ef100000,0x00000000f7880000)
  from space 70144K, 47% used [0x00000000fbb80000,0x00000000fdc08010,0x0000000100000000)
  to   space 68608K, 0% used [0x00000000f7880000,0x00000000f7880000,0x00000000fbb80000)
 ParOldGen       total 349696K, used 301454K [0x00000000cd400000, 0x00000000e2980000, 0x00000000ef100000)
  object space 349696K, 86% used [0x00000000cd400000,0x00000000dfa638e0,0x00000000e2980000)
 PSPermGen       total 143360K, used 77403K [0x00000000bd400000, 0x00000000c6000000, 0x00000000cd400000)
  object space 143360K, 53% used [0x00000000bd400000,0x00000000c1f96ec8,0x00000000c6000000)
}
{Heap before GC invocations=34 (full 3):
 PSYoungGen      total 208896K, used 165789K [0x00000000ef100000, 0x0000000100000000, 0x0000000100000000)
  eden space 138752K, 95% used [0x00000000ef100000,0x00000000f725f4d8,0x00000000f7880000)
  from space 70144K, 47% used [0x00000000fbb80000,0x00000000fdc08010,0x0000000100000000)
  to   space 68608K, 0% used [0x00000000f7880000,0x00000000f7880000,0x00000000fbb80000)
 ParOldGen       total 349696K, used 301454K [0x00000000cd400000, 0x00000000e2980000, 0x00000000ef100000)
  object space 349696K, 86% used [0x00000000cd400000,0x00000000dfa638e0,0x00000000e2980000)
 PSPermGen       total 143360K, used 77403K [0x00000000bd400000, 0x00000000c6000000, 0x00000000cd400000)
  object space 143360K, 53% used [0x00000000bd400000,0x00000000c1f96ec8,0x00000000c6000000)
80.273: [GC [PSYoungGen: 165789K->67872K(206848K)] 467243K->402990K(556544K), 0.1441870 secs] [Times: user=0.21 sys=0.20, real=0.14 secs] 
Heap after GC invocations=34 (full 3):
 PSYoungGen      total 206848K, used 67872K [0x00000000ef100000, 0x0000000100000000, 0x0000000100000000)
  eden space 138752K, 0% used [0x00000000ef100000,0x00000000ef100000,0x00000000f7880000)
  from space 68096K, 99% used [0x00000000f7880000,0x00000000fbac8010,0x00000000fbb00000)
  to   space 70656K, 0% used [0x00000000fbb00000,0x00000000fbb00000,0x0000000100000000)
 ParOldGen       total 349696K, used 335118K [0x00000000cd400000, 0x00000000e2980000, 0x00000000ef100000)
  object space 349696K, 95% used [0x00000000cd400000,0x00000000e1b438f0,0x00000000e2980000)
 PSPermGen       total 143360K, used 77403K [0x00000000bd400000, 0x00000000c6000000, 0x00000000cd400000)
  object space 143360K, 53% used [0x00000000bd400000,0x00000000c1f96ec8,0x00000000c6000000)
}
{Heap before GC invocations=35 (full 4):
 PSYoungGen      total 206848K, used 67872K [0x00000000ef100000, 0x0000000100000000, 0x0000000100000000)
  eden space 138752K, 0% used [0x00000000ef100000,0x00000000ef100000,0x00000000f7880000)
  from space 68096K, 99% used [0x00000000f7880000,0x00000000fbac8010,0x00000000fbb00000)
  to   space 70656K, 0% used [0x00000000fbb00000,0x00000000fbb00000,0x0000000100000000)
 ParOldGen       total 349696K, used 335118K [0x00000000cd400000, 0x00000000e2980000, 0x00000000ef100000)
  object space 349696K, 95% used [0x00000000cd400000,0x00000000e1b438f0,0x00000000e2980000)
 PSPermGen       total 143360K, used 77403K [0x00000000bd400000, 0x00000000c6000000, 0x00000000cd400000)
  object space 143360K, 53% used [0x00000000bd400000,0x00000000c1f96ec8,0x00000000c6000000)
80.417: [Full GC [PSYoungGen: 67872K->0K(206848K)] [ParOldGen: 335118K->219610K(349696K)] 402990K->219610K(556544K) [PSPermGen: 77403K->77403K(141312K)], 0.5395340 secs] [Times: user=1.59 sys=0.02, real=0.54 secs] 
Heap after GC invocations=35 (full 4):
 PSYoungGen      total 206848K, used 0K [0x00000000ef100000, 0x0000000100000000, 0x0000000100000000)
  eden space 138752K, 0% used [0x00000000ef100000,0x00000000ef100000,0x00000000f7880000)
  from space 68096K, 0% used [0x00000000f7880000,0x00000000f7880000,0x00000000fbb00000)
  to   space 70656K, 0% used [0x00000000fbb00000,0x00000000fbb00000,0x0000000100000000)
 ParOldGen       total 349696K, used 219610K [0x00000000cd400000, 0x00000000e2980000, 0x00000000ef100000)
  object space 349696K, 62% used [0x00000000cd400000,0x00000000daa76af8,0x00000000e2980000)
 PSPermGen       total 141312K, used 77403K [0x00000000bd400000, 0x00000000c5e00000, 0x00000000cd400000)
  object space 141312K, 54% used [0x00000000bd400000,0x00000000c1f96ec8,0x00000000c5e00000)
}
{Heap before GC invocations=36 (full 4):
 PSYoungGen      total 206848K, used 128755K [0x00000000ef100000, 0x0000000100000000, 0x0000000100000000)
  eden space 138752K, 92% used [0x00000000ef100000,0x00000000f6ebcff0,0x00000000f7880000)
  from space 68096K, 0% used [0x00000000f7880000,0x00000000f7880000,0x00000000fbb00000)
  to   space 70656K, 0% used [0x00000000fbb00000,0x00000000fbb00000,0x0000000100000000)
 ParOldGen       total 349696K, used 219610K [0x00000000cd400000, 0x00000000e2980000, 0x00000000ef100000)
  object space 349696K, 62% used [0x00000000cd400000,0x00000000daa76af8,0x00000000e2980000)
 PSPermGen       total 141312K, used 77409K [0x00000000bd400000, 0x00000000c5e00000, 0x00000000cd400000)
  object space 141312K, 54% used [0x00000000bd400000,0x00000000c1f987b0,0x00000000c5e00000)
123.478: [GC [PSYoungGen: 128755K->29568K(198656K)] 348366K->249178K(548352K), 0.0339300 secs] [Times: user=0.08 sys=0.00, real=0.03 secs] 
Heap after GC invocations=36 (full 4):
 PSYoungGen      total 198656K, used 29568K [0x00000000ef100000, 0x0000000100000000, 0x0000000100000000)
  eden space 128000K, 0% used [0x00000000ef100000,0x00000000ef100000,0x00000000f6e00000)
  from space 70656K, 41% used [0x00000000fbb00000,0x00000000fd7e0040,0x0000000100000000)
  to   space 74752K, 0% used [0x00000000f6e00000,0x00000000f6e00000,0x00000000fb700000)
 ParOldGen       total 349696K, used 219610K [0x00000000cd400000, 0x00000000e2980000, 0x00000000ef100000)
  object space 349696K, 62% used [0x00000000cd400000,0x00000000daa76af8,0x00000000e2980000)
 PSPermGen       total 141312K, used 77409K [0x00000000bd400000, 0x00000000c5e00000, 0x00000000cd400000)
  object space 141312K, 54% used [0x00000000bd400000,0x00000000c1f987b0,0x00000000c5e00000)
}
{Heap before GC invocations=37 (full 4):
 PSYoungGen      total 198656K, used 152412K [0x00000000ef100000, 0x0000000100000000, 0x0000000100000000)
  eden space 128000K, 95% used [0x00000000ef100000,0x00000000f68f71e0,0x00000000f6e00000)
  from space 70656K, 41% used [0x00000000fbb00000,0x00000000fd7e0040,0x0000000100000000)
  to   space 74752K, 0% used [0x00000000f6e00000,0x00000000f6e00000,0x00000000fb700000)
 ParOldGen       total 349696K, used 219610K [0x00000000cd400000, 0x00000000e2980000, 0x00000000ef100000)
  object space 349696K, 62% used [0x00000000cd400000,0x00000000daa76af8,0x00000000e2980000)
 PSPermGen       total 141312K, used 77409K [0x00000000bd400000, 0x00000000c5e00000, 0x00000000cd400000)
  object space 141312K, 54% used [0x00000000bd400000,0x00000000c1f987b0,0x00000000c5e00000)
123.812: [GC [PSYoungGen: 152412K->49184K(177664K)] 372023K->291578K(527360K), 0.0738710 secs] [Times: user=0.15 sys=0.00, real=0.08 secs] 
Heap after GC invocations=37 (full 4):
 PSYoungGen      total 177664K, used 49184K [0x00000000ef100000, 0x0000000100000000, 0x0000000100000000)
  eden space 128000K, 0% used [0x00000000ef100000,0x00000000ef100000,0x00000000f6e00000)
  from space 49664K, 99% used [0x00000000f6e00000,0x00000000f9e08030,0x00000000f9e80000)
  to   space 77312K, 0% used [0x00000000fb480000,0x00000000fb480000,0x0000000100000000)
 ParOldGen       total 349696K, used 242394K [0x00000000cd400000, 0x00000000e2980000, 0x00000000ef100000)
  object space 349696K, 69% used [0x00000000cd400000,0x00000000dc0b6b38,0x00000000e2980000)
 PSPermGen       total 141312K, used 77409K [0x00000000bd400000, 0x00000000c5e00000, 0x00000000cd400000)
  object space 141312K, 54% used [0x00000000bd400000,0x00000000c1f987b0,0x00000000c5e00000)
}
{Heap before GC invocations=38 (full 4):
 PSYoungGen      total 177664K, used 177184K [0x00000000ef100000, 0x0000000100000000, 0x0000000100000000)
  eden space 128000K, 100% used [0x00000000ef100000,0x00000000f6e00000,0x00000000f6e00000)
  from space 49664K, 99% used [0x00000000f6e00000,0x00000000f9e08030,0x00000000f9e80000)
  to   space 77312K, 0% used [0x00000000fb480000,0x00000000fb480000,0x0000000100000000)
 ParOldGen       total 349696K, used 242394K [0x00000000cd400000, 0x00000000e2980000, 0x00000000ef100000)
  object space 349696K, 69% used [0x00000000cd400000,0x00000000dc0b6b38,0x00000000e2980000)
 PSPermGen       total 141312K, used 77409K [0x00000000bd400000, 0x00000000c5e00000, 0x00000000cd400000)
  object space 141312K, 54% used [0x00000000bd400000,0x00000000c1f987b0,0x00000000c5e00000)
124.235: [GC [PSYoungGen: 177184K->48736K(197120K)] 419578K->313898K(546816K), 0.0803860 secs] [Times: user=0.16 sys=0.00, real=0.08 secs] 
Heap after GC invocations=38 (full 4):
 PSYoungGen      total 197120K, used 48736K [0x00000000ef100000, 0x0000000100000000, 0x0000000100000000)
  eden space 119808K, 0% used [0x00000000ef100000,0x00000000ef100000,0x00000000f6600000)
  from space 77312K, 63% used [0x00000000fb480000,0x00000000fe418020,0x0000000100000000)
  to   space 78848K, 0% used [0x00000000f6600000,0x00000000f6600000,0x00000000fb300000)
 ParOldGen       total 349696K, used 265162K [0x00000000cd400000, 0x00000000e2980000, 0x00000000ef100000)
  object space 349696K, 75% used [0x00000000cd400000,0x00000000dd6f2b38,0x00000000e2980000)
 PSPermGen       total 141312K, used 77409K [0x00000000bd400000, 0x00000000c5e00000, 0x00000000cd400000)
  object space 141312K, 54% used [0x00000000bd400000,0x00000000c1f987b0,0x00000000c5e00000)
}
{Heap before GC invocations=39 (full 4):
 PSYoungGen      total 197120K, used 164636K [0x00000000ef100000, 0x0000000100000000, 0x0000000100000000)
  eden space 119808K, 96% used [0x00000000ef100000,0x00000000f622f140,0x00000000f6600000)
  from space 77312K, 63% used [0x00000000fb480000,0x00000000fe418020,0x0000000100000000)
  to   space 78848K, 0% used [0x00000000f6600000,0x00000000f6600000,0x00000000fb300000)
 ParOldGen       total 349696K, used 265162K [0x00000000cd400000, 0x00000000e2980000, 0x00000000ef100000)
  object space 349696K, 75% used [0x00000000cd400000,0x00000000dd6f2b38,0x00000000e2980000)
 PSPermGen       total 141312K, used 77409K [0x00000000bd400000, 0x00000000c5e00000, 0x00000000cd400000)
  object space 141312K, 54% used [0x00000000bd400000,0x00000000c1f987b0,0x00000000c5e00000)
124.685: [GC [PSYoungGen: 164636K->24032K(143872K)] 429799K->363690K(493568K), 0.0700600 secs] [Times: user=0.17 sys=0.01, real=0.07 secs] 
Heap after GC invocations=39 (full 4):
 PSYoungGen      total 143872K, used 24032K [0x00000000ef100000, 0x00000000ffc80000, 0x0000000100000000)
  eden space 119808K, 0% used [0x00000000ef100000,0x00000000ef100000,0x00000000f6600000)
  from space 24064K, 99% used [0x00000000f6600000,0x00000000f7d78000,0x00000000f7d80000)
  to   space 76288K, 0% used [0x00000000fb200000,0x00000000fb200000,0x00000000ffc80000)
 ParOldGen       total 349696K, used 339658K [0x00000000cd400000, 0x00000000e2980000, 0x00000000ef100000)
  object space 349696K, 97% used [0x00000000cd400000,0x00000000e1fb2b68,0x00000000e2980000)
 PSPermGen       total 141312K, used 77409K [0x00000000bd400000, 0x00000000c5e00000, 0x00000000cd400000)
  object space 141312K, 54% used [0x00000000bd400000,0x00000000c1f987b0,0x00000000c5e00000)
}
{Heap before GC invocations=40 (full 5):
 PSYoungGen      total 143872K, used 24032K [0x00000000ef100000, 0x00000000ffc80000, 0x0000000100000000)
  eden space 119808K, 0% used [0x00000000ef100000,0x00000000ef100000,0x00000000f6600000)
  from space 24064K, 99% used [0x00000000f6600000,0x00000000f7d78000,0x00000000f7d80000)
  to   space 76288K, 0% used [0x00000000fb200000,0x00000000fb200000,0x00000000ffc80000)
 ParOldGen       total 349696K, used 339658K [0x00000000cd400000, 0x00000000e2980000, 0x00000000ef100000)
  object space 349696K, 97% used [0x00000000cd400000,0x00000000e1fb2b68,0x00000000e2980000)
 PSPermGen       total 141312K, used 77409K [0x00000000bd400000, 0x00000000c5e00000, 0x00000000cd400000)
  object space 141312K, 54% used [0x00000000bd400000,0x00000000c1f987b0,0x00000000c5e00000)
124.755: [Full GC [PSYoungGen: 24032K->0K(143872K)] [ParOldGen: 339658K->337721K(548864K)] 363690K->337721K(692736K) [PSPermGen: 77409K->77409K(138240K)], 0.7502630 secs] [Times: user=1.70 sys=0.00, real=0.75 secs] 
Heap after GC invocations=40 (full 5):
 PSYoungGen      total 143872K, used 0K [0x00000000ef100000, 0x00000000ffc80000, 0x0000000100000000)
  eden space 119808K, 0% used [0x00000000ef100000,0x00000000ef100000,0x00000000f6600000)
  from space 24064K, 0% used [0x00000000f6600000,0x00000000f6600000,0x00000000f7d80000)
  to   space 76288K, 0% used [0x00000000fb200000,0x00000000fb200000,0x00000000ffc80000)
 ParOldGen       total 548864K, used 337721K [0x00000000cd400000, 0x00000000eec00000, 0x00000000ef100000)
  object space 548864K, 61% used [0x00000000cd400000,0x00000000e1dce728,0x00000000eec00000)
 PSPermGen       total 138240K, used 77409K [0x00000000bd400000, 0x00000000c5b00000, 0x00000000cd400000)
  object space 138240K, 55% used [0x00000000bd400000,0x00000000c1f98790,0x00000000c5b00000)
}
{Heap before GC invocations=41 (full 5):
 PSYoungGen      total 143872K, used 119808K [0x00000000ef100000, 0x00000000ffc80000, 0x0000000100000000)
  eden space 119808K, 100% used [0x00000000ef100000,0x00000000f6600000,0x00000000f6600000)
  from space 24064K, 0% used [0x00000000f6600000,0x00000000f6600000,0x00000000f7d80000)
  to   space 76288K, 0% used [0x00000000fb200000,0x00000000fb200000,0x00000000ffc80000)
 ParOldGen       total 548864K, used 337721K [0x00000000cd400000, 0x00000000eec00000, 0x00000000ef100000)
  object space 548864K, 61% used [0x00000000cd400000,0x00000000e1dce728,0x00000000eec00000)
 PSPermGen       total 138240K, used 77409K [0x00000000bd400000, 0x00000000c5b00000, 0x00000000cd400000)
  object space 138240K, 55% used [0x00000000bd400000,0x00000000c1f98790,0x00000000c5b00000)
125.714: [GC [PSYoungGen: 119808K->65440K(185856K)] 457529K->403161K(734720K), 0.0304650 secs] [Times: user=0.08 sys=0.01, real=0.03 secs] 
Heap after GC invocations=41 (full 5):
 PSYoungGen      total 185856K, used 65440K [0x00000000ef100000, 0x0000000100000000, 0x0000000100000000)
  eden space 109568K, 0% used [0x00000000ef100000,0x00000000ef100000,0x00000000f5c00000)
  from space 76288K, 85% used [0x00000000fb200000,0x00000000ff1e8010,0x00000000ffc80000)
  to   space 83968K, 0% used [0x00000000f5c00000,0x00000000f5c00000,0x00000000fae00000)
 ParOldGen       total 548864K, used 337721K [0x00000000cd400000, 0x00000000eec00000, 0x00000000ef100000)
  object space 548864K, 61% used [0x00000000cd400000,0x00000000e1dce728,0x00000000eec00000)
 PSPermGen       total 138240K, used 77409K [0x00000000bd400000, 0x00000000c5b00000, 0x00000000cd400000)
  object space 138240K, 55% used [0x00000000bd400000,0x00000000c1f98790,0x00000000c5b00000)
}
{Heap before GC invocations=42 (full 5):
 PSYoungGen      total 185856K, used 175008K [0x00000000ef100000, 0x0000000100000000, 0x0000000100000000)
  eden space 109568K, 100% used [0x00000000ef100000,0x00000000f5c00000,0x00000000f5c00000)
  from space 76288K, 85% used [0x00000000fb200000,0x00000000ff1e8010,0x00000000ffc80000)
  to   space 83968K, 0% used [0x00000000f5c00000,0x00000000f5c00000,0x00000000fae00000)
 ParOldGen       total 548864K, used 337721K [0x00000000cd400000, 0x00000000eec00000, 0x00000000ef100000)
  object space 548864K, 61% used [0x00000000cd400000,0x00000000e1dce728,0x00000000eec00000)
 PSPermGen       total 138240K, used 77409K [0x00000000bd400000, 0x00000000c5b00000, 0x00000000cd400000)
  object space 138240K, 55% used [0x00000000bd400000,0x00000000c1f98790,0x00000000c5b00000)
126.071: [GC [PSYoungGen: 175008K->22880K(193536K)] 512729K->426121K(742400K), 0.3510020 secs] [Times: user=0.40 sys=0.42, real=0.36 secs] 
Heap after GC invocations=42 (full 5):
 PSYoungGen      total 193536K, used 22880K [0x00000000ef100000, 0x0000000100000000, 0x0000000100000000)
  eden space 109568K, 0% used [0x00000000ef100000,0x00000000ef100000,0x00000000f5c00000)
  from space 83968K, 27% used [0x00000000f5c00000,0x00000000f7258000,0x00000000fae00000)
  to   space 81408K, 0% used [0x00000000fb080000,0x00000000fb080000,0x0000000100000000)
 ParOldGen       total 548864K, used 403241K [0x00000000cd400000, 0x00000000eec00000, 0x00000000ef100000)
  object space 548864K, 73% used [0x00000000cd400000,0x00000000e5dca738,0x00000000eec00000)
 PSPermGen       total 138240K, used 77409K [0x00000000bd400000, 0x00000000c5b00000, 0x00000000cd400000)
  object space 138240K, 55% used [0x00000000bd400000,0x00000000c1f98790,0x00000000c5b00000)
}
{Heap before GC invocations=43 (full 5):
 PSYoungGen      total 193536K, used 132448K [0x00000000ef100000, 0x0000000100000000, 0x0000000100000000)
  eden space 109568K, 100% used [0x00000000ef100000,0x00000000f5c00000,0x00000000f5c00000)
  from space 83968K, 27% used [0x00000000f5c00000,0x00000000f7258000,0x00000000fae00000)
  to   space 81408K, 0% used [0x00000000fb080000,0x00000000fb080000,0x0000000100000000)
 ParOldGen       total 548864K, used 403241K [0x00000000cd400000, 0x00000000eec00000, 0x00000000ef100000)
  object space 548864K, 73% used [0x00000000cd400000,0x00000000e5dca738,0x00000000eec00000)
 PSPermGen       total 138240K, used 77409K [0x00000000bd400000, 0x00000000c5b00000, 0x00000000cd400000)
  object space 138240K, 55% used [0x00000000bd400000,0x00000000c1f98790,0x00000000c5b00000)
126.771: [GC [PSYoungGen: 132448K->26144K(184832K)] 535689K->452505K(733696K), 0.4589370 secs] [Times: user=0.31 sys=0.73, real=0.46 secs] 
Heap after GC invocations=43 (full 5):
 PSYoungGen      total 184832K, used 26144K [0x00000000ef100000, 0x00000000ff780000, 0x0000000100000000)
  eden space 112128K, 0% used [0x00000000ef100000,0x00000000ef100000,0x00000000f5e80000)
  from space 72704K, 35% used [0x00000000fb080000,0x00000000fca08010,0x00000000ff780000)
  to   space 78336K, 0% used [0x00000000f5e80000,0x00000000f5e80000,0x00000000fab00000)
 ParOldGen       total 548864K, used 426361K [0x00000000cd400000, 0x00000000eec00000, 0x00000000ef100000)
  object space 548864K, 77% used [0x00000000cd400000,0x00000000e745e738,0x00000000eec00000)
 PSPermGen       total 138240K, used 77409K [0x00000000bd400000, 0x00000000c5b00000, 0x00000000cd400000)
  object space 138240K, 55% used [0x00000000bd400000,0x00000000c1f98790,0x00000000c5b00000)
}
{Heap before GC invocations=44 (full 5):
 PSYoungGen      total 184832K, used 138272K [0x00000000ef100000, 0x00000000ff780000, 0x0000000100000000)
  eden space 112128K, 100% used [0x00000000ef100000,0x00000000f5e80000,0x00000000f5e80000)
  from space 72704K, 35% used [0x00000000fb080000,0x00000000fca08010,0x00000000ff780000)
  to   space 78336K, 0% used [0x00000000f5e80000,0x00000000f5e80000,0x00000000fab00000)
 ParOldGen       total 548864K, used 426361K [0x00000000cd400000, 0x00000000eec00000, 0x00000000ef100000)
  object space 548864K, 77% used [0x00000000cd400000,0x00000000e745e738,0x00000000eec00000)
 PSPermGen       total 138240K, used 77409K [0x00000000bd400000, 0x00000000c5b00000, 0x00000000cd400000)
  object space 138240K, 55% used [0x00000000bd400000,0x00000000c1f98790,0x00000000c5b00000)
127.571: [GC [PSYoungGen: 138272K->23456K(190464K)] 564633K->476137K(739328K), 0.4084570 secs] [Times: user=0.44 sys=0.56, real=0.41 secs] 
Heap after GC invocations=44 (full 5):
 PSYoungGen      total 190464K, used 23456K [0x00000000ef100000, 0x0000000100000000, 0x0000000100000000)
  eden space 112128K, 0% used [0x00000000ef100000,0x00000000ef100000,0x00000000f5e80000)
  from space 78336K, 29% used [0x00000000f5e80000,0x00000000f7568000,0x00000000fab00000)
  to   space 75776K, 0% used [0x00000000fb600000,0x00000000fb600000,0x0000000100000000)
 ParOldGen       total 548864K, used 452681K [0x00000000cd400000, 0x00000000eec00000, 0x00000000ef100000)
  object space 548864K, 82% used [0x00000000cd400000,0x00000000e8e12748,0x00000000eec00000)
 PSPermGen       total 138240K, used 77409K [0x00000000bd400000, 0x00000000c5b00000, 0x00000000cd400000)
  object space 138240K, 55% used [0x00000000bd400000,0x00000000c1f98790,0x00000000c5b00000)
}
{Heap before GC invocations=45 (full 5):
 PSYoungGen      total 190464K, used 61149K [0x00000000ef100000, 0x0000000100000000, 0x0000000100000000)
  eden space 112128K, 33% used [0x00000000ef100000,0x00000000f15cf5b8,0x00000000f5e80000)
  from space 78336K, 29% used [0x00000000f5e80000,0x00000000f7568000,0x00000000fab00000)
  to   space 75776K, 0% used [0x00000000fb600000,0x00000000fb600000,0x0000000100000000)
 ParOldGen       total 553984K, used 452681K [0x00000000cd400000, 0x00000000ef100000, 0x00000000ef100000)
  object space 553984K, 81% used [0x00000000cd400000,0x00000000e8e12748,0x00000000ef100000)
 PSPermGen       total 138240K, used 77409K [0x00000000bd400000, 0x00000000c5b00000, 0x00000000cd400000)
  object space 138240K, 55% used [0x00000000bd400000,0x00000000c1f98790,0x00000000c5b00000)
128.102: [GC [PSYoungGen: 61149K->7680K(196608K)] 513831K->484057K(750592K), 0.3130020 secs] [Times: user=0.11 sys=0.54, real=0.31 secs] 
Heap after GC invocations=45 (full 5):
 PSYoungGen      total 196608K, used 7680K [0x00000000ef100000, 0x00000000ffd80000, 0x0000000100000000)
  eden space 123392K, 0% used [0x00000000ef100000,0x00000000ef100000,0x00000000f6980000)
  from space 73216K, 10% used [0x00000000fb600000,0x00000000fbd80000,0x00000000ffd80000)
  to   space 75776K, 0% used [0x00000000f6980000,0x00000000f6980000,0x00000000fb380000)
 ParOldGen       total 553984K, used 476377K [0x00000000cd400000, 0x00000000ef100000, 0x00000000ef100000)
  object space 553984K, 85% used [0x00000000cd400000,0x00000000ea536748,0x00000000ef100000)
 PSPermGen       total 138240K, used 77409K [0x00000000bd400000, 0x00000000c5b00000, 0x00000000cd400000)
  object space 138240K, 55% used [0x00000000bd400000,0x00000000c1f98790,0x00000000c5b00000)
}
{Heap before GC invocations=46 (full 5):
 PSYoungGen      total 196608K, used 131072K [0x00000000ef100000, 0x00000000ffd80000, 0x0000000100000000)
  eden space 123392K, 100% used [0x00000000ef100000,0x00000000f6980000,0x00000000f6980000)
  from space 73216K, 10% used [0x00000000fb600000,0x00000000fbd80000,0x00000000ffd80000)
  to   space 75776K, 0% used [0x00000000f6980000,0x00000000f6980000,0x00000000fb380000)
 ParOldGen       total 553984K, used 476377K [0x00000000cd400000, 0x00000000ef100000, 0x00000000ef100000)
  object space 553984K, 85% used [0x00000000cd400000,0x00000000ea536748,0x00000000ef100000)
 PSPermGen       total 138240K, used 77409K [0x00000000bd400000, 0x00000000c5b00000, 0x00000000cd400000)
  object space 138240K, 55% used [0x00000000bd400000,0x00000000c1f98790,0x00000000c5b00000)
128.510: [GC-- [PSYoungGen: 131072K->131072K(196608K)] 607449K->612089K(750592K), 0.1194370 secs] [Times: user=0.07 sys=0.06, real=0.12 secs] 
Heap after GC invocations=46 (full 5):
 PSYoungGen      total 196608K, used 131072K [0x00000000ef100000, 0x00000000ffd80000, 0x0000000100000000)
  eden space 123392K, 100% used [0x00000000ef100000,0x00000000f6980000,0x00000000f6980000)
  from space 73216K, 10% used [0x00000000fb600000,0x00000000fbd80000,0x00000000ffd80000)
  to   space 75776K, 5% used [0x00000000f6980000,0x00000000f6dd8000,0x00000000fb380000)
 ParOldGen       total 553984K, used 481017K [0x00000000cd400000, 0x00000000ef100000, 0x00000000ef100000)
  object space 553984K, 86% used [0x00000000cd400000,0x00000000ea9be748,0x00000000ef100000)
 PSPermGen       total 138240K, used 77409K [0x00000000bd400000, 0x00000000c5b00000, 0x00000000cd400000)
  object space 138240K, 55% used [0x00000000bd400000,0x00000000c1f98790,0x00000000c5b00000)
}
{Heap before GC invocations=47 (full 6):
 PSYoungGen      total 196608K, used 131072K [0x00000000ef100000, 0x00000000ffd80000, 0x0000000100000000)
  eden space 123392K, 100% used [0x00000000ef100000,0x00000000f6980000,0x00000000f6980000)
  from space 73216K, 10% used [0x00000000fb600000,0x00000000fbd80000,0x00000000ffd80000)
  to   space 75776K, 5% used [0x00000000f6980000,0x00000000f6dd8000,0x00000000fb380000)
 ParOldGen       total 553984K, used 481017K [0x00000000cd400000, 0x00000000ef100000, 0x00000000ef100000)
  object space 553984K, 86% used [0x00000000cd400000,0x00000000ea9be748,0x00000000ef100000)
 PSPermGen       total 138240K, used 77409K [0x00000000bd400000, 0x00000000c5b00000, 0x00000000cd400000)
  object space 138240K, 55% used [0x00000000bd400000,0x00000000c1f98790,0x00000000c5b00000)
128.630: [Full GC [PSYoungGen: 131072K->0K(196608K)] [ParOldGen: 481017K->510483K(553984K)] 612089K->510483K(750592K) [PSPermGen: 77409K->77409K(133632K)], 1.5731950 secs] [Times: user=2.96 sys=0.51, real=1.58 secs] 
Heap after GC invocations=47 (full 6):
 PSYoungGen      total 196608K, used 0K [0x00000000ef100000, 0x00000000ffd80000, 0x0000000100000000)
  eden space 123392K, 0% used [0x00000000ef100000,0x00000000ef100000,0x00000000f6980000)
  from space 73216K, 0% used [0x00000000fb600000,0x00000000fb600000,0x00000000ffd80000)
  to   space 75776K, 0% used [0x00000000f6980000,0x00000000f6980000,0x00000000fb380000)
 ParOldGen       total 553984K, used 510483K [0x00000000cd400000, 0x00000000ef100000, 0x00000000ef100000)
  object space 553984K, 92% used [0x00000000cd400000,0x00000000ec684e08,0x00000000ef100000)
 PSPermGen       total 133632K, used 77409K [0x00000000bd400000, 0x00000000c5680000, 0x00000000cd400000)
  object space 133632K, 57% used [0x00000000bd400000,0x00000000c1f98790,0x00000000c5680000)
}
{Heap before GC invocations=48 (full 7):
 PSYoungGen      total 196608K, used 123392K [0x00000000ef100000, 0x00000000ffd80000, 0x0000000100000000)
  eden space 123392K, 100% used [0x00000000ef100000,0x00000000f6980000,0x00000000f6980000)
  from space 73216K, 0% used [0x00000000fb600000,0x00000000fb600000,0x00000000ffd80000)
  to   space 75776K, 0% used [0x00000000f6980000,0x00000000f6980000,0x00000000fb380000)
 ParOldGen       total 553984K, used 510483K [0x00000000cd400000, 0x00000000ef100000, 0x00000000ef100000)
  object space 553984K, 92% used [0x00000000cd400000,0x00000000ec684e08,0x00000000ef100000)
 PSPermGen       total 133632K, used 77409K [0x00000000bd400000, 0x00000000c5680000, 0x00000000cd400000)
  object space 133632K, 57% used [0x00000000bd400000,0x00000000c1f98790,0x00000000c5680000)
130.574: [Full GC [PSYoungGen: 123392K->0K(196608K)] [ParOldGen: 510483K->535315K(553984K)] 633875K->535315K(750592K) [PSPermGen: 77409K->77409K(131072K)], 1.5321500 secs] [Times: user=3.19 sys=0.31, real=1.53 secs] 
Heap after GC invocations=48 (full 7):
 PSYoungGen      total 196608K, used 0K [0x00000000ef100000, 0x00000000ffd80000, 0x0000000100000000)
  eden space 123392K, 0% used [0x00000000ef100000,0x00000000ef100000,0x00000000f6980000)
  from space 73216K, 0% used [0x00000000fb600000,0x00000000fb600000,0x00000000ffd80000)
  to   space 75776K, 0% used [0x00000000f6980000,0x00000000f6980000,0x00000000fb380000)
 ParOldGen       total 553984K, used 535315K [0x00000000cd400000, 0x00000000ef100000, 0x00000000ef100000)
  object space 553984K, 96% used [0x00000000cd400000,0x00000000edec4d30,0x00000000ef100000)
 PSPermGen       total 131072K, used 77409K [0x00000000bd400000, 0x00000000c5400000, 0x00000000cd400000)
  object space 131072K, 59% used [0x00000000bd400000,0x00000000c1f98790,0x00000000c5400000)
}
{Heap before GC invocations=49 (full 8):
 PSYoungGen      total 196608K, used 123392K [0x00000000ef100000, 0x00000000ffd80000, 0x0000000100000000)
  eden space 123392K, 100% used [0x00000000ef100000,0x00000000f6980000,0x00000000f6980000)
  from space 73216K, 0% used [0x00000000fb600000,0x00000000fb600000,0x00000000ffd80000)
  to   space 75776K, 0% used [0x00000000f6980000,0x00000000f6980000,0x00000000fb380000)
 ParOldGen       total 553984K, used 535315K [0x00000000cd400000, 0x00000000ef100000, 0x00000000ef100000)
  object space 553984K, 96% used [0x00000000cd400000,0x00000000edec4d30,0x00000000ef100000)
 PSPermGen       total 131072K, used 77409K [0x00000000bd400000, 0x00000000c5400000, 0x00000000cd400000)
  object space 131072K, 59% used [0x00000000bd400000,0x00000000c1f98790,0x00000000c5400000)
132.595: [Full GC [PSYoungGen: 123392K->0K(196608K)] [ParOldGen: 535315K->219753K(553984K)] 658707K->219753K(750592K) [PSPermGen: 77409K->77409K(131072K)], 1.1602920 secs] [Times: user=2.64 sys=0.01, real=1.16 secs] 
Heap after GC invocations=49 (full 8):
 PSYoungGen      total 196608K, used 0K [0x00000000ef100000, 0x00000000ffd80000, 0x0000000100000000)
  eden space 123392K, 0% used [0x00000000ef100000,0x00000000ef100000,0x00000000f6980000)
  from space 73216K, 0% used [0x00000000fb600000,0x00000000fb600000,0x00000000ffd80000)
  to   space 75776K, 0% used [0x00000000f6980000,0x00000000f6980000,0x00000000fb380000)
 ParOldGen       total 553984K, used 219753K [0x00000000cd400000, 0x00000000ef100000, 0x00000000ef100000)
  object space 553984K, 39% used [0x00000000cd400000,0x00000000daa9a6c8,0x00000000ef100000)
 PSPermGen       total 131072K, used 77409K [0x00000000bd400000, 0x00000000c5400000, 0x00000000cd400000)
  object space 131072K, 59% used [0x00000000bd400000,0x00000000c1f98790,0x00000000c5400000)
}
{Heap before GC invocations=50 (full 8):
 PSYoungGen      total 196608K, used 123392K [0x00000000ef100000, 0x00000000ffd80000, 0x0000000100000000)
  eden space 123392K, 100% used [0x00000000ef100000,0x00000000f6980000,0x00000000f6980000)
  from space 73216K, 0% used [0x00000000fb600000,0x00000000fb600000,0x00000000ffd80000)
  to   space 75776K, 0% used [0x00000000f6980000,0x00000000f6980000,0x00000000fb380000)
 ParOldGen       total 553984K, used 219753K [0x00000000cd400000, 0x00000000ef100000, 0x00000000ef100000)
  object space 553984K, 39% used [0x00000000cd400000,0x00000000daa9a6c8,0x00000000ef100000)
 PSPermGen       total 131072K, used 77432K [0x00000000bd400000, 0x00000000c5400000, 0x00000000cd400000)
  object space 131072K, 59% used [0x00000000bd400000,0x00000000c1f9e170,0x00000000c5400000)
151.173: [GC [PSYoungGen: 123392K->28928K(199168K)] 343145K->248681K(753152K), 0.0444860 secs] [Times: user=0.08 sys=0.00, real=0.04 secs] 
Heap after GC invocations=50 (full 8):
 PSYoungGen      total 199168K, used 28928K [0x00000000ef100000, 0x00000000ffa80000, 0x0000000100000000)
  eden space 123392K, 0% used [0x00000000ef100000,0x00000000ef100000,0x00000000f6980000)
  from space 75776K, 38% used [0x00000000f6980000,0x00000000f85c0020,0x00000000fb380000)
  to   space 71680K, 0% used [0x00000000fb480000,0x00000000fb480000,0x00000000ffa80000)
 ParOldGen       total 553984K, used 219753K [0x00000000cd400000, 0x00000000ef100000, 0x00000000ef100000)
  object space 553984K, 39% used [0x00000000cd400000,0x00000000daa9a6c8,0x00000000ef100000)
 PSPermGen       total 131072K, used 77432K [0x00000000bd400000, 0x00000000c5400000, 0x00000000cd400000)
  object space 131072K, 59% used [0x00000000bd400000,0x00000000c1f9e170,0x00000000c5400000)
}
{Heap before GC invocations=51 (full 8):
 PSYoungGen      total 199168K, used 152320K [0x00000000ef100000, 0x00000000ffa80000, 0x0000000100000000)
  eden space 123392K, 100% used [0x00000000ef100000,0x00000000f6980000,0x00000000f6980000)
  from space 75776K, 38% used [0x00000000f6980000,0x00000000f85c0020,0x00000000fb380000)
  to   space 71680K, 0% used [0x00000000fb480000,0x00000000fb480000,0x00000000ffa80000)
 ParOldGen       total 553984K, used 219753K [0x00000000cd400000, 0x00000000ef100000, 0x00000000ef100000)
  object space 553984K, 39% used [0x00000000cd400000,0x00000000daa9a6c8,0x00000000ef100000)
 PSPermGen       total 131072K, used 77432K [0x00000000bd400000, 0x00000000c5400000, 0x00000000cd400000)
  object space 131072K, 59% used [0x00000000bd400000,0x00000000c1f9e170,0x00000000c5400000)
151.581: [GC [PSYoungGen: 152320K->36800K(199168K)] 372073K->278675K(753152K), 0.0730410 secs] [Times: user=0.16 sys=0.00, real=0.07 secs] 
Heap after GC invocations=51 (full 8):
 PSYoungGen      total 199168K, used 36800K [0x00000000ef100000, 0x00000000ff800000, 0x0000000100000000)
  eden space 130048K, 0% used [0x00000000ef100000,0x00000000ef100000,0x00000000f7000000)
  from space 69120K, 53% used [0x00000000fb480000,0x00000000fd870020,0x00000000ff800000)
  to   space 69632K, 0% used [0x00000000f7000000,0x00000000f7000000,0x00000000fb400000)
 ParOldGen       total 553984K, used 241875K [0x00000000cd400000, 0x00000000ef100000, 0x00000000ef100000)
  object space 553984K, 43% used [0x00000000cd400000,0x00000000dc034ee8,0x00000000ef100000)
 PSPermGen       total 131072K, used 77432K [0x00000000bd400000, 0x00000000c5400000, 0x00000000cd400000)
  object space 131072K, 59% used [0x00000000bd400000,0x00000000c1f9e170,0x00000000c5400000)
}
{Heap before GC invocations=52 (full 8):
 PSYoungGen      total 199168K, used 166848K [0x00000000ef100000, 0x00000000ff800000, 0x0000000100000000)
  eden space 130048K, 100% used [0x00000000ef100000,0x00000000f7000000,0x00000000f7000000)
  from space 69120K, 53% used [0x00000000fb480000,0x00000000fd870020,0x00000000ff800000)
  to   space 69632K, 0% used [0x00000000f7000000,0x00000000f7000000,0x00000000fb400000)
 ParOldGen       total 553984K, used 241875K [0x00000000cd400000, 0x00000000ef100000, 0x00000000ef100000)
  object space 553984K, 43% used [0x00000000cd400000,0x00000000dc034ee8,0x00000000ef100000)
 PSPermGen       total 131072K, used 77432K [0x00000000bd400000, 0x00000000c5400000, 0x00000000cd400000)
  object space 131072K, 59% used [0x00000000bd400000,0x00000000c1f9e170,0x00000000c5400000)
151.975: [GC [PSYoungGen: 166848K->69600K(199680K)] 408723K->313611K(753664K), 0.0542120 secs] [Times: user=0.16 sys=0.00, real=0.05 secs] 
Heap after GC invocations=52 (full 8):
 PSYoungGen      total 199680K, used 69600K [0x00000000ef100000, 0x0000000100000000, 0x0000000100000000)
  eden space 130048K, 0% used [0x00000000ef100000,0x00000000ef100000,0x00000000f7000000)
  from space 69632K, 99% used [0x00000000f7000000,0x00000000fb3f8020,0x00000000fb400000)
  to   space 77824K, 0% used [0x00000000fb400000,0x00000000fb400000,0x0000000100000000)
 ParOldGen       total 553984K, used 244011K [0x00000000cd400000, 0x00000000ef100000, 0x00000000ef100000)
  object space 553984K, 44% used [0x00000000cd400000,0x00000000dc24aee8,0x00000000ef100000)
 PSPermGen       total 131072K, used 77432K [0x00000000bd400000, 0x00000000c5400000, 0x00000000cd400000)
  object space 131072K, 59% used [0x00000000bd400000,0x00000000c1f9e170,0x00000000c5400000)
}
{Heap before GC invocations=53 (full 8):
 PSYoungGen      total 199680K, used 187254K [0x00000000ef100000, 0x0000000100000000, 0x0000000100000000)
  eden space 130048K, 90% used [0x00000000ef100000,0x00000000f63e5b98,0x00000000f7000000)
  from space 69632K, 99% used [0x00000000f7000000,0x00000000fb3f8020,0x00000000fb400000)
  to   space 77824K, 0% used [0x00000000fb400000,0x00000000fb400000,0x0000000100000000)
 ParOldGen       total 553984K, used 244011K [0x00000000cd400000, 0x00000000ef100000, 0x00000000ef100000)
  object space 553984K, 44% used [0x00000000cd400000,0x00000000dc24aee8,0x00000000ef100000)
 PSPermGen       total 131072K, used 77432K [0x00000000bd400000, 0x00000000c5400000, 0x00000000cd400000)
  object space 131072K, 59% used [0x00000000bd400000,0x00000000c1f9e170,0x00000000c5400000)
152.433: [GC [PSYoungGen: 187254K->24352K(198656K)] 431266K->338523K(752640K), 0.1044440 secs] [Times: user=0.19 sys=0.00, real=0.10 secs] 
Heap after GC invocations=53 (full 8):
 PSYoungGen      total 198656K, used 24352K [0x00000000ef100000, 0x0000000100000000, 0x0000000100000000)
  eden space 120832K, 0% used [0x00000000ef100000,0x00000000ef100000,0x00000000f6700000)
  from space 77824K, 31% used [0x00000000fb400000,0x00000000fcbc8000,0x0000000100000000)
  to   space 78336K, 0% used [0x00000000f6700000,0x00000000f6700000,0x00000000fb380000)
 ParOldGen       total 553984K, used 314171K [0x00000000cd400000, 0x00000000ef100000, 0x00000000ef100000)
  object space 553984K, 56% used [0x00000000cd400000,0x00000000e06cef08,0x00000000ef100000)
 PSPermGen       total 131072K, used 77432K [0x00000000bd400000, 0x00000000c5400000, 0x00000000cd400000)
  object space 131072K, 59% used [0x00000000bd400000,0x00000000c1f9e170,0x00000000c5400000)
}
{Heap before GC invocations=54 (full 8):
 PSYoungGen      total 198656K, used 145184K [0x00000000ef100000, 0x0000000100000000, 0x0000000100000000)
  eden space 120832K, 100% used [0x00000000ef100000,0x00000000f6700000,0x00000000f6700000)
  from space 77824K, 31% used [0x00000000fb400000,0x00000000fcbc8000,0x0000000100000000)
  to   space 78336K, 0% used [0x00000000f6700000,0x00000000f6700000,0x00000000fb380000)
 ParOldGen       total 553984K, used 314171K [0x00000000cd400000, 0x00000000ef100000, 0x00000000ef100000)
  object space 553984K, 56% used [0x00000000cd400000,0x00000000e06cef08,0x00000000ef100000)
 PSPermGen       total 131072K, used 77432K [0x00000000bd400000, 0x00000000c5400000, 0x00000000cd400000)
  object space 131072K, 59% used [0x00000000bd400000,0x00000000c1f9e170,0x00000000c5400000)
152.768: [GC [PSYoungGen: 145184K->78304K(199168K)] 459355K->404243K(753152K), 0.0971840 secs] [Times: user=0.17 sys=0.00, real=0.10 secs] 
Heap after GC invocations=54 (full 8):
 PSYoungGen      total 199168K, used 78304K [0x00000000ef100000, 0x0000000100000000, 0x0000000100000000)
  eden space 120832K, 0% used [0x00000000ef100000,0x00000000ef100000,0x00000000f6700000)
  from space 78336K, 99% used [0x00000000f6700000,0x00000000fb378010,0x00000000fb380000)
  to   space 78336K, 0% used [0x00000000fb380000,0x00000000fb380000,0x0000000100000000)
 ParOldGen       total 553984K, used 325939K [0x00000000cd400000, 0x00000000ef100000, 0x00000000ef100000)
  object space 553984K, 58% used [0x00000000cd400000,0x00000000e124cf08,0x00000000ef100000)
 PSPermGen       total 131072K, used 77432K [0x00000000bd400000, 0x00000000c5400000, 0x00000000cd400000)
  object space 131072K, 59% used [0x00000000bd400000,0x00000000c1f9e170,0x00000000c5400000)
}
{Heap before GC invocations=55 (full 8):
 PSYoungGen      total 199168K, used 198619K [0x00000000ef100000, 0x0000000100000000, 0x0000000100000000)
  eden space 120832K, 99% used [0x00000000ef100000,0x00000000f667ec68,0x00000000f6700000)
  from space 78336K, 99% used [0x00000000f6700000,0x00000000fb378010,0x00000000fb380000)
  to   space 78336K, 0% used [0x00000000fb380000,0x00000000fb380000,0x0000000100000000)
 ParOldGen       total 553984K, used 325939K [0x00000000cd400000, 0x00000000ef100000, 0x00000000ef100000)
  object space 553984K, 58% used [0x00000000cd400000,0x00000000e124cf08,0x00000000ef100000)
 PSPermGen       total 131072K, used 77432K [0x00000000bd400000, 0x00000000c5400000, 0x00000000cd400000)
  object space 131072K, 59% used [0x00000000bd400000,0x00000000c1f9e170,0x00000000c5400000)
153.252: [GC [PSYoungGen: 198619K->25152K(172544K)] 524558K->429651K(726528K), 0.1109930 secs] [Times: user=0.24 sys=0.00, real=0.11 secs] 
Heap after GC invocations=55 (full 8):
 PSYoungGen      total 172544K, used 25152K [0x00000000ef100000, 0x0000000100000000, 0x0000000100000000)
  eden space 94208K, 0% used [0x00000000ef100000,0x00000000ef100000,0x00000000f4d00000)
  from space 78336K, 32% used [0x00000000fb380000,0x00000000fcc10000,0x0000000100000000)
  to   space 91648K, 0% used [0x00000000f4d00000,0x00000000f4d00000,0x00000000fa680000)
 ParOldGen       total 553984K, used 404499K [0x00000000cd400000, 0x00000000ef100000, 0x00000000ef100000)
  object space 553984K, 73% used [0x00000000cd400000,0x00000000e5f04f18,0x00000000ef100000)
 PSPermGen       total 131072K, used 77432K [0x00000000bd400000, 0x00000000c5400000, 0x00000000cd400000)
  object space 131072K, 59% used [0x00000000bd400000,0x00000000c1f9e170,0x00000000c5400000)
}
{Heap before GC invocations=56 (full 8):
 PSYoungGen      total 172544K, used 119360K [0x00000000ef100000, 0x0000000100000000, 0x0000000100000000)
  eden space 94208K, 100% used [0x00000000ef100000,0x00000000f4d00000,0x00000000f4d00000)
  from space 78336K, 32% used [0x00000000fb380000,0x00000000fcc10000,0x0000000100000000)
  to   space 91648K, 0% used [0x00000000f4d00000,0x00000000f4d00000,0x00000000fa680000)
 ParOldGen       total 553984K, used 404499K [0x00000000cd400000, 0x00000000ef100000, 0x00000000ef100000)
  object space 553984K, 73% used [0x00000000cd400000,0x00000000e5f04f18,0x00000000ef100000)
 PSPermGen       total 131072K, used 77432K [0x00000000bd400000, 0x00000000c5400000, 0x00000000cd400000)
  object space 131072K, 59% used [0x00000000bd400000,0x00000000c1f9e170,0x00000000c5400000)
153.675: [GC [PSYoungGen: 119360K->47840K(185856K)] 523859K->452339K(739840K), 0.0712810 secs] [Times: user=0.18 sys=0.00, real=0.07 secs] 
Heap after GC invocations=56 (full 8):
 PSYoungGen      total 185856K, used 47840K [0x00000000ef100000, 0x0000000100000000, 0x0000000100000000)
  eden space 94208K, 0% used [0x00000000ef100000,0x00000000ef100000,0x00000000f4d00000)
  from space 91648K, 52% used [0x00000000f4d00000,0x00000000f7bb8010,0x00000000fa680000)
  to   space 90112K, 0% used [0x00000000fa800000,0x00000000fa800000,0x0000000100000000)
 ParOldGen       total 553984K, used 404499K [0x00000000cd400000, 0x00000000ef100000, 0x00000000ef100000)
  object space 553984K, 73% used [0x00000000cd400000,0x00000000e5f04f18,0x00000000ef100000)
 PSPermGen       total 131072K, used 77432K [0x00000000bd400000, 0x00000000c5400000, 0x00000000cd400000)
  object space 131072K, 59% used [0x00000000bd400000,0x00000000c1f9e170,0x00000000c5400000)
}
{Heap before GC invocations=57 (full 8):
 PSYoungGen      total 185856K, used 142048K [0x00000000ef100000, 0x0000000100000000, 0x0000000100000000)
  eden space 94208K, 100% used [0x00000000ef100000,0x00000000f4d00000,0x00000000f4d00000)
  from space 91648K, 52% used [0x00000000f4d00000,0x00000000f7bb8010,0x00000000fa680000)
  to   space 90112K, 0% used [0x00000000fa800000,0x00000000fa800000,0x0000000100000000)
 ParOldGen       total 553984K, used 404499K [0x00000000cd400000, 0x00000000ef100000, 0x00000000ef100000)
  object space 553984K, 73% used [0x00000000cd400000,0x00000000e5f04f18,0x00000000ef100000)
 PSPermGen       total 131072K, used 77432K [0x00000000bd400000, 0x00000000c5400000, 0x00000000cd400000)
  object space 131072K, 59% used [0x00000000bd400000,0x00000000c1f9e348,0x00000000c5400000)
154.028: [GC [PSYoungGen: 142048K->67456K(183296K)] 546547K->471955K(737280K), 0.0901800 secs] [Times: user=0.19 sys=0.00, real=0.09 secs] 
Heap after GC invocations=57 (full 8):
 PSYoungGen      total 183296K, used 67456K [0x00000000ef100000, 0x0000000100000000, 0x0000000100000000)
  eden space 93184K, 0% used [0x00000000ef100000,0x00000000ef100000,0x00000000f4c00000)
  from space 90112K, 74% used [0x00000000fa800000,0x00000000fe9e0010,0x0000000100000000)
  to   space 92160K, 0% used [0x00000000f4c00000,0x00000000f4c00000,0x00000000fa600000)
 ParOldGen       total 553984K, used 404499K [0x00000000cd400000, 0x00000000ef100000, 0x00000000ef100000)
  object space 553984K, 73% used [0x00000000cd400000,0x00000000e5f04f18,0x00000000ef100000)
 PSPermGen       total 131072K, used 77432K [0x00000000bd400000, 0x00000000c5400000, 0x00000000cd400000)
  object space 131072K, 59% used [0x00000000bd400000,0x00000000c1f9e348,0x00000000c5400000)
}
{Heap before GC invocations=58 (full 9):
 PSYoungGen      total 183296K, used 138844K [0x00000000ef100000, 0x0000000100000000, 0x0000000100000000)
  eden space 93184K, 76% used [0x00000000ef100000,0x00000000f36b73e0,0x00000000f4c00000)
  from space 90112K, 74% used [0x00000000fa800000,0x00000000fe9e0010,0x0000000100000000)
  to   space 92160K, 0% used [0x00000000f4c00000,0x00000000f4c00000,0x00000000fa600000)
 ParOldGen       total 553984K, used 506899K [0x00000000cd400000, 0x00000000ef100000, 0x00000000ef100000)
  object space 553984K, 91% used [0x00000000cd400000,0x00000000ec304f28,0x00000000ef100000)
 PSPermGen       total 131072K, used 77432K [0x00000000bd400000, 0x00000000c5400000, 0x00000000cd400000)
  object space 131072K, 59% used [0x00000000bd400000,0x00000000c1f9e348,0x00000000c5400000)
154.396: [Full GC [PSYoungGen: 138844K->0K(183296K)] [ParOldGen: 506899K->220164K(553984K)] 645744K->220164K(737280K) [PSPermGen: 77432K->77432K(131072K)], 1.1311290 secs] [Times: user=2.57 sys=0.00, real=1.13 secs] 
Heap after GC invocations=58 (full 9):
 PSYoungGen      total 183296K, used 0K [0x00000000ef100000, 0x0000000100000000, 0x0000000100000000)
  eden space 93184K, 0% used [0x00000000ef100000,0x00000000ef100000,0x00000000f4c00000)
  from space 90112K, 0% used [0x00000000fa800000,0x00000000fa800000,0x0000000100000000)
  to   space 92160K, 0% used [0x00000000f4c00000,0x00000000f4c00000,0x00000000fa600000)
 ParOldGen       total 553984K, used 220164K [0x00000000cd400000, 0x00000000ef100000, 0x00000000ef100000)
  object space 553984K, 39% used [0x00000000cd400000,0x00000000dab011a8,0x00000000ef100000)
 PSPermGen       total 131072K, used 77432K [0x00000000bd400000, 0x00000000c5400000, 0x00000000cd400000)
  object space 131072K, 59% used [0x00000000bd400000,0x00000000c1f9e348,0x00000000c5400000)
}
{Heap before GC invocations=59 (full 9):
 PSYoungGen      total 183296K, used 93002K [0x00000000ef100000, 0x0000000100000000, 0x0000000100000000)
  eden space 93184K, 99% used [0x00000000ef100000,0x00000000f4bd2858,0x00000000f4c00000)
  from space 90112K, 0% used [0x00000000fa800000,0x00000000fa800000,0x0000000100000000)
  to   space 92160K, 0% used [0x00000000f4c00000,0x00000000f4c00000,0x00000000fa600000)
 ParOldGen       total 553984K, used 220164K [0x00000000cd400000, 0x00000000ef100000, 0x00000000ef100000)
  object space 553984K, 39% used [0x00000000cd400000,0x00000000dab011a8,0x00000000ef100000)
 PSPermGen       total 131072K, used 77432K [0x00000000bd400000, 0x00000000c5400000, 0x00000000cd400000)
  object space 131072K, 59% used [0x00000000bd400000,0x00000000c1f9e348,0x00000000c5400000)
175.469: [GC [PSYoungGen: 93002K->22912K(185344K)] 313166K->243076K(739328K), 0.0245790 secs] [Times: user=0.06 sys=0.00, real=0.03 secs] 
Heap after GC invocations=59 (full 9):
 PSYoungGen      total 185344K, used 22912K [0x00000000ef100000, 0x0000000100000000, 0x0000000100000000)
  eden space 93184K, 0% used [0x00000000ef100000,0x00000000ef100000,0x00000000f4c00000)
  from space 92160K, 24% used [0x00000000f4c00000,0x00000000f6260020,0x00000000fa600000)
  to   space 92160K, 0% used [0x00000000fa600000,0x00000000fa600000,0x0000000100000000)
 ParOldGen       total 553984K, used 220164K [0x00000000cd400000, 0x00000000ef100000, 0x00000000ef100000)
  object space 553984K, 39% used [0x00000000cd400000,0x00000000dab011a8,0x00000000ef100000)
 PSPermGen       total 131072K, used 77432K [0x00000000bd400000, 0x00000000c5400000, 0x00000000cd400000)
  object space 131072K, 59% used [0x00000000bd400000,0x00000000c1f9e348,0x00000000c5400000)
}
{Heap before GC invocations=60 (full 9):
 PSYoungGen      total 185344K, used 116096K [0x00000000ef100000, 0x0000000100000000, 0x0000000100000000)
  eden space 93184K, 100% used [0x00000000ef100000,0x00000000f4c00000,0x00000000f4c00000)
  from space 92160K, 24% used [0x00000000f4c00000,0x00000000f6260020,0x00000000fa600000)
  to   space 92160K, 0% used [0x00000000fa600000,0x00000000fa600000,0x0000000100000000)
 ParOldGen       total 553984K, used 220164K [0x00000000cd400000, 0x00000000ef100000, 0x00000000ef100000)
  object space 553984K, 39% used [0x00000000cd400000,0x00000000dab011a8,0x00000000ef100000)
 PSPermGen       total 131072K, used 77432K [0x00000000bd400000, 0x00000000c5400000, 0x00000000cd400000)
  object space 131072K, 59% used [0x00000000bd400000,0x00000000c1f9e348,0x00000000c5400000)
175.700: [GC [PSYoungGen: 116096K->30336K(180224K)] 336260K->266764K(734208K), 0.0622660 secs] [Times: user=0.10 sys=0.00, real=0.06 secs] 
Heap after GC invocations=60 (full 9):
 PSYoungGen      total 180224K, used 30336K [0x00000000ef100000, 0x00000000ffb00000, 0x0000000100000000)
  eden space 93184K, 0% used [0x00000000ef100000,0x00000000ef100000,0x00000000f4c00000)
  from space 87040K, 34% used [0x00000000fa600000,0x00000000fc3a0020,0x00000000ffb00000)
  to   space 89600K, 0% used [0x00000000f4c00000,0x00000000f4c00000,0x00000000fa380000)
 ParOldGen       total 553984K, used 236428K [0x00000000cd400000, 0x00000000ef100000, 0x00000000ef100000)
  object space 553984K, 42% used [0x00000000cd400000,0x00000000dbae31a8,0x00000000ef100000)
 PSPermGen       total 131072K, used 77432K [0x00000000bd400000, 0x00000000c5400000, 0x00000000cd400000)
  object space 131072K, 59% used [0x00000000bd400000,0x00000000c1f9e348,0x00000000c5400000)
}
{Heap before GC invocations=61 (full 9):
 PSYoungGen      total 180224K, used 123520K [0x00000000ef100000, 0x00000000ffb00000, 0x0000000100000000)
  eden space 93184K, 100% used [0x00000000ef100000,0x00000000f4c00000,0x00000000f4c00000)
  from space 87040K, 34% used [0x00000000fa600000,0x00000000fc3a0020,0x00000000ffb00000)
  to   space 89600K, 0% used [0x00000000f4c00000,0x00000000f4c00000,0x00000000fa380000)
 ParOldGen       total 553984K, used 236428K [0x00000000cd400000, 0x00000000ef100000, 0x00000000ef100000)
  object space 553984K, 42% used [0x00000000cd400000,0x00000000dbae31a8,0x00000000ef100000)
 PSPermGen       total 131072K, used 77432K [0x00000000bd400000, 0x00000000c5400000, 0x00000000cd400000)
  object space 131072K, 59% used [0x00000000bd400000,0x00000000c1f9e348,0x00000000c5400000)
175.980: [GC [PSYoungGen: 123520K->57120K(182784K)] 359948K->293548K(736768K), 0.0370500 secs] [Times: user=0.10 sys=0.00, real=0.03 secs] 
Heap after GC invocations=61 (full 9):
 PSYoungGen      total 182784K, used 57120K [0x00000000ef100000, 0x0000000100000000, 0x0000000100000000)
  eden space 93184K, 0% used [0x00000000ef100000,0x00000000ef100000,0x00000000f4c00000)
  from space 89600K, 63% used [0x00000000f4c00000,0x00000000f83c8020,0x00000000fa380000)
  to   space 91136K, 0% used [0x00000000fa700000,0x00000000fa700000,0x0000000100000000)
 ParOldGen       total 553984K, used 236428K [0x00000000cd400000, 0x00000000ef100000, 0x00000000ef100000)
  object space 553984K, 42% used [0x00000000cd400000,0x00000000dbae31a8,0x00000000ef100000)
 PSPermGen       total 131072K, used 77432K [0x00000000bd400000, 0x00000000c5400000, 0x00000000cd400000)
  object space 131072K, 59% used [0x00000000bd400000,0x00000000c1f9e348,0x00000000c5400000)
}
{Heap before GC invocations=62 (full 9):
 PSYoungGen      total 182784K, used 150304K [0x00000000ef100000, 0x0000000100000000, 0x0000000100000000)
  eden space 93184K, 100% used [0x00000000ef100000,0x00000000f4c00000,0x00000000f4c00000)
  from space 89600K, 63% used [0x00000000f4c00000,0x00000000f83c8020,0x00000000fa380000)
  to   space 91136K, 0% used [0x00000000fa700000,0x00000000fa700000,0x0000000100000000)
 ParOldGen       total 553984K, used 236428K [0x00000000cd400000, 0x00000000ef100000, 0x00000000ef100000)
  object space 553984K, 42% used [0x00000000cd400000,0x00000000dbae31a8,0x00000000ef100000)
 PSPermGen       total 131072K, used 77432K [0x00000000bd400000, 0x00000000c5400000, 0x00000000cd400000)
  object space 131072K, 59% used [0x00000000bd400000,0x00000000c1f9e348,0x00000000c5400000)
176.349: [GC [PSYoungGen: 150304K->77184K(184320K)] 386732K->313612K(738304K), 0.0835660 secs] [Times: user=0.17 sys=0.00, real=0.09 secs] 
Heap after GC invocations=62 (full 9):
 PSYoungGen      total 184320K, used 77184K [0x00000000ef100000, 0x0000000100000000, 0x0000000100000000)
  eden space 93184K, 0% used [0x00000000ef100000,0x00000000ef100000,0x00000000f4c00000)
  from space 91136K, 84% used [0x00000000fa700000,0x00000000ff260020,0x0000000100000000)
  to   space 92160K, 0% used [0x00000000f4c00000,0x00000000f4c00000,0x00000000fa600000)
 ParOldGen       total 553984K, used 236428K [0x00000000cd400000, 0x00000000ef100000, 0x00000000ef100000)
  object space 553984K, 42% used [0x00000000cd400000,0x00000000dbae31a8,0x00000000ef100000)
 PSPermGen       total 131072K, used 77432K [0x00000000bd400000, 0x00000000c5400000, 0x00000000cd400000)
  object space 131072K, 59% used [0x00000000bd400000,0x00000000c1f9e348,0x00000000c5400000)
}
{Heap before GC invocations=63 (full 9):
 PSYoungGen      total 184320K, used 170368K [0x00000000ef100000, 0x0000000100000000, 0x0000000100000000)
  eden space 93184K, 100% used [0x00000000ef100000,0x00000000f4c00000,0x00000000f4c00000)
  from space 91136K, 84% used [0x00000000fa700000,0x00000000ff260020,0x0000000100000000)
  to   space 92160K, 0% used [0x00000000f4c00000,0x00000000f4c00000,0x00000000fa600000)
 ParOldGen       total 553984K, used 236428K [0x00000000cd400000, 0x00000000ef100000, 0x00000000ef100000)
  object space 553984K, 42% used [0x00000000cd400000,0x00000000dbae31a8,0x00000000ef100000)
 PSPermGen       total 131072K, used 77432K [0x00000000bd400000, 0x00000000c5400000, 0x00000000cd400000)
  object space 131072K, 59% used [0x00000000bd400000,0x00000000c1f9e348,0x00000000c5400000)
176.682: [GC [PSYoungGen: 170368K->40576K(185344K)] 406796K->333468K(739328K), 0.0854610 secs] [Times: user=0.19 sys=0.00, real=0.08 secs] 
Heap after GC invocations=63 (full 9):
 PSYoungGen      total 185344K, used 40576K [0x00000000ef100000, 0x0000000100000000, 0x0000000100000000)
  eden space 93184K, 0% used [0x00000000ef100000,0x00000000ef100000,0x00000000f4c00000)
  from space 92160K, 44% used [0x00000000f4c00000,0x00000000f73a0010,0x00000000fa600000)
  to   space 92160K, 0% used [0x00000000fa600000,0x00000000fa600000,0x0000000100000000)
 ParOldGen       total 553984K, used 292892K [0x00000000cd400000, 0x00000000ef100000, 0x00000000ef100000)
  object space 553984K, 52% used [0x00000000cd400000,0x00000000df2071b8,0x00000000ef100000)
 PSPermGen       total 131072K, used 77432K [0x00000000bd400000, 0x00000000c5400000, 0x00000000cd400000)
  object space 131072K, 59% used [0x00000000bd400000,0x00000000c1f9e348,0x00000000c5400000)
}
{Heap before GC invocations=64 (full 9):
 PSYoungGen      total 185344K, used 133760K [0x00000000ef100000, 0x0000000100000000, 0x0000000100000000)
  eden space 93184K, 100% used [0x00000000ef100000,0x00000000f4c00000,0x00000000f4c00000)
  from space 92160K, 44% used [0x00000000f4c00000,0x00000000f73a0010,0x00000000fa600000)
  to   space 92160K, 0% used [0x00000000fa600000,0x00000000fa600000,0x0000000100000000)
 ParOldGen       total 553984K, used 292892K [0x00000000cd400000, 0x00000000ef100000, 0x00000000ef100000)
  object space 553984K, 52% used [0x00000000cd400000,0x00000000df2071b8,0x00000000ef100000)
 PSPermGen       total 131072K, used 77432K [0x00000000bd400000, 0x00000000c5400000, 0x00000000cd400000)
  object space 131072K, 59% used [0x00000000bd400000,0x00000000c1f9e348,0x00000000c5400000)
176.912: [GC [PSYoungGen: 133760K->60000K(185344K)] 426652K->393908K(739328K), 0.0891590 secs] [Times: user=0.21 sys=0.00, real=0.09 secs] 
Heap after GC invocations=64 (full 9):
 PSYoungGen      total 185344K, used 60000K [0x00000000ef100000, 0x0000000100000000, 0x0000000100000000)
  eden space 93184K, 0% used [0x00000000ef100000,0x00000000ef100000,0x00000000f4c00000)
  from space 92160K, 65% used [0x00000000fa600000,0x00000000fe098010,0x0000000100000000)
  to   space 92160K, 0% used [0x00000000f4c00000,0x00000000f4c00000,0x00000000fa600000)
 ParOldGen       total 553984K, used 333908K [0x00000000cd400000, 0x00000000ef100000, 0x00000000ef100000)
  object space 553984K, 60% used [0x00000000cd400000,0x00000000e1a151c8,0x00000000ef100000)
 PSPermGen       total 131072K, used 77432K [0x00000000bd400000, 0x00000000c5400000, 0x00000000cd400000)
  object space 131072K, 59% used [0x00000000bd400000,0x00000000c1f9e348,0x00000000c5400000)
}
{Heap before GC invocations=65 (full 9):
 PSYoungGen      total 185344K, used 153184K [0x00000000ef100000, 0x0000000100000000, 0x0000000100000000)
  eden space 93184K, 100% used [0x00000000ef100000,0x00000000f4c00000,0x00000000f4c00000)
  from space 92160K, 65% used [0x00000000fa600000,0x00000000fe098010,0x0000000100000000)
  to   space 92160K, 0% used [0x00000000f4c00000,0x00000000f4c00000,0x00000000fa600000)
 ParOldGen       total 553984K, used 333908K [0x00000000cd400000, 0x00000000ef100000, 0x00000000ef100000)
  object space 553984K, 60% used [0x00000000cd400000,0x00000000e1a151c8,0x00000000ef100000)
 PSPermGen       total 131072K, used 77432K [0x00000000bd400000, 0x00000000c5400000, 0x00000000cd400000)
  object space 131072K, 59% used [0x00000000bd400000,0x00000000c1f9e348,0x00000000c5400000)
177.396: [GC [PSYoungGen: 153184K->19488K(185344K)] 487092K->413380K(739328K), 0.0539480 secs] [Times: user=0.15 sys=0.01, real=0.05 secs] 
Heap after GC invocations=65 (full 9):
 PSYoungGen      total 185344K, used 19488K [0x00000000ef100000, 0x0000000100000000, 0x0000000100000000)
  eden space 93184K, 0% used [0x00000000ef100000,0x00000000ef100000,0x00000000f4c00000)
  from space 92160K, 21% used [0x00000000f4c00000,0x00000000f5f08000,0x00000000fa600000)
  to   space 92160K, 0% used [0x00000000fa600000,0x00000000fa600000,0x0000000100000000)
 ParOldGen       total 553984K, used 393892K [0x00000000cd400000, 0x00000000ef100000, 0x00000000ef100000)
  object space 553984K, 71% used [0x00000000cd400000,0x00000000e54a91d8,0x00000000ef100000)
 PSPermGen       total 131072K, used 77432K [0x00000000bd400000, 0x00000000c5400000, 0x00000000cd400000)
  object space 131072K, 59% used [0x00000000bd400000,0x00000000c1f9e348,0x00000000c5400000)
}
{Heap before GC invocations=66 (full 9):
 PSYoungGen      total 185344K, used 112672K [0x00000000ef100000, 0x0000000100000000, 0x0000000100000000)
  eden space 93184K, 100% used [0x00000000ef100000,0x00000000f4c00000,0x00000000f4c00000)
  from space 92160K, 21% used [0x00000000f4c00000,0x00000000f5f08000,0x00000000fa600000)
  to   space 92160K, 0% used [0x00000000fa600000,0x00000000fa600000,0x0000000100000000)
 ParOldGen       total 553984K, used 393892K [0x00000000cd400000, 0x00000000ef100000, 0x00000000ef100000)
  object space 553984K, 71% used [0x00000000cd400000,0x00000000e54a91d8,0x00000000ef100000)
 PSPermGen       total 131072K, used 77432K [0x00000000bd400000, 0x00000000c5400000, 0x00000000cd400000)
  object space 131072K, 59% used [0x00000000bd400000,0x00000000c1f9e348,0x00000000c5400000)
177.745: [GC [PSYoungGen: 112672K->22752K(185344K)] 506564K->436324K(739328K), 0.0908530 secs] [Times: user=0.19 sys=0.00, real=0.09 secs] 
Heap after GC invocations=66 (full 9):
 PSYoungGen      total 185344K, used 22752K [0x00000000ef100000, 0x0000000100000000, 0x0000000100000000)
  eden space 93184K, 0% used [0x00000000ef100000,0x00000000ef100000,0x00000000f4c00000)
  from space 92160K, 24% used [0x00000000fa600000,0x00000000fbc38010,0x0000000100000000)
  to   space 92160K, 0% used [0x00000000f4c00000,0x00000000f4c00000,0x00000000fa600000)
 ParOldGen       total 553984K, used 413572K [0x00000000cd400000, 0x00000000ef100000, 0x00000000ef100000)
  object space 553984K, 74% used [0x00000000cd400000,0x00000000e67e11d8,0x00000000ef100000)
 PSPermGen       total 131072K, used 77432K [0x00000000bd400000, 0x00000000c5400000, 0x00000000cd400000)
  object space 131072K, 59% used [0x00000000bd400000,0x00000000c1f9e348,0x00000000c5400000)
}
{Heap before GC invocations=67 (full 9):
 PSYoungGen      total 185344K, used 115936K [0x00000000ef100000, 0x0000000100000000, 0x0000000100000000)
  eden space 93184K, 100% used [0x00000000ef100000,0x00000000f4c00000,0x00000000f4c00000)
  from space 92160K, 24% used [0x00000000fa600000,0x00000000fbc38010,0x0000000100000000)
  to   space 92160K, 0% used [0x00000000f4c00000,0x00000000f4c00000,0x00000000fa600000)
 ParOldGen       total 553984K, used 413572K [0x00000000cd400000, 0x00000000ef100000, 0x00000000ef100000)
  object space 553984K, 74% used [0x00000000cd400000,0x00000000e67e11d8,0x00000000ef100000)
 PSPermGen       total 131072K, used 77432K [0x00000000bd400000, 0x00000000c5400000, 0x00000000cd400000)
  object space 131072K, 59% used [0x00000000bd400000,0x00000000c1f9e348,0x00000000c5400000)
178.117: [GC [PSYoungGen: 115936K->19488K(113152K)] 529508K->455980K(667136K), 0.0624730 secs] [Times: user=0.14 sys=0.00, real=0.06 secs] 
Heap after GC invocations=67 (full 9):
 PSYoungGen      total 113152K, used 19488K [0x00000000ef100000, 0x00000000fff00000, 0x0000000100000000)
  eden space 93184K, 0% used [0x00000000ef100000,0x00000000ef100000,0x00000000f4c00000)
  from space 19968K, 97% used [0x00000000f4c00000,0x00000000f5f08000,0x00000000f5f80000)
  to   space 91648K, 0% used [0x00000000fa580000,0x00000000fa580000,0x00000000fff00000)
 ParOldGen       total 553984K, used 436492K [0x00000000cd400000, 0x00000000ef100000, 0x00000000ef100000)
  object space 553984K, 78% used [0x00000000cd400000,0x00000000e7e431e8,0x00000000ef100000)
 PSPermGen       total 131072K, used 77432K [0x00000000bd400000, 0x00000000c5400000, 0x00000000cd400000)
  object space 131072K, 59% used [0x00000000bd400000,0x00000000c1f9e348,0x00000000c5400000)
}
{Heap before GC invocations=68 (full 9):
 PSYoungGen      total 113152K, used 112672K [0x00000000ef100000, 0x00000000fff00000, 0x0000000100000000)
  eden space 93184K, 100% used [0x00000000ef100000,0x00000000f4c00000,0x00000000f4c00000)
  from space 19968K, 97% used [0x00000000f4c00000,0x00000000f5f08000,0x00000000f5f80000)
  to   space 91648K, 0% used [0x00000000fa580000,0x00000000fa580000,0x00000000fff00000)
 ParOldGen       total 553984K, used 436492K [0x00000000cd400000, 0x00000000ef100000, 0x00000000ef100000)
  object space 553984K, 78% used [0x00000000cd400000,0x00000000e7e431e8,0x00000000ef100000)
 PSPermGen       total 131072K, used 77432K [0x00000000bd400000, 0x00000000c5400000, 0x00000000cd400000)
  object space 131072K, 59% used [0x00000000bd400000,0x00000000c1f9e348,0x00000000c5400000)
178.471: [GC [PSYoungGen: 112672K->38912K(186880K)] 549164K->475404K(740864K), 0.0545570 secs] [Times: user=0.14 sys=0.01, real=0.06 secs] 
Heap after GC invocations=68 (full 9):
 PSYoungGen      total 186880K, used 38912K [0x00000000ef100000, 0x00000000ffc00000, 0x0000000100000000)
  eden space 98304K, 0% used [0x00000000ef100000,0x00000000ef100000,0x00000000f5100000)
  from space 88576K, 43% used [0x00000000fa580000,0x00000000fcb80000,0x00000000ffc00000)
  to   space 86528K, 0% used [0x00000000f5100000,0x00000000f5100000,0x00000000fa580000)
 ParOldGen       total 553984K, used 436492K [0x00000000cd400000, 0x00000000ef100000, 0x00000000ef100000)
  object space 553984K, 78% used [0x00000000cd400000,0x00000000e7e431e8,0x00000000ef100000)
 PSPermGen       total 131072K, used 77432K [0x00000000bd400000, 0x00000000c5400000, 0x00000000cd400000)
  object space 131072K, 59% used [0x00000000bd400000,0x00000000c1f9e348,0x00000000c5400000)
}
{Heap before GC invocations=69 (full 10):
 PSYoungGen      total 186880K, used 110170K [0x00000000ef100000, 0x00000000ffc00000, 0x0000000100000000)
  eden space 98304K, 72% used [0x00000000ef100000,0x00000000f36968b8,0x00000000f5100000)
  from space 88576K, 43% used [0x00000000fa580000,0x00000000fcb80000,0x00000000ffc00000)
  to   space 86528K, 0% used [0x00000000f5100000,0x00000000f5100000,0x00000000fa580000)
 ParOldGen       total 553984K, used 538892K [0x00000000cd400000, 0x00000000ef100000, 0x00000000ef100000)
  object space 553984K, 97% used [0x00000000cd400000,0x00000000ee2431f8,0x00000000ef100000)
 PSPermGen       total 131072K, used 77432K [0x00000000bd400000, 0x00000000c5400000, 0x00000000cd400000)
  object space 131072K, 59% used [0x00000000bd400000,0x00000000c1f9e348,0x00000000c5400000)
178.804: [Full GC [PSYoungGen: 110170K->0K(186880K)] [ParOldGen: 538892K->220161K(553984K)] 649062K->220161K(740864K) [PSPermGen: 77432K->77432K(131072K)], 0.6864780 secs] [Times: user=1.43 sys=0.00, real=0.68 secs] 
