Java HotSpot(TM) 64-Bit Server VM (24.79-b02) for linux-amd64 JRE (1.7.0_79-b15), built on Apr 10 2015 11:34:48 by "java_re" with gcc 4.3.0 20080428 (Red Hat 4.3.0-8)
Memory: 4k page, physical 8079404k(1024536k free), swap 3999740k(2791024k free)
CommandLine flags: -XX:+HeapDumpOnOutOfMemoryError -XX:HeapDumpPath=/sw/jboss/jboss-eap-5.2/domains/prod2/log/gclog/java_pid.hprof -XX:InitialHeapSize=536870912 -XX:MaxHeapSize=851443712 -XX:MaxNewSize=283815936 -XX:MaxPermSize=268435456 -XX:MaxTenuringThreshold=6 -XX:NewSize=283815936 -XX:OldPLABSize=16 -XX:OldSize=567627776 -XX:PermSize=134217728 -XX:+PrintGC -XX:+PrintGCTimeStamps -XX:ThreadStackSize=256 -XX:+UseCompressedOops -XX:+UseConcMarkSweepGC -XX:+UseParNewGC 
3.564: [GC 221696K->30808K(496576K), 0.0508430 secs]
5.598: [GC 252504K->65554K(496576K), 0.1819720 secs]
6.364: [Full GC 143005K->65574K(496576K), 0.1987450 secs]
8.223: [GC 287270K->89390K(496576K), 0.0310460 secs]
9.484: [GC 311086K->102982K(496576K), 0.0523460 secs]
10.668: [GC 324678K->136030K(496576K), 0.1221870 secs]
13.346: [GC 357726K->167049K(496576K), 0.1849170 secs]
13.531: [GC 171456K(496576K), 0.0129400 secs]
14.759: [GC 388745K->185453K(496576K), 0.1598180 secs]
15.482: [GC 297948K(496576K), 0.0428790 secs]
16.055: [GC 395953K->188273K(496576K), 0.0666580 secs]
16.671: [GC 409969K->206386K(496576K), 0.0691540 secs]
16.741: [GC 210824K(496576K), 0.0051230 secs]
18.214: [GC 428082K->225381K(496576K), 0.1174460 secs]
18.885: [GC 337444K(496576K), 0.1009250 secs]
19.976: [GC 433497K->225767K(556224K), 0.0776400 secs]
22.051: [GC 447463K->235905K(556224K), 0.0421320 secs]
25.447: [GC 457601K->267903K(556224K), 0.1651390 secs]
25.618: [GC 272890K(556224K), 0.0331930 secs]
29.631: [GC 489599K->295663K(556224K), 0.1247400 secs]
31.538: [GC 392701K(556224K), 0.0475910 secs]
921.551: [GC 480280K->286285K(634196K), 0.1407090 secs]
